/home/robot/.local/lib/python3.10/site-packages/setuptools/_distutils/dist.py:261: UserWarning: Unknown distribution option: 'tests_require'
  warnings.warn(msg)
running egg_info
writing ../../build/clearpath_config/clearpath_config.egg-info/PKG-INFO
writing dependency_links to ../../build/clearpath_config/clearpath_config.egg-info/dependency_links.txt
writing requirements to ../../build/clearpath_config/clearpath_config.egg-info/requires.txt
writing top-level names to ../../build/clearpath_config/clearpath_config.egg-info/top_level.txt
reading manifest file '../../build/clearpath_config/clearpath_config.egg-info/SOURCES.txt'
adding license file 'LICENSE'
writing manifest file '../../build/clearpath_config/clearpath_config.egg-info/SOURCES.txt'
running build
running build_py
copying clearpath_config/__init__.py -> /home/robot/debug_clear_ws/build/clearpath_config/build/lib/clearpath_config
copying clearpath_config/clearpath_config.py -> /home/robot/debug_clear_ws/build/clearpath_config/build/lib/clearpath_config
copying clearpath_config/common/__init__.py -> /home/robot/debug_clear_ws/build/clearpath_config/build/lib/clearpath_config/common
copying clearpath_config/common/types/port.py -> /home/robot/debug_clear_ws/build/clearpath_config/build/lib/clearpath_config/common/types
copying clearpath_config/common/types/discovery.py -> /home/robot/debug_clear_ws/build/clearpath_config/build/lib/clearpath_config/common/types
copying clearpath_config/common/types/accessory.py -> /home/robot/debug_clear_ws/build/clearpath_config/build/lib/clearpath_config/common/types
copying clearpath_config/common/types/package_path.py -> /home/robot/debug_clear_ws/build/clearpath_config/build/lib/clearpath_config/common/types
copying clearpath_config/common/types/file.py -> /home/robot/debug_clear_ws/build/clearpath_config/build/lib/clearpath_config/common/types
copying clearpath_config/common/types/username.py -> /home/robot/debug_clear_ws/build/clearpath_config/build/lib/clearpath_config/common/types
copying clearpath_config/common/types/domain_id.py -> /home/robot/debug_clear_ws/build/clearpath_config/build/lib/clearpath_config/common/types
copying clearpath_config/common/types/config.py -> /home/robot/debug_clear_ws/build/clearpath_config/build/lib/clearpath_config/common/types
copying clearpath_config/common/types/hostname.py -> /home/robot/debug_clear_ws/build/clearpath_config/build/lib/clearpath_config/common/types
copying clearpath_config/common/types/serial_number.py -> /home/robot/debug_clear_ws/build/clearpath_config/build/lib/clearpath_config/common/types
copying clearpath_config/common/types/platform.py -> /home/robot/debug_clear_ws/build/clearpath_config/build/lib/clearpath_config/common/types
copying clearpath_config/common/types/list.py -> /home/robot/debug_clear_ws/build/clearpath_config/build/lib/clearpath_config/common/types
copying clearpath_config/common/types/__init__.py -> /home/robot/debug_clear_ws/build/clearpath_config/build/lib/clearpath_config/common/types
copying clearpath_config/common/types/rmw_implementation.py -> /home/robot/debug_clear_ws/build/clearpath_config/build/lib/clearpath_config/common/types
copying clearpath_config/common/types/ip.py -> /home/robot/debug_clear_ws/build/clearpath_config/build/lib/clearpath_config/common/types
copying clearpath_config/common/types/namespace.py -> /home/robot/debug_clear_ws/build/clearpath_config/build/lib/clearpath_config/common/types
copying clearpath_config/common/utils/dictionary.py -> /home/robot/debug_clear_ws/build/clearpath_config/build/lib/clearpath_config/common/utils
copying clearpath_config/common/utils/yaml.py -> /home/robot/debug_clear_ws/build/clearpath_config/build/lib/clearpath_config/common/utils
copying clearpath_config/common/utils/__init__.py -> /home/robot/debug_clear_ws/build/clearpath_config/build/lib/clearpath_config/common/utils
copying clearpath_config/links/links.py -> /home/robot/debug_clear_ws/build/clearpath_config/build/lib/clearpath_config/links
copying clearpath_config/links/__init__.py -> /home/robot/debug_clear_ws/build/clearpath_config/build/lib/clearpath_config/links
copying clearpath_config/links/types/cylinder.py -> /home/robot/debug_clear_ws/build/clearpath_config/build/lib/clearpath_config/links/types
copying clearpath_config/links/types/mesh.py -> /home/robot/debug_clear_ws/build/clearpath_config/build/lib/clearpath_config/links/types
copying clearpath_config/links/types/frame.py -> /home/robot/debug_clear_ws/build/clearpath_config/build/lib/clearpath_config/links/types
copying clearpath_config/links/types/sphere.py -> /home/robot/debug_clear_ws/build/clearpath_config/build/lib/clearpath_config/links/types
copying clearpath_config/links/types/link.py -> /home/robot/debug_clear_ws/build/clearpath_config/build/lib/clearpath_config/links/types
copying clearpath_config/links/types/__init__.py -> /home/robot/debug_clear_ws/build/clearpath_config/build/lib/clearpath_config/links/types
copying clearpath_config/links/types/box.py -> /home/robot/debug_clear_ws/build/clearpath_config/build/lib/clearpath_config/links/types
copying clearpath_config/manipulators/__init__.py -> /home/robot/debug_clear_ws/build/clearpath_config/build/lib/clearpath_config/manipulators
copying clearpath_config/manipulators/manipulators.py -> /home/robot/debug_clear_ws/build/clearpath_config/build/lib/clearpath_config/manipulators
copying clearpath_config/manipulators/types/grippers.py -> /home/robot/debug_clear_ws/build/clearpath_config/build/lib/clearpath_config/manipulators/types
copying clearpath_config/manipulators/types/arms.py -> /home/robot/debug_clear_ws/build/clearpath_config/build/lib/clearpath_config/manipulators/types
copying clearpath_config/manipulators/types/manipulator.py -> /home/robot/debug_clear_ws/build/clearpath_config/build/lib/clearpath_config/manipulators/types
copying clearpath_config/manipulators/types/__init__.py -> /home/robot/debug_clear_ws/build/clearpath_config/build/lib/clearpath_config/manipulators/types
copying clearpath_config/mounts/mounts.py -> /home/robot/debug_clear_ws/build/clearpath_config/build/lib/clearpath_config/mounts
copying clearpath_config/mounts/__init__.py -> /home/robot/debug_clear_ws/build/clearpath_config/build/lib/clearpath_config/mounts
copying clearpath_config/mounts/types/post.py -> /home/robot/debug_clear_ws/build/clearpath_config/build/lib/clearpath_config/mounts/types
copying clearpath_config/mounts/types/sick.py -> /home/robot/debug_clear_ws/build/clearpath_config/build/lib/clearpath_config/mounts/types
copying clearpath_config/mounts/types/mount.py -> /home/robot/debug_clear_ws/build/clearpath_config/build/lib/clearpath_config/mounts/types
copying clearpath_config/mounts/types/flir_ptu.py -> /home/robot/debug_clear_ws/build/clearpath_config/build/lib/clearpath_config/mounts/types
copying clearpath_config/mounts/types/pacs.py -> /home/robot/debug_clear_ws/build/clearpath_config/build/lib/clearpath_config/mounts/types
copying clearpath_config/mounts/types/disk.py -> /home/robot/debug_clear_ws/build/clearpath_config/build/lib/clearpath_config/mounts/types
copying clearpath_config/mounts/types/__init__.py -> /home/robot/debug_clear_ws/build/clearpath_config/build/lib/clearpath_config/mounts/types
copying clearpath_config/mounts/types/fath_pivot.py -> /home/robot/debug_clear_ws/build/clearpath_config/build/lib/clearpath_config/mounts/types
copying clearpath_config/platform/extras.py -> /home/robot/debug_clear_ws/build/clearpath_config/build/lib/clearpath_config/platform
copying clearpath_config/platform/battery.py -> /home/robot/debug_clear_ws/build/clearpath_config/build/lib/clearpath_config/platform
copying clearpath_config/platform/platform.py -> /home/robot/debug_clear_ws/build/clearpath_config/build/lib/clearpath_config/platform
copying clearpath_config/platform/__init__.py -> /home/robot/debug_clear_ws/build/clearpath_config/build/lib/clearpath_config/platform
copying clearpath_config/platform/attachments/do100.py -> /home/robot/debug_clear_ws/build/clearpath_config/build/lib/clearpath_config/platform/attachments
copying clearpath_config/platform/attachments/a200.py -> /home/robot/debug_clear_ws/build/clearpath_config/build/lib/clearpath_config/platform/attachments
copying clearpath_config/platform/attachments/mux.py -> /home/robot/debug_clear_ws/build/clearpath_config/build/lib/clearpath_config/platform/attachments
copying clearpath_config/platform/attachments/do150.py -> /home/robot/debug_clear_ws/build/clearpath_config/build/lib/clearpath_config/platform/attachments
copying clearpath_config/platform/attachments/r100.py -> /home/robot/debug_clear_ws/build/clearpath_config/build/lib/clearpath_config/platform/attachments
copying clearpath_config/platform/attachments/dd100.py -> /home/robot/debug_clear_ws/build/clearpath_config/build/lib/clearpath_config/platform/attachments
copying clearpath_config/platform/attachments/dd150.py -> /home/robot/debug_clear_ws/build/clearpath_config/build/lib/clearpath_config/platform/attachments
copying clearpath_config/platform/attachments/w200.py -> /home/robot/debug_clear_ws/build/clearpath_config/build/lib/clearpath_config/platform/attachments
copying clearpath_config/platform/attachments/config.py -> /home/robot/debug_clear_ws/build/clearpath_config/build/lib/clearpath_config/platform/attachments
copying clearpath_config/platform/attachments/j100.py -> /home/robot/debug_clear_ws/build/clearpath_config/build/lib/clearpath_config/platform/attachments
copying clearpath_config/platform/attachments/__init__.py -> /home/robot/debug_clear_ws/build/clearpath_config/build/lib/clearpath_config/platform/attachments
copying clearpath_config/platform/attachments/generic.py -> /home/robot/debug_clear_ws/build/clearpath_config/build/lib/clearpath_config/platform/attachments
copying clearpath_config/platform/types/bumper.py -> /home/robot/debug_clear_ws/build/clearpath_config/build/lib/clearpath_config/platform/types
copying clearpath_config/platform/types/attachment.py -> /home/robot/debug_clear_ws/build/clearpath_config/build/lib/clearpath_config/platform/types
copying clearpath_config/platform/types/__init__.py -> /home/robot/debug_clear_ws/build/clearpath_config/build/lib/clearpath_config/platform/types
copying clearpath_config/sensors/__init__.py -> /home/robot/debug_clear_ws/build/clearpath_config/build/lib/clearpath_config/sensors
copying clearpath_config/sensors/sensors.py -> /home/robot/debug_clear_ws/build/clearpath_config/build/lib/clearpath_config/sensors
copying clearpath_config/sensors/types/lidars_3d.py -> /home/robot/debug_clear_ws/build/clearpath_config/build/lib/clearpath_config/sensors/types
copying clearpath_config/sensors/types/gps.py -> /home/robot/debug_clear_ws/build/clearpath_config/build/lib/clearpath_config/sensors/types
copying clearpath_config/sensors/types/lidars_2d.py -> /home/robot/debug_clear_ws/build/clearpath_config/build/lib/clearpath_config/sensors/types
copying clearpath_config/sensors/types/sensor.py -> /home/robot/debug_clear_ws/build/clearpath_config/build/lib/clearpath_config/sensors/types
copying clearpath_config/sensors/types/cameras.py -> /home/robot/debug_clear_ws/build/clearpath_config/build/lib/clearpath_config/sensors/types
copying clearpath_config/sensors/types/__init__.py -> /home/robot/debug_clear_ws/build/clearpath_config/build/lib/clearpath_config/sensors/types
copying clearpath_config/sensors/types/imu.py -> /home/robot/debug_clear_ws/build/clearpath_config/build/lib/clearpath_config/sensors/types
copying clearpath_config/system/system.py -> /home/robot/debug_clear_ws/build/clearpath_config/build/lib/clearpath_config/system
copying clearpath_config/system/servers.py -> /home/robot/debug_clear_ws/build/clearpath_config/build/lib/clearpath_config/system
copying clearpath_config/system/__init__.py -> /home/robot/debug_clear_ws/build/clearpath_config/build/lib/clearpath_config/system
copying clearpath_config/system/hosts.py -> /home/robot/debug_clear_ws/build/clearpath_config/build/lib/clearpath_config/system
copying clearpath_config/system/middleware.py -> /home/robot/debug_clear_ws/build/clearpath_config/build/lib/clearpath_config/system
running install
running install_lib
running install_data
copying resource/clearpath_config -> /home/robot/debug_clear_ws/install/clearpath_config/share/ament_index/resource_index/packages
copying package.xml -> /home/robot/debug_clear_ws/install/clearpath_config/share/clearpath_config
copying clearpath_config/sample/a200/a200_default.yaml -> /home/robot/debug_clear_ws/install/clearpath_config/share/clearpath_config/sample
copying clearpath_config/sample/a200/a200_dual_laser.yaml -> /home/robot/debug_clear_ws/install/clearpath_config/share/clearpath_config/sample
copying clearpath_config/sample/a200/a200_sample.yaml -> /home/robot/debug_clear_ws/install/clearpath_config/share/clearpath_config/sample
copying clearpath_config/sample/a200/a200_outline.yaml -> /home/robot/debug_clear_ws/install/clearpath_config/share/clearpath_config/sample
copying clearpath_config/sample/a200/a200_velodyne.yaml -> /home/robot/debug_clear_ws/install/clearpath_config/share/clearpath_config/sample
copying clearpath_config/sample/j100/j100_default.yaml -> /home/robot/debug_clear_ws/install/clearpath_config/share/clearpath_config/sample
copying clearpath_config/sample/j100/j100_dual_laser.yaml -> /home/robot/debug_clear_ws/install/clearpath_config/share/clearpath_config/sample
copying clearpath_config/sample/j100/j100_sample.yaml -> /home/robot/debug_clear_ws/install/clearpath_config/share/clearpath_config/sample
copying clearpath_config/sample/j100/j100_velodyne.yaml -> /home/robot/debug_clear_ws/install/clearpath_config/share/clearpath_config/sample
copying clearpath_config/sample/j100/j100_outline.yaml -> /home/robot/debug_clear_ws/install/clearpath_config/share/clearpath_config/sample
copying clearpath_config/sample/j100/j100_microstrain_gq7.yaml -> /home/robot/debug_clear_ws/install/clearpath_config/share/clearpath_config/sample
copying clearpath_config/sample/w200/w200_default.yaml -> /home/robot/debug_clear_ws/install/clearpath_config/share/clearpath_config/sample
copying clearpath_config/sample/w200/w200_outline.yaml -> /home/robot/debug_clear_ws/install/clearpath_config/share/clearpath_config/sample
copying clearpath_config/sample/w200/w200_dual_laser.yaml -> /home/robot/debug_clear_ws/install/clearpath_config/share/clearpath_config/sample
copying clearpath_config/sample/w200/w200_velodyne.yaml -> /home/robot/debug_clear_ws/install/clearpath_config/share/clearpath_config/sample
copying clearpath_config/sample/dd150/dd150_outline.yaml -> /home/robot/debug_clear_ws/install/clearpath_config/share/clearpath_config/sample
copying clearpath_config/sample/dd150/dd150_dual_laser.yaml -> /home/robot/debug_clear_ws/install/clearpath_config/share/clearpath_config/sample
copying clearpath_config/sample/dd150/dd150_velodyne.yaml -> /home/robot/debug_clear_ws/install/clearpath_config/share/clearpath_config/sample
copying clearpath_config/sample/dd150/dd150_default.yaml -> /home/robot/debug_clear_ws/install/clearpath_config/share/clearpath_config/sample
copying clearpath_config/sample/dd100/dd100_dual_laser.yaml -> /home/robot/debug_clear_ws/install/clearpath_config/share/clearpath_config/sample
copying clearpath_config/sample/dd100/dd100_velodyne.yaml -> /home/robot/debug_clear_ws/install/clearpath_config/share/clearpath_config/sample
copying clearpath_config/sample/dd100/dd100_default.yaml -> /home/robot/debug_clear_ws/install/clearpath_config/share/clearpath_config/sample
copying clearpath_config/sample/dd100/dd100_outline.yaml -> /home/robot/debug_clear_ws/install/clearpath_config/share/clearpath_config/sample
copying clearpath_config/sample/r100/r100_outline.yaml -> /home/robot/debug_clear_ws/install/clearpath_config/share/clearpath_config/sample
copying clearpath_config/sample/r100/r100_dual_laser.yaml -> /home/robot/debug_clear_ws/install/clearpath_config/share/clearpath_config/sample
copying clearpath_config/sample/r100/r100_dual_laser_hokuyo.yaml -> /home/robot/debug_clear_ws/install/clearpath_config/share/clearpath_config/sample
copying clearpath_config/sample/r100/r100_default.yaml -> /home/robot/debug_clear_ws/install/clearpath_config/share/clearpath_config/sample
copying clearpath_config/sample/do100/do100_outline.yaml -> /home/robot/debug_clear_ws/install/clearpath_config/share/clearpath_config/sample
copying clearpath_config/sample/do100/do100_default.yaml -> /home/robot/debug_clear_ws/install/clearpath_config/share/clearpath_config/sample
copying clearpath_config/sample/do100/do100_velodyne.yaml -> /home/robot/debug_clear_ws/install/clearpath_config/share/clearpath_config/sample
copying clearpath_config/sample/do100/do100_dual_laser.yaml -> /home/robot/debug_clear_ws/install/clearpath_config/share/clearpath_config/sample
copying clearpath_config/sample/do150/do150_dual_laser.yaml -> /home/robot/debug_clear_ws/install/clearpath_config/share/clearpath_config/sample
copying clearpath_config/sample/do150/do150_outline.yaml -> /home/robot/debug_clear_ws/install/clearpath_config/share/clearpath_config/sample
copying clearpath_config/sample/do150/do150_velodyne.yaml -> /home/robot/debug_clear_ws/install/clearpath_config/share/clearpath_config/sample
copying clearpath_config/sample/do150/do150_default.yaml -> /home/robot/debug_clear_ws/install/clearpath_config/share/clearpath_config/sample
running install_egg_info
removing '/home/robot/debug_clear_ws/install/clearpath_config/lib/python3.10/site-packages/clearpath_config-0.3.3-py3.10.egg-info' (and everything under it)
Copying ../../build/clearpath_config/clearpath_config.egg-info to /home/robot/debug_clear_ws/install/clearpath_config/lib/python3.10/site-packages/clearpath_config-0.3.3-py3.10.egg-info
running install_scripts
writing list of installed files to '/home/robot/debug_clear_ws/build/clearpath_config/install.log'
