[0.439s] Invoking command in '/home/robot/debug_clear_ws/build/clearpath_customization': CMAKE_PREFIX_PATH=${CMAKE_PREFIX_PATH}:/home/robot/debug_clear_ws/install/clearpath_config:/home/robot/debug_clear_ws~/install/clearpath_config:/opt/ros/humble /usr/bin/cmake /home/robot/debug_clear_ws/src/clearpath_common/clearpath_customization -DCMAKE_INSTALL_PREFIX=/home/robot/debug_clear_ws/install/clearpath_customization
[0.511s] -- The C compiler identification is GNU 11.4.0
[0.582s] -- The CXX compiler identification is GNU 11.4.0
[0.594s] -- Detecting C compiler ABI info
[0.706s] -- Detecting C compiler ABI info - done
[0.725s] -- Check for working C compiler: /usr/bin/cc - skipped
[0.725s] -- Detecting C compile features
[0.726s] -- Detecting C compile features - done
[0.732s] -- Detecting CXX compiler ABI info
[0.844s] -- Detecting CXX compiler ABI info - done
[0.855s] -- Check for working CXX compiler: /usr/bin/c++ - skipped
[0.855s] -- Detecting CXX compile features
[0.855s] -- Detecting CXX compile features - done
[0.859s] -- Found ament_cmake: 1.3.10 (/opt/ros/humble/share/ament_cmake/cmake)
[1.076s] -- Found Python3: /usr/bin/python3 (found version "3.10.12") found components: Interpreter 
[1.181s] -- Found ament_lint_auto: 0.12.11 (/opt/ros/humble/share/ament_lint_auto/cmake)
[1.266s] -- Added test 'flake8' to check Python code syntax and style conventions
[1.268s] -- Added test 'lint_cmake' to check CMake code style
[1.269s] -- Added test 'pep257' to check Python code against some of the docstring style conventions in PEP 257
[1.271s] -- Added test 'xmllint' to check XML markup files
[1.274s] -- Configuring done
[1.278s] -- Generating done
[1.279s] -- Build files have been written to: /home/robot/debug_clear_ws/build/clearpath_customization
[1.286s] Invoked command in '/home/robot/debug_clear_ws/build/clearpath_customization' returned '0': CMAKE_PREFIX_PATH=${CMAKE_PREFIX_PATH}:/home/robot/debug_clear_ws/install/clearpath_config:/home/robot/debug_clear_ws~/install/clearpath_config:/opt/ros/humble /usr/bin/cmake /home/robot/debug_clear_ws/src/clearpath_common/clearpath_customization -DCMAKE_INSTALL_PREFIX=/home/robot/debug_clear_ws/install/clearpath_customization
[1.287s] Invoking command in '/home/robot/debug_clear_ws/build/clearpath_customization': CMAKE_PREFIX_PATH=${CMAKE_PREFIX_PATH}:/home/robot/debug_clear_ws/install/clearpath_config:/home/robot/debug_clear_ws~/install/clearpath_config:/opt/ros/humble /usr/bin/cmake --build /home/robot/debug_clear_ws/build/clearpath_customization -- -j12 -l12
[1.325s] Invoked command in '/home/robot/debug_clear_ws/build/clearpath_customization' returned '0': CMAKE_PREFIX_PATH=${CMAKE_PREFIX_PATH}:/home/robot/debug_clear_ws/install/clearpath_config:/home/robot/debug_clear_ws~/install/clearpath_config:/opt/ros/humble /usr/bin/cmake --build /home/robot/debug_clear_ws/build/clearpath_customization -- -j12 -l12
[1.352s] Invoking command in '/home/robot/debug_clear_ws/build/clearpath_customization': CMAKE_PREFIX_PATH=${CMAKE_PREFIX_PATH}:/home/robot/debug_clear_ws/install/clearpath_config:/home/robot/debug_clear_ws~/install/clearpath_config:/opt/ros/humble /usr/bin/cmake --install /home/robot/debug_clear_ws/build/clearpath_customization
[1.359s] -- Install configuration: ""
[1.359s] -- Installing: /home/robot/debug_clear_ws/install/clearpath_customization/lib/clearpath_customization/generate_bringup
[1.359s] -- Installing: /home/robot/debug_clear_ws/install/clearpath_customization/lib/clearpath_customization/generate_description
[1.360s] -- Installing: /home/robot/debug_clear_ws/install/clearpath_customization/share/clearpath_customization/project_bringup
[1.360s] -- Installing: /home/robot/debug_clear_ws/install/clearpath_customization/share/clearpath_customization/project_bringup/CMakeLists.txt
[1.360s] -- Installing: /home/robot/debug_clear_ws/install/clearpath_customization/share/clearpath_customization/project_bringup/launch
[1.361s] -- Installing: /home/robot/debug_clear_ws/install/clearpath_customization/share/clearpath_customization/project_bringup/launch/project_bringup.launch.py
[1.361s] -- Installing: /home/robot/debug_clear_ws/install/clearpath_customization/share/clearpath_customization/project_bringup/launch/device.launch.py
[1.361s] -- Installing: /home/robot/debug_clear_ws/install/clearpath_customization/share/clearpath_customization/project_bringup/LICENSE
[1.361s] -- Installing: /home/robot/debug_clear_ws/install/clearpath_customization/share/clearpath_customization/project_bringup/package.xml
[1.361s] -- Installing: /home/robot/debug_clear_ws/install/clearpath_customization/share/clearpath_customization/project_bringup/config
[1.361s] -- Installing: /home/robot/debug_clear_ws/install/clearpath_customization/share/clearpath_customization/project_bringup/config/device.yaml
[1.362s] -- Installing: /home/robot/debug_clear_ws/install/clearpath_customization/share/clearpath_customization/project_description
[1.362s] -- Installing: /home/robot/debug_clear_ws/install/clearpath_customization/share/clearpath_customization/project_description/CMakeLists.txt
[1.362s] -- Installing: /home/robot/debug_clear_ws/install/clearpath_customization/share/clearpath_customization/project_description/meshes
[1.362s] -- Installing: /home/robot/debug_clear_ws/install/clearpath_customization/share/clearpath_customization/project_description/meshes/donut.stl
[1.362s] -- Installing: /home/robot/debug_clear_ws/install/clearpath_customization/share/clearpath_customization/project_description/urdf
[1.362s] -- Installing: /home/robot/debug_clear_ws/install/clearpath_customization/share/clearpath_customization/project_description/urdf/project_description.urdf.xacro
[1.362s] -- Installing: /home/robot/debug_clear_ws/install/clearpath_customization/share/clearpath_customization/project_description/urdf/donut.urdf.xacro
[1.363s] -- Installing: /home/robot/debug_clear_ws/install/clearpath_customization/share/clearpath_customization/project_description/LICENSE
[1.363s] -- Installing: /home/robot/debug_clear_ws/install/clearpath_customization/share/clearpath_customization/project_description/package.xml
[1.363s] -- Installing: /home/robot/debug_clear_ws/install/clearpath_customization/share/ament_index/resource_index/package_run_dependencies/clearpath_customization
[1.363s] -- Installing: /home/robot/debug_clear_ws/install/clearpath_customization/share/ament_index/resource_index/parent_prefix_path/clearpath_customization
[1.363s] -- Installing: /home/robot/debug_clear_ws/install/clearpath_customization/share/clearpath_customization/environment/ament_prefix_path.sh
[1.363s] -- Installing: /home/robot/debug_clear_ws/install/clearpath_customization/share/clearpath_customization/environment/ament_prefix_path.dsv
[1.363s] -- Installing: /home/robot/debug_clear_ws/install/clearpath_customization/share/clearpath_customization/environment/path.sh
[1.364s] -- Installing: /home/robot/debug_clear_ws/install/clearpath_customization/share/clearpath_customization/environment/path.dsv
[1.364s] -- Installing: /home/robot/debug_clear_ws/install/clearpath_customization/share/clearpath_customization/local_setup.bash
[1.364s] -- Installing: /home/robot/debug_clear_ws/install/clearpath_customization/share/clearpath_customization/local_setup.sh
[1.364s] -- Installing: /home/robot/debug_clear_ws/install/clearpath_customization/share/clearpath_customization/local_setup.zsh
[1.364s] -- Installing: /home/robot/debug_clear_ws/install/clearpath_customization/share/clearpath_customization/local_setup.dsv
[1.365s] -- Installing: /home/robot/debug_clear_ws/install/clearpath_customization/share/clearpath_customization/package.dsv
[1.365s] -- Installing: /home/robot/debug_clear_ws/install/clearpath_customization/share/ament_index/resource_index/packages/clearpath_customization
[1.365s] -- Installing: /home/robot/debug_clear_ws/install/clearpath_customization/share/clearpath_customization/cmake/clearpath_customizationConfig.cmake
[1.365s] -- Installing: /home/robot/debug_clear_ws/install/clearpath_customization/share/clearpath_customization/cmake/clearpath_customizationConfig-version.cmake
[1.366s] -- Installing: /home/robot/debug_clear_ws/install/clearpath_customization/share/clearpath_customization/package.xml
[1.369s] Invoked command in '/home/robot/debug_clear_ws/build/clearpath_customization' returned '0': CMAKE_PREFIX_PATH=${CMAKE_PREFIX_PATH}:/home/robot/debug_clear_ws/install/clearpath_config:/home/robot/debug_clear_ws~/install/clearpath_config:/opt/ros/humble /usr/bin/cmake --install /home/robot/debug_clear_ws/build/clearpath_customization
