[0.516s] Invoking command in '/home/dimash/debug_clear_ws/build/mpc_low': CMAKE_PREFIX_PATH=/home/dimash/debug_clear_ws/install/yolo_msgs:/home/dimash/debug_clear_ws/install/yolo_bringup:/home/dimash/debug_clear_ws/install/mpc_low:/home/dimash/debug_clear_ws/install/point_cloud_debug:/home/dimash/debug_clear_ws/install/move_model_plugin:/home/dimash/debug_clear_ws/install/clearpath_simulator:/home/dimash/debug_clear_ws/install/clearpath_gz:/home/dimash/debug_clear_ws/install/clearpath_generator_gz:/home/dimash/debug_clear_ws/install/clearpath_common:/home/dimash/debug_clear_ws/install/clearpath_generator_common:/home/dimash/debug_clear_ws/install/clearpath_description:/home/dimash/debug_clear_ws/install/clearpath_sensors_description:/home/dimash/debug_clear_ws/install/clearpath_platform:/home/dimash/debug_clear_ws/install/clearpath_msgs:/home/dimash/debug_clear_ws/install/clearpath_platform_msgs:/home/dimash/debug_clear_ws/install/clearpath_platform_description:/home/dimash/debug_clear_ws/install/clearpath_nav2_demos:/home/dimash/debug_clear_ws/install/clearpath_mounts_description:/home/dimash/debug_clear_ws/install/clearpath_manipulators:/home/dimash/debug_clear_ws/install/clearpath_manipulators_description:/home/dimash/debug_clear_ws/install/clearpath_customization:/home/dimash/debug_clear_ws/install/clearpath_control:/home/dimash/debug_clear_ws/install/yolo_ros:/home/dimash/debug_clear_ws/install/person_movement:/home/dimash/debug_clear_ws/install/clearpath_config:/opt/ros/humble LD_LIBRARY_PATH=/home/dimash/debug_clear_ws/install/yolo_msgs/lib:/home/dimash/debug_clear_ws/install/mpc_low/lib:/home/dimash/debug_clear_ws/install/move_model_plugin/lib:/home/dimash/debug_clear_ws/install/clearpath_platform/lib:/home/dimash/debug_clear_ws/install/clearpath_platform_msgs/lib:/opt/ros/humble/opt/rviz_ogre_vendor/lib:/opt/ros/humble/lib/x86_64-linux-gnu:/opt/ros/humble/lib:/home/dimash/acados/lib:/home/dimash/acados/lib /usr/bin/cmake --build /home/dimash/debug_clear_ws/build/mpc_low -- -j8 -l8
[0.572s] [35m[1mConsolidate compiler generated dependencies of target cmd_publisher[0m
[0.614s] [ 83%] Built target mpc_low_plugin
[0.620s] [ 91%] [32mBuilding CXX object CMakeFiles/cmd_publisher.dir/src/cmd_publisher.cpp.o[0m
[3.389s] [01m[K/home/dimash/debug_clear_ws/src/mpc_low/src/cmd_publisher.cpp:[m[K In member function ‘[01m[Kvoid CmdVelPublisher::odom_callback(nav_msgs::msg::Odometry_<std::allocator<void> >::SharedPtr)[m[K’:
[3.389s] [01m[K/home/dimash/debug_clear_ws/src/mpc_low/src/cmd_publisher.cpp:151:27:[m[K [01;31m[Kerror: [m[Kno matching function for call to ‘[01m[Ktf2::Matrix3x3::Matrix3x3(tf2::Quaternion (&)(...))[m[K’
[3.389s]   151 |         tf2::Matrix3x3 m(q[01;31m[K)[m[K;
[3.389s]       |                           [01;31m[K^[m[K
[3.390s] In file included from [01m[K/opt/ros/humble/include/tf2/tf2/LinearMath/Matrix3x3.h:19[m[K,
[3.390s]                  from [01m[K/home/dimash/debug_clear_ws/src/mpc_low/src/cmd_publisher.cpp:11[m[K:
[3.390s] [01m[K/opt/ros/humble/include/tf2/tf2/LinearMath/Matrix3x3.hpp:66:30:[m[K [01;36m[Knote: [m[Kcandidate: ‘[01m[Ktf2::Matrix3x3::Matrix3x3(const tf2::Matrix3x3&)[m[K’
[3.390s]    66 |         TF2SIMD_FORCE_INLINE [01;36m[KMatrix3x3[m[K (const Matrix3x3& other)
[3.390s]       |                              [01;36m[K^~~~~~~~~[m[K
[3.390s] [01m[K/opt/ros/humble/include/tf2/tf2/LinearMath/Matrix3x3.hpp:66:58:[m[K [01;36m[Knote: [m[K  no known conversion for argument 1 from ‘[01m[Ktf2::Quaternion(...)[m[K’ to ‘[01m[Kconst tf2::Matrix3x3&[m[K’
[3.390s]    66 |         TF2SIMD_FORCE_INLINE Matrix3x3 ([01;36m[Kconst Matrix3x3& other[m[K)
[3.390s]       |                                         [01;36m[K~~~~~~~~~~~~~~~~~^~~~~[m[K
[3.390s] [01m[K/opt/ros/humble/include/tf2/tf2/LinearMath/Matrix3x3.hpp:57:9:[m[K [01;36m[Knote: [m[Kcandidate: ‘[01m[Ktf2::Matrix3x3::Matrix3x3(const tf2Scalar&, const tf2Scalar&, const tf2Scalar&, const tf2Scalar&, const tf2Scalar&, const tf2Scalar&, const tf2Scalar&, const tf2Scalar&, const tf2Scalar&)[m[K’
[3.390s]    57 |         [01;36m[KMatrix3x3[m[K(const tf2Scalar& xx, const tf2Scalar& xy, const tf2Scalar& xz,
[3.390s]       |         [01;36m[K^~~~~~~~~[m[K
[3.397s] [01m[K/opt/ros/humble/include/tf2/tf2/LinearMath/Matrix3x3.hpp:57:9:[m[K [01;36m[Knote: [m[K  candidate expects 9 arguments, 1 provided
[3.397s] [01m[K/opt/ros/humble/include/tf2/tf2/LinearMath/Matrix3x3.hpp:47:18:[m[K [01;36m[Knote: [m[Kcandidate: ‘[01m[Ktf2::Matrix3x3::Matrix3x3(const tf2::Quaternion&)[m[K’
[3.397s]    47 |         explicit [01;36m[KMatrix3x3[m[K(const Quaternion& q) { setRotation(q); }
[3.397s]       |                  [01;36m[K^~~~~~~~~[m[K
[3.397s] [01m[K/opt/ros/humble/include/tf2/tf2/LinearMath/Matrix3x3.hpp:47:46:[m[K [01;36m[Knote: [m[K  no known conversion for argument 1 from ‘[01m[Ktf2::Quaternion(...)[m[K’ to ‘[01m[Kconst tf2::Quaternion&[m[K’
[3.397s]    47 |         explicit Matrix3x3([01;36m[Kconst Quaternion& q[m[K) { setRotation(q); }
[3.397s]       |                            [01;36m[K~~~~~~~~~~~~~~~~~~^[m[K
[3.397s] [01m[K/opt/ros/humble/include/tf2/tf2/LinearMath/Matrix3x3.hpp:41:9:[m[K [01;36m[Knote: [m[Kcandidate: ‘[01m[Ktf2::Matrix3x3::Matrix3x3()[m[K’
[3.397s]    41 |         [01;36m[KMatrix3x3[m[K () {}
[3.397s]       |         [01;36m[K^~~~~~~~~[m[K
[3.397s] [01m[K/opt/ros/humble/include/tf2/tf2/LinearMath/Matrix3x3.hpp:41:9:[m[K [01;36m[Knote: [m[K  candidate expects 0 arguments, 1 provided
[5.632s] gmake[2]: *** [CMakeFiles/cmd_publisher.dir/build.make:76: CMakeFiles/cmd_publisher.dir/src/cmd_publisher.cpp.o] Error 1
[5.632s] gmake[1]: *** [CMakeFiles/Makefile2:165: CMakeFiles/cmd_publisher.dir/all] Error 2
[5.632s] gmake: *** [Makefile:146: all] Error 2
[5.634s] Invoked command in '/home/dimash/debug_clear_ws/build/mpc_low' returned '2': CMAKE_PREFIX_PATH=/home/dimash/debug_clear_ws/install/yolo_msgs:/home/dimash/debug_clear_ws/install/yolo_bringup:/home/dimash/debug_clear_ws/install/mpc_low:/home/dimash/debug_clear_ws/install/point_cloud_debug:/home/dimash/debug_clear_ws/install/move_model_plugin:/home/dimash/debug_clear_ws/install/clearpath_simulator:/home/dimash/debug_clear_ws/install/clearpath_gz:/home/dimash/debug_clear_ws/install/clearpath_generator_gz:/home/dimash/debug_clear_ws/install/clearpath_common:/home/dimash/debug_clear_ws/install/clearpath_generator_common:/home/dimash/debug_clear_ws/install/clearpath_description:/home/dimash/debug_clear_ws/install/clearpath_sensors_description:/home/dimash/debug_clear_ws/install/clearpath_platform:/home/dimash/debug_clear_ws/install/clearpath_msgs:/home/dimash/debug_clear_ws/install/clearpath_platform_msgs:/home/dimash/debug_clear_ws/install/clearpath_platform_description:/home/dimash/debug_clear_ws/install/clearpath_nav2_demos:/home/dimash/debug_clear_ws/install/clearpath_mounts_description:/home/dimash/debug_clear_ws/install/clearpath_manipulators:/home/dimash/debug_clear_ws/install/clearpath_manipulators_description:/home/dimash/debug_clear_ws/install/clearpath_customization:/home/dimash/debug_clear_ws/install/clearpath_control:/home/dimash/debug_clear_ws/install/yolo_ros:/home/dimash/debug_clear_ws/install/person_movement:/home/dimash/debug_clear_ws/install/clearpath_config:/opt/ros/humble LD_LIBRARY_PATH=/home/dimash/debug_clear_ws/install/yolo_msgs/lib:/home/dimash/debug_clear_ws/install/mpc_low/lib:/home/dimash/debug_clear_ws/install/move_model_plugin/lib:/home/dimash/debug_clear_ws/install/clearpath_platform/lib:/home/dimash/debug_clear_ws/install/clearpath_platform_msgs/lib:/opt/ros/humble/opt/rviz_ogre_vendor/lib:/opt/ros/humble/lib/x86_64-linux-gnu:/opt/ros/humble/lib:/home/dimash/acados/lib:/home/dimash/acados/lib /usr/bin/cmake --build /home/dimash/debug_clear_ws/build/mpc_low -- -j8 -l8
