[0.010s] Invoking command in '/home/robot/debug_clear_ws/build/mpc_low': CMAKE_PREFIX_PATH=${CMAKE_PREFIX_PATH}:/home/robot/debug_clear_ws/install/yolo_ros:/home/robot/debug_clear_ws/install/clearpath_config:/opt/ros/humble /usr/bin/cmake /home/robot/debug_clear_ws/src/mpc_low -DCMAKE_INSTALL_PREFIX=/home/robot/debug_clear_ws/install/mpc_low
[0.066s] -- The C compiler identification is GNU 11.4.0
[0.073s] -- Detecting C compiler ABI info
[0.137s] -- Detecting C compiler ABI info - done
[0.145s] -- Check for working C compiler: /usr/bin/cc - skipped
[0.145s] -- Detecting C compile features
[0.146s] -- Detecting C compile features - done
[0.196s] -- The CXX compiler identification is GNU 11.4.0
[0.202s] -- Detecting CXX compiler ABI info
[0.284s] -- Detecting CXX compiler ABI info - done
[0.292s] -- Check for working CXX compiler: /usr/bin/c++ - skipped
[0.293s] -- Detecting CXX compile features
[0.293s] -- Detecting CXX compile features - done
[0.296s] -- Found ament_cmake: 1.3.11 (/opt/ros/humble/share/ament_cmake/cmake)
[0.688s] -- Found Python3: /usr/bin/python3 (found version "3.10.12") found components: Interpreter 
[0.784s] -- Found rclcpp: 16.0.11 (/opt/ros/humble/share/rclcpp/cmake)
[0.825s] -- Found rosidl_generator_c: 3.1.6 (/opt/ros/humble/share/rosidl_generator_c/cmake)
[0.830s] -- Found rosidl_adapter: 3.1.6 (/opt/ros/humble/share/rosidl_adapter/cmake)
[0.839s] -- Found rosidl_generator_cpp: 3.1.6 (/opt/ros/humble/share/rosidl_generator_cpp/cmake)
[0.853s] -- Using all available rosidl_typesupport_c: rosidl_typesupport_fastrtps_c;rosidl_typesupport_introspection_c
[0.869s] -- Using all available rosidl_typesupport_cpp: rosidl_typesupport_fastrtps_cpp;rosidl_typesupport_introspection_cpp
[0.916s] -- Found rmw_implementation_cmake: 6.1.2 (/opt/ros/humble/share/rmw_implementation_cmake/cmake)
[0.919s] -- Found rmw_fastrtps_cpp: 6.2.7 (/opt/ros/humble/share/rmw_fastrtps_cpp/cmake)
[1.007s] -- Found OpenSSL: /usr/lib/x86_64-linux-gnu/libcrypto.so (found version "3.0.2")  
[1.036s] -- Found FastRTPS: /opt/ros/humble/include  
[1.079s] -- Using RMW implementation 'rmw_fastrtps_cpp' as default
[1.088s] -- Looking for pthread.h
[1.156s] -- Looking for pthread.h - found
[1.157s] -- Performing Test CMAKE_HAVE_LIBC_PTHREAD
[1.227s] -- Performing Test CMAKE_HAVE_LIBC_PTHREAD - Success
[1.228s] -- Found Threads: TRUE  
[1.281s] -- Found sensor_msgs: 4.2.4 (/opt/ros/humble/share/sensor_msgs/cmake)
[1.314s] -- Found tf2: 0.25.12 (/opt/ros/humble/share/tf2/cmake)
[1.325s] -- Found nav_msgs: 4.2.4 (/opt/ros/humble/share/nav_msgs/cmake)
[1.344s] -- Found tf2_ros: 0.25.12 (/opt/ros/humble/share/tf2_ros/cmake)
[1.439s] -- Found tf2_geometry_msgs: 0.25.12 (/opt/ros/humble/share/tf2_geometry_msgs/cmake)
[1.454s] -- Found eigen3_cmake_module: 0.1.1 (/opt/ros/humble/share/eigen3_cmake_module/cmake)
[1.455s] -- Found Eigen3: TRUE (found version "3.4.0") 
[1.456s] -- Ensuring Eigen3 include directory is part of orocos-kdl CMake target
[1.459s] -- Found gazebo_msgs: 3.9.0 (/opt/ros/humble/share/gazebo_msgs/cmake)
[1.576s] -- Configuring done
[1.603s] -- Generating done
[1.612s] -- Build files have been written to: /home/robot/debug_clear_ws/build/mpc_low
[1.622s] Invoked command in '/home/robot/debug_clear_ws/build/mpc_low' returned '0': CMAKE_PREFIX_PATH=${CMAKE_PREFIX_PATH}:/home/robot/debug_clear_ws/install/yolo_ros:/home/robot/debug_clear_ws/install/clearpath_config:/opt/ros/humble /usr/bin/cmake /home/robot/debug_clear_ws/src/mpc_low -DCMAKE_INSTALL_PREFIX=/home/robot/debug_clear_ws/install/mpc_low
[1.624s] Invoking command in '/home/robot/debug_clear_ws/build/mpc_low': CMAKE_PREFIX_PATH=${CMAKE_PREFIX_PATH}:/home/robot/debug_clear_ws/install/yolo_ros:/home/robot/debug_clear_ws/install/clearpath_config:/opt/ros/humble /usr/bin/cmake --build /home/robot/debug_clear_ws/build/mpc_low -- -j12 -l12
[1.674s] [ 36%] [32mBuilding C object CMakeFiles/mpc_solver.dir/solver/acados_ocp_solver_pyx.c.o[0m
[1.675s] [ 36%] [32mBuilding C object CMakeFiles/mpc_solver.dir/solver/acados_solver_Jackal.c.o[0m
[1.675s] [ 36%] [32mBuilding C object CMakeFiles/mpc_solver.dir/solver/main_Jackal.c.o[0m
[1.675s] [ 36%] [32mBuilding C object CMakeFiles/mpc_solver.dir/solver/acados_sim_solver_Jackal.c.o[0m
[1.675s] [ 45%] [32mBuilding C object CMakeFiles/mpc_solver.dir/solver/main_sim_Jackal.c.o[0m
[1.686s] [01m[K/home/robot/debug_clear_ws/src/mpc_low/solver/acados_ocp_solver_pyx.c:16:10:[m[K [01;31m[Kfatal error: [m[KPython.h: No such file or directory
[1.686s]    16 | #include [01;31m[K"Python.h"[m[K
[1.687s]       |          [01;31m[K^~~~~~~~~~[m[K
[1.687s] compilation terminated.
[1.687s] gmake[2]: *** [CMakeFiles/mpc_solver.dir/build.make:76: CMakeFiles/mpc_solver.dir/solver/acados_ocp_solver_pyx.c.o] Error 1
[1.688s] gmake[2]: *** Waiting for unfinished jobs....
[2.088s] gmake[1]: *** [CMakeFiles/Makefile2:143: CMakeFiles/mpc_solver.dir/all] Error 2
[2.088s] gmake: *** [Makefile:146: all] Error 2
[2.090s] Invoked command in '/home/robot/debug_clear_ws/build/mpc_low' returned '2': CMAKE_PREFIX_PATH=${CMAKE_PREFIX_PATH}:/home/robot/debug_clear_ws/install/yolo_ros:/home/robot/debug_clear_ws/install/clearpath_config:/opt/ros/humble /usr/bin/cmake --build /home/robot/debug_clear_ws/build/mpc_low -- -j12 -l12
