[1.055s] Invoking command in '/home/robot/debug_clear_ws/build/yolo_ros': CMAKE_PREFIX_PATH=/home/robot/debug_clear_ws/install/yolo_msgs:/home/robot/debug_clear_ws/install/yolov8_bringup:/home/robot/debug_clear_ws/install/yolov8_msgs:/home/robot/debug_clear_ws/install/yolo_bringup:/home/robot/debug_clear_ws/install/clearpath_simulator:/home/robot/debug_clear_ws/install/clearpath_gz:/home/robot/debug_clear_ws/install/clearpath_generator_gz:/home/robot/debug_clear_ws/install/clearpath_common:/home/robot/debug_clear_ws/install/clearpath_generator_common:/home/robot/debug_clear_ws/install/clearpath_description:/home/robot/debug_clear_ws/install/clearpath_sensors_description:/home/robot/debug_clear_ws/install/clearpath_platform:/home/robot/debug_clear_ws/install/clearpath_msgs:/home/robot/debug_clear_ws/install/clearpath_platform_msgs:/home/robot/debug_clear_ws/install/clearpath_platform_description:/home/robot/debug_clear_ws/install/clearpath_mounts_description:/home/robot/debug_clear_ws/install/clearpath_manipulators:/home/robot/debug_clear_ws/install/clearpath_manipulators_description:/home/robot/debug_clear_ws/install/clearpath_customization:/home/robot/debug_clear_ws/install/clearpath_control LD_LIBRARY_PATH=/home/robot/debug_clear_ws/install/yolo_msgs/lib:/home/robot/debug_clear_ws/install/yolov8_msgs/lib:/home/robot/debug_clear_ws/install/clearpath_platform/lib:/home/robot/debug_clear_ws/install/clearpath_platform_msgs/lib:/opt/ros/humble/opt/rviz_ogre_vendor/lib:/opt/ros/humble/lib/x86_64-linux-gnu:/opt/ros/humble/lib PYTHONPATH=/home/robot/debug_clear_ws/build/yolo_ros/prefix_override:/usr/lib/python3/dist-packages/colcon_core/task/python/colcon_distutils_commands:/home/robot/debug_clear_ws/install/yolo_ros/lib/python3.10/site-packages:${PYTHONPATH} /usr/bin/python3 -W ignore:setup.py install is deprecated -W ignore:easy_install command is deprecated setup.py develop --uninstall --editable --build-directory /home/robot/debug_clear_ws/build/yolo_ros/build
[1.460s] running develop
[1.782s] Removing /home/robot/debug_clear_ws/install/yolo_ros/lib/python3.10/site-packages/yolo-ros.egg-link (link to .)
[1.811s] Invoked command in '/home/robot/debug_clear_ws/build/yolo_ros' returned '0': CMAKE_PREFIX_PATH=/home/robot/debug_clear_ws/install/yolo_msgs:/home/robot/debug_clear_ws/install/yolov8_bringup:/home/robot/debug_clear_ws/install/yolov8_msgs:/home/robot/debug_clear_ws/install/yolo_bringup:/home/robot/debug_clear_ws/install/clearpath_simulator:/home/robot/debug_clear_ws/install/clearpath_gz:/home/robot/debug_clear_ws/install/clearpath_generator_gz:/home/robot/debug_clear_ws/install/clearpath_common:/home/robot/debug_clear_ws/install/clearpath_generator_common:/home/robot/debug_clear_ws/install/clearpath_description:/home/robot/debug_clear_ws/install/clearpath_sensors_description:/home/robot/debug_clear_ws/install/clearpath_platform:/home/robot/debug_clear_ws/install/clearpath_msgs:/home/robot/debug_clear_ws/install/clearpath_platform_msgs:/home/robot/debug_clear_ws/install/clearpath_platform_description:/home/robot/debug_clear_ws/install/clearpath_mounts_description:/home/robot/debug_clear_ws/install/clearpath_manipulators:/home/robot/debug_clear_ws/install/clearpath_manipulators_description:/home/robot/debug_clear_ws/install/clearpath_customization:/home/robot/debug_clear_ws/install/clearpath_control LD_LIBRARY_PATH=/home/robot/debug_clear_ws/install/yolo_msgs/lib:/home/robot/debug_clear_ws/install/yolov8_msgs/lib:/home/robot/debug_clear_ws/install/clearpath_platform/lib:/home/robot/debug_clear_ws/install/clearpath_platform_msgs/lib:/opt/ros/humble/opt/rviz_ogre_vendor/lib:/opt/ros/humble/lib/x86_64-linux-gnu:/opt/ros/humble/lib PYTHONPATH=/home/robot/debug_clear_ws/build/yolo_ros/prefix_override:/usr/lib/python3/dist-packages/colcon_core/task/python/colcon_distutils_commands:/home/robot/debug_clear_ws/install/yolo_ros/lib/python3.10/site-packages:${PYTHONPATH} /usr/bin/python3 -W ignore:setup.py install is deprecated -W ignore:easy_install command is deprecated setup.py develop --uninstall --editable --build-directory /home/robot/debug_clear_ws/build/yolo_ros/build
[1.813s] Invoking command in '/home/robot/debug_clear_ws/src/yolo_ros/yolo_ros': CMAKE_PREFIX_PATH=/home/robot/debug_clear_ws/install/yolo_msgs:/home/robot/debug_clear_ws/install/yolov8_bringup:/home/robot/debug_clear_ws/install/yolov8_msgs:/home/robot/debug_clear_ws/install/yolo_bringup:/home/robot/debug_clear_ws/install/clearpath_simulator:/home/robot/debug_clear_ws/install/clearpath_gz:/home/robot/debug_clear_ws/install/clearpath_generator_gz:/home/robot/debug_clear_ws/install/clearpath_common:/home/robot/debug_clear_ws/install/clearpath_generator_common:/home/robot/debug_clear_ws/install/clearpath_description:/home/robot/debug_clear_ws/install/clearpath_sensors_description:/home/robot/debug_clear_ws/install/clearpath_platform:/home/robot/debug_clear_ws/install/clearpath_msgs:/home/robot/debug_clear_ws/install/clearpath_platform_msgs:/home/robot/debug_clear_ws/install/clearpath_platform_description:/home/robot/debug_clear_ws/install/clearpath_mounts_description:/home/robot/debug_clear_ws/install/clearpath_manipulators:/home/robot/debug_clear_ws/install/clearpath_manipulators_description:/home/robot/debug_clear_ws/install/clearpath_customization:/home/robot/debug_clear_ws/install/clearpath_control LD_LIBRARY_PATH=/home/robot/debug_clear_ws/install/yolo_msgs/lib:/home/robot/debug_clear_ws/install/yolov8_msgs/lib:/home/robot/debug_clear_ws/install/clearpath_platform/lib:/home/robot/debug_clear_ws/install/clearpath_platform_msgs/lib:/opt/ros/humble/opt/rviz_ogre_vendor/lib:/opt/ros/humble/lib/x86_64-linux-gnu:/opt/ros/humble/lib PYTHONPATH=/home/robot/debug_clear_ws/build/yolo_ros/prefix_override:/usr/lib/python3/dist-packages/colcon_core/task/python/colcon_distutils_commands:/home/robot/debug_clear_ws/install/yolo_ros/lib/python3.10/site-packages:${PYTHONPATH} /usr/bin/python3 -W ignore:setup.py install is deprecated -W ignore:easy_install command is deprecated setup.py egg_info --egg-base ../../../build/yolo_ros build --build-base /home/robot/debug_clear_ws/build/yolo_ros/build install --record /home/robot/debug_clear_ws/build/yolo_ros/install.log --single-version-externally-managed install_data --force
[2.135s] running egg_info
[2.156s] writing ../../../build/yolo_ros/yolo_ros.egg-info/PKG-INFO
[2.157s] writing dependency_links to ../../../build/yolo_ros/yolo_ros.egg-info/dependency_links.txt
[2.157s] writing entry points to ../../../build/yolo_ros/yolo_ros.egg-info/entry_points.txt
[2.157s] writing requirements to ../../../build/yolo_ros/yolo_ros.egg-info/requires.txt
[2.158s] writing top-level names to ../../../build/yolo_ros/yolo_ros.egg-info/top_level.txt
[2.199s] reading manifest file '../../../build/yolo_ros/yolo_ros.egg-info/SOURCES.txt'
[2.200s] writing manifest file '../../../build/yolo_ros/yolo_ros.egg-info/SOURCES.txt'
[2.200s] running build
[2.201s] running build_py
[2.201s] creating /home/robot/debug_clear_ws/build/yolo_ros/build/lib/yolo_ros
[2.201s] copying yolo_ros/detect_3d_node.py -> /home/robot/debug_clear_ws/build/yolo_ros/build/lib/yolo_ros
[2.201s] copying yolo_ros/tracking_node.py -> /home/robot/debug_clear_ws/build/yolo_ros/build/lib/yolo_ros
[2.202s] copying yolo_ros/yolo_node.py -> /home/robot/debug_clear_ws/build/yolo_ros/build/lib/yolo_ros
[2.202s] copying yolo_ros/__init__.py -> /home/robot/debug_clear_ws/build/yolo_ros/build/lib/yolo_ros
[2.202s] copying yolo_ros/debug_node.py -> /home/robot/debug_clear_ws/build/yolo_ros/build/lib/yolo_ros
[2.203s] running install
[2.209s] running install_lib
[2.229s] creating /home/robot/debug_clear_ws/install/yolo_ros/lib/python3.10/site-packages/yolo_ros
[2.229s] copying /home/robot/debug_clear_ws/build/yolo_ros/build/lib/yolo_ros/detect_3d_node.py -> /home/robot/debug_clear_ws/install/yolo_ros/lib/python3.10/site-packages/yolo_ros
[2.230s] copying /home/robot/debug_clear_ws/build/yolo_ros/build/lib/yolo_ros/tracking_node.py -> /home/robot/debug_clear_ws/install/yolo_ros/lib/python3.10/site-packages/yolo_ros
[2.230s] copying /home/robot/debug_clear_ws/build/yolo_ros/build/lib/yolo_ros/yolo_node.py -> /home/robot/debug_clear_ws/install/yolo_ros/lib/python3.10/site-packages/yolo_ros
[2.230s] copying /home/robot/debug_clear_ws/build/yolo_ros/build/lib/yolo_ros/__init__.py -> /home/robot/debug_clear_ws/install/yolo_ros/lib/python3.10/site-packages/yolo_ros
[2.230s] copying /home/robot/debug_clear_ws/build/yolo_ros/build/lib/yolo_ros/debug_node.py -> /home/robot/debug_clear_ws/install/yolo_ros/lib/python3.10/site-packages/yolo_ros
[2.231s] byte-compiling /home/robot/debug_clear_ws/install/yolo_ros/lib/python3.10/site-packages/yolo_ros/detect_3d_node.py to detect_3d_node.cpython-310.pyc
[2.233s] byte-compiling /home/robot/debug_clear_ws/install/yolo_ros/lib/python3.10/site-packages/yolo_ros/tracking_node.py to tracking_node.cpython-310.pyc
[2.235s] byte-compiling /home/robot/debug_clear_ws/install/yolo_ros/lib/python3.10/site-packages/yolo_ros/yolo_node.py to yolo_node.cpython-310.pyc
[2.237s] byte-compiling /home/robot/debug_clear_ws/install/yolo_ros/lib/python3.10/site-packages/yolo_ros/__init__.py to __init__.cpython-310.pyc
[2.237s] byte-compiling /home/robot/debug_clear_ws/install/yolo_ros/lib/python3.10/site-packages/yolo_ros/debug_node.py to debug_node.cpython-310.pyc
[2.239s] running install_data
[2.239s] copying resource/yolo_ros -> /home/robot/debug_clear_ws/install/yolo_ros/share/ament_index/resource_index/packages
[2.239s] copying package.xml -> /home/robot/debug_clear_ws/install/yolo_ros/share/yolo_ros
[2.239s] running install_egg_info
[2.260s] Copying ../../../build/yolo_ros/yolo_ros.egg-info to /home/robot/debug_clear_ws/install/yolo_ros/lib/python3.10/site-packages/yolo_ros-0.0.0-py3.10.egg-info
[2.261s] running install_scripts
[2.433s] Installing debug_node script to /home/robot/debug_clear_ws/install/yolo_ros/lib/yolo_ros
[2.433s] Installing detect_3d_node script to /home/robot/debug_clear_ws/install/yolo_ros/lib/yolo_ros
[2.433s] Installing tracking_node script to /home/robot/debug_clear_ws/install/yolo_ros/lib/yolo_ros
[2.433s] Installing yolo_node script to /home/robot/debug_clear_ws/install/yolo_ros/lib/yolo_ros
[2.434s] writing list of installed files to '/home/robot/debug_clear_ws/build/yolo_ros/install.log'
[2.456s] Invoked command in '/home/robot/debug_clear_ws/src/yolo_ros/yolo_ros' returned '0': CMAKE_PREFIX_PATH=/home/robot/debug_clear_ws/install/yolo_msgs:/home/robot/debug_clear_ws/install/yolov8_bringup:/home/robot/debug_clear_ws/install/yolov8_msgs:/home/robot/debug_clear_ws/install/yolo_bringup:/home/robot/debug_clear_ws/install/clearpath_simulator:/home/robot/debug_clear_ws/install/clearpath_gz:/home/robot/debug_clear_ws/install/clearpath_generator_gz:/home/robot/debug_clear_ws/install/clearpath_common:/home/robot/debug_clear_ws/install/clearpath_generator_common:/home/robot/debug_clear_ws/install/clearpath_description:/home/robot/debug_clear_ws/install/clearpath_sensors_description:/home/robot/debug_clear_ws/install/clearpath_platform:/home/robot/debug_clear_ws/install/clearpath_msgs:/home/robot/debug_clear_ws/install/clearpath_platform_msgs:/home/robot/debug_clear_ws/install/clearpath_platform_description:/home/robot/debug_clear_ws/install/clearpath_mounts_description:/home/robot/debug_clear_ws/install/clearpath_manipulators:/home/robot/debug_clear_ws/install/clearpath_manipulators_description:/home/robot/debug_clear_ws/install/clearpath_customization:/home/robot/debug_clear_ws/install/clearpath_control LD_LIBRARY_PATH=/home/robot/debug_clear_ws/install/yolo_msgs/lib:/home/robot/debug_clear_ws/install/yolov8_msgs/lib:/home/robot/debug_clear_ws/install/clearpath_platform/lib:/home/robot/debug_clear_ws/install/clearpath_platform_msgs/lib:/opt/ros/humble/opt/rviz_ogre_vendor/lib:/opt/ros/humble/lib/x86_64-linux-gnu:/opt/ros/humble/lib PYTHONPATH=/home/robot/debug_clear_ws/build/yolo_ros/prefix_override:/usr/lib/python3/dist-packages/colcon_core/task/python/colcon_distutils_commands:/home/robot/debug_clear_ws/install/yolo_ros/lib/python3.10/site-packages:${PYTHONPATH} /usr/bin/python3 -W ignore:setup.py install is deprecated -W ignore:easy_install command is deprecated setup.py egg_info --egg-base ../../../build/yolo_ros build --build-base /home/robot/debug_clear_ws/build/yolo_ros/build install --record /home/robot/debug_clear_ws/build/yolo_ros/install.log --single-version-externally-managed install_data --force
