-- The C compiler identification is GNU 11.4.0
-- The CXX compiler identification is GNU 11.4.0
-- Detecting C compiler ABI info
-- Detecting C compiler ABI info - done
-- Check for working C compiler: /usr/bin/cc - skipped
-- Detecting C compile features
-- Detecting C compile features - done
-- Detecting CXX compiler ABI info
-- Detecting CXX compiler ABI info - done
-- Check for working CXX compiler: /usr/bin/c++ - skipped
-- Detecting CXX compile features
-- Detecting CXX compile features - done
-- Found ament_cmake: 1.3.11 (/opt/ros/humble/share/ament_cmake/cmake)
-- Found Python3: /usr/bin/python3 (found version "3.10.12") found components: Interpreter 
-- Override CMake install command with custom implementation using symlinks instead of copying resources
-- Found rclcpp: 16.0.11 (/opt/ros/humble/share/rclcpp/cmake)
-- Found rosidl_generator_c: 3.1.6 (/opt/ros/humble/share/rosidl_generator_c/cmake)
-- Found rosidl_adapter: 3.1.6 (/opt/ros/humble/share/rosidl_adapter/cmake)
-- Found rosidl_generator_cpp: 3.1.6 (/opt/ros/humble/share/rosidl_generator_cpp/cmake)
-- Using all available rosidl_typesupport_c: rosidl_typesupport_fastrtps_c;rosidl_typesupport_introspection_c
-- Using all available rosidl_typesupport_cpp: rosidl_typesupport_fastrtps_cpp;rosidl_typesupport_introspection_cpp
-- Found rmw_implementation_cmake: 6.1.2 (/opt/ros/humble/share/rmw_implementation_cmake/cmake)
-- Found rmw_fastrtps_cpp: 6.2.7 (/opt/ros/humble/share/rmw_fastrtps_cpp/cmake)
-- Found OpenSSL: /usr/lib/x86_64-linux-gnu/libcrypto.so (found version "3.0.2")  
-- Found FastRTPS: /opt/ros/humble/include  
-- Using RMW implementation 'rmw_fastrtps_cpp' as default
-- Looking for pthread.h
-- Looking for pthread.h - found
-- Performing Test CMAKE_HAVE_LIBC_PTHREAD
-- Performing Test CMAKE_HAVE_LIBC_PTHREAD - Success
-- Found Threads: TRUE  
-- Found sensor_msgs: 4.2.4 (/opt/ros/humble/share/sensor_msgs/cmake)
-- Found tf2: 0.25.11 (/opt/ros/humble/share/tf2/cmake)
-- Found nav_msgs: 4.2.4 (/opt/ros/humble/share/nav_msgs/cmake)
-- Found tf2_ros: 0.25.11 (/opt/ros/humble/share/tf2_ros/cmake)
-- Found tf2_geometry_msgs: 0.25.11 (/opt/ros/humble/share/tf2_geometry_msgs/cmake)
-- Found eigen3_cmake_module: 0.1.1 (/opt/ros/humble/share/eigen3_cmake_module/cmake)
-- Found Eigen3: TRUE (found version "3.4.0") 
-- Ensuring Eigen3 include directory is part of orocos-kdl CMake target
-- Found gazebo_msgs: 3.9.0 (/opt/ros/humble/share/gazebo_msgs/cmake)
-- Configuring done
-- Generating done
-- Build files have been written to: /home/robot/debug_clear_ws/build/mpc_low
[ 16%] [32mBuilding CXX object CMakeFiles/mpc_low.dir/src/low_solver.cpp.o[0m
In file included from [01m[K/home/robot/debug_clear_ws/src/mpc_low/src/low_solver.cpp:11[m[K:
[01m[K/opt/ros/humble/include/tf2_geometry_msgs/tf2_geometry_msgs/tf2_geometry_msgs.h:35:2:[m[K [01;35m[Kwarning: [m[K#warning This header is obsolete, please include tf2_geometry_msgs/tf2_geometry_msgs.hpp instead [[01;35m[K]8;;https://gcc.gnu.org/onlinedocs/gcc/Warning-Options.html#index-Wcpp-Wcpp]8;;[m[K]
   35 | #[01;35m[Kwarning[m[K This header is obsolete, please include tf2_geometry_msgs/tf2_geometry_msgs.hpp instead
      |  [01;35m[K^~~~~~~[m[K
In file included from [01m[K/home/robot/debug_clear_ws/src/mpc_low/src/low_solver.cpp:23[m[K:
[01m[K/home/robot/debug_clear_ws/src/mpc_low/solver/acados_solver_holder.cpp:[m[K In constructor ‘[01m[Kmy_NMPC_solver::my_NMPC_solver(int)[m[K’:
[01m[K/home/robot/debug_clear_ws/src/mpc_low/solver/acados_solver_holder.cpp:55:13:[m[K [01;31m[Kerror: [m[K‘[01m[KJackal_N[m[K’ was not declared in this scope
   55 |     int N = [01;31m[KJackal_N[m[K;
      |             [01;31m[K^~~~~~~~[m[K
In file included from [01m[K/home/robot/debug_clear_ws/src/mpc_low/src/low_solver.cpp:23[m[K:
[01m[K/home/robot/debug_clear_ws/src/mpc_low/solver/acados_solver_holder.cpp:[m[K In member function ‘[01m[Kint my_NMPC_solver::solve_my_mpc(double*, double*, double*, double*, double*, double*)[m[K’:
[01m[K/home/robot/debug_clear_ws/src/mpc_low/solver/acados_solver_holder.cpp:69:13:[m[K [01;31m[Kerror: [m[K‘[01m[KJackal_N[m[K’ was not declared in this scope
   69 |     int N = [01;31m[KJackal_N[m[K;
      |             [01;31m[K^~~~~~~~[m[K
In file included from [01m[K/home/robot/debug_clear_ws/src/mpc_low/src/low_solver.cpp:23[m[K:
[01m[K/home/robot/debug_clear_ws/src/mpc_low/solver/acados_solver_holder.cpp:19:16:[m[K [01;31m[Kerror: [m[K‘[01m[KJackal_NBX0[m[K’ was not declared in this scope; did you mean ‘[01m[KJACKAL_NBX0[m[K’?
   19 | #define NBX0   [01;31m[KJackal_NBX0[m[K
      |                [01;31m[K^~~~~~~~~~~[m[K
[01m[K/home/robot/debug_clear_ws/src/mpc_low/solver/acados_solver_holder.cpp:19:16:[m[K [01;36m[Knote: [m[Kin definition of macro ‘[01m[KNBX0[m[K’
   19 | #define NBX0   [01;36m[KJackal_NBX0[m[K
      |                [01;36m[K^~~~~~~~~~~[m[K
In file included from [01m[K/home/robot/debug_clear_ws/src/mpc_low/src/low_solver.cpp:23[m[K:
[01m[K/home/robot/debug_clear_ws/src/mpc_low/solver/acados_solver_holder.cpp:81:30:[m[K [01;31m[Kerror: [m[K‘[01m[Kidxbx0[m[K’ was not declared in this scope
   81 |     for (int i=0;i<NBX0;i++) [01;31m[Kidxbx0[m[K[i]=i;
      |                              [01;31m[K^~~~~~[m[K
In file included from [01m[K/home/robot/debug_clear_ws/src/mpc_low/src/low_solver.cpp:23[m[K:
[01m[K/home/robot/debug_clear_ws/src/mpc_low/solver/acados_solver_holder.cpp:18:16:[m[K [01;31m[Kerror: [m[K‘[01m[KJackal_NBX[m[K’ was not declared in this scope; did you mean ‘[01m[KJACKAL_NBX[m[K’?
   18 | #define NBX    [01;31m[KJackal_NBX[m[K
      |                [01;31m[K^~~~~~~~~~[m[K
[01m[K/home/robot/debug_clear_ws/src/mpc_low/solver/acados_solver_holder.cpp:18:16:[m[K [01;36m[Knote: [m[Kin definition of macro ‘[01m[KNBX[m[K’
   18 | #define NBX    [01;36m[KJackal_NBX[m[K
      |                [01;36m[K^~~~~~~~~~[m[K
In file included from [01m[K/home/robot/debug_clear_ws/src/mpc_low/src/low_solver.cpp:23[m[K:
[01m[K/home/robot/debug_clear_ws/src/mpc_low/solver/acados_solver_holder.cpp:84:29:[m[K [01;31m[Kerror: [m[K‘[01m[Kidxbx[m[K’ was not declared in this scope
   84 |     for (int i=0;i<NBX;i++) [01;31m[Kidxbx[m[K[i]=i;
      |                             [01;31m[K^~~~~[m[K
In file included from [01m[K/home/robot/debug_clear_ws/src/mpc_low/src/low_solver.cpp:23[m[K:
[01m[K/home/robot/debug_clear_ws/src/mpc_low/solver/acados_solver_holder.cpp:20:16:[m[K [01;31m[Kerror: [m[K‘[01m[KJackal_NBU[m[K’ was not declared in this scope; did you mean ‘[01m[KJACKAL_NBU[m[K’?
   20 | #define NBU    [01;31m[KJackal_NBU[m[K
      |                [01;31m[K^~~~~~~~~~[m[K
[01m[K/home/robot/debug_clear_ws/src/mpc_low/solver/acados_solver_holder.cpp:20:16:[m[K [01;36m[Knote: [m[Kin definition of macro ‘[01m[KNBU[m[K’
   20 | #define NBU    [01;36m[KJackal_NBU[m[K
      |                [01;36m[K^~~~~~~~~~[m[K
In file included from [01m[K/home/robot/debug_clear_ws/src/mpc_low/src/low_solver.cpp:23[m[K:
[01m[K/home/robot/debug_clear_ws/src/mpc_low/solver/acados_solver_holder.cpp:87:29:[m[K [01;31m[Kerror: [m[K‘[01m[Kidxbu[m[K’ was not declared in this scope
   87 |     for (int i=0;i<NBU;i++) [01;31m[Kidxbu[m[K[i]=i;
      |                             [01;31m[K^~~~~[m[K
In file included from [01m[K/home/robot/debug_clear_ws/src/mpc_low/src/low_solver.cpp:23[m[K:
[01m[K/home/robot/debug_clear_ws/src/mpc_low/solver/acados_solver_holder.cpp:23:16:[m[K [01;31m[Kerror: [m[K‘[01m[KJackal_NSH[m[K’ was not declared in this scope; did you mean ‘[01m[KJACKAL_NSH[m[K’?
   23 | #define NSH    [01;31m[KJackal_NSH[m[K
      |                [01;31m[K^~~~~~~~~~[m[K
[01m[K/home/robot/debug_clear_ws/src/mpc_low/solver/acados_solver_holder.cpp:23:16:[m[K [01;36m[Knote: [m[Kin definition of macro ‘[01m[KNSH[m[K’
   23 | #define NSH    [01;36m[KJackal_NSH[m[K
      |                [01;36m[K^~~~~~~~~~[m[K
In file included from [01m[K/home/robot/debug_clear_ws/src/mpc_low/src/low_solver.cpp:23[m[K:
[01m[K/home/robot/debug_clear_ws/src/mpc_low/solver/acados_solver_holder.cpp:90:29:[m[K [01;31m[Kerror: [m[K‘[01m[Kidxsh[m[K’ was not declared in this scope
   90 |     for (int i=0;i<NSH;i++) [01;31m[Kidxsh[m[K[i]=i; // set stick constraint as slack
      |                             [01;31m[K^~~~~[m[K
In file included from [01m[K/home/robot/debug_clear_ws/src/mpc_low/src/low_solver.cpp:23[m[K:
[01m[K/home/robot/debug_clear_ws/src/mpc_low/solver/acados_solver_holder.cpp:38:16:[m[K [01;31m[Kerror: [m[K‘[01m[KJackal_NH[m[K’ was not declared in this scope; did you mean ‘[01m[KJACKAL_NH[m[K’?
   38 | #define NH     [01;31m[KJackal_NH[m[K
      |                [01;31m[K^~~~~~~~~[m[K
[01m[K/home/robot/debug_clear_ws/src/mpc_low/solver/acados_solver_holder.cpp:38:16:[m[K [01;36m[Knote: [m[Kin definition of macro ‘[01m[KNH[m[K’
   38 | #define NH     [01;36m[KJackal_NH[m[K
      |                [01;36m[K^~~~~~~~~[m[K
In file included from [01m[K/home/robot/debug_clear_ws/src/mpc_low/src/low_solver.cpp:23[m[K:
[01m[K/home/robot/debug_clear_ws/src/mpc_low/solver/acados_solver_holder.cpp:93:28:[m[K [01;31m[Kerror: [m[K‘[01m[Klh[m[K’ was not declared in this scope
   93 |     for (int i=0;i<NH;i++) [01;31m[Klh[m[K[i]=-10e6;
      |                            [01;31m[K^~[m[K
[01m[K/home/robot/debug_clear_ws/src/mpc_low/solver/acados_solver_holder.cpp:94:28:[m[K [01;31m[Kerror: [m[K‘[01m[Kuh[m[K’ was not declared in this scope
   94 |     for (int i=0;i<NH;i++) [01;31m[Kuh[m[K[i]=0.0;
      |                            [01;31m[K^~[m[K
[01m[K/home/robot/debug_clear_ws/src/mpc_low/solver/acados_solver_holder.cpp:100:27:[m[K [01;31m[Kerror: [m[K‘[01m[Klbx0[m[K’ was not declared in this scope
  100 |     for (int i=0;i<3;i++) [01;31m[Klbx0[m[K[i] = current_robot_position[i];
      |                           [01;31m[K^~~~[m[K
[01m[K/home/robot/debug_clear_ws/src/mpc_low/solver/acados_solver_holder.cpp:101:27:[m[K [01;31m[Kerror: [m[K‘[01m[Kubx0[m[K’ was not declared in this scope
  101 |     for (int i=0;i<3;i++) [01;31m[Kubx0[m[K[i] = current_robot_position[i];
      |                           [01;31m[K^~~~[m[K
[01m[K/home/robot/debug_clear_ws/src/mpc_low/solver/acados_solver_holder.cpp:105:77:[m[K [01;31m[Kerror: [m[K‘[01m[Kidxbx0[m[K’ was not declared in this scope
  105 |     ocp_nlp_constraints_model_set(nlp_config, nlp_dims, nlp_in, 0, "idxbx", [01;31m[Kidxbx0[m[K);
      |                                                                             [01;31m[K^~~~~~[m[K
[01m[K/home/robot/debug_clear_ws/src/mpc_low/solver/acados_solver_holder.cpp:106:75:[m[K [01;31m[Kerror: [m[K‘[01m[Klbx0[m[K’ was not declared in this scope
  106 |     ocp_nlp_constraints_model_set(nlp_config, nlp_dims, nlp_in, 0, "lbx", [01;31m[Klbx0[m[K);
      |                                                                           [01;31m[K^~~~[m[K
[01m[K/home/robot/debug_clear_ws/src/mpc_low/solver/acados_solver_holder.cpp:107:75:[m[K [01;31m[Kerror: [m[K‘[01m[Kubx0[m[K’ was not declared in this scope
  107 |     ocp_nlp_constraints_model_set(nlp_config, nlp_dims, nlp_in, 0, "ubx", [01;31m[Kubx0[m[K);
      |                                                                           [01;31m[K^~~~[m[K
In file included from [01m[K/home/robot/debug_clear_ws/src/mpc_low/src/low_solver.cpp:23[m[K:
[01m[K/home/robot/debug_clear_ws/src/mpc_low/solver/acados_solver_holder.cpp:36:16:[m[K [01;31m[Kerror: [m[K‘[01m[KJackal_NY[m[K’ was not declared in this scope; did you mean ‘[01m[KJACKAL_NY[m[K’?
   36 | #define NY     [01;31m[KJackal_NY[m[K
      |                [01;31m[K^~~~~~~~~[m[K
[01m[K/home/robot/debug_clear_ws/src/mpc_low/solver/acados_solver_holder.cpp:36:16:[m[K [01;36m[Knote: [m[Kin definition of macro ‘[01m[KNY[m[K’
   36 | #define NY     [01;36m[KJackal_NY[m[K
      |                [01;36m[K^~~~~~~~~[m[K
[01m[K/home/robot/debug_clear_ws/src/mpc_low/solver/acados_solver_holder.cpp:14:16:[m[K [01;31m[Kerror: [m[K‘[01m[KJackal_NX[m[K’ was not declared in this scope; did you mean ‘[01m[KJACKAL_NX[m[K’?
   14 | #define NX     [01;31m[KJackal_NX[m[K
      |                [01;31m[K^~~~~~~~~[m[K
[01m[K/home/robot/debug_clear_ws/src/mpc_low/solver/acados_solver_holder.cpp:14:16:[m[K [01;36m[Knote: [m[Kin definition of macro ‘[01m[KNX[m[K’
   14 | #define NX     [01;36m[KJackal_NX[m[K
      |                [01;36m[K^~~~~~~~~[m[K
In file included from [01m[K/home/robot/debug_clear_ws/src/mpc_low/src/low_solver.cpp:23[m[K:
[01m[K/home/robot/debug_clear_ws/src/mpc_low/solver/acados_solver_holder.cpp:117:28:[m[K [01;31m[Kerror: [m[K‘[01m[KVx[m[K’ was not declared in this scope
  117 |     for (int i=0;i<NX;i++) [01;31m[KVx[m[K[NY*i+i] = 1.0;
      |                            [01;31m[K^~[m[K
In file included from [01m[K/home/robot/debug_clear_ws/src/mpc_low/src/low_solver.cpp:23[m[K:
[01m[K/home/robot/debug_clear_ws/src/mpc_low/solver/acados_solver_holder.cpp:37:16:[m[K [01;31m[Kerror: [m[K‘[01m[KJackal_NYN[m[K’ was not declared in this scope; did you mean ‘[01m[KJACKAL_NYN[m[K’?
   37 | #define NYN    [01;31m[KJackal_NYN[m[K
      |                [01;31m[K^~~~~~~~~~[m[K
[01m[K/home/robot/debug_clear_ws/src/mpc_low/solver/acados_solver_holder.cpp:37:16:[m[K [01;36m[Knote: [m[Kin definition of macro ‘[01m[KNYN[m[K’
   37 | #define NYN    [01;36m[KJackal_NYN[m[K
      |                [01;36m[K^~~~~~~~~~[m[K
In file included from [01m[K/home/robot/debug_clear_ws/src/mpc_low/src/low_solver.cpp:23[m[K:
[01m[K/home/robot/debug_clear_ws/src/mpc_low/solver/acados_solver_holder.cpp:120:28:[m[K [01;31m[Kerror: [m[K‘[01m[KVx[m[K’ was not declared in this scope
  120 |     for (int i=0;i<NX;i++) [01;31m[KVx[m[K[NYN*i+i] = 1.0;
      |                            [01;31m[K^~[m[K
In file included from [01m[K/home/robot/debug_clear_ws/src/mpc_low/src/low_solver.cpp:23[m[K:
[01m[K/home/robot/debug_clear_ws/src/mpc_low/solver/acados_solver_holder.cpp:16:16:[m[K [01;31m[Kerror: [m[K‘[01m[KJackal_NU[m[K’ was not declared in this scope; did you mean ‘[01m[KJACKAL_NU[m[K’?
   16 | #define NU     [01;31m[KJackal_NU[m[K
      |                [01;31m[K^~~~~~~~~[m[K
[01m[K/home/robot/debug_clear_ws/src/mpc_low/solver/acados_solver_holder.cpp:16:16:[m[K [01;36m[Knote: [m[Kin definition of macro ‘[01m[KNU[m[K’
   16 | #define NU     [01;36m[KJackal_NU[m[K
      |                [01;36m[K^~~~~~~~~[m[K
In file included from [01m[K/home/robot/debug_clear_ws/src/mpc_low/src/low_solver.cpp:23[m[K:
[01m[K/home/robot/debug_clear_ws/src/mpc_low/solver/acados_solver_holder.cpp:123:28:[m[K [01;31m[Kerror: [m[K‘[01m[KVu[m[K’ was not declared in this scope
  123 |     for (int i=0;i<NU;i++) [01;31m[KVu[m[K[NY*i+i] = 1.0;
      |                            [01;31m[K^~[m[K
[01m[K/home/robot/debug_clear_ws/src/mpc_low/solver/acados_solver_holder.cpp:131:39:[m[K [01;31m[Kerror: [m[K‘[01m[KW[m[K’ was not declared in this scope
  131 |     for (int ii = 0; ii < (NX); ii++) [01;31m[KW[m[K[ii+ii*(NU+NX)] = weights_diag[ii];
      |                                       [01;31m[K^[m[K
[01m[K/home/robot/debug_clear_ws/src/mpc_low/solver/acados_solver_holder.cpp:131:58:[m[K [01;31m[Kerror: [m[K‘[01m[Kweights_diag[m[K’ was not declared in this scope
  131 |     for (int ii = 0; ii < (NX); ii++) W[ii+ii*(NU+NX)] = [01;31m[Kweights_diag[m[K[ii];
      |                                                          [01;31m[K^~~~~~~~~~~~[m[K
[01m[K/home/robot/debug_clear_ws/src/mpc_low/solver/acados_solver_holder.cpp:132:43:[m[K [01;31m[Kerror: [m[K‘[01m[KW[m[K’ was not declared in this scope
  132 |     for (int ii = NX; ii < (NU+NX); ii++) [01;31m[KW[m[K[ii+ii*(NU+NX)] = 1000;
      |                                           [01;31m[K^[m[K
[01m[K/home/robot/debug_clear_ws/src/mpc_low/solver/acados_solver_holder.cpp:134:39:[m[K [01;31m[Kerror: [m[K‘[01m[KWN[m[K’ was not declared in this scope; did you mean ‘[01m[KN[m[K’?
  134 |     for (int ii = 0; ii < (NX); ii++) [01;31m[KWN[m[K[ii+ii*(NX)] = weights_diag[ii]*1000.0;
      |                                       [01;31m[K^~[m[K
      |                                       [32m[KN[m[K
[01m[K/home/robot/debug_clear_ws/src/mpc_low/solver/acados_solver_holder.cpp:134:56:[m[K [01;31m[Kerror: [m[K‘[01m[Kweights_diag[m[K’ was not declared in this scope
  134 |     for (int ii = 0; ii < (NX); ii++) WN[ii+ii*(NX)] = [01;31m[Kweights_diag[m[K[ii]*1000.0;
      |                                                        [01;31m[K^~~~~~~~~~~~[m[K
[01m[K/home/robot/debug_clear_ws/src/mpc_low/solver/acados_solver_holder.cpp:135:5:[m[K [01;31m[Kerror: [m[K‘[01m[KWN[m[K’ was not declared in this scope; did you mean ‘[01m[KN[m[K’?
  135 |     [01;31m[KWN[m[K[NX-1+(NX-1)*(NX)] = 100000000.0;
      |     [01;31m[K^~[m[K
      |     [32m[KN[m[K
[01m[K/home/robot/debug_clear_ws/src/mpc_low/solver/acados_solver_holder.cpp:142:29:[m[K [01;31m[Kerror: [m[K‘[01m[KZl[m[K’ was not declared in this scope
  142 |     for (int i=0;i<NSH;i++) [01;31m[KZl[m[K[i] = 0.0;
      |                             [01;31m[K^~[m[K
[01m[K/home/robot/debug_clear_ws/src/mpc_low/solver/acados_solver_holder.cpp:143:29:[m[K [01;31m[Kerror: [m[K‘[01m[KZu[m[K’ was not declared in this scope
  143 |     for (int i=0;i<NSH;i++) [01;31m[KZu[m[K[i] = 10000.0;
      |                             [01;31m[K^~[m[K
[01m[K/home/robot/debug_clear_ws/src/mpc_low/solver/acados_solver_holder.cpp:146:27:[m[K [01;31m[Kerror: [m[K‘[01m[Ky_ref[m[K’ was not declared in this scope
  146 |     for (int i=0;i<3;i++) [01;31m[Ky_ref[m[K[i] = current_robot_goal[i];
      |                           [01;31m[K^~~~~[m[K
[01m[K/home/robot/debug_clear_ws/src/mpc_low/solver/acados_solver_holder.cpp:147:27:[m[K [01;31m[Kerror: [m[K‘[01m[Ky_ref[m[K’ was not declared in this scope
  147 |     for (int i=0;i<2;i++) [01;31m[Ky_ref[m[K[i+3] = 0.0;
      |                           [01;31m[K^~~~~[m[K
[01m[K/home/robot/debug_clear_ws/src/mpc_low/solver/acados_solver_holder.cpp:149:29:[m[K [01;31m[Kerror: [m[K‘[01m[Ky_ref_N[m[K’ was not declared in this scope
  149 |     for (int i=0;i<NYN;i++) [01;31m[Ky_ref_N[m[K[i] = current_robot_goal[i];
      |                             [01;31m[K^~~~~~~[m[K
[01m[K/home/robot/debug_clear_ws/src/mpc_low/solver/acados_solver_holder.cpp:154:82:[m[K [01;31m[Kerror: [m[K‘[01m[Kidxbu[m[K’ was not declared in this scope
  154 |         ocp_nlp_constraints_model_set(nlp_config, nlp_dims, nlp_in, ii, "idxbu", [01;31m[Kidxbu[m[K);
      |                                                                                  [01;31m[K^~~~~[m[K
[01m[K/home/robot/debug_clear_ws/src/mpc_low/solver/acados_solver_holder.cpp:169:71:[m[K [01;31m[Kerror: [m[K‘[01m[KW[m[K’ was not declared in this scope
  169 |         ocp_nlp_cost_model_set(nlp_config, nlp_dims, nlp_in, ii, "W", [01;31m[KW[m[K);
      |                                                                       [01;31m[K^[m[K
[01m[K/home/robot/debug_clear_ws/src/mpc_low/solver/acados_solver_holder.cpp:181:74:[m[K [01;31m[Kerror: [m[K‘[01m[Ky_ref[m[K’ was not declared in this scope
  181 |         ocp_nlp_cost_model_set(nlp_config, nlp_dims, nlp_in, ii, "yref", [01;31m[Ky_ref[m[K);
      |                                                                          [01;31m[K^~~~~[m[K
[01m[K/home/robot/debug_clear_ws/src/mpc_low/solver/acados_solver_holder.cpp:184:69:[m[K [01;31m[Kerror: [m[K‘[01m[Ky_ref_N[m[K’ was not declared in this scope
  184 |     ocp_nlp_cost_model_set(nlp_config, nlp_dims, nlp_in, N, "yref", [01;31m[Ky_ref_N[m[K);
      |                                                                     [01;31m[K^~~~~~~[m[K
[01m[K/home/robot/debug_clear_ws/src/mpc_low/solver/acados_solver_holder.cpp:190:52:[m[K [01;31m[Kerror: [m[K‘[01m[Kx_init[m[K’ was not declared in this scope; did you mean ‘[01m[Ku_int[m[K’?
  190 |     for (int i=0; i<=N;i++) for (int j=0;j<NX;j++) [01;31m[Kx_init[m[K[i*NX+j]=current_robot_position[j];
      |                                                    [01;31m[K^~~~~~[m[K
      |                                                    [32m[Ku_int[m[K
In file included from [01m[K/home/robot/debug_clear_ws/src/mpc_low/src/low_solver.cpp:23[m[K:
[01m[K/home/robot/debug_clear_ws/src/mpc_low/solver/acados_solver_holder.cpp:17:16:[m[K [01;31m[Kerror: [m[K‘[01m[KJackal_NP[m[K’ was not declared in this scope; did you mean ‘[01m[KJACKAL_NP[m[K’?
   17 | #define NP     [01;31m[KJackal_NP[m[K
      |                [01;31m[K^~~~~~~~~[m[K
[01m[K/home/robot/debug_clear_ws/src/mpc_low/solver/acados_solver_holder.cpp:17:16:[m[K [01;36m[Knote: [m[Kin definition of macro ‘[01m[KNP[m[K’
   17 | #define NP     [01;36m[KJackal_NP[m[K
      |                [01;36m[K^~~~~~~~~[m[K
In file included from [01m[K/home/robot/debug_clear_ws/src/mpc_low/src/low_solver.cpp:23[m[K:
[01m[K/home/robot/debug_clear_ws/src/mpc_low/solver/acados_solver_holder.cpp:196:35:[m[K [01;31m[Kerror: [m[K‘[01m[Kp[m[K’ was not declared in this scope
  196 |     for (int i = 0; i < 520; i++) [01;31m[Kp[m[K[i] = costmap_data[i];
      |                                   [01;31m[K^[m[K
[01m[K/home/robot/debug_clear_ws/src/mpc_low/solver/acados_solver_holder.cpp:200:61:[m[K [01;31m[Kerror: [m[K‘[01m[Kp[m[K’ was not declared in this scope; did you mean ‘[01m[Kpi[m[K’?
  200 |         Jackal_acados_update_params(acados_ocp_capsule, ii, [01;31m[Kp[m[K, NP);
      |                                                             [01;31m[K^[m[K
      |                                                             [32m[Kpi[m[K
[01m[K/home/robot/debug_clear_ws/src/mpc_low/solver/acados_solver_holder.cpp:225:68:[m[K [01;31m[Kerror: [m[K‘[01m[Kx_init[m[K’ was not declared in this scope; did you mean ‘[01m[Ku_int[m[K’?
  225 |             ocp_nlp_out_set(nlp_config, nlp_dims, nlp_out, i, "x", [01;31m[Kx_init[m[K); // Check if OK??
      |                                                                    [01;31m[K^~~~~~[m[K
      |                                                                    [32m[Ku_int[m[K
[01m[K/home/robot/debug_clear_ws/src/mpc_low/solver/acados_solver_holder.cpp:226:68:[m[K [01;31m[Kerror: [m[K‘[01m[Ku0[m[K’ was not declared in this scope; did you mean ‘[01m[Ky0[m[K’?
  226 |             ocp_nlp_out_set(nlp_config, nlp_dims, nlp_out, i, "u", [01;31m[Ku0[m[K);
      |                                                                    [01;31m[K^~[m[K
      |                                                                    [32m[Ky0[m[K
[01m[K/home/robot/debug_clear_ws/src/mpc_low/solver/acados_solver_holder.cpp:256:66:[m[K [01;31m[Kerror: [m[K‘[01m[Kxtraj[m[K’ was not declared in this scope
  256 |         ocp_nlp_out_get(nlp_config, nlp_dims, nlp_out, ii, "x", &[01;31m[Kxtraj[m[K[ii*NX]);
      |                                                                  [01;31m[K^~~~~[m[K
[01m[K/home/robot/debug_clear_ws/src/mpc_low/solver/acados_solver_holder.cpp:258:66:[m[K [01;31m[Kerror: [m[K‘[01m[Kutraj[m[K’ was not declared in this scope
  258 |         ocp_nlp_out_get(nlp_config, nlp_dims, nlp_out, ii, "u", &[01;31m[Kutraj[m[K[ii*NU]);
      |                                                                  [01;31m[K^~~~~[m[K
[01m[K/home/robot/debug_clear_ws/src/mpc_low/solver/acados_solver_holder.cpp:287:13:[m[K [01;31m[Kerror: [m[K‘[01m[Kutraj[m[K’ was not declared in this scope
  287 |         if ([01;31m[Kutraj[m[K[i]!=utraj[i]) results[7] = 0.0;
      |             [01;31m[K^~~~~[m[K
[01m[K/home/robot/debug_clear_ws/src/mpc_low/solver/acados_solver_holder.cpp:292:44:[m[K [01;31m[Kerror: [m[K‘[01m[Kxtraj[m[K’ was not declared in this scope
  292 |     for (int i=0;i<33;i++) trajectory[i] = [01;31m[Kxtraj[m[K[i];
      |                                            [01;31m[K^~~~~[m[K
[01m[K/home/robot/debug_clear_ws/src/mpc_low/src/low_solver.cpp:[m[K In function ‘[01m[Kint main(int, char**)[m[K’:
[01m[K/home/robot/debug_clear_ws/src/mpc_low/src/low_solver.cpp:177:47:[m[K [01;31m[Kerror: [m[K‘[01m[Kdouble GoalFollower::goal_pose_ [6][m[K’ is private within this context
  177 |         double current_error = std::pow(node->[01;31m[Kgoal_pose_[m[K[0] - node->current_pose_[0], 2) +
      |                                               [01;31m[K^~~~~~~~~~[m[K
[01m[K/home/robot/debug_clear_ws/src/mpc_low/src/low_solver.cpp:146:12:[m[K [01;36m[Knote: [m[Kdeclared private here
  146 |     double [01;36m[Kgoal_pose_[m[K[6];
      |            [01;36m[K^~~~~~~~~~[m[K
[01m[K/home/robot/debug_clear_ws/src/mpc_low/src/low_solver.cpp:177:69:[m[K [01;31m[Kerror: [m[K‘[01m[Kdouble GoalFollower::current_pose_ [6][m[K’ is private within this context
  177 |         double current_error = std::pow(node->goal_pose_[0] - node->[01;31m[Kcurrent_pose_[m[K[0], 2) +
      |                                                                     [01;31m[K^~~~~~~~~~~~~[m[K
[01m[K/home/robot/debug_clear_ws/src/mpc_low/src/low_solver.cpp:147:12:[m[K [01;36m[Knote: [m[Kdeclared private here
  147 |     double [01;36m[Kcurrent_pose_[m[K[6];
      |            [01;36m[K^~~~~~~~~~~~~[m[K
[01m[K/home/robot/debug_clear_ws/src/mpc_low/src/low_solver.cpp:178:47:[m[K [01;31m[Kerror: [m[K‘[01m[Kdouble GoalFollower::goal_pose_ [6][m[K’ is private within this context
  178 |                                std::pow(node->[01;31m[Kgoal_pose_[m[K[1] - node->current_pose_[1], 2) +
      |                                               [01;31m[K^~~~~~~~~~[m[K
[01m[K/home/robot/debug_clear_ws/src/mpc_low/src/low_solver.cpp:146:12:[m[K [01;36m[Knote: [m[Kdeclared private here
  146 |     double [01;36m[Kgoal_pose_[m[K[6];
      |            [01;36m[K^~~~~~~~~~[m[K
[01m[K/home/robot/debug_clear_ws/src/mpc_low/src/low_solver.cpp:178:69:[m[K [01;31m[Kerror: [m[K‘[01m[Kdouble GoalFollower::current_pose_ [6][m[K’ is private within this context
  178 |                                std::pow(node->goal_pose_[1] - node->[01;31m[Kcurrent_pose_[m[K[1], 2) +
      |                                                                     [01;31m[K^~~~~~~~~~~~~[m[K
[01m[K/home/robot/debug_clear_ws/src/mpc_low/src/low_solver.cpp:147:12:[m[K [01;36m[Knote: [m[Kdeclared private here
  147 |     double [01;36m[Kcurrent_pose_[m[K[6];
      |            [01;36m[K^~~~~~~~~~~~~[m[K
[01m[K/home/robot/debug_clear_ws/src/mpc_low/src/low_solver.cpp:179:47:[m[K [01;31m[Kerror: [m[K‘[01m[Kdouble GoalFollower::goal_pose_ [6][m[K’ is private within this context
  179 |                                std::pow(node->[01;31m[Kgoal_pose_[m[K[2] - node->current_pose_[2], 2);
      |                                               [01;31m[K^~~~~~~~~~[m[K
[01m[K/home/robot/debug_clear_ws/src/mpc_low/src/low_solver.cpp:146:12:[m[K [01;36m[Knote: [m[Kdeclared private here
  146 |     double [01;36m[Kgoal_pose_[m[K[6];
      |            [01;36m[K^~~~~~~~~~[m[K
[01m[K/home/robot/debug_clear_ws/src/mpc_low/src/low_solver.cpp:179:69:[m[K [01;31m[Kerror: [m[K‘[01m[Kdouble GoalFollower::current_pose_ [6][m[K’ is private within this context
  179 |                                std::pow(node->goal_pose_[2] - node->[01;31m[Kcurrent_pose_[m[K[2], 2);
      |                                                                     [01;31m[K^~~~~~~~~~~~~[m[K
[01m[K/home/robot/debug_clear_ws/src/mpc_low/src/low_solver.cpp:147:12:[m[K [01;36m[Knote: [m[Kdeclared private here
  147 |     double [01;36m[Kcurrent_pose_[m[K[6];
      |            [01;36m[K^~~~~~~~~~~~~[m[K
[01m[K/home/robot/debug_clear_ws/src/mpc_low/src/low_solver.cpp:181:19:[m[K [01;31m[Kerror: [m[K‘[01m[Kint GoalFollower::goal_status_[m[K’ is private within this context
  181 |         if (node->[01;31m[Kgoal_status_[m[K || current_error > 0.10)
      |                   [01;31m[K^~~~~~~~~~~~[m[K
[01m[K/home/robot/debug_clear_ws/src/mpc_low/src/low_solver.cpp:150:9:[m[K [01;36m[Knote: [m[Kdeclared private here
  150 |     int [01;36m[Kgoal_status_[m[K;
      |         [01;36m[K^~~~~~~~~~~~[m[K
[01m[K/home/robot/debug_clear_ws/src/mpc_low/src/low_solver.cpp:183:65:[m[K [01;31m[Kerror: [m[K‘[01m[Kdouble GoalFollower::current_pose_ [6][m[K’ is private within this context
  183 |             double current_robot_position[3] = {0.0, 0.0, node->[01;31m[Kcurrent_pose_[m[K[2]};
      |                                                                 [01;31m[K^~~~~~~~~~~~~[m[K
[01m[K/home/robot/debug_clear_ws/src/mpc_low/src/low_solver.cpp:147:12:[m[K [01;36m[Knote: [m[Kdeclared private here
  147 |     double [01;36m[Kcurrent_pose_[m[K[6];
      |            [01;36m[K^~~~~~~~~~~~~[m[K
[01m[K/home/robot/debug_clear_ws/src/mpc_low/src/low_solver.cpp:185:23:[m[K [01;31m[Kerror: [m[K‘[01m[Kdouble GoalFollower::goal_pose_ [6][m[K’ is private within this context
  185 |                 node->[01;31m[Kgoal_pose_[m[K[0] - node->current_pose_[0],
      |                       [01;31m[K^~~~~~~~~~[m[K
[01m[K/home/robot/debug_clear_ws/src/mpc_low/src/low_solver.cpp:146:12:[m[K [01;36m[Knote: [m[Kdeclared private here
  146 |     double [01;36m[Kgoal_pose_[m[K[6];
      |            [01;36m[K^~~~~~~~~~[m[K
[01m[K/home/robot/debug_clear_ws/src/mpc_low/src/low_solver.cpp:185:45:[m[K [01;31m[Kerror: [m[K‘[01m[Kdouble GoalFollower::current_pose_ [6][m[K’ is private within this context
  185 |                 node->goal_pose_[0] - node->[01;31m[Kcurrent_pose_[m[K[0],
      |                                             [01;31m[K^~~~~~~~~~~~~[m[K
[01m[K/home/robot/debug_clear_ws/src/mpc_low/src/low_solver.cpp:147:12:[m[K [01;36m[Knote: [m[Kdeclared private here
  147 |     double [01;36m[Kcurrent_pose_[m[K[6];
      |            [01;36m[K^~~~~~~~~~~~~[m[K
[01m[K/home/robot/debug_clear_ws/src/mpc_low/src/low_solver.cpp:186:23:[m[K [01;31m[Kerror: [m[K‘[01m[Kdouble GoalFollower::goal_pose_ [6][m[K’ is private within this context
  186 |                 node->[01;31m[Kgoal_pose_[m[K[1] - node->current_pose_[1],
      |                       [01;31m[K^~~~~~~~~~[m[K
[01m[K/home/robot/debug_clear_ws/src/mpc_low/src/low_solver.cpp:146:12:[m[K [01;36m[Knote: [m[Kdeclared private here
  146 |     double [01;36m[Kgoal_pose_[m[K[6];
      |            [01;36m[K^~~~~~~~~~[m[K
[01m[K/home/robot/debug_clear_ws/src/mpc_low/src/low_solver.cpp:186:45:[m[K [01;31m[Kerror: [m[K‘[01m[Kdouble GoalFollower::current_pose_ [6][m[K’ is private within this context
  186 |                 node->goal_pose_[1] - node->[01;31m[Kcurrent_pose_[m[K[1],
      |                                             [01;31m[K^~~~~~~~~~~~~[m[K
[01m[K/home/robot/debug_clear_ws/src/mpc_low/src/low_solver.cpp:147:12:[m[K [01;36m[Knote: [m[Kdeclared private here
  147 |     double [01;36m[Kcurrent_pose_[m[K[6];
      |            [01;36m[K^~~~~~~~~~~~~[m[K
[01m[K/home/robot/debug_clear_ws/src/mpc_low/src/low_solver.cpp:187:23:[m[K [01;31m[Kerror: [m[K‘[01m[Kdouble GoalFollower::goal_pose_ [6][m[K’ is private within this context
  187 |                 node->[01;31m[Kgoal_pose_[m[K[2]};
      |                       [01;31m[K^~~~~~~~~~[m[K
[01m[K/home/robot/debug_clear_ws/src/mpc_low/src/low_solver.cpp:146:12:[m[K [01;36m[Knote: [m[Kdeclared private here
  146 |     double [01;36m[Kgoal_pose_[m[K[6];
      |            [01;36m[K^~~~~~~~~~[m[K
[01m[K/home/robot/debug_clear_ws/src/mpc_low/src/low_solver.cpp:190:40:[m[K [01;31m[Kerror: [m[K‘[01m[Kdouble GoalFollower::costmap_data_ [520][m[K’ is private within this context
  190 |             std::copy(std::begin(node->[01;31m[Kcostmap_data_[m[K), std::end(node->costmap_data_), std::begin(costmap_data));
      |                                        [01;31m[K^~~~~~~~~~~~~[m[K
[01m[K/home/robot/debug_clear_ws/src/mpc_low/src/low_solver.cpp:148:12:[m[K [01;36m[Knote: [m[Kdeclared private here
  148 |     double [01;36m[Kcostmap_data_[m[K[520];
      |            [01;36m[K^~~~~~~~~~~~~[m[K
[01m[K/home/robot/debug_clear_ws/src/mpc_low/src/low_solver.cpp:190:71:[m[K [01;31m[Kerror: [m[K‘[01m[Kdouble GoalFollower::costmap_data_ [520][m[K’ is private within this context
  190 |             std::copy(std::begin(node->costmap_data_), std::end(node->[01;31m[Kcostmap_data_[m[K), std::begin(costmap_data));
      |                                                                       [01;31m[K^~~~~~~~~~~~~[m[K
[01m[K/home/robot/debug_clear_ws/src/mpc_low/src/low_solver.cpp:148:12:[m[K [01;36m[Knote: [m[Kdeclared private here
  148 |     double [01;36m[Kcostmap_data_[m[K[520];
      |            [01;36m[K^~~~~~~~~~~~~[m[K
[01m[K/home/robot/debug_clear_ws/src/mpc_low/src/low_solver.cpp:194:46:[m[K [01;31m[Kerror: [m[K‘[01m[Kdouble GoalFollower::current_pose_ [6][m[K’ is private within this context
  194 |                 costmap_data[2 * i] -= node->[01;31m[Kcurrent_pose_[m[K[0];
      |                                              [01;31m[K^~~~~~~~~~~~~[m[K
[01m[K/home/robot/debug_clear_ws/src/mpc_low/src/low_solver.cpp:147:12:[m[K [01;36m[Knote: [m[Kdeclared private here
  147 |     double [01;36m[Kcurrent_pose_[m[K[6];
      |            [01;36m[K^~~~~~~~~~~~~[m[K
[01m[K/home/robot/debug_clear_ws/src/mpc_low/src/low_solver.cpp:195:50:[m[K [01;31m[Kerror: [m[K‘[01m[Kdouble GoalFollower::current_pose_ [6][m[K’ is private within this context
  195 |                 costmap_data[2 * i + 1] -= node->[01;31m[Kcurrent_pose_[m[K[1];
      |                                                  [01;31m[K^~~~~~~~~~~~~[m[K
[01m[K/home/robot/debug_clear_ws/src/mpc_low/src/low_solver.cpp:147:12:[m[K [01;36m[Knote: [m[Kdeclared private here
  147 |     double [01;36m[Kcurrent_pose_[m[K[6];
      |            [01;36m[K^~~~~~~~~~~~~[m[K
[01m[K/home/robot/debug_clear_ws/src/mpc_low/src/low_solver.cpp:201:46:[m[K [01;31m[Kerror: [m[K‘[01m[Kdouble GoalFollower::goal_pose_ [6][m[K’ is private within this context
  201 |                 tracking_goal[i * 3] = node->[01;31m[Kgoal_pose_[m[K[0] - node->current_pose_[0];
      |                                              [01;31m[K^~~~~~~~~~[m[K
[01m[K/home/robot/debug_clear_ws/src/mpc_low/src/low_solver.cpp:146:12:[m[K [01;36m[Knote: [m[Kdeclared private here
  146 |     double [01;36m[Kgoal_pose_[m[K[6];
      |            [01;36m[K^~~~~~~~~~[m[K
[01m[K/home/robot/debug_clear_ws/src/mpc_low/src/low_solver.cpp:201:68:[m[K [01;31m[Kerror: [m[K‘[01m[Kdouble GoalFollower::current_pose_ [6][m[K’ is private within this context
  201 |                 tracking_goal[i * 3] = node->goal_pose_[0] - node->[01;31m[Kcurrent_pose_[m[K[0];
      |                                                                    [01;31m[K^~~~~~~~~~~~~[m[K
[01m[K/home/robot/debug_clear_ws/src/mpc_low/src/low_solver.cpp:147:12:[m[K [01;36m[Knote: [m[Kdeclared private here
  147 |     double [01;36m[Kcurrent_pose_[m[K[6];
      |            [01;36m[K^~~~~~~~~~~~~[m[K
[01m[K/home/robot/debug_clear_ws/src/mpc_low/src/low_solver.cpp:202:50:[m[K [01;31m[Kerror: [m[K‘[01m[Kdouble GoalFollower::goal_pose_ [6][m[K’ is private within this context
  202 |                 tracking_goal[i * 3 + 1] = node->[01;31m[Kgoal_pose_[m[K[1] - node->current_pose_[1];
      |                                                  [01;31m[K^~~~~~~~~~[m[K
[01m[K/home/robot/debug_clear_ws/src/mpc_low/src/low_solver.cpp:146:12:[m[K [01;36m[Knote: [m[Kdeclared private here
  146 |     double [01;36m[Kgoal_pose_[m[K[6];
      |            [01;36m[K^~~~~~~~~~[m[K
[01m[K/home/robot/debug_clear_ws/src/mpc_low/src/low_solver.cpp:202:72:[m[K [01;31m[Kerror: [m[K‘[01m[Kdouble GoalFollower::current_pose_ [6][m[K’ is private within this context
  202 |                 tracking_goal[i * 3 + 1] = node->goal_pose_[1] - node->[01;31m[Kcurrent_pose_[m[K[1];
      |                                                                        [01;31m[K^~~~~~~~~~~~~[m[K
[01m[K/home/robot/debug_clear_ws/src/mpc_low/src/low_solver.cpp:147:12:[m[K [01;36m[Knote: [m[Kdeclared private here
  147 |     double [01;36m[Kcurrent_pose_[m[K[6];
      |            [01;36m[K^~~~~~~~~~~~~[m[K
[01m[K/home/robot/debug_clear_ws/src/mpc_low/src/low_solver.cpp:203:50:[m[K [01;31m[Kerror: [m[K‘[01m[Kdouble GoalFollower::goal_pose_ [6][m[K’ is private within this context
  203 |                 tracking_goal[i * 3 + 2] = node->[01;31m[Kgoal_pose_[m[K[2];
      |                                                  [01;31m[K^~~~~~~~~~[m[K
[01m[K/home/robot/debug_clear_ws/src/mpc_low/src/low_solver.cpp:146:12:[m[K [01;36m[Knote: [m[Kdeclared private here
  146 |     double [01;36m[Kgoal_pose_[m[K[6];
      |            [01;36m[K^~~~~~~~~~[m[K
[01m[K/home/robot/debug_clear_ws/src/mpc_low/src/low_solver.cpp:228:66:[m[K [01;31m[Kerror: [m[K‘[01m[Kdouble GoalFollower::current_pose_ [6][m[K’ is private within this context
  228 |                 pose.pose.position.x = trajectory[3 * i] + node->[01;31m[Kcurrent_pose_[m[K[0];
      |                                                                  [01;31m[K^~~~~~~~~~~~~[m[K
[01m[K/home/robot/debug_clear_ws/src/mpc_low/src/low_solver.cpp:147:12:[m[K [01;36m[Knote: [m[Kdeclared private here
  147 |     double [01;36m[Kcurrent_pose_[m[K[6];
      |            [01;36m[K^~~~~~~~~~~~~[m[K
[01m[K/home/robot/debug_clear_ws/src/mpc_low/src/low_solver.cpp:229:70:[m[K [01;31m[Kerror: [m[K‘[01m[Kdouble GoalFollower::current_pose_ [6][m[K’ is private within this context
  229 |                 pose.pose.position.y = trajectory[3 * i + 1] + node->[01;31m[Kcurrent_pose_[m[K[1];
      |                                                                      [01;31m[K^~~~~~~~~~~~~[m[K
[01m[K/home/robot/debug_clear_ws/src/mpc_low/src/low_solver.cpp:147:12:[m[K [01;36m[Knote: [m[Kdeclared private here
  147 |     double [01;36m[Kcurrent_pose_[m[K[6];
      |            [01;36m[K^~~~~~~~~~~~~[m[K
gmake[2]: *** [CMakeFiles/mpc_low.dir/build.make:76: CMakeFiles/mpc_low.dir/src/low_solver.cpp.o] Error 1
gmake[1]: *** [CMakeFiles/Makefile2:141: CMakeFiles/mpc_low.dir/all] Error 2
gmake: *** [Makefile:146: all] Error 2
