[1.401s] Invoking command in '/home/dimash/debug_clear_ws/src/yolo_ros/yolo_ros': AMENT_PREFIX_PATH=/home/dimash/debug_clear_ws/install/yolo_msgs:${AMENT_PREFIX_PATH} CMAKE_PREFIX_PATH=/home/dimash/debug_clear_ws/install/yolo_msgs LD_LIBRARY_PATH=/home/dimash/debug_clear_ws/install/yolo_msgs/lib:${LD_LIBRARY_PATH} PYTHONPATH=/home/dimash/debug_clear_ws/build/yolo_ros/prefix_override:/usr/lib/python3/dist-packages/colcon_core/task/python/colcon_distutils_commands:/home/dimash/debug_clear_ws/install/yolo_ros/lib/python3.10/site-packages:/home/dimash/debug_clear_ws/install/yolo_msgs/local/lib/python3.10/dist-packages:${PYTHONPATH} /usr/bin/python3 -W ignore:setup.py install is deprecated -W ignore:easy_install command is deprecated setup.py egg_info --egg-base ../../../build/yolo_ros build --build-base /home/dimash/debug_clear_ws/build/yolo_ros/build install --record /home/dimash/debug_clear_ws/build/yolo_ros/install.log --single-version-externally-managed install_data
[1.804s] running egg_info
[1.805s] writing ../../../build/yolo_ros/yolo_ros.egg-info/PKG-INFO
[1.805s] writing dependency_links to ../../../build/yolo_ros/yolo_ros.egg-info/dependency_links.txt
[1.805s] writing entry points to ../../../build/yolo_ros/yolo_ros.egg-info/entry_points.txt
[1.805s] writing requirements to ../../../build/yolo_ros/yolo_ros.egg-info/requires.txt
[1.805s] writing top-level names to ../../../build/yolo_ros/yolo_ros.egg-info/top_level.txt
[1.808s] reading manifest file '../../../build/yolo_ros/yolo_ros.egg-info/SOURCES.txt'
[1.809s] writing manifest file '../../../build/yolo_ros/yolo_ros.egg-info/SOURCES.txt'
[1.809s] running build
[1.809s] running build_py
[1.810s] running install
[1.810s] running install_lib
[1.812s] running install_data
[1.812s] running install_egg_info
[1.814s] removing '/home/dimash/debug_clear_ws/install/yolo_ros/lib/python3.10/site-packages/yolo_ros-0.0.0-py3.10.egg-info' (and everything under it)
[1.814s] Copying ../../../build/yolo_ros/yolo_ros.egg-info to /home/dimash/debug_clear_ws/install/yolo_ros/lib/python3.10/site-packages/yolo_ros-0.0.0-py3.10.egg-info
[1.815s] running install_scripts
[1.839s] Installing debug_node script to /home/dimash/debug_clear_ws/install/yolo_ros/lib/yolo_ros
[1.839s] Installing detect_3d_node script to /home/dimash/debug_clear_ws/install/yolo_ros/lib/yolo_ros
[1.840s] Installing tracking_node script to /home/dimash/debug_clear_ws/install/yolo_ros/lib/yolo_ros
[1.840s] Installing yolo_node script to /home/dimash/debug_clear_ws/install/yolo_ros/lib/yolo_ros
[1.840s] writing list of installed files to '/home/dimash/debug_clear_ws/build/yolo_ros/install.log'
[1.867s] Invoked command in '/home/dimash/debug_clear_ws/src/yolo_ros/yolo_ros' returned '0': AMENT_PREFIX_PATH=/home/dimash/debug_clear_ws/install/yolo_msgs:${AMENT_PREFIX_PATH} CMAKE_PREFIX_PATH=/home/dimash/debug_clear_ws/install/yolo_msgs LD_LIBRARY_PATH=/home/dimash/debug_clear_ws/install/yolo_msgs/lib:${LD_LIBRARY_PATH} PYTHONPATH=/home/dimash/debug_clear_ws/build/yolo_ros/prefix_override:/usr/lib/python3/dist-packages/colcon_core/task/python/colcon_distutils_commands:/home/dimash/debug_clear_ws/install/yolo_ros/lib/python3.10/site-packages:/home/dimash/debug_clear_ws/install/yolo_msgs/local/lib/python3.10/dist-packages:${PYTHONPATH} /usr/bin/python3 -W ignore:setup.py install is deprecated -W ignore:easy_install command is deprecated setup.py egg_info --egg-base ../../../build/yolo_ros build --build-base /home/dimash/debug_clear_ws/build/yolo_ros/build install --record /home/dimash/debug_clear_ws/build/yolo_ros/install.log --single-version-externally-managed install_data
