[0.088s] Invoking command in '/home/dimash/debug_clear_ws/build/point_cloud_debug': CMAKE_PREFIX_PATH=${CMAKE_PREFIX_PATH}:/home/dimash/debug_clear_ws/install/yolo_ros:/home/dimash/debug_clear_ws/install/clearpath_config:/opt/ros/humble /usr/bin/cmake --build /home/dimash/debug_clear_ws/build/point_cloud_debug -- -j8 -l8
[0.194s] [100%] Built target point_cloud_debug_node
[0.241s] Invoked command in '/home/dimash/debug_clear_ws/build/point_cloud_debug' returned '0': CMAKE_PREFIX_PATH=${CMAKE_PREFIX_PATH}:/home/dimash/debug_clear_ws/install/yolo_ros:/home/dimash/debug_clear_ws/install/clearpath_config:/opt/ros/humble /usr/bin/cmake --build /home/dimash/debug_clear_ws/build/point_cloud_debug -- -j8 -l8
[0.242s] Invoking command in '/home/dimash/debug_clear_ws/build/point_cloud_debug': CMAKE_PREFIX_PATH=${CMAKE_PREFIX_PATH}:/home/dimash/debug_clear_ws/install/yolo_ros:/home/dimash/debug_clear_ws/install/clearpath_config:/opt/ros/humble /usr/bin/cmake --install /home/dimash/debug_clear_ws/build/point_cloud_debug
[0.261s] -- Install configuration: ""
[0.261s] -- Up-to-date: /home/dimash/debug_clear_ws/install/point_cloud_debug/lib/point_cloud_debug/point_cloud_debug_node
[0.262s] -- Up-to-date: /home/dimash/debug_clear_ws/install/point_cloud_debug/share/ament_index/resource_index/package_run_dependencies/point_cloud_debug
[0.264s] -- Up-to-date: /home/dimash/debug_clear_ws/install/point_cloud_debug/share/ament_index/resource_index/parent_prefix_path/point_cloud_debug
[0.264s] -- Up-to-date: /home/dimash/debug_clear_ws/install/point_cloud_debug/share/point_cloud_debug/environment/ament_prefix_path.sh
[0.264s] -- Up-to-date: /home/dimash/debug_clear_ws/install/point_cloud_debug/share/point_cloud_debug/environment/ament_prefix_path.dsv
[0.264s] -- Up-to-date: /home/dimash/debug_clear_ws/install/point_cloud_debug/share/point_cloud_debug/environment/path.sh
[0.265s] -- Up-to-date: /home/dimash/debug_clear_ws/install/point_cloud_debug/share/point_cloud_debug/environment/path.dsv
[0.267s] -- Up-to-date: /home/dimash/debug_clear_ws/install/point_cloud_debug/share/point_cloud_debug/local_setup.bash
[0.268s] -- Up-to-date: /home/dimash/debug_clear_ws/install/point_cloud_debug/share/point_cloud_debug/local_setup.sh
[0.268s] -- Up-to-date: /home/dimash/debug_clear_ws/install/point_cloud_debug/share/point_cloud_debug/local_setup.zsh
[0.268s] -- Up-to-date: /home/dimash/debug_clear_ws/install/point_cloud_debug/share/point_cloud_debug/local_setup.dsv
[0.268s] -- Installing: /home/dimash/debug_clear_ws/install/point_cloud_debug/share/point_cloud_debug/package.dsv
[0.268s] -- Up-to-date: /home/dimash/debug_clear_ws/install/point_cloud_debug/share/ament_index/resource_index/packages/point_cloud_debug
[0.268s] -- Up-to-date: /home/dimash/debug_clear_ws/install/point_cloud_debug/share/point_cloud_debug/cmake/point_cloud_debugConfig.cmake
[0.268s] -- Up-to-date: /home/dimash/debug_clear_ws/install/point_cloud_debug/share/point_cloud_debug/cmake/point_cloud_debugConfig-version.cmake
[0.269s] -- Up-to-date: /home/dimash/debug_clear_ws/install/point_cloud_debug/share/point_cloud_debug/package.xml
[0.271s] Invoked command in '/home/dimash/debug_clear_ws/build/point_cloud_debug' returned '0': CMAKE_PREFIX_PATH=${CMAKE_PREFIX_PATH}:/home/dimash/debug_clear_ws/install/yolo_ros:/home/dimash/debug_clear_ws/install/clearpath_config:/opt/ros/humble /usr/bin/cmake --install /home/dimash/debug_clear_ws/build/point_cloud_debug
