-- The C compiler identification is GNU 11.4.0
-- The CXX compiler identification is GNU 11.4.0
-- Detecting C compiler ABI info
-- Detecting C compiler ABI info - done
-- Check for working C compiler: /usr/bin/cc - skipped
-- Detecting C compile features
-- Detecting C compile features - done
-- Detecting CXX compiler ABI info
-- Detecting CXX compiler ABI info - done
-- Check for working CXX compiler: /usr/bin/c++ - skipped
-- Detecting CXX compile features
-- Detecting CXX compile features - done
-- Found ament_cmake: 1.3.11 (/opt/ros/humble/share/ament_cmake/cmake)
-- Found Python3: /usr/bin/python3 (found version "3.10.12") found components: Interpreter 
-- Found rclcpp: 16.0.11 (/opt/ros/humble/share/rclcpp/cmake)
-- Found rosidl_generator_c: 3.1.6 (/opt/ros/humble/share/rosidl_generator_c/cmake)
-- Found rosidl_adapter: 3.1.6 (/opt/ros/humble/share/rosidl_adapter/cmake)
-- Found rosidl_generator_cpp: 3.1.6 (/opt/ros/humble/share/rosidl_generator_cpp/cmake)
-- Using all available rosidl_typesupport_c: rosidl_typesupport_fastrtps_c;rosidl_typesupport_introspection_c
-- Using all available rosidl_typesupport_cpp: rosidl_typesupport_fastrtps_cpp;rosidl_typesupport_introspection_cpp
-- Found rmw_implementation_cmake: 6.1.2 (/opt/ros/humble/share/rmw_implementation_cmake/cmake)
-- Found rmw_fastrtps_cpp: 6.2.7 (/opt/ros/humble/share/rmw_fastrtps_cpp/cmake)
-- Found OpenSSL: /usr/lib/x86_64-linux-gnu/libcrypto.so (found version "3.0.2")  
-- Found FastRTPS: /opt/ros/humble/include  
-- Using RMW implementation 'rmw_fastrtps_cpp' as default
-- Looking for pthread.h
-- Looking for pthread.h - found
-- Performing Test CMAKE_HAVE_LIBC_PTHREAD
-- Performing Test CMAKE_HAVE_LIBC_PTHREAD - Success
-- Found Threads: TRUE  
-- Found rclcpp_lifecycle: 16.0.11 (/opt/ros/humble/share/rclcpp_lifecycle/cmake)
-- Found nav_msgs: 4.2.4 (/opt/ros/humble/share/nav_msgs/cmake)
-- Found tf2: 0.25.11 (/opt/ros/humble/share/tf2/cmake)
-- Found tf2_ros: 0.25.11 (/opt/ros/humble/share/tf2_ros/cmake)
-- Found nav2_costmap_2d: 1.1.17 (/opt/ros/humble/share/nav2_costmap_2d/cmake)
-- Found Eigen3: TRUE (found version "3.4.0") 
-- Ensuring Eigen3 include directory is part of orocos-kdl CMake target
-- Found nav2_core: 1.1.18 (/opt/ros/humble/share/nav2_core/cmake)
-- Found yolo_msgs: 4.0.1 (/home/dimash/debug_clear_ws/install/yolo_msgs/share/yolo_msgs/cmake)
-- Found ament_lint_auto: 0.12.11 (/opt/ros/humble/share/ament_lint_auto/cmake)
-- Added test 'copyright' to check source files copyright and LICENSE
-- Added test 'cppcheck' to perform static code analysis on C / C++ code
-- Configured cppcheck include dirs: /home/dimash/debug_clear_ws/src/mpc_low/include;/home/dimash/debug_clear_ws/src/mpc_low/solver;/home/dimash/debug_clear_ws/src/mpc_low/solver/Jackal_model;/home/dimash/debug_clear_ws/src/mpc_low/solver/Jackal_constraints
-- Configured cppcheck exclude dirs and/or files: 
-- Added test 'cpplint' to check C / C++ code against the Google style
-- Configured cpplint exclude dirs and/or files: 
-- Added test 'flake8' to check Python code syntax and style conventions
-- Added test 'lint_cmake' to check CMake code style
-- Added test 'pep257' to check Python code against some of the docstring style conventions in PEP 257
-- Added test 'uncrustify' to check C / C++ code style
-- Configured uncrustify additional arguments: 
-- Added test 'xmllint' to check XML markup files
-- Configuring done
-- Generating done
-- Build files have been written to: /home/dimash/debug_clear_ws/build/mpc_low
[ 10%] [32mBuilding CXX object CMakeFiles/mpc_low_plugin.dir/src/mpc_controller.cpp.o[0m
[ 20%] [32mBuilding CXX object CMakeFiles/mpc_low_plugin.dir/solver/acados_solver_holder.cpp.o[0m
[ 40%] [32mBuilding C object CMakeFiles/mpc_low_plugin.dir/solver/acados_sim_solver_Jackal.c.o[0m
[ 40%] [32mBuilding C object CMakeFiles/mpc_low_plugin.dir/solver/Jackal_model/Jackal_expl_ode_fun.c.o[0m
[ 50%] [32mBuilding C object CMakeFiles/mpc_low_plugin.dir/solver/Jackal_model/Jackal_expl_vde_adj.c.o[0m
[ 60%] [32mBuilding C object CMakeFiles/mpc_low_plugin.dir/solver/Jackal_constraints/Jackal_constr_h_fun_jac_uxt_zt.c.o[0m
[ 70%] [32mBuilding C object CMakeFiles/mpc_low_plugin.dir/solver/Jackal_model/Jackal_expl_vde_forw.c.o[0m
[ 80%] [32mBuilding C object CMakeFiles/mpc_low_plugin.dir/solver/acados_solver_Jackal.c.o[0m
[ 90%] [32mBuilding C object CMakeFiles/mpc_low_plugin.dir/solver/Jackal_constraints/Jackal_constr_h_fun.c.o[0m
[100%] [32m[1mLinking CXX shared library libmpc_low_plugin.so[0m
[100%] Built target mpc_low_plugin
-- Install configuration: ""
-- Installing: /home/dimash/debug_clear_ws/install/mpc_low/share/mpc_low/mpc_controller_plugin.xml
-- Installing: /home/dimash/debug_clear_ws/install/mpc_low/lib/libmpc_low_plugin.so
-- Set runtime path of "/home/dimash/debug_clear_ws/install/mpc_low/lib/libmpc_low_plugin.so" to ""
-- Installing: /home/dimash/debug_clear_ws/install/mpc_low/include/
-- Installing: /home/dimash/debug_clear_ws/install/mpc_low/include//acados_solver_holder.hpp
-- Installing: /home/dimash/debug_clear_ws/install/mpc_low/include//mpc_controller.hpp
-- Installing: /home/dimash/debug_clear_ws/install/mpc_low/include//mpc_planner.hpp
-- Installing: /home/dimash/debug_clear_ws/install/mpc_low/include/mpc_low/solver
-- Installing: /home/dimash/debug_clear_ws/install/mpc_low/include/mpc_low/solver/acados_solver_holder.cpp
-- Installing: /home/dimash/debug_clear_ws/install/mpc_low/include/mpc_low/solver/acados_solver_Jackal.c
-- Installing: /home/dimash/debug_clear_ws/install/mpc_low/include/mpc_low/solver/main_sim_Jackal.c
-- Installing: /home/dimash/debug_clear_ws/install/mpc_low/include/mpc_low/solver/Jackal_constraints
-- Installing: /home/dimash/debug_clear_ws/install/mpc_low/include/mpc_low/solver/Jackal_constraints/Jackal_constr_h_fun_jac_uxt_zt.c
-- Installing: /home/dimash/debug_clear_ws/install/mpc_low/include/mpc_low/solver/Jackal_constraints/Jackal_constr_h_fun.c
-- Installing: /home/dimash/debug_clear_ws/install/mpc_low/include/mpc_low/solver/Jackal_constraints/Jackal_constr_h_fun_jac_uxt_zt.o
-- Installing: /home/dimash/debug_clear_ws/install/mpc_low/include/mpc_low/solver/Jackal_constraints/Jackal_constr_h_fun.o
-- Installing: /home/dimash/debug_clear_ws/install/mpc_low/include/mpc_low/solver/Jackal_constraints/Jackal_constraints.h
-- Installing: /home/dimash/debug_clear_ws/install/mpc_low/include/mpc_low/solver/Makefile
-- Installing: /home/dimash/debug_clear_ws/install/mpc_low/include/mpc_low/solver/acados_solver_holder copy.cpp
-- Installing: /home/dimash/debug_clear_ws/install/mpc_low/include/mpc_low/solver/acados_ocp_solver_pyx.so
-- Installing: /home/dimash/debug_clear_ws/install/mpc_low/include/mpc_low/solver/Jackal_model
-- Installing: /home/dimash/debug_clear_ws/install/mpc_low/include/mpc_low/solver/Jackal_model/Jackal_expl_vde_forw.c
-- Installing: /home/dimash/debug_clear_ws/install/mpc_low/include/mpc_low/solver/Jackal_model/Jackal_expl_vde_forw.o
-- Installing: /home/dimash/debug_clear_ws/install/mpc_low/include/mpc_low/solver/Jackal_model/Jackal_expl_vde_adj.c
-- Installing: /home/dimash/debug_clear_ws/install/mpc_low/include/mpc_low/solver/Jackal_model/Jackal_model.h
-- Installing: /home/dimash/debug_clear_ws/install/mpc_low/include/mpc_low/solver/Jackal_model/Jackal_expl_vde_adj.o
-- Installing: /home/dimash/debug_clear_ws/install/mpc_low/include/mpc_low/solver/Jackal_model/Jackal_expl_ode_fun.c
-- Installing: /home/dimash/debug_clear_ws/install/mpc_low/include/mpc_low/solver/Jackal_model/Jackal_expl_ode_fun.o
-- Installing: /home/dimash/debug_clear_ws/install/mpc_low/include/mpc_low/solver/main_Jackal.c
-- Installing: /home/dimash/debug_clear_ws/install/mpc_low/include/mpc_low/solver/acados_sim_solver_Jackal.h
-- Installing: /home/dimash/debug_clear_ws/install/mpc_low/include/mpc_low/solver/acados_sim_solver_Jackal.c
-- Installing: /home/dimash/debug_clear_ws/install/mpc_low/include/mpc_low/solver/acados_solver_Jackal.o
-- Installing: /home/dimash/debug_clear_ws/install/mpc_low/include/mpc_low/solver/acados_solver.pxd
-- Installing: /home/dimash/debug_clear_ws/install/mpc_low/include/mpc_low/solver/libacados_ocp_solver_Jackal.so
-- Installing: /home/dimash/debug_clear_ws/install/mpc_low/include/mpc_low/solver/acados_ocp_solver_pyx.o
-- Installing: /home/dimash/debug_clear_ws/install/mpc_low/include/mpc_low/solver/acados_ocp_solver_pyx.c
-- Installing: /home/dimash/debug_clear_ws/install/mpc_low/include/mpc_low/solver/acados_solver_Jackal.h
-- Up-to-date: /home/dimash/debug_clear_ws/install/mpc_low/share/mpc_low/mpc_controller_plugin.xml
-- Installing: /home/dimash/debug_clear_ws/install/mpc_low/share/mpc_low/environment/library_path.sh
-- Installing: /home/dimash/debug_clear_ws/install/mpc_low/share/mpc_low/environment/library_path.dsv
-- Installing: /home/dimash/debug_clear_ws/install/mpc_low/share/ament_index/resource_index/package_run_dependencies/mpc_low
-- Installing: /home/dimash/debug_clear_ws/install/mpc_low/share/ament_index/resource_index/parent_prefix_path/mpc_low
-- Installing: /home/dimash/debug_clear_ws/install/mpc_low/share/mpc_low/environment/ament_prefix_path.sh
-- Installing: /home/dimash/debug_clear_ws/install/mpc_low/share/mpc_low/environment/ament_prefix_path.dsv
-- Installing: /home/dimash/debug_clear_ws/install/mpc_low/share/mpc_low/environment/path.sh
-- Installing: /home/dimash/debug_clear_ws/install/mpc_low/share/mpc_low/environment/path.dsv
-- Installing: /home/dimash/debug_clear_ws/install/mpc_low/share/mpc_low/local_setup.bash
-- Installing: /home/dimash/debug_clear_ws/install/mpc_low/share/mpc_low/local_setup.sh
-- Installing: /home/dimash/debug_clear_ws/install/mpc_low/share/mpc_low/local_setup.zsh
-- Installing: /home/dimash/debug_clear_ws/install/mpc_low/share/mpc_low/local_setup.dsv
-- Installing: /home/dimash/debug_clear_ws/install/mpc_low/share/mpc_low/package.dsv
-- Installing: /home/dimash/debug_clear_ws/install/mpc_low/share/ament_index/resource_index/packages/mpc_low
-- Installing: /home/dimash/debug_clear_ws/install/mpc_low/share/ament_index/resource_index/nav2_core__pluginlib__plugin/mpc_low
-- Installing: /home/dimash/debug_clear_ws/install/mpc_low/share/mpc_low/cmake/ament_cmake_export_include_directories-extras.cmake
-- Installing: /home/dimash/debug_clear_ws/install/mpc_low/share/mpc_low/cmake/ament_cmake_export_libraries-extras.cmake
-- Installing: /home/dimash/debug_clear_ws/install/mpc_low/share/mpc_low/cmake/ament_cmake_export_dependencies-extras.cmake
-- Installing: /home/dimash/debug_clear_ws/install/mpc_low/share/mpc_low/cmake/mpc_lowConfig.cmake
-- Installing: /home/dimash/debug_clear_ws/install/mpc_low/share/mpc_low/cmake/mpc_lowConfig-version.cmake
-- Installing: /home/dimash/debug_clear_ws/install/mpc_low/share/mpc_low/package.xml
