[0.456s] Invoking command in '/home/robot/debug_clear_ws/build/mpc_low': CMAKE_PREFIX_PATH=${CMAKE_PREFIX_PATH}:/home/robot/debug_clear_ws/install/yolo_ros:/home/robot/debug_clear_ws/install/clearpath_config:/opt/ros/humble /usr/bin/cmake /home/robot/debug_clear_ws/src/mpc_low -DCMAKE_INSTALL_PREFIX=/home/robot/debug_clear_ws/install/mpc_low
[1.492s] -- Found ament_cmake: 1.3.11 (/opt/ros/humble/share/ament_cmake/cmake)
[1.492s] -- Override CMake install command with custom implementation using symlinks instead of copying resources
[1.493s] -- Found rclcpp: 16.0.11 (/opt/ros/humble/share/rclcpp/cmake)
[1.493s] -- Found rosidl_generator_c: 3.1.6 (/opt/ros/humble/share/rosidl_generator_c/cmake)
[1.493s] -- Found rosidl_adapter: 3.1.6 (/opt/ros/humble/share/rosidl_adapter/cmake)
[1.493s] -- Found rosidl_generator_cpp: 3.1.6 (/opt/ros/humble/share/rosidl_generator_cpp/cmake)
[1.493s] -- Using all available rosidl_typesupport_c: rosidl_typesupport_fastrtps_c;rosidl_typesupport_introspection_c
[1.493s] -- Using all available rosidl_typesupport_cpp: rosidl_typesupport_fastrtps_cpp;rosidl_typesupport_introspection_cpp
[1.493s] -- Found rmw_implementation_cmake: 6.1.2 (/opt/ros/humble/share/rmw_implementation_cmake/cmake)
[1.493s] -- Found rmw_fastrtps_cpp: 6.2.7 (/opt/ros/humble/share/rmw_fastrtps_cpp/cmake)
[1.494s] -- Using RMW implementation 'rmw_fastrtps_cpp' as default
[1.494s] -- Found sensor_msgs: 4.2.4 (/opt/ros/humble/share/sensor_msgs/cmake)
[1.494s] -- Found tf2: 0.25.11 (/opt/ros/humble/share/tf2/cmake)
[1.494s] -- Found nav_msgs: 4.2.4 (/opt/ros/humble/share/nav_msgs/cmake)
[1.494s] -- Found tf2_ros: 0.25.11 (/opt/ros/humble/share/tf2_ros/cmake)
[1.494s] -- Found tf2_geometry_msgs: 0.25.11 (/opt/ros/humble/share/tf2_geometry_msgs/cmake)
[1.494s] -- Found eigen3_cmake_module: 0.1.1 (/opt/ros/humble/share/eigen3_cmake_module/cmake)
[1.495s] -- Ensuring Eigen3 include directory is part of orocos-kdl CMake target
[1.495s] -- Found gazebo_msgs: 3.9.0 (/opt/ros/humble/share/gazebo_msgs/cmake)
[1.719s] -- Configuring done
[1.748s] -- Generating done
[1.766s] -- Build files have been written to: /home/robot/debug_clear_ws/build/mpc_low
[1.802s] Invoked command in '/home/robot/debug_clear_ws/build/mpc_low' returned '0': CMAKE_PREFIX_PATH=${CMAKE_PREFIX_PATH}:/home/robot/debug_clear_ws/install/yolo_ros:/home/robot/debug_clear_ws/install/clearpath_config:/opt/ros/humble /usr/bin/cmake /home/robot/debug_clear_ws/src/mpc_low -DCMAKE_INSTALL_PREFIX=/home/robot/debug_clear_ws/install/mpc_low
[1.804s] Invoking command in '/home/robot/debug_clear_ws/build/mpc_low': CMAKE_PREFIX_PATH=${CMAKE_PREFIX_PATH}:/home/robot/debug_clear_ws/install/yolo_ros:/home/robot/debug_clear_ws/install/clearpath_config:/opt/ros/humble /usr/bin/cmake --build /home/robot/debug_clear_ws/build/mpc_low -- -j12 -l12
[1.871s] [35m[1mConsolidate compiler generated dependencies of target mpc_low[0m
[1.900s] [ 16%] [32mBuilding CXX object CMakeFiles/mpc_low.dir/src/low_solver.cpp.o[0m
[2.330s] In file included from [01m[K/home/robot/debug_clear_ws/src/mpc_low/src/low_solver.cpp:11[m[K:
[2.330s] [01m[K/opt/ros/humble/include/tf2_geometry_msgs/tf2_geometry_msgs/tf2_geometry_msgs.h:35:2:[m[K [01;35m[Kwarning: [m[K#warning This header is obsolete, please include tf2_geometry_msgs/tf2_geometry_msgs.hpp instead [[01;35m[K]8;;https://gcc.gnu.org/onlinedocs/gcc/Warning-Options.html#index-Wcpp-Wcpp]8;;[m[K]
[2.330s]    35 | #[01;35m[Kwarning[m[K This header is obsolete, please include tf2_geometry_msgs/tf2_geometry_msgs.hpp instead
[2.330s]       |  [01;35m[K^~~~~~~[m[K
[6.264s] In file included from [01m[K/home/robot/debug_clear_ws/src/mpc_low/src/low_solver.cpp:23[m[K:
[6.264s] [01m[K/home/robot/debug_clear_ws/src/mpc_low/solver/acados_solver_holder.cpp:[m[K In constructor ‘[01m[Kmy_NMPC_solver::my_NMPC_solver(int)[m[K’:
[6.264s] [01m[K/home/robot/debug_clear_ws/src/mpc_low/solver/acados_solver_holder.cpp:55:13:[m[K [01;31m[Kerror: [m[K‘[01m[KJackal_N[m[K’ was not declared in this scope
[6.264s]    55 |     int N = [01;31m[KJackal_N[m[K;
[6.265s]       |             [01;31m[K^~~~~~~~[m[K
[6.276s] In file included from [01m[K/home/robot/debug_clear_ws/src/mpc_low/src/low_solver.cpp:23[m[K:
[6.276s] [01m[K/home/robot/debug_clear_ws/src/mpc_low/solver/acados_solver_holder.cpp:[m[K In member function ‘[01m[Kint my_NMPC_solver::solve_my_mpc(double*, double*, double*, double*, double*, double*)[m[K’:
[6.276s] [01m[K/home/robot/debug_clear_ws/src/mpc_low/solver/acados_solver_holder.cpp:69:13:[m[K [01;31m[Kerror: [m[K‘[01m[KJackal_N[m[K’ was not declared in this scope
[6.276s]    69 |     int N = [01;31m[KJackal_N[m[K;
[6.276s]       |             [01;31m[K^~~~~~~~[m[K
[6.295s] In file included from [01m[K/home/robot/debug_clear_ws/src/mpc_low/src/low_solver.cpp:23[m[K:
[6.295s] [01m[K/home/robot/debug_clear_ws/src/mpc_low/solver/acados_solver_holder.cpp:19:16:[m[K [01;31m[Kerror: [m[K‘[01m[KJackal_NBX0[m[K’ was not declared in this scope; did you mean ‘[01m[KJACKAL_NBX0[m[K’?
[6.296s]    19 | #define NBX0   [01;31m[KJackal_NBX0[m[K
[6.296s]       |                [01;31m[K^~~~~~~~~~~[m[K
[6.296s] [01m[K/home/robot/debug_clear_ws/src/mpc_low/solver/acados_solver_holder.cpp:19:16:[m[K [01;36m[Knote: [m[Kin definition of macro ‘[01m[KNBX0[m[K’
[6.296s]    19 | #define NBX0   [01;36m[KJackal_NBX0[m[K
[6.296s]       |                [01;36m[K^~~~~~~~~~~[m[K
[6.313s] In file included from [01m[K/home/robot/debug_clear_ws/src/mpc_low/src/low_solver.cpp:23[m[K:
[6.313s] [01m[K/home/robot/debug_clear_ws/src/mpc_low/solver/acados_solver_holder.cpp:81:30:[m[K [01;31m[Kerror: [m[K‘[01m[Kidxbx0[m[K’ was not declared in this scope
[6.313s]    81 |     for (int i=0;i<NBX0;i++) [01;31m[Kidxbx0[m[K[i]=i;
[6.313s]       |                              [01;31m[K^~~~~~[m[K
[6.329s] In file included from [01m[K/home/robot/debug_clear_ws/src/mpc_low/src/low_solver.cpp:23[m[K:
[6.329s] [01m[K/home/robot/debug_clear_ws/src/mpc_low/solver/acados_solver_holder.cpp:18:16:[m[K [01;31m[Kerror: [m[K‘[01m[KJackal_NBX[m[K’ was not declared in this scope; did you mean ‘[01m[KJACKAL_NBX[m[K’?
[6.329s]    18 | #define NBX    [01;31m[KJackal_NBX[m[K
[6.329s]       |                [01;31m[K^~~~~~~~~~[m[K
[6.329s] [01m[K/home/robot/debug_clear_ws/src/mpc_low/solver/acados_solver_holder.cpp:18:16:[m[K [01;36m[Knote: [m[Kin definition of macro ‘[01m[KNBX[m[K’
[6.329s]    18 | #define NBX    [01;36m[KJackal_NBX[m[K
[6.330s]       |                [01;36m[K^~~~~~~~~~[m[K
[6.341s] In file included from [01m[K/home/robot/debug_clear_ws/src/mpc_low/src/low_solver.cpp:23[m[K:
[6.341s] [01m[K/home/robot/debug_clear_ws/src/mpc_low/solver/acados_solver_holder.cpp:84:29:[m[K [01;31m[Kerror: [m[K‘[01m[Kidxbx[m[K’ was not declared in this scope
[6.341s]    84 |     for (int i=0;i<NBX;i++) [01;31m[Kidxbx[m[K[i]=i;
[6.341s]       |                             [01;31m[K^~~~~[m[K
[6.359s] In file included from [01m[K/home/robot/debug_clear_ws/src/mpc_low/src/low_solver.cpp:23[m[K:
[6.359s] [01m[K/home/robot/debug_clear_ws/src/mpc_low/solver/acados_solver_holder.cpp:20:16:[m[K [01;31m[Kerror: [m[K‘[01m[KJackal_NBU[m[K’ was not declared in this scope; did you mean ‘[01m[KJACKAL_NBU[m[K’?
[6.359s]    20 | #define NBU    [01;31m[KJackal_NBU[m[K
[6.359s]       |                [01;31m[K^~~~~~~~~~[m[K
[6.359s] [01m[K/home/robot/debug_clear_ws/src/mpc_low/solver/acados_solver_holder.cpp:20:16:[m[K [01;36m[Knote: [m[Kin definition of macro ‘[01m[KNBU[m[K’
[6.360s]    20 | #define NBU    [01;36m[KJackal_NBU[m[K
[6.360s]       |                [01;36m[K^~~~~~~~~~[m[K
[6.374s] In file included from [01m[K/home/robot/debug_clear_ws/src/mpc_low/src/low_solver.cpp:23[m[K:
[6.374s] [01m[K/home/robot/debug_clear_ws/src/mpc_low/solver/acados_solver_holder.cpp:87:29:[m[K [01;31m[Kerror: [m[K‘[01m[Kidxbu[m[K’ was not declared in this scope
[6.374s]    87 |     for (int i=0;i<NBU;i++) [01;31m[Kidxbu[m[K[i]=i;
[6.374s]       |                             [01;31m[K^~~~~[m[K
[6.389s] In file included from [01m[K/home/robot/debug_clear_ws/src/mpc_low/src/low_solver.cpp:23[m[K:
[6.389s] [01m[K/home/robot/debug_clear_ws/src/mpc_low/solver/acados_solver_holder.cpp:23:16:[m[K [01;31m[Kerror: [m[K‘[01m[KJackal_NSH[m[K’ was not declared in this scope; did you mean ‘[01m[KJACKAL_NSH[m[K’?
[6.389s]    23 | #define NSH    [01;31m[KJackal_NSH[m[K
[6.389s]       |                [01;31m[K^~~~~~~~~~[m[K
[6.389s] [01m[K/home/robot/debug_clear_ws/src/mpc_low/solver/acados_solver_holder.cpp:23:16:[m[K [01;36m[Knote: [m[Kin definition of macro ‘[01m[KNSH[m[K’
[6.389s]    23 | #define NSH    [01;36m[KJackal_NSH[m[K
[6.389s]       |                [01;36m[K^~~~~~~~~~[m[K
[6.400s] In file included from [01m[K/home/robot/debug_clear_ws/src/mpc_low/src/low_solver.cpp:23[m[K:
[6.400s] [01m[K/home/robot/debug_clear_ws/src/mpc_low/solver/acados_solver_holder.cpp:90:29:[m[K [01;31m[Kerror: [m[K‘[01m[Kidxsh[m[K’ was not declared in this scope
[6.400s]    90 |     for (int i=0;i<NSH;i++) [01;31m[Kidxsh[m[K[i]=i; // set stick constraint as slack
[6.400s]       |                             [01;31m[K^~~~~[m[K
[6.422s] In file included from [01m[K/home/robot/debug_clear_ws/src/mpc_low/src/low_solver.cpp:23[m[K:
[6.422s] [01m[K/home/robot/debug_clear_ws/src/mpc_low/solver/acados_solver_holder.cpp:38:16:[m[K [01;31m[Kerror: [m[K‘[01m[KJackal_NH[m[K’ was not declared in this scope; did you mean ‘[01m[KJACKAL_NH[m[K’?
[6.422s]    38 | #define NH     [01;31m[KJackal_NH[m[K
[6.422s]       |                [01;31m[K^~~~~~~~~[m[K
[6.422s] [01m[K/home/robot/debug_clear_ws/src/mpc_low/solver/acados_solver_holder.cpp:38:16:[m[K [01;36m[Knote: [m[Kin definition of macro ‘[01m[KNH[m[K’
[6.423s]    38 | #define NH     [01;36m[KJackal_NH[m[K
[6.423s]       |                [01;36m[K^~~~~~~~~[m[K
[6.428s] In file included from [01m[K/home/robot/debug_clear_ws/src/mpc_low/src/low_solver.cpp:23[m[K:
[6.428s] [01m[K/home/robot/debug_clear_ws/src/mpc_low/solver/acados_solver_holder.cpp:93:28:[m[K [01;31m[Kerror: [m[K‘[01m[Klh[m[K’ was not declared in this scope
[6.428s]    93 |     for (int i=0;i<NH;i++) [01;31m[Klh[m[K[i]=-10e6;
[6.428s]       |                            [01;31m[K^~[m[K
[6.438s] [01m[K/home/robot/debug_clear_ws/src/mpc_low/solver/acados_solver_holder.cpp:94:28:[m[K [01;31m[Kerror: [m[K‘[01m[Kuh[m[K’ was not declared in this scope
[6.438s]    94 |     for (int i=0;i<NH;i++) [01;31m[Kuh[m[K[i]=0.0;
[6.438s]       |                            [01;31m[K^~[m[K
[6.449s] [01m[K/home/robot/debug_clear_ws/src/mpc_low/solver/acados_solver_holder.cpp:100:27:[m[K [01;31m[Kerror: [m[K‘[01m[Klbx0[m[K’ was not declared in this scope
[6.449s]   100 |     for (int i=0;i<3;i++) [01;31m[Klbx0[m[K[i] = current_robot_position[i];
[6.449s]       |                           [01;31m[K^~~~[m[K
[6.463s] [01m[K/home/robot/debug_clear_ws/src/mpc_low/solver/acados_solver_holder.cpp:101:27:[m[K [01;31m[Kerror: [m[K‘[01m[Kubx0[m[K’ was not declared in this scope
[6.463s]   101 |     for (int i=0;i<3;i++) [01;31m[Kubx0[m[K[i] = current_robot_position[i];
[6.463s]       |                           [01;31m[K^~~~[m[K
[6.473s] [01m[K/home/robot/debug_clear_ws/src/mpc_low/solver/acados_solver_holder.cpp:105:77:[m[K [01;31m[Kerror: [m[K‘[01m[Kidxbx0[m[K’ was not declared in this scope
[6.473s]   105 |     ocp_nlp_constraints_model_set(nlp_config, nlp_dims, nlp_in, 0, "idxbx", [01;31m[Kidxbx0[m[K);
[6.474s]       |                                                                             [01;31m[K^~~~~~[m[K
[6.485s] [01m[K/home/robot/debug_clear_ws/src/mpc_low/solver/acados_solver_holder.cpp:106:75:[m[K [01;31m[Kerror: [m[K‘[01m[Klbx0[m[K’ was not declared in this scope
[6.485s]   106 |     ocp_nlp_constraints_model_set(nlp_config, nlp_dims, nlp_in, 0, "lbx", [01;31m[Klbx0[m[K);
[6.485s]       |                                                                           [01;31m[K^~~~[m[K
[6.497s] [01m[K/home/robot/debug_clear_ws/src/mpc_low/solver/acados_solver_holder.cpp:107:75:[m[K [01;31m[Kerror: [m[K‘[01m[Kubx0[m[K’ was not declared in this scope
[6.497s]   107 |     ocp_nlp_constraints_model_set(nlp_config, nlp_dims, nlp_in, 0, "ubx", [01;31m[Kubx0[m[K);
[6.497s]       |                                                                           [01;31m[K^~~~[m[K
[6.516s] In file included from [01m[K/home/robot/debug_clear_ws/src/mpc_low/src/low_solver.cpp:23[m[K:
[6.516s] [01m[K/home/robot/debug_clear_ws/src/mpc_low/solver/acados_solver_holder.cpp:36:16:[m[K [01;31m[Kerror: [m[K‘[01m[KJackal_NY[m[K’ was not declared in this scope; did you mean ‘[01m[KJACKAL_NY[m[K’?
[6.516s]    36 | #define NY     [01;31m[KJackal_NY[m[K
[6.516s]       |                [01;31m[K^~~~~~~~~[m[K
[6.516s] [01m[K/home/robot/debug_clear_ws/src/mpc_low/solver/acados_solver_holder.cpp:36:16:[m[K [01;36m[Knote: [m[Kin definition of macro ‘[01m[KNY[m[K’
[6.516s]    36 | #define NY     [01;36m[KJackal_NY[m[K
[6.520s]       |                [01;36m[K^~~~~~~~~[m[K
[6.535s] [01m[K/home/robot/debug_clear_ws/src/mpc_low/solver/acados_solver_holder.cpp:14:16:[m[K [01;31m[Kerror: [m[K‘[01m[KJackal_NX[m[K’ was not declared in this scope; did you mean ‘[01m[KJACKAL_NX[m[K’?
[6.536s]    14 | #define NX     [01;31m[KJackal_NX[m[K
[6.536s]       |                [01;31m[K^~~~~~~~~[m[K
[6.536s] [01m[K/home/robot/debug_clear_ws/src/mpc_low/solver/acados_solver_holder.cpp:14:16:[m[K [01;36m[Knote: [m[Kin definition of macro ‘[01m[KNX[m[K’
[6.536s]    14 | #define NX     [01;36m[KJackal_NX[m[K
[6.536s]       |                [01;36m[K^~~~~~~~~[m[K
[6.546s] In file included from [01m[K/home/robot/debug_clear_ws/src/mpc_low/src/low_solver.cpp:23[m[K:
[6.546s] [01m[K/home/robot/debug_clear_ws/src/mpc_low/solver/acados_solver_holder.cpp:117:28:[m[K [01;31m[Kerror: [m[K‘[01m[KVx[m[K’ was not declared in this scope
[6.546s]   117 |     for (int i=0;i<NX;i++) [01;31m[KVx[m[K[NY*i+i] = 1.0;
[6.546s]       |                            [01;31m[K^~[m[K
[6.569s] In file included from [01m[K/home/robot/debug_clear_ws/src/mpc_low/src/low_solver.cpp:23[m[K:
[6.569s] [01m[K/home/robot/debug_clear_ws/src/mpc_low/solver/acados_solver_holder.cpp:37:16:[m[K [01;31m[Kerror: [m[K‘[01m[KJackal_NYN[m[K’ was not declared in this scope; did you mean ‘[01m[KJACKAL_NYN[m[K’?
[6.569s]    37 | #define NYN    [01;31m[KJackal_NYN[m[K
[6.569s]       |                [01;31m[K^~~~~~~~~~[m[K
[6.569s] [01m[K/home/robot/debug_clear_ws/src/mpc_low/solver/acados_solver_holder.cpp:37:16:[m[K [01;36m[Knote: [m[Kin definition of macro ‘[01m[KNYN[m[K’
[6.569s]    37 | #define NYN    [01;36m[KJackal_NYN[m[K
[6.570s]       |                [01;36m[K^~~~~~~~~~[m[K
[6.577s] In file included from [01m[K/home/robot/debug_clear_ws/src/mpc_low/src/low_solver.cpp:23[m[K:
[6.577s] [01m[K/home/robot/debug_clear_ws/src/mpc_low/solver/acados_solver_holder.cpp:120:28:[m[K [01;31m[Kerror: [m[K‘[01m[KVx[m[K’ was not declared in this scope
[6.577s]   120 |     for (int i=0;i<NX;i++) [01;31m[KVx[m[K[NYN*i+i] = 1.0;
[6.578s]       |                            [01;31m[K^~[m[K
[6.596s] In file included from [01m[K/home/robot/debug_clear_ws/src/mpc_low/src/low_solver.cpp:23[m[K:
[6.596s] [01m[K/home/robot/debug_clear_ws/src/mpc_low/solver/acados_solver_holder.cpp:16:16:[m[K [01;31m[Kerror: [m[K‘[01m[KJackal_NU[m[K’ was not declared in this scope; did you mean ‘[01m[KJACKAL_NU[m[K’?
[6.600s]    16 | #define NU     [01;31m[KJackal_NU[m[K
[6.600s]       |                [01;31m[K^~~~~~~~~[m[K
[6.600s] [01m[K/home/robot/debug_clear_ws/src/mpc_low/solver/acados_solver_holder.cpp:16:16:[m[K [01;36m[Knote: [m[Kin definition of macro ‘[01m[KNU[m[K’
[6.600s]    16 | #define NU     [01;36m[KJackal_NU[m[K
[6.600s]       |                [01;36m[K^~~~~~~~~[m[K
[6.609s] In file included from [01m[K/home/robot/debug_clear_ws/src/mpc_low/src/low_solver.cpp:23[m[K:
[6.609s] [01m[K/home/robot/debug_clear_ws/src/mpc_low/solver/acados_solver_holder.cpp:123:28:[m[K [01;31m[Kerror: [m[K‘[01m[KVu[m[K’ was not declared in this scope
[6.610s]   123 |     for (int i=0;i<NU;i++) [01;31m[KVu[m[K[NY*i+i] = 1.0;
[6.610s]       |                            [01;31m[K^~[m[K
[6.620s] [01m[K/home/robot/debug_clear_ws/src/mpc_low/solver/acados_solver_holder.cpp:131:39:[m[K [01;31m[Kerror: [m[K‘[01m[KW[m[K’ was not declared in this scope
[6.621s]   131 |     for (int ii = 0; ii < (NX); ii++) [01;31m[KW[m[K[ii+ii*(NU+NX)] = weights_diag[ii];
[6.622s]       |                                       [01;31m[K^[m[K
[6.647s] [01m[K/home/robot/debug_clear_ws/src/mpc_low/solver/acados_solver_holder.cpp:131:58:[m[K [01;31m[Kerror: [m[K‘[01m[Kweights_diag[m[K’ was not declared in this scope
[6.648s]   131 |     for (int ii = 0; ii < (NX); ii++) W[ii+ii*(NU+NX)] = [01;31m[Kweights_diag[m[K[ii];
[6.648s]       |                                                          [01;31m[K^~~~~~~~~~~~[m[K
[6.658s] [01m[K/home/robot/debug_clear_ws/src/mpc_low/solver/acados_solver_holder.cpp:132:43:[m[K [01;31m[Kerror: [m[K‘[01m[KW[m[K’ was not declared in this scope
[6.658s]   132 |     for (int ii = NX; ii < (NU+NX); ii++) [01;31m[KW[m[K[ii+ii*(NU+NX)] = 1000;
[6.658s]       |                                           [01;31m[K^[m[K
[6.669s] [01m[K/home/robot/debug_clear_ws/src/mpc_low/solver/acados_solver_holder.cpp:134:39:[m[K [01;31m[Kerror: [m[K‘[01m[KWN[m[K’ was not declared in this scope; did you mean ‘[01m[KN[m[K’?
[6.669s]   134 |     for (int ii = 0; ii < (NX); ii++) [01;31m[KWN[m[K[ii+ii*(NX)] = weights_diag[ii]*1000.0;
[6.669s]       |                                       [01;31m[K^~[m[K
[6.670s]       |                                       [32m[KN[m[K
[6.698s] [01m[K/home/robot/debug_clear_ws/src/mpc_low/solver/acados_solver_holder.cpp:134:56:[m[K [01;31m[Kerror: [m[K‘[01m[Kweights_diag[m[K’ was not declared in this scope
[6.698s]   134 |     for (int ii = 0; ii < (NX); ii++) WN[ii+ii*(NX)] = [01;31m[Kweights_diag[m[K[ii]*1000.0;
[6.698s]       |                                                        [01;31m[K^~~~~~~~~~~~[m[K
[6.705s] [01m[K/home/robot/debug_clear_ws/src/mpc_low/solver/acados_solver_holder.cpp:135:5:[m[K [01;31m[Kerror: [m[K‘[01m[KWN[m[K’ was not declared in this scope; did you mean ‘[01m[KN[m[K’?
[6.706s]   135 |     [01;31m[KWN[m[K[NX-1+(NX-1)*(NX)] = 100000000.0;
[6.706s]       |     [01;31m[K^~[m[K
[6.706s]       |     [32m[KN[m[K
[6.721s] [01m[K/home/robot/debug_clear_ws/src/mpc_low/solver/acados_solver_holder.cpp:142:29:[m[K [01;31m[Kerror: [m[K‘[01m[KZl[m[K’ was not declared in this scope
[6.721s]   142 |     for (int i=0;i<NSH;i++) [01;31m[KZl[m[K[i] = 0.0;
[6.721s]       |                             [01;31m[K^~[m[K
[6.730s] [01m[K/home/robot/debug_clear_ws/src/mpc_low/solver/acados_solver_holder.cpp:143:29:[m[K [01;31m[Kerror: [m[K‘[01m[KZu[m[K’ was not declared in this scope
[6.730s]   143 |     for (int i=0;i<NSH;i++) [01;31m[KZu[m[K[i] = 10000.0;
[6.730s]       |                             [01;31m[K^~[m[K
[6.743s] [01m[K/home/robot/debug_clear_ws/src/mpc_low/solver/acados_solver_holder.cpp:146:27:[m[K [01;31m[Kerror: [m[K‘[01m[Ky_ref[m[K’ was not declared in this scope
[6.743s]   146 |     for (int i=0;i<3;i++) [01;31m[Ky_ref[m[K[i] = current_robot_goal[i];
[6.744s]       |                           [01;31m[K^~~~~[m[K
[6.759s] [01m[K/home/robot/debug_clear_ws/src/mpc_low/solver/acados_solver_holder.cpp:147:27:[m[K [01;31m[Kerror: [m[K‘[01m[Ky_ref[m[K’ was not declared in this scope
[6.759s]   147 |     for (int i=0;i<2;i++) [01;31m[Ky_ref[m[K[i+3] = 0.0;
[6.759s]       |                           [01;31m[K^~~~~[m[K
[6.772s] [01m[K/home/robot/debug_clear_ws/src/mpc_low/solver/acados_solver_holder.cpp:149:29:[m[K [01;31m[Kerror: [m[K‘[01m[Ky_ref_N[m[K’ was not declared in this scope
[6.772s]   149 |     for (int i=0;i<NYN;i++) [01;31m[Ky_ref_N[m[K[i] = current_robot_goal[i];
[6.774s]       |                             [01;31m[K^~~~~~~[m[K
[6.785s] [01m[K/home/robot/debug_clear_ws/src/mpc_low/solver/acados_solver_holder.cpp:154:82:[m[K [01;31m[Kerror: [m[K‘[01m[Kidxbu[m[K’ was not declared in this scope
[6.786s]   154 |         ocp_nlp_constraints_model_set(nlp_config, nlp_dims, nlp_in, ii, "idxbu", [01;31m[Kidxbu[m[K);
[6.786s]       |                                                                                  [01;31m[K^~~~~[m[K
[6.796s] [01m[K/home/robot/debug_clear_ws/src/mpc_low/solver/acados_solver_holder.cpp:169:71:[m[K [01;31m[Kerror: [m[K‘[01m[KW[m[K’ was not declared in this scope
[6.796s]   169 |         ocp_nlp_cost_model_set(nlp_config, nlp_dims, nlp_in, ii, "W", [01;31m[KW[m[K);
[6.797s]       |                                                                       [01;31m[K^[m[K
[6.812s] [01m[K/home/robot/debug_clear_ws/src/mpc_low/solver/acados_solver_holder.cpp:181:74:[m[K [01;31m[Kerror: [m[K‘[01m[Ky_ref[m[K’ was not declared in this scope
[6.812s]   181 |         ocp_nlp_cost_model_set(nlp_config, nlp_dims, nlp_in, ii, "yref", [01;31m[Ky_ref[m[K);
[6.812s]       |                                                                          [01;31m[K^~~~~[m[K
[6.825s] [01m[K/home/robot/debug_clear_ws/src/mpc_low/solver/acados_solver_holder.cpp:184:69:[m[K [01;31m[Kerror: [m[K‘[01m[Ky_ref_N[m[K’ was not declared in this scope
[6.825s]   184 |     ocp_nlp_cost_model_set(nlp_config, nlp_dims, nlp_in, N, "yref", [01;31m[Ky_ref_N[m[K);
[6.825s]       |                                                                     [01;31m[K^~~~~~~[m[K
[6.838s] [01m[K/home/robot/debug_clear_ws/src/mpc_low/solver/acados_solver_holder.cpp:190:52:[m[K [01;31m[Kerror: [m[K‘[01m[Kx_init[m[K’ was not declared in this scope; did you mean ‘[01m[Ku_int[m[K’?
[6.838s]   190 |     for (int i=0; i<=N;i++) for (int j=0;j<NX;j++) [01;31m[Kx_init[m[K[i*NX+j]=current_robot_position[j];
[6.838s]       |                                                    [01;31m[K^~~~~~[m[K
[6.841s]       |                                                    [32m[Ku_int[m[K
[6.856s] In file included from [01m[K/home/robot/debug_clear_ws/src/mpc_low/src/low_solver.cpp:23[m[K:
[6.857s] [01m[K/home/robot/debug_clear_ws/src/mpc_low/solver/acados_solver_holder.cpp:17:16:[m[K [01;31m[Kerror: [m[K‘[01m[KJackal_NP[m[K’ was not declared in this scope; did you mean ‘[01m[KJACKAL_NP[m[K’?
[6.857s]    17 | #define NP     [01;31m[KJackal_NP[m[K
[6.857s]       |                [01;31m[K^~~~~~~~~[m[K
[6.857s] [01m[K/home/robot/debug_clear_ws/src/mpc_low/solver/acados_solver_holder.cpp:17:16:[m[K [01;36m[Knote: [m[Kin definition of macro ‘[01m[KNP[m[K’
[6.858s]    17 | #define NP     [01;36m[KJackal_NP[m[K
[6.858s]       |                [01;36m[K^~~~~~~~~[m[K
[6.868s] In file included from [01m[K/home/robot/debug_clear_ws/src/mpc_low/src/low_solver.cpp:23[m[K:
[6.871s] [01m[K/home/robot/debug_clear_ws/src/mpc_low/solver/acados_solver_holder.cpp:196:35:[m[K [01;31m[Kerror: [m[K‘[01m[Kp[m[K’ was not declared in this scope
[6.871s]   196 |     for (int i = 0; i < 520; i++) [01;31m[Kp[m[K[i] = costmap_data[i];
[6.871s]       |                                   [01;31m[K^[m[K
[6.879s] [01m[K/home/robot/debug_clear_ws/src/mpc_low/solver/acados_solver_holder.cpp:200:61:[m[K [01;31m[Kerror: [m[K‘[01m[Kp[m[K’ was not declared in this scope; did you mean ‘[01m[Kpi[m[K’?
[6.879s]   200 |         Jackal_acados_update_params(acados_ocp_capsule, ii, [01;31m[Kp[m[K, NP);
[6.879s]       |                                                             [01;31m[K^[m[K
[6.880s]       |                                                             [32m[Kpi[m[K
[6.892s] [01m[K/home/robot/debug_clear_ws/src/mpc_low/solver/acados_solver_holder.cpp:225:68:[m[K [01;31m[Kerror: [m[K‘[01m[Kx_init[m[K’ was not declared in this scope; did you mean ‘[01m[Ku_int[m[K’?
[6.892s]   225 |             ocp_nlp_out_set(nlp_config, nlp_dims, nlp_out, i, "x", [01;31m[Kx_init[m[K); // Check if OK??
[6.893s]       |                                                                    [01;31m[K^~~~~~[m[K
[6.895s]       |                                                                    [32m[Ku_int[m[K
[6.904s] [01m[K/home/robot/debug_clear_ws/src/mpc_low/solver/acados_solver_holder.cpp:226:68:[m[K [01;31m[Kerror: [m[K‘[01m[Ku0[m[K’ was not declared in this scope; did you mean ‘[01m[Ky0[m[K’?
[6.904s]   226 |             ocp_nlp_out_set(nlp_config, nlp_dims, nlp_out, i, "u", [01;31m[Ku0[m[K);
[6.904s]       |                                                                    [01;31m[K^~[m[K
[6.904s]       |                                                                    [32m[Ky0[m[K
[6.918s] [01m[K/home/robot/debug_clear_ws/src/mpc_low/solver/acados_solver_holder.cpp:256:66:[m[K [01;31m[Kerror: [m[K‘[01m[Kxtraj[m[K’ was not declared in this scope
[6.918s]   256 |         ocp_nlp_out_get(nlp_config, nlp_dims, nlp_out, ii, "x", &[01;31m[Kxtraj[m[K[ii*NX]);
[6.920s]       |                                                                  [01;31m[K^~~~~[m[K
[6.933s] [01m[K/home/robot/debug_clear_ws/src/mpc_low/solver/acados_solver_holder.cpp:258:66:[m[K [01;31m[Kerror: [m[K‘[01m[Kutraj[m[K’ was not declared in this scope
[6.933s]   258 |         ocp_nlp_out_get(nlp_config, nlp_dims, nlp_out, ii, "u", &[01;31m[Kutraj[m[K[ii*NU]);
[6.933s]       |                                                                  [01;31m[K^~~~~[m[K
[6.946s] [01m[K/home/robot/debug_clear_ws/src/mpc_low/solver/acados_solver_holder.cpp:287:13:[m[K [01;31m[Kerror: [m[K‘[01m[Kutraj[m[K’ was not declared in this scope
[6.948s]   287 |         if ([01;31m[Kutraj[m[K[i]!=utraj[i]) results[7] = 0.0;
[6.948s]       |             [01;31m[K^~~~~[m[K
[6.964s] [01m[K/home/robot/debug_clear_ws/src/mpc_low/solver/acados_solver_holder.cpp:292:44:[m[K [01;31m[Kerror: [m[K‘[01m[Kxtraj[m[K’ was not declared in this scope
[6.964s]   292 |     for (int i=0;i<33;i++) trajectory[i] = [01;31m[Kxtraj[m[K[i];
[6.964s]       |                                            [01;31m[K^~~~~[m[K
[8.342s] [01m[K/home/robot/debug_clear_ws/src/mpc_low/src/low_solver.cpp:[m[K In function ‘[01m[Kint main(int, char**)[m[K’:
[8.342s] [01m[K/home/robot/debug_clear_ws/src/mpc_low/src/low_solver.cpp:177:47:[m[K [01;31m[Kerror: [m[K‘[01m[Kdouble GoalFollower::goal_pose_ [6][m[K’ is private within this context
[8.342s]   177 |         double current_error = std::pow(node->[01;31m[Kgoal_pose_[m[K[0] - node->current_pose_[0], 2) +
[8.342s]       |                                               [01;31m[K^~~~~~~~~~[m[K
[8.343s] [01m[K/home/robot/debug_clear_ws/src/mpc_low/src/low_solver.cpp:146:12:[m[K [01;36m[Knote: [m[Kdeclared private here
[8.343s]   146 |     double [01;36m[Kgoal_pose_[m[K[6];
[8.343s]       |            [01;36m[K^~~~~~~~~~[m[K
[8.343s] [01m[K/home/robot/debug_clear_ws/src/mpc_low/src/low_solver.cpp:177:69:[m[K [01;31m[Kerror: [m[K‘[01m[Kdouble GoalFollower::current_pose_ [6][m[K’ is private within this context
[8.343s]   177 |         double current_error = std::pow(node->goal_pose_[0] - node->[01;31m[Kcurrent_pose_[m[K[0], 2) +
[8.343s]       |                                                                     [01;31m[K^~~~~~~~~~~~~[m[K
[8.343s] [01m[K/home/robot/debug_clear_ws/src/mpc_low/src/low_solver.cpp:147:12:[m[K [01;36m[Knote: [m[Kdeclared private here
[8.343s]   147 |     double [01;36m[Kcurrent_pose_[m[K[6];
[8.344s]       |            [01;36m[K^~~~~~~~~~~~~[m[K
[8.344s] [01m[K/home/robot/debug_clear_ws/src/mpc_low/src/low_solver.cpp:178:47:[m[K [01;31m[Kerror: [m[K‘[01m[Kdouble GoalFollower::goal_pose_ [6][m[K’ is private within this context
[8.344s]   178 |                                std::pow(node->[01;31m[Kgoal_pose_[m[K[1] - node->current_pose_[1], 2) +
[8.344s]       |                                               [01;31m[K^~~~~~~~~~[m[K
[8.344s] [01m[K/home/robot/debug_clear_ws/src/mpc_low/src/low_solver.cpp:146:12:[m[K [01;36m[Knote: [m[Kdeclared private here
[8.344s]   146 |     double [01;36m[Kgoal_pose_[m[K[6];
[8.344s]       |            [01;36m[K^~~~~~~~~~[m[K
[8.345s] [01m[K/home/robot/debug_clear_ws/src/mpc_low/src/low_solver.cpp:178:69:[m[K [01;31m[Kerror: [m[K‘[01m[Kdouble GoalFollower::current_pose_ [6][m[K’ is private within this context
[8.345s]   178 |                                std::pow(node->goal_pose_[1] - node->[01;31m[Kcurrent_pose_[m[K[1], 2) +
[8.345s]       |                                                                     [01;31m[K^~~~~~~~~~~~~[m[K
[8.345s] [01m[K/home/robot/debug_clear_ws/src/mpc_low/src/low_solver.cpp:147:12:[m[K [01;36m[Knote: [m[Kdeclared private here
[8.345s]   147 |     double [01;36m[Kcurrent_pose_[m[K[6];
[8.345s]       |            [01;36m[K^~~~~~~~~~~~~[m[K
[8.345s] [01m[K/home/robot/debug_clear_ws/src/mpc_low/src/low_solver.cpp:179:47:[m[K [01;31m[Kerror: [m[K‘[01m[Kdouble GoalFollower::goal_pose_ [6][m[K’ is private within this context
[8.350s]   179 |                                std::pow(node->[01;31m[Kgoal_pose_[m[K[2] - node->current_pose_[2], 2);
[8.351s]       |                                               [01;31m[K^~~~~~~~~~[m[K
[8.351s] [01m[K/home/robot/debug_clear_ws/src/mpc_low/src/low_solver.cpp:146:12:[m[K [01;36m[Knote: [m[Kdeclared private here
[8.351s]   146 |     double [01;36m[Kgoal_pose_[m[K[6];
[8.351s]       |            [01;36m[K^~~~~~~~~~[m[K
[8.351s] [01m[K/home/robot/debug_clear_ws/src/mpc_low/src/low_solver.cpp:179:69:[m[K [01;31m[Kerror: [m[K‘[01m[Kdouble GoalFollower::current_pose_ [6][m[K’ is private within this context
[8.351s]   179 |                                std::pow(node->goal_pose_[2] - node->[01;31m[Kcurrent_pose_[m[K[2], 2);
[8.351s]       |                                                                     [01;31m[K^~~~~~~~~~~~~[m[K
[8.352s] [01m[K/home/robot/debug_clear_ws/src/mpc_low/src/low_solver.cpp:147:12:[m[K [01;36m[Knote: [m[Kdeclared private here
[8.352s]   147 |     double [01;36m[Kcurrent_pose_[m[K[6];
[8.352s]       |            [01;36m[K^~~~~~~~~~~~~[m[K
[8.352s] [01m[K/home/robot/debug_clear_ws/src/mpc_low/src/low_solver.cpp:181:19:[m[K [01;31m[Kerror: [m[K‘[01m[Kint GoalFollower::goal_status_[m[K’ is private within this context
[8.352s]   181 |         if (node->[01;31m[Kgoal_status_[m[K || current_error > 0.10)
[8.352s]       |                   [01;31m[K^~~~~~~~~~~~[m[K
[8.352s] [01m[K/home/robot/debug_clear_ws/src/mpc_low/src/low_solver.cpp:150:9:[m[K [01;36m[Knote: [m[Kdeclared private here
[8.352s]   150 |     int [01;36m[Kgoal_status_[m[K;
[8.353s]       |         [01;36m[K^~~~~~~~~~~~[m[K
[8.353s] [01m[K/home/robot/debug_clear_ws/src/mpc_low/src/low_solver.cpp:183:65:[m[K [01;31m[Kerror: [m[K‘[01m[Kdouble GoalFollower::current_pose_ [6][m[K’ is private within this context
[8.353s]   183 |             double current_robot_position[3] = {0.0, 0.0, node->[01;31m[Kcurrent_pose_[m[K[2]};
[8.353s]       |                                                                 [01;31m[K^~~~~~~~~~~~~[m[K
[8.353s] [01m[K/home/robot/debug_clear_ws/src/mpc_low/src/low_solver.cpp:147:12:[m[K [01;36m[Knote: [m[Kdeclared private here
[8.353s]   147 |     double [01;36m[Kcurrent_pose_[m[K[6];
[8.353s]       |            [01;36m[K^~~~~~~~~~~~~[m[K
[8.358s] [01m[K/home/robot/debug_clear_ws/src/mpc_low/src/low_solver.cpp:185:23:[m[K [01;31m[Kerror: [m[K‘[01m[Kdouble GoalFollower::goal_pose_ [6][m[K’ is private within this context
[8.358s]   185 |                 node->[01;31m[Kgoal_pose_[m[K[0] - node->current_pose_[0],
[8.358s]       |                       [01;31m[K^~~~~~~~~~[m[K
[8.358s] [01m[K/home/robot/debug_clear_ws/src/mpc_low/src/low_solver.cpp:146:12:[m[K [01;36m[Knote: [m[Kdeclared private here
[8.358s]   146 |     double [01;36m[Kgoal_pose_[m[K[6];
[8.358s]       |            [01;36m[K^~~~~~~~~~[m[K
[8.359s] [01m[K/home/robot/debug_clear_ws/src/mpc_low/src/low_solver.cpp:185:45:[m[K [01;31m[Kerror: [m[K‘[01m[Kdouble GoalFollower::current_pose_ [6][m[K’ is private within this context
[8.359s]   185 |                 node->goal_pose_[0] - node->[01;31m[Kcurrent_pose_[m[K[0],
[8.359s]       |                                             [01;31m[K^~~~~~~~~~~~~[m[K
[8.359s] [01m[K/home/robot/debug_clear_ws/src/mpc_low/src/low_solver.cpp:147:12:[m[K [01;36m[Knote: [m[Kdeclared private here
[8.359s]   147 |     double [01;36m[Kcurrent_pose_[m[K[6];
[8.359s]       |            [01;36m[K^~~~~~~~~~~~~[m[K
[8.359s] [01m[K/home/robot/debug_clear_ws/src/mpc_low/src/low_solver.cpp:186:23:[m[K [01;31m[Kerror: [m[K‘[01m[Kdouble GoalFollower::goal_pose_ [6][m[K’ is private within this context
[8.359s]   186 |                 node->[01;31m[Kgoal_pose_[m[K[1] - node->current_pose_[1],
[8.360s]       |                       [01;31m[K^~~~~~~~~~[m[K
[8.360s] [01m[K/home/robot/debug_clear_ws/src/mpc_low/src/low_solver.cpp:146:12:[m[K [01;36m[Knote: [m[Kdeclared private here
[8.360s]   146 |     double [01;36m[Kgoal_pose_[m[K[6];
[8.360s]       |            [01;36m[K^~~~~~~~~~[m[K
[8.360s] [01m[K/home/robot/debug_clear_ws/src/mpc_low/src/low_solver.cpp:186:45:[m[K [01;31m[Kerror: [m[K‘[01m[Kdouble GoalFollower::current_pose_ [6][m[K’ is private within this context
[8.360s]   186 |                 node->goal_pose_[1] - node->[01;31m[Kcurrent_pose_[m[K[1],
[8.360s]       |                                             [01;31m[K^~~~~~~~~~~~~[m[K
[8.368s] [01m[K/home/robot/debug_clear_ws/src/mpc_low/src/low_solver.cpp:147:12:[m[K [01;36m[Knote: [m[Kdeclared private here
[8.368s]   147 |     double [01;36m[Kcurrent_pose_[m[K[6];
[8.368s]       |            [01;36m[K^~~~~~~~~~~~~[m[K
[8.368s] [01m[K/home/robot/debug_clear_ws/src/mpc_low/src/low_solver.cpp:187:23:[m[K [01;31m[Kerror: [m[K‘[01m[Kdouble GoalFollower::goal_pose_ [6][m[K’ is private within this context
[8.369s]   187 |                 node->[01;31m[Kgoal_pose_[m[K[2]};
[8.369s]       |                       [01;31m[K^~~~~~~~~~[m[K
[8.369s] [01m[K/home/robot/debug_clear_ws/src/mpc_low/src/low_solver.cpp:146:12:[m[K [01;36m[Knote: [m[Kdeclared private here
[8.369s]   146 |     double [01;36m[Kgoal_pose_[m[K[6];
[8.369s]       |            [01;36m[K^~~~~~~~~~[m[K
[8.369s] [01m[K/home/robot/debug_clear_ws/src/mpc_low/src/low_solver.cpp:190:40:[m[K [01;31m[Kerror: [m[K‘[01m[Kdouble GoalFollower::costmap_data_ [520][m[K’ is private within this context
[8.370s]   190 |             std::copy(std::begin(node->[01;31m[Kcostmap_data_[m[K), std::end(node->costmap_data_), std::begin(costmap_data));
[8.370s]       |                                        [01;31m[K^~~~~~~~~~~~~[m[K
[8.370s] [01m[K/home/robot/debug_clear_ws/src/mpc_low/src/low_solver.cpp:148:12:[m[K [01;36m[Knote: [m[Kdeclared private here
[8.370s]   148 |     double [01;36m[Kcostmap_data_[m[K[520];
[8.370s]       |            [01;36m[K^~~~~~~~~~~~~[m[K
[8.371s] [01m[K/home/robot/debug_clear_ws/src/mpc_low/src/low_solver.cpp:190:71:[m[K [01;31m[Kerror: [m[K‘[01m[Kdouble GoalFollower::costmap_data_ [520][m[K’ is private within this context
[8.371s]   190 |             std::copy(std::begin(node->costmap_data_), std::end(node->[01;31m[Kcostmap_data_[m[K), std::begin(costmap_data));
[8.371s]       |                                                                       [01;31m[K^~~~~~~~~~~~~[m[K
[8.371s] [01m[K/home/robot/debug_clear_ws/src/mpc_low/src/low_solver.cpp:148:12:[m[K [01;36m[Knote: [m[Kdeclared private here
[8.371s]   148 |     double [01;36m[Kcostmap_data_[m[K[520];
[8.371s]       |            [01;36m[K^~~~~~~~~~~~~[m[K
[8.371s] [01m[K/home/robot/debug_clear_ws/src/mpc_low/src/low_solver.cpp:194:46:[m[K [01;31m[Kerror: [m[K‘[01m[Kdouble GoalFollower::current_pose_ [6][m[K’ is private within this context
[8.379s]   194 |                 costmap_data[2 * i] -= node->[01;31m[Kcurrent_pose_[m[K[0];
[8.380s]       |                                              [01;31m[K^~~~~~~~~~~~~[m[K
[8.380s] [01m[K/home/robot/debug_clear_ws/src/mpc_low/src/low_solver.cpp:147:12:[m[K [01;36m[Knote: [m[Kdeclared private here
[8.380s]   147 |     double [01;36m[Kcurrent_pose_[m[K[6];
[8.380s]       |            [01;36m[K^~~~~~~~~~~~~[m[K
[8.380s] [01m[K/home/robot/debug_clear_ws/src/mpc_low/src/low_solver.cpp:195:50:[m[K [01;31m[Kerror: [m[K‘[01m[Kdouble GoalFollower::current_pose_ [6][m[K’ is private within this context
[8.381s]   195 |                 costmap_data[2 * i + 1] -= node->[01;31m[Kcurrent_pose_[m[K[1];
[8.381s]       |                                                  [01;31m[K^~~~~~~~~~~~~[m[K
[8.381s] [01m[K/home/robot/debug_clear_ws/src/mpc_low/src/low_solver.cpp:147:12:[m[K [01;36m[Knote: [m[Kdeclared private here
[8.381s]   147 |     double [01;36m[Kcurrent_pose_[m[K[6];
[8.381s]       |            [01;36m[K^~~~~~~~~~~~~[m[K
[8.381s] [01m[K/home/robot/debug_clear_ws/src/mpc_low/src/low_solver.cpp:201:46:[m[K [01;31m[Kerror: [m[K‘[01m[Kdouble GoalFollower::goal_pose_ [6][m[K’ is private within this context
[8.381s]   201 |                 tracking_goal[i * 3] = node->[01;31m[Kgoal_pose_[m[K[0] - node->current_pose_[0];
[8.382s]       |                                              [01;31m[K^~~~~~~~~~[m[K
[8.382s] [01m[K/home/robot/debug_clear_ws/src/mpc_low/src/low_solver.cpp:146:12:[m[K [01;36m[Knote: [m[Kdeclared private here
[8.382s]   146 |     double [01;36m[Kgoal_pose_[m[K[6];
[8.382s]       |            [01;36m[K^~~~~~~~~~[m[K
[8.382s] [01m[K/home/robot/debug_clear_ws/src/mpc_low/src/low_solver.cpp:201:68:[m[K [01;31m[Kerror: [m[K‘[01m[Kdouble GoalFollower::current_pose_ [6][m[K’ is private within this context
[8.382s]   201 |                 tracking_goal[i * 3] = node->goal_pose_[0] - node->[01;31m[Kcurrent_pose_[m[K[0];
[8.382s]       |                                                                    [01;31m[K^~~~~~~~~~~~~[m[K
[8.388s] [01m[K/home/robot/debug_clear_ws/src/mpc_low/src/low_solver.cpp:147:12:[m[K [01;36m[Knote: [m[Kdeclared private here
[8.388s]   147 |     double [01;36m[Kcurrent_pose_[m[K[6];
[8.388s]       |            [01;36m[K^~~~~~~~~~~~~[m[K
[8.388s] [01m[K/home/robot/debug_clear_ws/src/mpc_low/src/low_solver.cpp:202:50:[m[K [01;31m[Kerror: [m[K‘[01m[Kdouble GoalFollower::goal_pose_ [6][m[K’ is private within this context
[8.388s]   202 |                 tracking_goal[i * 3 + 1] = node->[01;31m[Kgoal_pose_[m[K[1] - node->current_pose_[1];
[8.388s]       |                                                  [01;31m[K^~~~~~~~~~[m[K
[8.389s] [01m[K/home/robot/debug_clear_ws/src/mpc_low/src/low_solver.cpp:146:12:[m[K [01;36m[Knote: [m[Kdeclared private here
[8.389s]   146 |     double [01;36m[Kgoal_pose_[m[K[6];
[8.389s]       |            [01;36m[K^~~~~~~~~~[m[K
[8.389s] [01m[K/home/robot/debug_clear_ws/src/mpc_low/src/low_solver.cpp:202:72:[m[K [01;31m[Kerror: [m[K‘[01m[Kdouble GoalFollower::current_pose_ [6][m[K’ is private within this context
[8.389s]   202 |                 tracking_goal[i * 3 + 1] = node->goal_pose_[1] - node->[01;31m[Kcurrent_pose_[m[K[1];
[8.389s]       |                                                                        [01;31m[K^~~~~~~~~~~~~[m[K
[8.390s] [01m[K/home/robot/debug_clear_ws/src/mpc_low/src/low_solver.cpp:147:12:[m[K [01;36m[Knote: [m[Kdeclared private here
[8.390s]   147 |     double [01;36m[Kcurrent_pose_[m[K[6];
[8.390s]       |            [01;36m[K^~~~~~~~~~~~~[m[K
[8.390s] [01m[K/home/robot/debug_clear_ws/src/mpc_low/src/low_solver.cpp:203:50:[m[K [01;31m[Kerror: [m[K‘[01m[Kdouble GoalFollower::goal_pose_ [6][m[K’ is private within this context
[8.390s]   203 |                 tracking_goal[i * 3 + 2] = node->[01;31m[Kgoal_pose_[m[K[2];
[8.390s]       |                                                  [01;31m[K^~~~~~~~~~[m[K
[8.390s] [01m[K/home/robot/debug_clear_ws/src/mpc_low/src/low_solver.cpp:146:12:[m[K [01;36m[Knote: [m[Kdeclared private here
[8.395s]   146 |     double [01;36m[Kgoal_pose_[m[K[6];
[8.395s]       |            [01;36m[K^~~~~~~~~~[m[K
[8.395s] [01m[K/home/robot/debug_clear_ws/src/mpc_low/src/low_solver.cpp:228:66:[m[K [01;31m[Kerror: [m[K‘[01m[Kdouble GoalFollower::current_pose_ [6][m[K’ is private within this context
[8.395s]   228 |                 pose.pose.position.x = trajectory[3 * i] + node->[01;31m[Kcurrent_pose_[m[K[0];
[8.395s]       |                                                                  [01;31m[K^~~~~~~~~~~~~[m[K
[8.395s] [01m[K/home/robot/debug_clear_ws/src/mpc_low/src/low_solver.cpp:147:12:[m[K [01;36m[Knote: [m[Kdeclared private here
[8.396s]   147 |     double [01;36m[Kcurrent_pose_[m[K[6];
[8.396s]       |            [01;36m[K^~~~~~~~~~~~~[m[K
[8.396s] [01m[K/home/robot/debug_clear_ws/src/mpc_low/src/low_solver.cpp:229:70:[m[K [01;31m[Kerror: [m[K‘[01m[Kdouble GoalFollower::current_pose_ [6][m[K’ is private within this context
[8.396s]   229 |                 pose.pose.position.y = trajectory[3 * i + 1] + node->[01;31m[Kcurrent_pose_[m[K[1];
[8.396s]       |                                                                      [01;31m[K^~~~~~~~~~~~~[m[K
[8.396s] [01m[K/home/robot/debug_clear_ws/src/mpc_low/src/low_solver.cpp:147:12:[m[K [01;36m[Knote: [m[Kdeclared private here
[8.397s]   147 |     double [01;36m[Kcurrent_pose_[m[K[6];
[8.397s]       |            [01;36m[K^~~~~~~~~~~~~[m[K
[20.831s] gmake[2]: *** [CMakeFiles/mpc_low.dir/build.make:76: CMakeFiles/mpc_low.dir/src/low_solver.cpp.o] Error 1
[20.832s] gmake[1]: *** [CMakeFiles/Makefile2:141: CMakeFiles/mpc_low.dir/all] Error 2
[20.832s] gmake: *** [Makefile:146: all] Error 2
[20.835s] Invoked command in '/home/robot/debug_clear_ws/build/mpc_low' returned '2': CMAKE_PREFIX_PATH=${CMAKE_PREFIX_PATH}:/home/robot/debug_clear_ws/install/yolo_ros:/home/robot/debug_clear_ws/install/clearpath_config:/opt/ros/humble /usr/bin/cmake --build /home/robot/debug_clear_ws/build/mpc_low -- -j12 -l12
