[0.532s] Invoking command in '/home/dimash/debug_clear_ws/build/clearpath_platform': CMAKE_PREFIX_PATH=/home/dimash/debug_clear_ws/install/clearpath_platform_msgs:/home/dimash/debug_clear_ws/install/clearpath_platform_description:/home/dimash/debug_clear_ws/install/clearpath_control:/home/dimash/debug_clear_ws/install/yolo_bringup:/home/dimash/debug_clear_ws/install/mpc_low:/home/dimash/debug_clear_ws/install/yolo_msgs:/home/dimash/debug_clear_ws/install/point_cloud_debug:/home/dimash/debug_clear_ws/install/move_model_plugin:/home/dimash/debug_clear_ws/install/clearpath_simulator:/home/dimash/debug_clear_ws/install/clearpath_gz:/home/dimash/debug_clear_ws/install/clearpath_generator_gz:/home/dimash/debug_clear_ws/install/clearpath_common:/home/dimash/debug_clear_ws/install/clearpath_generator_common:/home/dimash/debug_clear_ws/install/clearpath_description:/home/dimash/debug_clear_ws/install/clearpath_sensors_description:/home/dimash/debug_clear_ws/install/clearpath_platform:/home/dimash/debug_clear_ws/install/clearpath_msgs:/home/dimash/debug_clear_ws/install/clearpath_nav2_demos:/home/dimash/debug_clear_ws/install/clearpath_mounts_description:/home/dimash/debug_clear_ws/install/clearpath_manipulators:/home/dimash/debug_clear_ws/install/clearpath_manipulators_description:/home/dimash/debug_clear_ws/install/clearpath_customization:/home/dimash/debug_clear_ws/install/yolo_ros:/home/dimash/debug_clear_ws/install/person_movement:/home/dimash/debug_clear_ws/install/clearpath_config:/opt/ros/humble LD_LIBRARY_PATH=/home/dimash/debug_clear_ws/install/clearpath_platform_msgs/lib:/home/dimash/debug_clear_ws/install/mpc_low/lib:/home/dimash/debug_clear_ws/install/yolo_msgs/lib:/home/dimash/debug_clear_ws/install/move_model_plugin/lib:/home/dimash/debug_clear_ws/install/clearpath_platform/lib:/opt/ros/humble/opt/rviz_ogre_vendor/lib:/opt/ros/humble/lib/x86_64-linux-gnu:/opt/ros/humble/lib:/home/dimash/acados/lib:/home/dimash/acados/lib /usr/bin/cmake --build /home/dimash/debug_clear_ws/build/clearpath_platform -- -j8 -l8
[0.743s] [ 16%] Built target j100_hardware
[0.743s] [ 26%] Built target w200_hardware
[0.745s] [ 40%] Built target clearpath_platform_lighting
[0.748s] [ 90%] Built target a200_hardware
[0.748s] [ 93%] Built target puma_hardware
[0.774s] [100%] Built target lighting_node
[1.350s] Invoked command in '/home/dimash/debug_clear_ws/build/clearpath_platform' returned '0': CMAKE_PREFIX_PATH=/home/dimash/debug_clear_ws/install/clearpath_platform_msgs:/home/dimash/debug_clear_ws/install/clearpath_platform_description:/home/dimash/debug_clear_ws/install/clearpath_control:/home/dimash/debug_clear_ws/install/yolo_bringup:/home/dimash/debug_clear_ws/install/mpc_low:/home/dimash/debug_clear_ws/install/yolo_msgs:/home/dimash/debug_clear_ws/install/point_cloud_debug:/home/dimash/debug_clear_ws/install/move_model_plugin:/home/dimash/debug_clear_ws/install/clearpath_simulator:/home/dimash/debug_clear_ws/install/clearpath_gz:/home/dimash/debug_clear_ws/install/clearpath_generator_gz:/home/dimash/debug_clear_ws/install/clearpath_common:/home/dimash/debug_clear_ws/install/clearpath_generator_common:/home/dimash/debug_clear_ws/install/clearpath_description:/home/dimash/debug_clear_ws/install/clearpath_sensors_description:/home/dimash/debug_clear_ws/install/clearpath_platform:/home/dimash/debug_clear_ws/install/clearpath_msgs:/home/dimash/debug_clear_ws/install/clearpath_nav2_demos:/home/dimash/debug_clear_ws/install/clearpath_mounts_description:/home/dimash/debug_clear_ws/install/clearpath_manipulators:/home/dimash/debug_clear_ws/install/clearpath_manipulators_description:/home/dimash/debug_clear_ws/install/clearpath_customization:/home/dimash/debug_clear_ws/install/yolo_ros:/home/dimash/debug_clear_ws/install/person_movement:/home/dimash/debug_clear_ws/install/clearpath_config:/opt/ros/humble LD_LIBRARY_PATH=/home/dimash/debug_clear_ws/install/clearpath_platform_msgs/lib:/home/dimash/debug_clear_ws/install/mpc_low/lib:/home/dimash/debug_clear_ws/install/yolo_msgs/lib:/home/dimash/debug_clear_ws/install/move_model_plugin/lib:/home/dimash/debug_clear_ws/install/clearpath_platform/lib:/opt/ros/humble/opt/rviz_ogre_vendor/lib:/opt/ros/humble/lib/x86_64-linux-gnu:/opt/ros/humble/lib:/home/dimash/acados/lib:/home/dimash/acados/lib /usr/bin/cmake --build /home/dimash/debug_clear_ws/build/clearpath_platform -- -j8 -l8
[1.355s] Invoking command in '/home/dimash/debug_clear_ws/build/clearpath_platform': CMAKE_PREFIX_PATH=/home/dimash/debug_clear_ws/install/clearpath_platform_msgs:/home/dimash/debug_clear_ws/install/clearpath_platform_description:/home/dimash/debug_clear_ws/install/clearpath_control:/home/dimash/debug_clear_ws/install/yolo_bringup:/home/dimash/debug_clear_ws/install/mpc_low:/home/dimash/debug_clear_ws/install/yolo_msgs:/home/dimash/debug_clear_ws/install/point_cloud_debug:/home/dimash/debug_clear_ws/install/move_model_plugin:/home/dimash/debug_clear_ws/install/clearpath_simulator:/home/dimash/debug_clear_ws/install/clearpath_gz:/home/dimash/debug_clear_ws/install/clearpath_generator_gz:/home/dimash/debug_clear_ws/install/clearpath_common:/home/dimash/debug_clear_ws/install/clearpath_generator_common:/home/dimash/debug_clear_ws/install/clearpath_description:/home/dimash/debug_clear_ws/install/clearpath_sensors_description:/home/dimash/debug_clear_ws/install/clearpath_platform:/home/dimash/debug_clear_ws/install/clearpath_msgs:/home/dimash/debug_clear_ws/install/clearpath_nav2_demos:/home/dimash/debug_clear_ws/install/clearpath_mounts_description:/home/dimash/debug_clear_ws/install/clearpath_manipulators:/home/dimash/debug_clear_ws/install/clearpath_manipulators_description:/home/dimash/debug_clear_ws/install/clearpath_customization:/home/dimash/debug_clear_ws/install/yolo_ros:/home/dimash/debug_clear_ws/install/person_movement:/home/dimash/debug_clear_ws/install/clearpath_config:/opt/ros/humble LD_LIBRARY_PATH=/home/dimash/debug_clear_ws/install/clearpath_platform_msgs/lib:/home/dimash/debug_clear_ws/install/mpc_low/lib:/home/dimash/debug_clear_ws/install/yolo_msgs/lib:/home/dimash/debug_clear_ws/install/move_model_plugin/lib:/home/dimash/debug_clear_ws/install/clearpath_platform/lib:/opt/ros/humble/opt/rviz_ogre_vendor/lib:/opt/ros/humble/lib/x86_64-linux-gnu:/opt/ros/humble/lib:/home/dimash/acados/lib:/home/dimash/acados/lib /usr/bin/cmake --install /home/dimash/debug_clear_ws/build/clearpath_platform
[1.396s] -- Install configuration: ""
[1.396s] -- Up-to-date: /home/dimash/debug_clear_ws/install/clearpath_platform/share/clearpath_platform/src/a200/hardware.xml
[1.397s] -- Up-to-date: /home/dimash/debug_clear_ws/install/clearpath_platform/share/clearpath_platform/src/j100/hardware.xml
[1.397s] -- Up-to-date: /home/dimash/debug_clear_ws/install/clearpath_platform/share/clearpath_platform/src/w200/hardware.xml
[1.397s] -- Up-to-date: /home/dimash/debug_clear_ws/install/clearpath_platform/share/clearpath_platform/src/puma/hardware.xml
[1.398s] -- Up-to-date: /home/dimash/debug_clear_ws/install/clearpath_platform/lib/liba200_hardware.so
[1.398s] -- Up-to-date: /home/dimash/debug_clear_ws/install/clearpath_platform/lib/libj100_hardware.so
[1.398s] -- Up-to-date: /home/dimash/debug_clear_ws/install/clearpath_platform/lib/libw200_hardware.so
[1.398s] -- Up-to-date: /home/dimash/debug_clear_ws/install/clearpath_platform/lib/libpuma_hardware.so
[1.398s] -- Up-to-date: /home/dimash/debug_clear_ws/install/clearpath_platform/lib/clearpath_platform/lighting_node
[1.398s] -- Up-to-date: /home/dimash/debug_clear_ws/install/clearpath_platform/lib/libclearpath_platform_lighting.so
[1.398s] -- Up-to-date: /home/dimash/debug_clear_ws/install/clearpath_platform/include
[1.398s] -- Up-to-date: /home/dimash/debug_clear_ws/install/clearpath_platform/include/clearpath_platform
[1.398s] -- Up-to-date: /home/dimash/debug_clear_ws/install/clearpath_platform/include/clearpath_platform/diff_drive
[1.399s] -- Up-to-date: /home/dimash/debug_clear_ws/install/clearpath_platform/include/clearpath_platform/diff_drive/hardware_interface.hpp
[1.399s] -- Up-to-date: /home/dimash/debug_clear_ws/install/clearpath_platform/include/clearpath_platform/diff_drive/hardware.hpp
[1.399s] -- Up-to-date: /home/dimash/debug_clear_ws/install/clearpath_platform/include/clearpath_platform/j100
[1.399s] -- Up-to-date: /home/dimash/debug_clear_ws/install/clearpath_platform/include/clearpath_platform/j100/hardware_interface.hpp
[1.399s] -- Up-to-date: /home/dimash/debug_clear_ws/install/clearpath_platform/include/clearpath_platform/j100/hardware.hpp
[1.399s] -- Up-to-date: /home/dimash/debug_clear_ws/install/clearpath_platform/include/clearpath_platform/a200
[1.399s] -- Up-to-date: /home/dimash/debug_clear_ws/install/clearpath_platform/include/clearpath_platform/a200/horizon_legacy
[1.399s] -- Up-to-date: /home/dimash/debug_clear_ws/install/clearpath_platform/include/clearpath_platform/a200/horizon_legacy/Transport.h
[1.399s] -- Up-to-date: /home/dimash/debug_clear_ws/install/clearpath_platform/include/clearpath_platform/a200/horizon_legacy/clearpath.h
[1.400s] -- Up-to-date: /home/dimash/debug_clear_ws/install/clearpath_platform/include/clearpath_platform/a200/horizon_legacy/horizon_legacy_wrapper.h
[1.400s] -- Up-to-date: /home/dimash/debug_clear_ws/install/clearpath_platform/include/clearpath_platform/a200/horizon_legacy/Message_request.h
[1.400s] -- Up-to-date: /home/dimash/debug_clear_ws/install/clearpath_platform/include/clearpath_platform/a200/horizon_legacy/Message_cmd.h
[1.400s] -- Up-to-date: /home/dimash/debug_clear_ws/install/clearpath_platform/include/clearpath_platform/a200/horizon_legacy/Logger.h
[1.400s] -- Up-to-date: /home/dimash/debug_clear_ws/install/clearpath_platform/include/clearpath_platform/a200/horizon_legacy/crc.h
[1.400s] -- Up-to-date: /home/dimash/debug_clear_ws/install/clearpath_platform/include/clearpath_platform/a200/horizon_legacy/serial.h
[1.400s] -- Up-to-date: /home/dimash/debug_clear_ws/install/clearpath_platform/include/clearpath_platform/a200/horizon_legacy/Exception.h
[1.400s] -- Up-to-date: /home/dimash/debug_clear_ws/install/clearpath_platform/include/clearpath_platform/a200/horizon_legacy/Number.h
[1.400s] -- Up-to-date: /home/dimash/debug_clear_ws/install/clearpath_platform/include/clearpath_platform/a200/horizon_legacy/Message_data.h
[1.400s] -- Up-to-date: /home/dimash/debug_clear_ws/install/clearpath_platform/include/clearpath_platform/a200/horizon_legacy/Message.h
[1.401s] -- Up-to-date: /home/dimash/debug_clear_ws/install/clearpath_platform/include/clearpath_platform/a200/hardware.hpp
[1.401s] -- Up-to-date: /home/dimash/debug_clear_ws/install/clearpath_platform/include/clearpath_platform/a200/status.hpp
[1.401s] -- Up-to-date: /home/dimash/debug_clear_ws/install/clearpath_platform/include/clearpath_platform/puma
[1.401s] -- Up-to-date: /home/dimash/debug_clear_ws/install/clearpath_platform/include/clearpath_platform/puma/hardware_interface.hpp
[1.401s] -- Up-to-date: /home/dimash/debug_clear_ws/install/clearpath_platform/include/clearpath_platform/puma/hardware.hpp
[1.401s] -- Up-to-date: /home/dimash/debug_clear_ws/install/clearpath_platform/include/clearpath_platform/w200
[1.401s] -- Up-to-date: /home/dimash/debug_clear_ws/install/clearpath_platform/include/clearpath_platform/w200/hardware_interface.hpp
[1.401s] -- Up-to-date: /home/dimash/debug_clear_ws/install/clearpath_platform/include/clearpath_platform/w200/hardware.hpp
[1.401s] -- Up-to-date: /home/dimash/debug_clear_ws/install/clearpath_platform/include/clearpath_platform/lighting
[1.401s] -- Up-to-date: /home/dimash/debug_clear_ws/install/clearpath_platform/include/clearpath_platform/lighting/color.hpp
[1.401s] -- Up-to-date: /home/dimash/debug_clear_ws/install/clearpath_platform/include/clearpath_platform/lighting/platform.hpp
[1.402s] -- Up-to-date: /home/dimash/debug_clear_ws/install/clearpath_platform/include/clearpath_platform/lighting/lighting.hpp
[1.402s] -- Up-to-date: /home/dimash/debug_clear_ws/install/clearpath_platform/include/clearpath_platform/lighting/sequence.hpp
[1.402s] -- Up-to-date: /home/dimash/debug_clear_ws/install/clearpath_platform/share/clearpath_platform/config
[1.402s] -- Up-to-date: /home/dimash/debug_clear_ws/install/clearpath_platform/share/clearpath_platform/config/imu_filter.yaml
[1.402s] -- Up-to-date: /home/dimash/debug_clear_ws/install/clearpath_platform/share/clearpath_platform/launch
[1.402s] -- Up-to-date: /home/dimash/debug_clear_ws/install/clearpath_platform/share/clearpath_platform/launch/platform.launch.py
[1.402s] -- Up-to-date: /home/dimash/debug_clear_ws/install/clearpath_platform/share/clearpath_platform/environment/library_path.sh
[1.402s] -- Up-to-date: /home/dimash/debug_clear_ws/install/clearpath_platform/share/clearpath_platform/environment/library_path.dsv
[1.405s] -- Up-to-date: /home/dimash/debug_clear_ws/install/clearpath_platform/share/ament_index/resource_index/package_run_dependencies/clearpath_platform
[1.405s] -- Up-to-date: /home/dimash/debug_clear_ws/install/clearpath_platform/share/ament_index/resource_index/parent_prefix_path/clearpath_platform
[1.406s] -- Up-to-date: /home/dimash/debug_clear_ws/install/clearpath_platform/share/clearpath_platform/environment/ament_prefix_path.sh
[1.406s] -- Up-to-date: /home/dimash/debug_clear_ws/install/clearpath_platform/share/clearpath_platform/environment/ament_prefix_path.dsv
[1.407s] -- Up-to-date: /home/dimash/debug_clear_ws/install/clearpath_platform/share/clearpath_platform/environment/path.sh
[1.409s] -- Up-to-date: /home/dimash/debug_clear_ws/install/clearpath_platform/share/clearpath_platform/environment/path.dsv
[1.409s] -- Up-to-date: /home/dimash/debug_clear_ws/install/clearpath_platform/share/clearpath_platform/local_setup.bash
[1.409s] -- Up-to-date: /home/dimash/debug_clear_ws/install/clearpath_platform/share/clearpath_platform/local_setup.sh
[1.409s] -- Up-to-date: /home/dimash/debug_clear_ws/install/clearpath_platform/share/clearpath_platform/local_setup.zsh
[1.409s] -- Up-to-date: /home/dimash/debug_clear_ws/install/clearpath_platform/share/clearpath_platform/local_setup.dsv
[1.409s] -- Installing: /home/dimash/debug_clear_ws/install/clearpath_platform/share/clearpath_platform/package.dsv
[1.409s] -- Up-to-date: /home/dimash/debug_clear_ws/install/clearpath_platform/share/ament_index/resource_index/packages/clearpath_platform
[1.410s] -- Up-to-date: /home/dimash/debug_clear_ws/install/clearpath_platform/share/ament_index/resource_index/hardware_interface__pluginlib__plugin/clearpath_platform
[1.410s] -- Up-to-date: /home/dimash/debug_clear_ws/install/clearpath_platform/share/clearpath_platform/cmake/ament_cmake_export_include_directories-extras.cmake
[1.410s] -- Up-to-date: /home/dimash/debug_clear_ws/install/clearpath_platform/share/clearpath_platform/cmake/ament_cmake_export_libraries-extras.cmake
[1.410s] -- Up-to-date: /home/dimash/debug_clear_ws/install/clearpath_platform/share/clearpath_platform/cmake/ament_cmake_export_dependencies-extras.cmake
[1.410s] -- Up-to-date: /home/dimash/debug_clear_ws/install/clearpath_platform/share/clearpath_platform/cmake/clearpath_platformConfig.cmake
[1.410s] -- Up-to-date: /home/dimash/debug_clear_ws/install/clearpath_platform/share/clearpath_platform/cmake/clearpath_platformConfig-version.cmake
[1.410s] -- Up-to-date: /home/dimash/debug_clear_ws/install/clearpath_platform/share/clearpath_platform/package.xml
[1.423s] Invoked command in '/home/dimash/debug_clear_ws/build/clearpath_platform' returned '0': CMAKE_PREFIX_PATH=/home/dimash/debug_clear_ws/install/clearpath_platform_msgs:/home/dimash/debug_clear_ws/install/clearpath_platform_description:/home/dimash/debug_clear_ws/install/clearpath_control:/home/dimash/debug_clear_ws/install/yolo_bringup:/home/dimash/debug_clear_ws/install/mpc_low:/home/dimash/debug_clear_ws/install/yolo_msgs:/home/dimash/debug_clear_ws/install/point_cloud_debug:/home/dimash/debug_clear_ws/install/move_model_plugin:/home/dimash/debug_clear_ws/install/clearpath_simulator:/home/dimash/debug_clear_ws/install/clearpath_gz:/home/dimash/debug_clear_ws/install/clearpath_generator_gz:/home/dimash/debug_clear_ws/install/clearpath_common:/home/dimash/debug_clear_ws/install/clearpath_generator_common:/home/dimash/debug_clear_ws/install/clearpath_description:/home/dimash/debug_clear_ws/install/clearpath_sensors_description:/home/dimash/debug_clear_ws/install/clearpath_platform:/home/dimash/debug_clear_ws/install/clearpath_msgs:/home/dimash/debug_clear_ws/install/clearpath_nav2_demos:/home/dimash/debug_clear_ws/install/clearpath_mounts_description:/home/dimash/debug_clear_ws/install/clearpath_manipulators:/home/dimash/debug_clear_ws/install/clearpath_manipulators_description:/home/dimash/debug_clear_ws/install/clearpath_customization:/home/dimash/debug_clear_ws/install/yolo_ros:/home/dimash/debug_clear_ws/install/person_movement:/home/dimash/debug_clear_ws/install/clearpath_config:/opt/ros/humble LD_LIBRARY_PATH=/home/dimash/debug_clear_ws/install/clearpath_platform_msgs/lib:/home/dimash/debug_clear_ws/install/mpc_low/lib:/home/dimash/debug_clear_ws/install/yolo_msgs/lib:/home/dimash/debug_clear_ws/install/move_model_plugin/lib:/home/dimash/debug_clear_ws/install/clearpath_platform/lib:/opt/ros/humble/opt/rviz_ogre_vendor/lib:/opt/ros/humble/lib/x86_64-linux-gnu:/opt/ros/humble/lib:/home/dimash/acados/lib:/home/dimash/acados/lib /usr/bin/cmake --install /home/dimash/debug_clear_ws/build/clearpath_platform
