[0.013s] Invoking command in '/home/dimash/debug_clear_ws/build/clearpath_nav2_demos': AMENT_PREFIX_PATH=/home/dimash/debug_clear_ws/install/clearpath_config:/home/dimash/debug_clear_ws/install/yolo_bringup:/home/dimash/debug_clear_ws/install/yolo_ros:/home/dimash/debug_clear_ws/install/yolo_msgs:/home/dimash/debug_clear_ws/install/point_cloud_debug:/home/dimash/debug_clear_ws/install/mpc_low:/home/dimash/debug_clear_ws/install/clearpath_simulator:/home/dimash/debug_clear_ws/install/clearpath_gz:/home/dimash/debug_clear_ws/install/clearpath_generator_gz:/home/dimash/debug_clear_ws/install/clearpath_common:/home/dimash/debug_clear_ws/install/clearpath_generator_common:/home/dimash/debug_clear_ws/install/clearpath_description:/home/dimash/debug_clear_ws/install/clearpath_sensors_description:/home/dimash/debug_clear_ws/install/clearpath_platform:/home/dimash/debug_clear_ws/install/clearpath_msgs:/home/dimash/debug_clear_ws/install/clearpath_platform_msgs:/home/dimash/debug_clear_ws/install/clearpath_platform_description:/home/dimash/debug_clear_ws/install/clearpath_nav2_demos:/home/dimash/debug_clear_ws/install/clearpath_mounts_description:/home/dimash/debug_clear_ws/install/clearpath_manipulators:/home/dimash/debug_clear_ws/install/clearpath_manipulators_description:/home/dimash/debug_clear_ws/install/clearpath_customization:/home/dimash/debug_clear_ws/install/clearpath_control:/opt/ros/humble CMAKE_PREFIX_PATH=${CMAKE_PREFIX_PATH}:/home/dimash/debug_clear_ws/install/yolo_ros:/home/dimash/debug_clear_ws/install/clearpath_config:/opt/ros/humble PYTHONPATH=/home/dimash/debug_clear_ws/install/clearpath_config/lib/python3.10/site-packages:/home/dimash/debug_clear_ws/install/yolo_ros/lib/python3.10/site-packages:/home/dimash/debug_clear_ws/install/yolo_msgs/local/lib/python3.10/dist-packages:/home/dimash/debug_clear_ws/install/clearpath_generator_gz/local/lib/python3.10/dist-packages:/home/dimash/debug_clear_ws/install/clearpath_generator_common/local/lib/python3.10/dist-packages:/home/dimash/debug_clear_ws/install/clearpath_platform_msgs/local/lib/python3.10/dist-packages:/opt/ros/humble/lib/python3.10/site-packages:/opt/ros/humble/local/lib/python3.10/dist-packages:/home/dimash/acados/lib:/home/dimash/acados/lib:/home/dimash/acados/lib:/home/dimash/acados/lib /usr/bin/cmake /home/dimash/debug_clear_ws/src/clearpath_nav2_demos -DCMAKE_INSTALL_PREFIX=/home/dimash/debug_clear_ws/install/clearpath_nav2_demos
[0.495s] -- The C compiler identification is GNU 11.4.0
[0.496s] -- The CXX compiler identification is GNU 11.4.0
[0.496s] -- Detecting C compiler ABI info
[0.496s] -- Detecting C compiler ABI info - done
[0.496s] -- Check for working C compiler: /usr/bin/cc - skipped
[0.496s] -- Detecting C compile features
[0.496s] -- Detecting C compile features - done
[0.496s] -- Detecting CXX compiler ABI info
[0.527s] -- Detecting CXX compiler ABI info - done
[0.543s] -- Check for working CXX compiler: /usr/bin/c++ - skipped
[0.544s] -- Detecting CXX compile features
[0.545s] -- Detecting CXX compile features - done
[0.553s] -- Found ament_cmake: 1.3.11 (/opt/ros/humble/share/ament_cmake/cmake)
[0.797s] -- Found Python3: /usr/bin/python3 (found version "3.10.12") found components: Interpreter 
[0.933s] -- Found ament_lint_auto: 0.12.11 (/opt/ros/humble/share/ament_lint_auto/cmake)
[1.047s] -- Added test 'flake8' to check Python code syntax and style conventions
[1.049s] -- Added test 'lint_cmake' to check CMake code style
[1.050s] -- Added test 'pep257' to check Python code against some of the docstring style conventions in PEP 257
[1.054s] -- Added test 'xmllint' to check XML markup files
[1.056s] -- Configuring done
[1.059s] -- Generating done
[1.060s] -- Build files have been written to: /home/dimash/debug_clear_ws/build/clearpath_nav2_demos
[1.065s] Invoked command in '/home/dimash/debug_clear_ws/build/clearpath_nav2_demos' returned '0': AMENT_PREFIX_PATH=/home/dimash/debug_clear_ws/install/clearpath_config:/home/dimash/debug_clear_ws/install/yolo_bringup:/home/dimash/debug_clear_ws/install/yolo_ros:/home/dimash/debug_clear_ws/install/yolo_msgs:/home/dimash/debug_clear_ws/install/point_cloud_debug:/home/dimash/debug_clear_ws/install/mpc_low:/home/dimash/debug_clear_ws/install/clearpath_simulator:/home/dimash/debug_clear_ws/install/clearpath_gz:/home/dimash/debug_clear_ws/install/clearpath_generator_gz:/home/dimash/debug_clear_ws/install/clearpath_common:/home/dimash/debug_clear_ws/install/clearpath_generator_common:/home/dimash/debug_clear_ws/install/clearpath_description:/home/dimash/debug_clear_ws/install/clearpath_sensors_description:/home/dimash/debug_clear_ws/install/clearpath_platform:/home/dimash/debug_clear_ws/install/clearpath_msgs:/home/dimash/debug_clear_ws/install/clearpath_platform_msgs:/home/dimash/debug_clear_ws/install/clearpath_platform_description:/home/dimash/debug_clear_ws/install/clearpath_nav2_demos:/home/dimash/debug_clear_ws/install/clearpath_mounts_description:/home/dimash/debug_clear_ws/install/clearpath_manipulators:/home/dimash/debug_clear_ws/install/clearpath_manipulators_description:/home/dimash/debug_clear_ws/install/clearpath_customization:/home/dimash/debug_clear_ws/install/clearpath_control:/opt/ros/humble CMAKE_PREFIX_PATH=${CMAKE_PREFIX_PATH}:/home/dimash/debug_clear_ws/install/yolo_ros:/home/dimash/debug_clear_ws/install/clearpath_config:/opt/ros/humble PYTHONPATH=/home/dimash/debug_clear_ws/install/clearpath_config/lib/python3.10/site-packages:/home/dimash/debug_clear_ws/install/yolo_ros/lib/python3.10/site-packages:/home/dimash/debug_clear_ws/install/yolo_msgs/local/lib/python3.10/dist-packages:/home/dimash/debug_clear_ws/install/clearpath_generator_gz/local/lib/python3.10/dist-packages:/home/dimash/debug_clear_ws/install/clearpath_generator_common/local/lib/python3.10/dist-packages:/home/dimash/debug_clear_ws/install/clearpath_platform_msgs/local/lib/python3.10/dist-packages:/opt/ros/humble/lib/python3.10/site-packages:/opt/ros/humble/local/lib/python3.10/dist-packages:/home/dimash/acados/lib:/home/dimash/acados/lib:/home/dimash/acados/lib:/home/dimash/acados/lib /usr/bin/cmake /home/dimash/debug_clear_ws/src/clearpath_nav2_demos -DCMAKE_INSTALL_PREFIX=/home/dimash/debug_clear_ws/install/clearpath_nav2_demos
[1.066s] Invoking command in '/home/dimash/debug_clear_ws/build/clearpath_nav2_demos': AMENT_PREFIX_PATH=/home/dimash/debug_clear_ws/install/clearpath_config:/home/dimash/debug_clear_ws/install/yolo_bringup:/home/dimash/debug_clear_ws/install/yolo_ros:/home/dimash/debug_clear_ws/install/yolo_msgs:/home/dimash/debug_clear_ws/install/point_cloud_debug:/home/dimash/debug_clear_ws/install/mpc_low:/home/dimash/debug_clear_ws/install/clearpath_simulator:/home/dimash/debug_clear_ws/install/clearpath_gz:/home/dimash/debug_clear_ws/install/clearpath_generator_gz:/home/dimash/debug_clear_ws/install/clearpath_common:/home/dimash/debug_clear_ws/install/clearpath_generator_common:/home/dimash/debug_clear_ws/install/clearpath_description:/home/dimash/debug_clear_ws/install/clearpath_sensors_description:/home/dimash/debug_clear_ws/install/clearpath_platform:/home/dimash/debug_clear_ws/install/clearpath_msgs:/home/dimash/debug_clear_ws/install/clearpath_platform_msgs:/home/dimash/debug_clear_ws/install/clearpath_platform_description:/home/dimash/debug_clear_ws/install/clearpath_nav2_demos:/home/dimash/debug_clear_ws/install/clearpath_mounts_description:/home/dimash/debug_clear_ws/install/clearpath_manipulators:/home/dimash/debug_clear_ws/install/clearpath_manipulators_description:/home/dimash/debug_clear_ws/install/clearpath_customization:/home/dimash/debug_clear_ws/install/clearpath_control:/opt/ros/humble CMAKE_PREFIX_PATH=${CMAKE_PREFIX_PATH}:/home/dimash/debug_clear_ws/install/yolo_ros:/home/dimash/debug_clear_ws/install/clearpath_config:/opt/ros/humble PYTHONPATH=/home/dimash/debug_clear_ws/install/clearpath_config/lib/python3.10/site-packages:/home/dimash/debug_clear_ws/install/yolo_ros/lib/python3.10/site-packages:/home/dimash/debug_clear_ws/install/yolo_msgs/local/lib/python3.10/dist-packages:/home/dimash/debug_clear_ws/install/clearpath_generator_gz/local/lib/python3.10/dist-packages:/home/dimash/debug_clear_ws/install/clearpath_generator_common/local/lib/python3.10/dist-packages:/home/dimash/debug_clear_ws/install/clearpath_platform_msgs/local/lib/python3.10/dist-packages:/opt/ros/humble/lib/python3.10/site-packages:/opt/ros/humble/local/lib/python3.10/dist-packages:/home/dimash/acados/lib:/home/dimash/acados/lib:/home/dimash/acados/lib:/home/dimash/acados/lib /usr/bin/cmake --build /home/dimash/debug_clear_ws/build/clearpath_nav2_demos -- -j8 -l8
[1.103s] Invoked command in '/home/dimash/debug_clear_ws/build/clearpath_nav2_demos' returned '0': AMENT_PREFIX_PATH=/home/dimash/debug_clear_ws/install/clearpath_config:/home/dimash/debug_clear_ws/install/yolo_bringup:/home/dimash/debug_clear_ws/install/yolo_ros:/home/dimash/debug_clear_ws/install/yolo_msgs:/home/dimash/debug_clear_ws/install/point_cloud_debug:/home/dimash/debug_clear_ws/install/mpc_low:/home/dimash/debug_clear_ws/install/clearpath_simulator:/home/dimash/debug_clear_ws/install/clearpath_gz:/home/dimash/debug_clear_ws/install/clearpath_generator_gz:/home/dimash/debug_clear_ws/install/clearpath_common:/home/dimash/debug_clear_ws/install/clearpath_generator_common:/home/dimash/debug_clear_ws/install/clearpath_description:/home/dimash/debug_clear_ws/install/clearpath_sensors_description:/home/dimash/debug_clear_ws/install/clearpath_platform:/home/dimash/debug_clear_ws/install/clearpath_msgs:/home/dimash/debug_clear_ws/install/clearpath_platform_msgs:/home/dimash/debug_clear_ws/install/clearpath_platform_description:/home/dimash/debug_clear_ws/install/clearpath_nav2_demos:/home/dimash/debug_clear_ws/install/clearpath_mounts_description:/home/dimash/debug_clear_ws/install/clearpath_manipulators:/home/dimash/debug_clear_ws/install/clearpath_manipulators_description:/home/dimash/debug_clear_ws/install/clearpath_customization:/home/dimash/debug_clear_ws/install/clearpath_control:/opt/ros/humble CMAKE_PREFIX_PATH=${CMAKE_PREFIX_PATH}:/home/dimash/debug_clear_ws/install/yolo_ros:/home/dimash/debug_clear_ws/install/clearpath_config:/opt/ros/humble PYTHONPATH=/home/dimash/debug_clear_ws/install/clearpath_config/lib/python3.10/site-packages:/home/dimash/debug_clear_ws/install/yolo_ros/lib/python3.10/site-packages:/home/dimash/debug_clear_ws/install/yolo_msgs/local/lib/python3.10/dist-packages:/home/dimash/debug_clear_ws/install/clearpath_generator_gz/local/lib/python3.10/dist-packages:/home/dimash/debug_clear_ws/install/clearpath_generator_common/local/lib/python3.10/dist-packages:/home/dimash/debug_clear_ws/install/clearpath_platform_msgs/local/lib/python3.10/dist-packages:/opt/ros/humble/lib/python3.10/site-packages:/opt/ros/humble/local/lib/python3.10/dist-packages:/home/dimash/acados/lib:/home/dimash/acados/lib:/home/dimash/acados/lib:/home/dimash/acados/lib /usr/bin/cmake --build /home/dimash/debug_clear_ws/build/clearpath_nav2_demos -- -j8 -l8
[1.105s] Invoking command in '/home/dimash/debug_clear_ws/build/clearpath_nav2_demos': AMENT_PREFIX_PATH=/home/dimash/debug_clear_ws/install/clearpath_config:/home/dimash/debug_clear_ws/install/yolo_bringup:/home/dimash/debug_clear_ws/install/yolo_ros:/home/dimash/debug_clear_ws/install/yolo_msgs:/home/dimash/debug_clear_ws/install/point_cloud_debug:/home/dimash/debug_clear_ws/install/mpc_low:/home/dimash/debug_clear_ws/install/clearpath_simulator:/home/dimash/debug_clear_ws/install/clearpath_gz:/home/dimash/debug_clear_ws/install/clearpath_generator_gz:/home/dimash/debug_clear_ws/install/clearpath_common:/home/dimash/debug_clear_ws/install/clearpath_generator_common:/home/dimash/debug_clear_ws/install/clearpath_description:/home/dimash/debug_clear_ws/install/clearpath_sensors_description:/home/dimash/debug_clear_ws/install/clearpath_platform:/home/dimash/debug_clear_ws/install/clearpath_msgs:/home/dimash/debug_clear_ws/install/clearpath_platform_msgs:/home/dimash/debug_clear_ws/install/clearpath_platform_description:/home/dimash/debug_clear_ws/install/clearpath_nav2_demos:/home/dimash/debug_clear_ws/install/clearpath_mounts_description:/home/dimash/debug_clear_ws/install/clearpath_manipulators:/home/dimash/debug_clear_ws/install/clearpath_manipulators_description:/home/dimash/debug_clear_ws/install/clearpath_customization:/home/dimash/debug_clear_ws/install/clearpath_control:/opt/ros/humble CMAKE_PREFIX_PATH=${CMAKE_PREFIX_PATH}:/home/dimash/debug_clear_ws/install/yolo_ros:/home/dimash/debug_clear_ws/install/clearpath_config:/opt/ros/humble PYTHONPATH=/home/dimash/debug_clear_ws/install/clearpath_config/lib/python3.10/site-packages:/home/dimash/debug_clear_ws/install/yolo_ros/lib/python3.10/site-packages:/home/dimash/debug_clear_ws/install/yolo_msgs/local/lib/python3.10/dist-packages:/home/dimash/debug_clear_ws/install/clearpath_generator_gz/local/lib/python3.10/dist-packages:/home/dimash/debug_clear_ws/install/clearpath_generator_common/local/lib/python3.10/dist-packages:/home/dimash/debug_clear_ws/install/clearpath_platform_msgs/local/lib/python3.10/dist-packages:/opt/ros/humble/lib/python3.10/site-packages:/opt/ros/humble/local/lib/python3.10/dist-packages:/home/dimash/acados/lib:/home/dimash/acados/lib:/home/dimash/acados/lib:/home/dimash/acados/lib /usr/bin/cmake --install /home/dimash/debug_clear_ws/build/clearpath_nav2_demos
[1.112s] -- Install configuration: ""
[1.112s] -- Installing: /home/dimash/debug_clear_ws/install/clearpath_nav2_demos/share/clearpath_nav2_demos/config
[1.112s] -- Installing: /home/dimash/debug_clear_ws/install/clearpath_nav2_demos/share/clearpath_nav2_demos/config/r100
[1.113s] -- Installing: /home/dimash/debug_clear_ws/install/clearpath_nav2_demos/share/clearpath_nav2_demos/config/r100/slam.yaml
[1.113s] -- Installing: /home/dimash/debug_clear_ws/install/clearpath_nav2_demos/share/clearpath_nav2_demos/config/r100/nav2.yaml
[1.113s] -- Installing: /home/dimash/debug_clear_ws/install/clearpath_nav2_demos/share/clearpath_nav2_demos/config/r100/localization.yaml
[1.113s] -- Installing: /home/dimash/debug_clear_ws/install/clearpath_nav2_demos/share/clearpath_nav2_demos/config/j100
[1.113s] -- Installing: /home/dimash/debug_clear_ws/install/clearpath_nav2_demos/share/clearpath_nav2_demos/config/j100/nav2 copy.yaml
[1.114s] -- Installing: /home/dimash/debug_clear_ws/install/clearpath_nav2_demos/share/clearpath_nav2_demos/config/j100/slam.yaml
[1.114s] -- Installing: /home/dimash/debug_clear_ws/install/clearpath_nav2_demos/share/clearpath_nav2_demos/config/j100/nav2.yaml
[1.114s] -- Installing: /home/dimash/debug_clear_ws/install/clearpath_nav2_demos/share/clearpath_nav2_demos/config/j100/localization.yaml
[1.114s] -- Installing: /home/dimash/debug_clear_ws/install/clearpath_nav2_demos/share/clearpath_nav2_demos/config/dd150
[1.115s] -- Installing: /home/dimash/debug_clear_ws/install/clearpath_nav2_demos/share/clearpath_nav2_demos/config/dd150/slam.yaml
[1.115s] -- Installing: /home/dimash/debug_clear_ws/install/clearpath_nav2_demos/share/clearpath_nav2_demos/config/dd150/nav2.yaml
[1.115s] -- Installing: /home/dimash/debug_clear_ws/install/clearpath_nav2_demos/share/clearpath_nav2_demos/config/dd150/localization.yaml
[1.115s] -- Installing: /home/dimash/debug_clear_ws/install/clearpath_nav2_demos/share/clearpath_nav2_demos/config/a200
[1.115s] -- Installing: /home/dimash/debug_clear_ws/install/clearpath_nav2_demos/share/clearpath_nav2_demos/config/a200/slam.yaml
[1.115s] -- Installing: /home/dimash/debug_clear_ws/install/clearpath_nav2_demos/share/clearpath_nav2_demos/config/a200/nav2.yaml
[1.116s] -- Installing: /home/dimash/debug_clear_ws/install/clearpath_nav2_demos/share/clearpath_nav2_demos/config/a200/localization.yaml
[1.116s] -- Installing: /home/dimash/debug_clear_ws/install/clearpath_nav2_demos/share/clearpath_nav2_demos/config/dd100
[1.116s] -- Installing: /home/dimash/debug_clear_ws/install/clearpath_nav2_demos/share/clearpath_nav2_demos/config/dd100/slam.yaml
[1.116s] -- Installing: /home/dimash/debug_clear_ws/install/clearpath_nav2_demos/share/clearpath_nav2_demos/config/dd100/nav2.yaml
[1.116s] -- Installing: /home/dimash/debug_clear_ws/install/clearpath_nav2_demos/share/clearpath_nav2_demos/config/dd100/localization.yaml
[1.117s] -- Installing: /home/dimash/debug_clear_ws/install/clearpath_nav2_demos/share/clearpath_nav2_demos/config/do100
[1.117s] -- Installing: /home/dimash/debug_clear_ws/install/clearpath_nav2_demos/share/clearpath_nav2_demos/config/do100/slam.yaml
[1.117s] -- Installing: /home/dimash/debug_clear_ws/install/clearpath_nav2_demos/share/clearpath_nav2_demos/config/do100/nav2.yaml
[1.117s] -- Installing: /home/dimash/debug_clear_ws/install/clearpath_nav2_demos/share/clearpath_nav2_demos/config/do100/localization.yaml
[1.118s] -- Installing: /home/dimash/debug_clear_ws/install/clearpath_nav2_demos/share/clearpath_nav2_demos/config/w200
[1.118s] -- Installing: /home/dimash/debug_clear_ws/install/clearpath_nav2_demos/share/clearpath_nav2_demos/config/w200/slam.yaml
[1.118s] -- Installing: /home/dimash/debug_clear_ws/install/clearpath_nav2_demos/share/clearpath_nav2_demos/config/w200/nav2.yaml
[1.118s] -- Installing: /home/dimash/debug_clear_ws/install/clearpath_nav2_demos/share/clearpath_nav2_demos/config/w200/localization.yaml
[1.118s] -- Installing: /home/dimash/debug_clear_ws/install/clearpath_nav2_demos/share/clearpath_nav2_demos/config/do150
[1.118s] -- Installing: /home/dimash/debug_clear_ws/install/clearpath_nav2_demos/share/clearpath_nav2_demos/config/do150/slam.yaml
[1.119s] -- Installing: /home/dimash/debug_clear_ws/install/clearpath_nav2_demos/share/clearpath_nav2_demos/config/do150/nav2.yaml
[1.119s] -- Installing: /home/dimash/debug_clear_ws/install/clearpath_nav2_demos/share/clearpath_nav2_demos/config/do150/localization.yaml
[1.119s] -- Installing: /home/dimash/debug_clear_ws/install/clearpath_nav2_demos/share/clearpath_nav2_demos/launch
[1.119s] -- Installing: /home/dimash/debug_clear_ws/install/clearpath_nav2_demos/share/clearpath_nav2_demos/launch/localization.launch.py
[1.119s] -- Installing: /home/dimash/debug_clear_ws/install/clearpath_nav2_demos/share/clearpath_nav2_demos/launch/slam.launch.py
[1.119s] -- Installing: /home/dimash/debug_clear_ws/install/clearpath_nav2_demos/share/clearpath_nav2_demos/launch/nav2.launch.py
[1.119s] -- Installing: /home/dimash/debug_clear_ws/install/clearpath_nav2_demos/share/clearpath_nav2_demos/maps
[1.120s] -- Installing: /home/dimash/debug_clear_ws/install/clearpath_nav2_demos/share/clearpath_nav2_demos/maps/warehouse.pgm
[1.123s] -- Installing: /home/dimash/debug_clear_ws/install/clearpath_nav2_demos/share/clearpath_nav2_demos/maps/warehouse.yaml
[1.123s] -- Installing: /home/dimash/debug_clear_ws/install/clearpath_nav2_demos/share/ament_index/resource_index/package_run_dependencies/clearpath_nav2_demos
[1.123s] -- Installing: /home/dimash/debug_clear_ws/install/clearpath_nav2_demos/share/ament_index/resource_index/parent_prefix_path/clearpath_nav2_demos
[1.123s] -- Installing: /home/dimash/debug_clear_ws/install/clearpath_nav2_demos/share/clearpath_nav2_demos/environment/ament_prefix_path.sh
[1.123s] -- Installing: /home/dimash/debug_clear_ws/install/clearpath_nav2_demos/share/clearpath_nav2_demos/environment/ament_prefix_path.dsv
[1.124s] -- Installing: /home/dimash/debug_clear_ws/install/clearpath_nav2_demos/share/clearpath_nav2_demos/environment/path.sh
[1.124s] -- Installing: /home/dimash/debug_clear_ws/install/clearpath_nav2_demos/share/clearpath_nav2_demos/environment/path.dsv
[1.124s] -- Installing: /home/dimash/debug_clear_ws/install/clearpath_nav2_demos/share/clearpath_nav2_demos/local_setup.bash
[1.124s] -- Installing: /home/dimash/debug_clear_ws/install/clearpath_nav2_demos/share/clearpath_nav2_demos/local_setup.sh
[1.124s] -- Installing: /home/dimash/debug_clear_ws/install/clearpath_nav2_demos/share/clearpath_nav2_demos/local_setup.zsh
[1.124s] -- Installing: /home/dimash/debug_clear_ws/install/clearpath_nav2_demos/share/clearpath_nav2_demos/local_setup.dsv
[1.124s] -- Installing: /home/dimash/debug_clear_ws/install/clearpath_nav2_demos/share/clearpath_nav2_demos/package.dsv
[1.124s] -- Installing: /home/dimash/debug_clear_ws/install/clearpath_nav2_demos/share/ament_index/resource_index/packages/clearpath_nav2_demos
[1.124s] -- Installing: /home/dimash/debug_clear_ws/install/clearpath_nav2_demos/share/clearpath_nav2_demos/cmake/clearpath_nav2_demosConfig.cmake
[1.124s] -- Installing: /home/dimash/debug_clear_ws/install/clearpath_nav2_demos/share/clearpath_nav2_demos/cmake/clearpath_nav2_demosConfig-version.cmake
[1.125s] -- Installing: /home/dimash/debug_clear_ws/install/clearpath_nav2_demos/share/clearpath_nav2_demos/package.xml
[1.127s] Invoked command in '/home/dimash/debug_clear_ws/build/clearpath_nav2_demos' returned '0': AMENT_PREFIX_PATH=/home/dimash/debug_clear_ws/install/clearpath_config:/home/dimash/debug_clear_ws/install/yolo_bringup:/home/dimash/debug_clear_ws/install/yolo_ros:/home/dimash/debug_clear_ws/install/yolo_msgs:/home/dimash/debug_clear_ws/install/point_cloud_debug:/home/dimash/debug_clear_ws/install/mpc_low:/home/dimash/debug_clear_ws/install/clearpath_simulator:/home/dimash/debug_clear_ws/install/clearpath_gz:/home/dimash/debug_clear_ws/install/clearpath_generator_gz:/home/dimash/debug_clear_ws/install/clearpath_common:/home/dimash/debug_clear_ws/install/clearpath_generator_common:/home/dimash/debug_clear_ws/install/clearpath_description:/home/dimash/debug_clear_ws/install/clearpath_sensors_description:/home/dimash/debug_clear_ws/install/clearpath_platform:/home/dimash/debug_clear_ws/install/clearpath_msgs:/home/dimash/debug_clear_ws/install/clearpath_platform_msgs:/home/dimash/debug_clear_ws/install/clearpath_platform_description:/home/dimash/debug_clear_ws/install/clearpath_nav2_demos:/home/dimash/debug_clear_ws/install/clearpath_mounts_description:/home/dimash/debug_clear_ws/install/clearpath_manipulators:/home/dimash/debug_clear_ws/install/clearpath_manipulators_description:/home/dimash/debug_clear_ws/install/clearpath_customization:/home/dimash/debug_clear_ws/install/clearpath_control:/opt/ros/humble CMAKE_PREFIX_PATH=${CMAKE_PREFIX_PATH}:/home/dimash/debug_clear_ws/install/yolo_ros:/home/dimash/debug_clear_ws/install/clearpath_config:/opt/ros/humble PYTHONPATH=/home/dimash/debug_clear_ws/install/clearpath_config/lib/python3.10/site-packages:/home/dimash/debug_clear_ws/install/yolo_ros/lib/python3.10/site-packages:/home/dimash/debug_clear_ws/install/yolo_msgs/local/lib/python3.10/dist-packages:/home/dimash/debug_clear_ws/install/clearpath_generator_gz/local/lib/python3.10/dist-packages:/home/dimash/debug_clear_ws/install/clearpath_generator_common/local/lib/python3.10/dist-packages:/home/dimash/debug_clear_ws/install/clearpath_platform_msgs/local/lib/python3.10/dist-packages:/opt/ros/humble/lib/python3.10/site-packages:/opt/ros/humble/local/lib/python3.10/dist-packages:/home/dimash/acados/lib:/home/dimash/acados/lib:/home/dimash/acados/lib:/home/dimash/acados/lib /usr/bin/cmake --install /home/dimash/debug_clear_ws/build/clearpath_nav2_demos
