[0.046s] Invoking command in '/home/robot/debug_clear_ws/build/clearpath_sensors_description': CMAKE_PREFIX_PATH=${CMAKE_PREFIX_PATH}:/home/robot/debug_clear_ws/install/yolov8_ros:/home/robot/debug_clear_ws/install/clearpath_config:/opt/ros/humble /usr/bin/cmake --build /home/robot/debug_clear_ws/build/clearpath_sensors_description -- -j12 -l12
[0.469s] Invoked command in '/home/robot/debug_clear_ws/build/clearpath_sensors_description' returned '0': CMAKE_PREFIX_PATH=${CMAKE_PREFIX_PATH}:/home/robot/debug_clear_ws/install/yolov8_ros:/home/robot/debug_clear_ws/install/clearpath_config:/opt/ros/humble /usr/bin/cmake --build /home/robot/debug_clear_ws/build/clearpath_sensors_description -- -j12 -l12
[0.520s] Invoking command in '/home/robot/debug_clear_ws/build/clearpath_sensors_description': CMAKE_PREFIX_PATH=${CMAKE_PREFIX_PATH}:/home/robot/debug_clear_ws/install/yolov8_ros:/home/robot/debug_clear_ws/install/clearpath_config:/opt/ros/humble /usr/bin/cmake --install /home/robot/debug_clear_ws/build/clearpath_sensors_description
[0.611s] -- Install configuration: ""
[0.611s] -- Up-to-date: /home/robot/debug_clear_ws/install/clearpath_sensors_description/share/clearpath_sensors_description/meshes
[0.612s] -- Up-to-date: /home/robot/debug_clear_ws/install/clearpath_sensors_description/share/clearpath_sensors_description/meshes/oakd_lite.dae
[0.612s] -- Up-to-date: /home/robot/debug_clear_ws/install/clearpath_sensors_description/share/clearpath_sensors_description/meshes/sick_lms1xx_collision.stl
[0.612s] -- Up-to-date: /home/robot/debug_clear_ws/install/clearpath_sensors_description/share/clearpath_sensors_description/meshes/hokuyo_ust.stl
[0.613s] -- Up-to-date: /home/robot/debug_clear_ws/install/clearpath_sensors_description/share/clearpath_sensors_description/meshes/novatel_smart6.stl
[0.613s] -- Up-to-date: /home/robot/debug_clear_ws/install/clearpath_sensors_description/share/clearpath_sensors_description/meshes/oakd_pro.dae
[0.613s] -- Up-to-date: /home/robot/debug_clear_ws/install/clearpath_sensors_description/share/clearpath_sensors_description/meshes/sick_lms1xx_small.dae
[0.613s] -- Up-to-date: /home/robot/debug_clear_ws/install/clearpath_sensors_description/share/clearpath_sensors_description/meshes/swift_antenna.stl
[0.613s] -- Up-to-date: /home/robot/debug_clear_ws/install/clearpath_sensors_description/share/clearpath_sensors_description/meshes/novatel_smart7.stl
[0.613s] -- Up-to-date: /home/robot/debug_clear_ws/install/clearpath_sensors_description/share/clearpath_sensors_description/meshes/flir_blackfly.stl
[0.614s] -- Up-to-date: /home/robot/debug_clear_ws/install/clearpath_sensors_description/share/clearpath_sensors_description/meshes/hokuyo_utm30.stl
[0.614s] -- Up-to-date: /home/robot/debug_clear_ws/install/clearpath_sensors_description/share/clearpath_sensors_description/urdf
[0.614s] -- Up-to-date: /home/robot/debug_clear_ws/install/clearpath_sensors_description/share/clearpath_sensors_description/urdf/hokuyo_ust.urdf.xacro
[0.615s] -- Up-to-date: /home/robot/debug_clear_ws/install/clearpath_sensors_description/share/clearpath_sensors_description/urdf/microstrain_gq7.urdf.xacro
[0.616s] -- Up-to-date: /home/robot/debug_clear_ws/install/clearpath_sensors_description/share/clearpath_sensors_description/urdf/sick_lms1xx.urdf.xacro
[0.617s] -- Up-to-date: /home/robot/debug_clear_ws/install/clearpath_sensors_description/share/clearpath_sensors_description/urdf/redshift_um7.urdf.xacro
[0.617s] -- Up-to-date: /home/robot/debug_clear_ws/install/clearpath_sensors_description/share/clearpath_sensors_description/urdf/chrobotics_um6.urdf.xacro
[0.617s] -- Up-to-date: /home/robot/debug_clear_ws/install/clearpath_sensors_description/share/clearpath_sensors_description/urdf/intel_realsense.urdf.xacro
[0.617s] -- Up-to-date: /home/robot/debug_clear_ws/install/clearpath_sensors_description/share/clearpath_sensors_description/urdf/phidgets_spatial.urdf.xacro
[0.618s] -- Up-to-date: /home/robot/debug_clear_ws/install/clearpath_sensors_description/share/clearpath_sensors_description/urdf/flir_blackfly.urdf.xacro
[0.618s] -- Up-to-date: /home/robot/debug_clear_ws/install/clearpath_sensors_description/share/clearpath_sensors_description/urdf/swiftnav_duro.urdf.xacro
[0.618s] -- Up-to-date: /home/robot/debug_clear_ws/install/clearpath_sensors_description/share/clearpath_sensors_description/urdf/microstrain_imu.urdf.xacro
[0.619s] -- Up-to-date: /home/robot/debug_clear_ws/install/clearpath_sensors_description/share/clearpath_sensors_description/urdf/luxonis_oakd.urdf.xacro
[0.619s] -- Up-to-date: /home/robot/debug_clear_ws/install/clearpath_sensors_description/share/clearpath_sensors_description/urdf/stereolabs_zed.urdf.xacro
[0.619s] -- Up-to-date: /home/robot/debug_clear_ws/install/clearpath_sensors_description/share/clearpath_sensors_description/urdf/novatel_smart7.urdf.xacro
[0.619s] -- Up-to-date: /home/robot/debug_clear_ws/install/clearpath_sensors_description/share/clearpath_sensors_description/urdf/velodyne_lidar.urdf.xacro
[0.620s] -- Up-to-date: /home/robot/debug_clear_ws/install/clearpath_sensors_description/share/clearpath_sensors_description/urdf/novatel_smart6.urdf.xacro
[0.620s] -- Up-to-date: /home/robot/debug_clear_ws/install/clearpath_sensors_description/share/clearpath_sensors_description/urdf/garmin_18x.urdf.xacro
[0.629s] -- Up-to-date: /home/robot/debug_clear_ws/install/clearpath_sensors_description/share/ament_index/resource_index/package_run_dependencies/clearpath_sensors_description
[0.629s] -- Up-to-date: /home/robot/debug_clear_ws/install/clearpath_sensors_description/share/ament_index/resource_index/parent_prefix_path/clearpath_sensors_description
[0.629s] -- Up-to-date: /home/robot/debug_clear_ws/install/clearpath_sensors_description/share/clearpath_sensors_description/environment/ament_prefix_path.sh
[0.629s] -- Up-to-date: /home/robot/debug_clear_ws/install/clearpath_sensors_description/share/clearpath_sensors_description/environment/ament_prefix_path.dsv
[0.630s] -- Up-to-date: /home/robot/debug_clear_ws/install/clearpath_sensors_description/share/clearpath_sensors_description/environment/path.sh
[0.630s] -- Up-to-date: /home/robot/debug_clear_ws/install/clearpath_sensors_description/share/clearpath_sensors_description/environment/path.dsv
[0.630s] -- Up-to-date: /home/robot/debug_clear_ws/install/clearpath_sensors_description/share/clearpath_sensors_description/local_setup.bash
[0.630s] -- Up-to-date: /home/robot/debug_clear_ws/install/clearpath_sensors_description/share/clearpath_sensors_description/local_setup.sh
[0.631s] -- Up-to-date: /home/robot/debug_clear_ws/install/clearpath_sensors_description/share/clearpath_sensors_description/local_setup.zsh
[0.631s] -- Up-to-date: /home/robot/debug_clear_ws/install/clearpath_sensors_description/share/clearpath_sensors_description/local_setup.dsv
[0.632s] -- Installing: /home/robot/debug_clear_ws/install/clearpath_sensors_description/share/clearpath_sensors_description/package.dsv
[0.633s] -- Up-to-date: /home/robot/debug_clear_ws/install/clearpath_sensors_description/share/ament_index/resource_index/packages/clearpath_sensors_description
[0.633s] -- Up-to-date: /home/robot/debug_clear_ws/install/clearpath_sensors_description/share/clearpath_sensors_description/cmake/clearpath_sensors_descriptionConfig.cmake
[0.633s] -- Up-to-date: /home/robot/debug_clear_ws/install/clearpath_sensors_description/share/clearpath_sensors_description/cmake/clearpath_sensors_descriptionConfig-version.cmake
[0.634s] -- Up-to-date: /home/robot/debug_clear_ws/install/clearpath_sensors_description/share/clearpath_sensors_description/package.xml
[0.676s] Invoked command in '/home/robot/debug_clear_ws/build/clearpath_sensors_description' returned '0': CMAKE_PREFIX_PATH=${CMAKE_PREFIX_PATH}:/home/robot/debug_clear_ws/install/yolov8_ros:/home/robot/debug_clear_ws/install/clearpath_config:/opt/ros/humble /usr/bin/cmake --install /home/robot/debug_clear_ws/build/clearpath_sensors_description
