[01m[K/home/robot/debug_clear_ws/src/mpc_low/src/custom_odometry_sim.cpp:[m[K In member function ‘[01m[Kvoid OdomPublisherNode::update_odom(sensor_msgs::msg::JointState_<std::allocator<void> >::SharedPtr)[m[K’:
[01m[K/home/robot/debug_clear_ws/src/mpc_low/src/custom_odometry_sim.cpp:97:13:[m[K [01;31m[Kerror: [m[K‘[01m[Kisnan[m[K’ was not declared in this scope; did you mean ‘[01m[Kstd::isnan[m[K’?
   97 |         if ([01;31m[Kisnan[m[K(odomNew.pose.pose.position.x) || isnan(odomNew.pose.pose.position.y) ||
      |             [01;31m[K^~~~~[m[K
      |             [32m[Kstd::isnan[m[K
In file included from [01m[K/opt/ros/humble/include/libstatistics_collector/libstatistics_collector/moving_average_statistics/types.hpp:18[m[K,
                 from [01m[K/opt/ros/humble/include/libstatistics_collector/libstatistics_collector/collector/generate_statistics_message.hpp:24[m[K,
                 from [01m[K/opt/ros/humble/include/rclcpp/rclcpp/topic_statistics/subscription_topic_statistics.hpp:23[m[K,
                 from [01m[K/opt/ros/humble/include/rclcpp/rclcpp/subscription.hpp:50[m[K,
                 from [01m[K/opt/ros/humble/include/rclcpp/rclcpp/any_executable.hpp:25[m[K,
                 from [01m[K/opt/ros/humble/include/rclcpp/rclcpp/memory_strategy.hpp:25[m[K,
                 from [01m[K/opt/ros/humble/include/rclcpp/rclcpp/memory_strategies.hpp:18[m[K,
                 from [01m[K/opt/ros/humble/include/rclcpp/rclcpp/executor_options.hpp:20[m[K,
                 from [01m[K/opt/ros/humble/include/rclcpp/rclcpp/executor.hpp:37[m[K,
                 from [01m[K/opt/ros/humble/include/rclcpp/rclcpp/executors/multi_threaded_executor.hpp:25[m[K,
                 from [01m[K/opt/ros/humble/include/rclcpp/rclcpp/executors.hpp:21[m[K,
                 from [01m[K/opt/ros/humble/include/rclcpp/rclcpp/rclcpp.hpp:155[m[K,
                 from [01m[K/home/robot/debug_clear_ws/src/mpc_low/src/custom_odometry_sim.cpp:1[m[K:
[01m[K/usr/include/c++/11/cmath:632:5:[m[K [01;36m[Knote: [m[K‘[01m[Kstd::isnan[m[K’ declared here
  632 |     [01;36m[Kisnan[m[K(_Tp __x)
      |     [01;36m[K^~~~~[m[K
gmake[2]: *** [CMakeFiles/custom_odometry_node_sim.dir/build.make:76: CMakeFiles/custom_odometry_node_sim.dir/src/custom_odometry_sim.cpp.o] Error 1
gmake[1]: *** [CMakeFiles/Makefile2:167: CMakeFiles/custom_odometry_node_sim.dir/all] Error 2
gmake[1]: *** Waiting for unfinished jobs....
gmake: *** [Makefile:146: all] Error 2
