[0.574s] Invoking command in '/home/dimash/debug_clear_ws/build/mpc_low': AMENT_PREFIX_PATH=/home/dimash/debug_clear_ws/install/yolo_msgs:${AMENT_PREFIX_PATH} CMAKE_PREFIX_PATH=/home/dimash/debug_clear_ws/install/yolo_msgs:/opt/ros/humble LD_LIBRARY_PATH=/home/dimash/debug_clear_ws/install/yolo_msgs/lib:${LD_LIBRARY_PATH} PYTHONPATH=/home/dimash/debug_clear_ws/install/yolo_msgs/local/lib/python3.10/dist-packages:${PYTHONPATH} /usr/bin/cmake --build /home/dimash/debug_clear_ws/build/mpc_low -- -j8 -l8
[0.649s] [35m[1mConsolidate compiler generated dependencies of target cmd_publisher[0m
[0.669s] [ 83%] Built target mpc_low_plugin
[0.683s] [100%] Built target cmd_publisher
[0.711s] Invoked command in '/home/dimash/debug_clear_ws/build/mpc_low' returned '0': AMENT_PREFIX_PATH=/home/dimash/debug_clear_ws/install/yolo_msgs:${AMENT_PREFIX_PATH} CMAKE_PREFIX_PATH=/home/dimash/debug_clear_ws/install/yolo_msgs:/opt/ros/humble LD_LIBRARY_PATH=/home/dimash/debug_clear_ws/install/yolo_msgs/lib:${LD_LIBRARY_PATH} PYTHONPATH=/home/dimash/debug_clear_ws/install/yolo_msgs/local/lib/python3.10/dist-packages:${PYTHONPATH} /usr/bin/cmake --build /home/dimash/debug_clear_ws/build/mpc_low -- -j8 -l8
[0.713s] Invoking command in '/home/dimash/debug_clear_ws/build/mpc_low': AMENT_PREFIX_PATH=/home/dimash/debug_clear_ws/install/yolo_msgs:${AMENT_PREFIX_PATH} CMAKE_PREFIX_PATH=/home/dimash/debug_clear_ws/install/yolo_msgs:/opt/ros/humble LD_LIBRARY_PATH=/home/dimash/debug_clear_ws/install/yolo_msgs/lib:${LD_LIBRARY_PATH} PYTHONPATH=/home/dimash/debug_clear_ws/install/yolo_msgs/local/lib/python3.10/dist-packages:${PYTHONPATH} /usr/bin/cmake --install /home/dimash/debug_clear_ws/build/mpc_low
[0.738s] -- Install configuration: ""
[0.749s] -- Up-to-date: /home/dimash/debug_clear_ws/install/mpc_low/lib/mpc_low/cmd_publisher
[0.749s] -- Up-to-date: /home/dimash/debug_clear_ws/install/mpc_low/share/mpc_low/mpc_controller_plugin.xml
[0.749s] -- Up-to-date: /home/dimash/debug_clear_ws/install/mpc_low/lib/libmpc_low_plugin.so
[0.749s] -- Up-to-date: /home/dimash/debug_clear_ws/install/mpc_low/include/
[0.749s] -- Up-to-date: /home/dimash/debug_clear_ws/install/mpc_low/include//acados_solver_holder.hpp
[0.749s] -- Up-to-date: /home/dimash/debug_clear_ws/install/mpc_low/include//mpc_controller.hpp
[0.749s] -- Up-to-date: /home/dimash/debug_clear_ws/install/mpc_low/include//mpc_planner.hpp
[0.750s] -- Up-to-date: /home/dimash/debug_clear_ws/install/mpc_low/include/mpc_low/solver
[0.750s] -- Up-to-date: /home/dimash/debug_clear_ws/install/mpc_low/include/mpc_low/solver/acados_solver_holder.cpp
[0.750s] -- Up-to-date: /home/dimash/debug_clear_ws/install/mpc_low/include/mpc_low/solver/acados_solver_Jackal.c
[0.750s] -- Up-to-date: /home/dimash/debug_clear_ws/install/mpc_low/include/mpc_low/solver/main_sim_Jackal.c
[0.750s] -- Up-to-date: /home/dimash/debug_clear_ws/install/mpc_low/include/mpc_low/solver/Jackal_constraints
[0.750s] -- Up-to-date: /home/dimash/debug_clear_ws/install/mpc_low/include/mpc_low/solver/Jackal_constraints/Jackal_constr_h_fun_jac_uxt_zt.c
[0.750s] -- Up-to-date: /home/dimash/debug_clear_ws/install/mpc_low/include/mpc_low/solver/Jackal_constraints/Jackal_constr_h_fun.c
[0.750s] -- Up-to-date: /home/dimash/debug_clear_ws/install/mpc_low/include/mpc_low/solver/Jackal_constraints/Jackal_constr_h_fun_jac_uxt_zt.o
[0.750s] -- Up-to-date: /home/dimash/debug_clear_ws/install/mpc_low/include/mpc_low/solver/Jackal_constraints/Jackal_constr_h_fun.o
[0.750s] -- Up-to-date: /home/dimash/debug_clear_ws/install/mpc_low/include/mpc_low/solver/Jackal_constraints/Jackal_constraints.h
[0.751s] -- Up-to-date: /home/dimash/debug_clear_ws/install/mpc_low/include/mpc_low/solver/Makefile
[0.751s] -- Up-to-date: /home/dimash/debug_clear_ws/install/mpc_low/include/mpc_low/solver/acados_solver_holder copy.cpp
[0.751s] -- Up-to-date: /home/dimash/debug_clear_ws/install/mpc_low/include/mpc_low/solver/acados_ocp_solver_pyx.so
[0.751s] -- Up-to-date: /home/dimash/debug_clear_ws/install/mpc_low/include/mpc_low/solver/Jackal_model
[0.751s] -- Up-to-date: /home/dimash/debug_clear_ws/install/mpc_low/include/mpc_low/solver/Jackal_model/Jackal_expl_vde_forw.c
[0.751s] -- Up-to-date: /home/dimash/debug_clear_ws/install/mpc_low/include/mpc_low/solver/Jackal_model/Jackal_expl_vde_forw.o
[0.755s] -- Up-to-date: /home/dimash/debug_clear_ws/install/mpc_low/include/mpc_low/solver/Jackal_model/Jackal_expl_vde_adj.c
[0.756s] -- Up-to-date: /home/dimash/debug_clear_ws/install/mpc_low/include/mpc_low/solver/Jackal_model/Jackal_model.h
[0.756s] -- Up-to-date: /home/dimash/debug_clear_ws/install/mpc_low/include/mpc_low/solver/Jackal_model/Jackal_expl_vde_adj.o
[0.756s] -- Up-to-date: /home/dimash/debug_clear_ws/install/mpc_low/include/mpc_low/solver/Jackal_model/Jackal_expl_ode_fun.c
[0.756s] -- Up-to-date: /home/dimash/debug_clear_ws/install/mpc_low/include/mpc_low/solver/Jackal_model/Jackal_expl_ode_fun.o
[0.756s] -- Up-to-date: /home/dimash/debug_clear_ws/install/mpc_low/include/mpc_low/solver/main_Jackal.c
[0.756s] -- Up-to-date: /home/dimash/debug_clear_ws/install/mpc_low/include/mpc_low/solver/acados_sim_solver_Jackal.h
[0.756s] -- Up-to-date: /home/dimash/debug_clear_ws/install/mpc_low/include/mpc_low/solver/acados_sim_solver_Jackal.c
[0.756s] -- Up-to-date: /home/dimash/debug_clear_ws/install/mpc_low/include/mpc_low/solver/acados_solver_Jackal.o
[0.756s] -- Up-to-date: /home/dimash/debug_clear_ws/install/mpc_low/include/mpc_low/solver/acados_solver.pxd
[0.757s] -- Up-to-date: /home/dimash/debug_clear_ws/install/mpc_low/include/mpc_low/solver/libacados_ocp_solver_Jackal.so
[0.757s] -- Up-to-date: /home/dimash/debug_clear_ws/install/mpc_low/include/mpc_low/solver/acados_ocp_solver_pyx.o
[0.757s] -- Up-to-date: /home/dimash/debug_clear_ws/install/mpc_low/include/mpc_low/solver/acados_ocp_solver_pyx.c
[0.757s] -- Up-to-date: /home/dimash/debug_clear_ws/install/mpc_low/include/mpc_low/solver/acados_solver_Jackal.h
[0.757s] -- Up-to-date: /home/dimash/debug_clear_ws/install/mpc_low/share/mpc_low/mpc_controller_plugin.xml
[0.768s] -- Up-to-date: /home/dimash/debug_clear_ws/install/mpc_low/share/mpc_low/environment/library_path.sh
[0.768s] -- Up-to-date: /home/dimash/debug_clear_ws/install/mpc_low/share/mpc_low/environment/library_path.dsv
[0.768s] -- Up-to-date: /home/dimash/debug_clear_ws/install/mpc_low/share/ament_index/resource_index/package_run_dependencies/mpc_low
[0.768s] -- Up-to-date: /home/dimash/debug_clear_ws/install/mpc_low/share/ament_index/resource_index/parent_prefix_path/mpc_low
[0.768s] -- Up-to-date: /home/dimash/debug_clear_ws/install/mpc_low/share/mpc_low/environment/ament_prefix_path.sh
[0.768s] -- Up-to-date: /home/dimash/debug_clear_ws/install/mpc_low/share/mpc_low/environment/ament_prefix_path.dsv
[0.769s] -- Up-to-date: /home/dimash/debug_clear_ws/install/mpc_low/share/mpc_low/environment/path.sh
[0.769s] -- Up-to-date: /home/dimash/debug_clear_ws/install/mpc_low/share/mpc_low/environment/path.dsv
[0.769s] -- Up-to-date: /home/dimash/debug_clear_ws/install/mpc_low/share/mpc_low/local_setup.bash
[0.769s] -- Up-to-date: /home/dimash/debug_clear_ws/install/mpc_low/share/mpc_low/local_setup.sh
[0.769s] -- Up-to-date: /home/dimash/debug_clear_ws/install/mpc_low/share/mpc_low/local_setup.zsh
[0.769s] -- Up-to-date: /home/dimash/debug_clear_ws/install/mpc_low/share/mpc_low/local_setup.dsv
[0.769s] -- Installing: /home/dimash/debug_clear_ws/install/mpc_low/share/mpc_low/package.dsv
[0.769s] -- Up-to-date: /home/dimash/debug_clear_ws/install/mpc_low/share/ament_index/resource_index/packages/mpc_low
[0.770s] -- Up-to-date: /home/dimash/debug_clear_ws/install/mpc_low/share/ament_index/resource_index/nav2_core__pluginlib__plugin/mpc_low
[0.770s] -- Up-to-date: /home/dimash/debug_clear_ws/install/mpc_low/share/mpc_low/cmake/ament_cmake_export_include_directories-extras.cmake
[0.770s] -- Up-to-date: /home/dimash/debug_clear_ws/install/mpc_low/share/mpc_low/cmake/ament_cmake_export_libraries-extras.cmake
[0.770s] -- Up-to-date: /home/dimash/debug_clear_ws/install/mpc_low/share/mpc_low/cmake/ament_cmake_export_dependencies-extras.cmake
[0.770s] -- Up-to-date: /home/dimash/debug_clear_ws/install/mpc_low/share/mpc_low/cmake/mpc_lowConfig.cmake
[0.770s] -- Up-to-date: /home/dimash/debug_clear_ws/install/mpc_low/share/mpc_low/cmake/mpc_lowConfig-version.cmake
[0.770s] -- Up-to-date: /home/dimash/debug_clear_ws/install/mpc_low/share/mpc_low/package.xml
[0.786s] Invoked command in '/home/dimash/debug_clear_ws/build/mpc_low' returned '0': AMENT_PREFIX_PATH=/home/dimash/debug_clear_ws/install/yolo_msgs:${AMENT_PREFIX_PATH} CMAKE_PREFIX_PATH=/home/dimash/debug_clear_ws/install/yolo_msgs:/opt/ros/humble LD_LIBRARY_PATH=/home/dimash/debug_clear_ws/install/yolo_msgs/lib:${LD_LIBRARY_PATH} PYTHONPATH=/home/dimash/debug_clear_ws/install/yolo_msgs/local/lib/python3.10/dist-packages:${PYTHONPATH} /usr/bin/cmake --install /home/dimash/debug_clear_ws/build/mpc_low
