[01m[K/home/dimash/debug_clear_ws/src/mpc_low/src/cmd_publisher.cpp:[m[K In member function ‘[01m[Kvoid CmdVelPublisher::publish_velocity()[m[K’:
[01m[K/home/dimash/debug_clear_ws/src/mpc_low/src/cmd_publisher.cpp:42:14:[m[K [01;31m[Kerror: [m[K‘[01m[Kfirst_publish_done_[m[K’ was not declared in this scope
   42 |         if (![01;31m[Kfirst_publish_done_[m[K) {
      |              [01;31m[K^~~~~~~~~~~~~~~~~~~[m[K
[01m[K/home/dimash/debug_clear_ws/src/mpc_low/src/cmd_publisher.cpp:43:13:[m[K [01;31m[Kerror: [m[K‘[01m[Kfirst_publish_time_[m[K’ was not declared in this scope
   43 |             [01;31m[Kfirst_publish_time_[m[K = this->get_clock()->now();
      |             [01;31m[K^~~~~~~~~~~~~~~~~~~[m[K
[01m[K/home/dimash/debug_clear_ws/src/mpc_low/src/cmd_publisher.cpp:[m[K In member function ‘[01m[Kvoid CmdVelPublisher::odom_callback(nav_msgs::msg::Odometry_<std::allocator<void> >::SharedPtr)[m[K’:
[01m[K/home/dimash/debug_clear_ws/src/mpc_low/src/cmd_publisher.cpp:135:5:[m[K [01;31m[Kerror: [m[K‘[01m[Ksummary[m[K’ was not declared in this scope
  135 |     [01;31m[Ksummary[m[K = {
      |     [01;31m[K^~~~~~~[m[K
[01m[K/home/dimash/debug_clear_ws/src/mpc_low/src/cmd_publisher.cpp:136:33:[m[K [01;31m[Kerror: [m[Kexpected ‘[01m[K}[m[K’ before ‘[01m[K:[m[K’ token
  136 |         "Command Sent Time (t0)"[01;31m[K:[m[K df["t0_command_sent"].iloc[0],
      |                                 [01;31m[K^[m[K
[01m[K/home/dimash/debug_clear_ws/src/mpc_low/src/cmd_publisher.cpp:135:15:[m[K [01;36m[Knote: [m[Kto match this ‘[01m[K{[m[K’
  135 |     summary = [01;36m[K{[m[K
      |               [01;36m[K^[m[K
gmake[2]: *** [CMakeFiles/cmd_publisher.dir/build.make:76: CMakeFiles/cmd_publisher.dir/src/cmd_publisher.cpp.o] Error 1
gmake[1]: *** [CMakeFiles/Makefile2:165: CMakeFiles/cmd_publisher.dir/all] Error 2
gmake: *** [Makefile:146: all] Error 2
