[0.627s] Invoking command in '/home/dimash/debug_clear_ws/build/mpc_low': CMAKE_PREFIX_PATH=/home/dimash/debug_clear_ws/install/yolo_msgs:/home/dimash/debug_clear_ws/install/yolo_bringup:/home/dimash/debug_clear_ws/install/mpc_low:/home/dimash/debug_clear_ws/install/point_cloud_debug:/home/dimash/debug_clear_ws/install/move_model_plugin:/home/dimash/debug_clear_ws/install/clearpath_simulator:/home/dimash/debug_clear_ws/install/clearpath_gz:/home/dimash/debug_clear_ws/install/clearpath_generator_gz:/home/dimash/debug_clear_ws/install/clearpath_common:/home/dimash/debug_clear_ws/install/clearpath_generator_common:/home/dimash/debug_clear_ws/install/clearpath_description:/home/dimash/debug_clear_ws/install/clearpath_sensors_description:/home/dimash/debug_clear_ws/install/clearpath_platform:/home/dimash/debug_clear_ws/install/clearpath_msgs:/home/dimash/debug_clear_ws/install/clearpath_platform_msgs:/home/dimash/debug_clear_ws/install/clearpath_platform_description:/home/dimash/debug_clear_ws/install/clearpath_nav2_demos:/home/dimash/debug_clear_ws/install/clearpath_mounts_description:/home/dimash/debug_clear_ws/install/clearpath_manipulators:/home/dimash/debug_clear_ws/install/clearpath_manipulators_description:/home/dimash/debug_clear_ws/install/clearpath_customization:/home/dimash/debug_clear_ws/install/clearpath_control:/home/dimash/debug_clear_ws/install/yolo_ros:/home/dimash/debug_clear_ws/install/person_movement:/home/dimash/debug_clear_ws/install/clearpath_config:/opt/ros/humble LD_LIBRARY_PATH=/home/dimash/debug_clear_ws/install/yolo_msgs/lib:/home/dimash/debug_clear_ws/install/mpc_low/lib:/home/dimash/debug_clear_ws/install/move_model_plugin/lib:/home/dimash/debug_clear_ws/install/clearpath_platform/lib:/home/dimash/debug_clear_ws/install/clearpath_platform_msgs/lib:/opt/ros/humble/opt/rviz_ogre_vendor/lib:/opt/ros/humble/lib/x86_64-linux-gnu:/opt/ros/humble/lib:/home/dimash/acados/lib:/home/dimash/acados/lib /usr/bin/cmake --build /home/dimash/debug_clear_ws/build/mpc_low -- -j8 -l8
[0.708s] [35m[1mConsolidate compiler generated dependencies of target cmd_publisher[0m
[0.752s] [ 83%] Built target mpc_low_plugin
[0.769s] [ 91%] [32mBuilding CXX object CMakeFiles/cmd_publisher.dir/src/cmd_publisher.cpp.o[0m
[4.139s] [01m[K/home/dimash/debug_clear_ws/src/mpc_low/src/cmd_publisher.cpp:[m[K In member function ‘[01m[Kvoid CmdVelPublisher::publish_velocity()[m[K’:
[4.139s] [01m[K/home/dimash/debug_clear_ws/src/mpc_low/src/cmd_publisher.cpp:42:14:[m[K [01;31m[Kerror: [m[K‘[01m[Kfirst_publish_done_[m[K’ was not declared in this scope
[4.139s]    42 |         if (![01;31m[Kfirst_publish_done_[m[K) {
[4.140s]       |              [01;31m[K^~~~~~~~~~~~~~~~~~~[m[K
[4.150s] [01m[K/home/dimash/debug_clear_ws/src/mpc_low/src/cmd_publisher.cpp:43:13:[m[K [01;31m[Kerror: [m[K‘[01m[Kfirst_publish_time_[m[K’ was not declared in this scope
[4.151s]    43 |             [01;31m[Kfirst_publish_time_[m[K = this->get_clock()->now();
[4.151s]       |             [01;31m[K^~~~~~~~~~~~~~~~~~~[m[K
[4.165s] [01m[K/home/dimash/debug_clear_ws/src/mpc_low/src/cmd_publisher.cpp:[m[K In member function ‘[01m[Kvoid CmdVelPublisher::odom_callback(nav_msgs::msg::Odometry_<std::allocator<void> >::SharedPtr)[m[K’:
[4.165s] [01m[K/home/dimash/debug_clear_ws/src/mpc_low/src/cmd_publisher.cpp:135:5:[m[K [01;31m[Kerror: [m[K‘[01m[Ksummary[m[K’ was not declared in this scope
[4.165s]   135 |     [01;31m[Ksummary[m[K = {
[4.165s]       |     [01;31m[K^~~~~~~[m[K
[4.166s] [01m[K/home/dimash/debug_clear_ws/src/mpc_low/src/cmd_publisher.cpp:136:33:[m[K [01;31m[Kerror: [m[Kexpected ‘[01m[K}[m[K’ before ‘[01m[K:[m[K’ token
[4.166s]   136 |         "Command Sent Time (t0)"[01;31m[K:[m[K df["t0_command_sent"].iloc[0],
[4.166s]       |                                 [01;31m[K^[m[K
[4.166s] [01m[K/home/dimash/debug_clear_ws/src/mpc_low/src/cmd_publisher.cpp:135:15:[m[K [01;36m[Knote: [m[Kto match this ‘[01m[K{[m[K’
[4.166s]   135 |     summary = [01;36m[K{[m[K
[4.166s]       |               [01;36m[K^[m[K
[6.729s] gmake[2]: *** [CMakeFiles/cmd_publisher.dir/build.make:76: CMakeFiles/cmd_publisher.dir/src/cmd_publisher.cpp.o] Error 1
[6.729s] gmake[1]: *** [CMakeFiles/Makefile2:165: CMakeFiles/cmd_publisher.dir/all] Error 2
[6.729s] gmake: *** [Makefile:146: all] Error 2
[6.730s] Invoked command in '/home/dimash/debug_clear_ws/build/mpc_low' returned '2': CMAKE_PREFIX_PATH=/home/dimash/debug_clear_ws/install/yolo_msgs:/home/dimash/debug_clear_ws/install/yolo_bringup:/home/dimash/debug_clear_ws/install/mpc_low:/home/dimash/debug_clear_ws/install/point_cloud_debug:/home/dimash/debug_clear_ws/install/move_model_plugin:/home/dimash/debug_clear_ws/install/clearpath_simulator:/home/dimash/debug_clear_ws/install/clearpath_gz:/home/dimash/debug_clear_ws/install/clearpath_generator_gz:/home/dimash/debug_clear_ws/install/clearpath_common:/home/dimash/debug_clear_ws/install/clearpath_generator_common:/home/dimash/debug_clear_ws/install/clearpath_description:/home/dimash/debug_clear_ws/install/clearpath_sensors_description:/home/dimash/debug_clear_ws/install/clearpath_platform:/home/dimash/debug_clear_ws/install/clearpath_msgs:/home/dimash/debug_clear_ws/install/clearpath_platform_msgs:/home/dimash/debug_clear_ws/install/clearpath_platform_description:/home/dimash/debug_clear_ws/install/clearpath_nav2_demos:/home/dimash/debug_clear_ws/install/clearpath_mounts_description:/home/dimash/debug_clear_ws/install/clearpath_manipulators:/home/dimash/debug_clear_ws/install/clearpath_manipulators_description:/home/dimash/debug_clear_ws/install/clearpath_customization:/home/dimash/debug_clear_ws/install/clearpath_control:/home/dimash/debug_clear_ws/install/yolo_ros:/home/dimash/debug_clear_ws/install/person_movement:/home/dimash/debug_clear_ws/install/clearpath_config:/opt/ros/humble LD_LIBRARY_PATH=/home/dimash/debug_clear_ws/install/yolo_msgs/lib:/home/dimash/debug_clear_ws/install/mpc_low/lib:/home/dimash/debug_clear_ws/install/move_model_plugin/lib:/home/dimash/debug_clear_ws/install/clearpath_platform/lib:/home/dimash/debug_clear_ws/install/clearpath_platform_msgs/lib:/opt/ros/humble/opt/rviz_ogre_vendor/lib:/opt/ros/humble/lib/x86_64-linux-gnu:/opt/ros/humble/lib:/home/dimash/acados/lib:/home/dimash/acados/lib /usr/bin/cmake --build /home/dimash/debug_clear_ws/build/mpc_low -- -j8 -l8
