[0.019s] Invoking command in '/home/robot/debug_clear_ws/build/clearpath_generator_common': AMENT_PREFIX_PATH=/home/robot/debug_clear_ws/install/clearpath_platform:/home/robot/debug_clear_ws/install/clearpath_manipulators:/home/robot/debug_clear_ws/install/clearpath_description:/home/robot/debug_clear_ws/install/clearpath_sensors_description:/home/robot/debug_clear_ws/install/clearpath_platform_msgs:/home/robot/debug_clear_ws/install/clearpath_platform_description:/home/robot/debug_clear_ws/install/clearpath_mounts_description:/home/robot/debug_clear_ws/install/clearpath_manipulators_description:/home/robot/debug_clear_ws/install/clearpath_control:/home/robot/debug_clear_ws/install/clearpath_config:${AMENT_PREFIX_PATH} CMAKE_PREFIX_PATH=/home/robot/debug_clear_ws/install/clearpath_platform:/home/robot/debug_clear_ws/install/clearpath_manipulators:/home/robot/debug_clear_ws/install/clearpath_description:/home/robot/debug_clear_ws/install/clearpath_sensors_description:/home/robot/debug_clear_ws/install/clearpath_platform_msgs:/home/robot/debug_clear_ws/install/clearpath_platform_description:/home/robot/debug_clear_ws/install/clearpath_mounts_description:/home/robot/debug_clear_ws/install/clearpath_manipulators_description:/home/robot/debug_clear_ws/install/clearpath_control:/home/robot/debug_clear_ws/install/mpc_low:/opt/ros/humble LD_LIBRARY_PATH=/home/robot/debug_clear_ws/install/clearpath_platform/lib:/home/robot/debug_clear_ws/install/clearpath_platform_msgs/lib:${LD_LIBRARY_PATH} PYTHONPATH=/home/robot/debug_clear_ws/install/clearpath_platform_msgs/local/lib/python3.10/dist-packages:/home/robot/debug_clear_ws/install/clearpath_config/lib/python3.10/site-packages:${PYTHONPATH} /usr/bin/cmake /home/robot/debug_clear_ws/src/clearpath_common/clearpath_generator_common -DCMAKE_INSTALL_PREFIX=/home/robot/debug_clear_ws/install/clearpath_generator_common
[0.071s] -- The C compiler identification is GNU 11.4.0
[0.124s] -- The CXX compiler identification is GNU 11.4.0
[0.131s] -- Detecting C compiler ABI info
[0.194s] -- Detecting C compiler ABI info - done
[0.201s] -- Check for working C compiler: /usr/bin/cc - skipped
[0.202s] -- Detecting C compile features
[0.202s] -- Detecting C compile features - done
[0.204s] -- Detecting CXX compiler ABI info
[0.290s] -- Detecting CXX compiler ABI info - done
[0.298s] -- Check for working CXX compiler: /usr/bin/c++ - skipped
[0.298s] -- Detecting CXX compile features
[0.299s] -- Detecting CXX compile features - done
[0.303s] -- Found ament_cmake: 1.3.11 (/opt/ros/humble/share/ament_cmake/cmake)
[0.677s] -- Found Python3: /usr/bin/python3 (found version "3.10.12") found components: Interpreter 
[0.776s] -- Found moveit_setup_framework: 2.5.8 (/opt/ros/humble/share/moveit_setup_framework/cmake)
[0.839s] -- Found rosidl_generator_c: 3.1.6 (/opt/ros/humble/share/rosidl_generator_c/cmake)
[0.846s] -- Found rosidl_adapter: 3.1.6 (/opt/ros/humble/share/rosidl_adapter/cmake)
[0.856s] -- Found rosidl_generator_cpp: 3.1.6 (/opt/ros/humble/share/rosidl_generator_cpp/cmake)
[0.871s] -- Using all available rosidl_typesupport_c: rosidl_typesupport_fastrtps_c;rosidl_typesupport_introspection_c
[0.890s] -- Using all available rosidl_typesupport_cpp: rosidl_typesupport_fastrtps_cpp;rosidl_typesupport_introspection_cpp
[0.945s] -- Found rmw_implementation_cmake: 6.1.2 (/opt/ros/humble/share/rmw_implementation_cmake/cmake)
[0.949s] -- Found rmw_fastrtps_cpp: 6.2.7 (/opt/ros/humble/share/rmw_fastrtps_cpp/cmake)
[1.039s] -- Found OpenSSL: /usr/lib/x86_64-linux-gnu/libcrypto.so (found version "3.0.2")  
[1.067s] -- Found FastRTPS: /opt/ros/humble/include  
[1.110s] -- Using RMW implementation 'rmw_fastrtps_cpp' as default
[1.122s] -- Looking for pthread.h
[1.191s] -- Looking for pthread.h - found
[1.191s] -- Performing Test CMAKE_HAVE_LIBC_PTHREAD
[1.260s] -- Performing Test CMAKE_HAVE_LIBC_PTHREAD - Success
[1.262s] -- Found Threads: TRUE  
[1.394s] -- Found Boost: /usr/lib/x86_64-linux-gnu/cmake/Boost-1.74.0/BoostConfig.cmake (found version "1.74.0") found components: chrono date_time filesystem iostreams program_options regex serialization system thread 
[1.451s] -- Found parameter_traits: 0.4.0 (/opt/ros/humble/share/parameter_traits/cmake)
[1.467s] -- Found Eigen3: TRUE (found version "3.4.0") 
[1.470s] -- Found rclcpp_lifecycle: 16.0.11 (/opt/ros/humble/share/rclcpp_lifecycle/cmake)
[1.497s] -- Found Boost: /usr/lib/x86_64-linux-gnu/cmake/Boost-1.74.0/BoostConfig.cmake (found version "1.74.0") found components: filesystem 
[1.602s] -- library: /usr/lib/x86_64-linux-gnu/libcurl.so
[1.681s] -- Ensuring Eigen3 include directory is part of orocos-kdl CMake target
[1.990s] -- Found Boost: /usr/lib/x86_64-linux-gnu/cmake/Boost-1.74.0/BoostConfig.cmake (found version "1.74.0") found components: system filesystem date_time program_options thread chrono 
[2.029s] -- Found Boost: /usr/lib/x86_64-linux-gnu/cmake/Boost-1.74.0/BoostConfig.cmake (found version "1.74.0") found components: thread date_time system filesystem 
[2.048s] -- Found Boost: /usr/lib/x86_64-linux-gnu/cmake/Boost-1.74.0/BoostConfig.cmake (found version "1.74.0") found components: date_time filesystem program_options system thread 
[2.065s] -- Found Boost: /usr/lib/x86_64-linux-gnu/cmake/Boost-1.74.0/BoostConfig.cmake (found version "1.74.0") found components: thread system filesystem regex date_time program_options 
[2.091s] -- Found Boost: /usr/lib/x86_64-linux-gnu/cmake/Boost-1.74.0/BoostConfig.cmake (found version "1.74.0") found components: system filesystem date_time program_options thread 
[2.159s] -- Setting OGRE_DIR to: '/opt/ros/humble/share/rviz_ogre_vendor/cmake/../../../opt/rviz_ogre_vendor/lib/OGRE/cmake'
[2.161s] -- Found OGRE
[2.161s] --   static     : OFF
[2.161s] --   components : HLMS;MeshLodGenerator;Overlay;Paging;Property;RTShaderSystem;Terrain;Volume
[2.161s] --   plugins    : Plugin_BSPSceneManager;Plugin_OctreeSceneManager;Plugin_PCZSceneManager;Plugin_ParticleFX;RenderSystem_GL;RenderSystem_GL3Plus;Codec_STBI
[2.161s] --   media      : /opt/ros/humble/opt/rviz_ogre_vendor/share/OGRE/Media
[2.161s] -- OGRE_LIBRARIES: OgreHLMS;OgreMeshLodGenerator;OgreOverlay;OgrePaging;OgreProperty;OgreRTShaderSystem;OgreTerrain;OgreVolume;OgreMain
[2.161s] -- OGRE_LIBRARY_DIRS: /opt/ros/humble/opt/rviz_ogre_vendor/lib
[2.161s] -- OGRE_PLUGINS: Plugin_BSPSceneManager;Plugin_OctreeSceneManager;Plugin_PCZSceneManager;Plugin_ParticleFX;RenderSystem_GL;RenderSystem_GL3Plus;Codec_STBI
[2.161s] -- OGRE_PLUGIN_DIR: /opt/ros/humble/opt/rviz_ogre_vendor/lib/OGRE
[2.161s] -- rviz_ogre_vendor::OgreOverlay for IMPORTED_LOCATION_RELEASE: /opt/ros/humble/opt/rviz_ogre_vendor/lib/libOgreOverlay.so
[2.161s] -- rviz_ogre_vendor::OgreOverlay for IMPORTED_LOCATION_DEBUG: /opt/ros/humble/opt/rviz_ogre_vendor/lib/libOgreOverlay.so
[2.162s] -- rviz_ogre_vendor::OgreMain for IMPORTED_LOCATION_RELEASE: /opt/ros/humble/opt/rviz_ogre_vendor/lib/libOgreMain.so
[2.162s] -- rviz_ogre_vendor::OgreMain for IMPORTED_LOCATION_DEBUG: /opt/ros/humble/opt/rviz_ogre_vendor/lib/libOgreMain.so
[2.184s] -- Found ZLIB: /usr/lib/x86_64-linux-gnu/libz.so (found version "1.2.11") 
[2.189s] -- Found OpenGL: /usr/lib/x86_64-linux-gnu/libOpenGL.so   
[2.279s] -- Found X11: /usr/include   
[2.280s] -- Looking for XOpenDisplay in /usr/lib/x86_64-linux-gnu/libX11.so;/usr/lib/x86_64-linux-gnu/libXext.so
[2.348s] -- Looking for XOpenDisplay in /usr/lib/x86_64-linux-gnu/libX11.so;/usr/lib/x86_64-linux-gnu/libXext.so - found
[2.348s] -- Looking for gethostbyname
[2.411s] -- Looking for gethostbyname - found
[2.411s] -- Looking for connect
[2.477s] -- Looking for connect - found
[2.478s] -- Looking for remove
[2.540s] -- Looking for remove - found
[2.540s] -- Looking for shmat
[2.606s] -- Looking for shmat - found
[2.606s] -- Looking for IceConnectionNumber in ICE
[2.676s] -- Looking for IceConnectionNumber in ICE - found
[2.695s] -- Setting assimp_DIR to: '/opt/ros/humble/share/rviz_assimp_vendor/cmake/../../../opt/rviz_assimp_vendor/lib/cmake/assimp-4.1'
[2.803s] -- Found moveit_setup_srdf_plugins: 2.5.8 (/opt/ros/humble/share/moveit_setup_srdf_plugins/cmake)
[2.888s] -- Found ament_lint_auto: 0.12.11 (/opt/ros/humble/share/ament_lint_auto/cmake)
[4.367s] -- Added test 'cppcheck' to perform static code analysis on C / C++ code
[4.367s] -- Configured cppcheck include dirs: 
[4.367s] -- Configured cppcheck exclude dirs and/or files: 
[4.368s] -- Added test 'flake8' to check Python code syntax and style conventions
[4.370s] -- Added test 'lint_cmake' to check CMake code style
[4.370s] -- Added test 'pep257' to check Python code against some of the docstring style conventions in PEP 257
[4.373s] -- Added test 'uncrustify' to check C / C++ code style
[4.373s] -- Configured uncrustify additional arguments: 
[4.374s] -- Added test 'xmllint' to check XML markup files
[4.376s] -- Configuring done
[4.428s] -- Generating done
[4.437s] -- Build files have been written to: /home/robot/debug_clear_ws/build/clearpath_generator_common
[4.452s] Invoked command in '/home/robot/debug_clear_ws/build/clearpath_generator_common' returned '0': AMENT_PREFIX_PATH=/home/robot/debug_clear_ws/install/clearpath_platform:/home/robot/debug_clear_ws/install/clearpath_manipulators:/home/robot/debug_clear_ws/install/clearpath_description:/home/robot/debug_clear_ws/install/clearpath_sensors_description:/home/robot/debug_clear_ws/install/clearpath_platform_msgs:/home/robot/debug_clear_ws/install/clearpath_platform_description:/home/robot/debug_clear_ws/install/clearpath_mounts_description:/home/robot/debug_clear_ws/install/clearpath_manipulators_description:/home/robot/debug_clear_ws/install/clearpath_control:/home/robot/debug_clear_ws/install/clearpath_config:${AMENT_PREFIX_PATH} CMAKE_PREFIX_PATH=/home/robot/debug_clear_ws/install/clearpath_platform:/home/robot/debug_clear_ws/install/clearpath_manipulators:/home/robot/debug_clear_ws/install/clearpath_description:/home/robot/debug_clear_ws/install/clearpath_sensors_description:/home/robot/debug_clear_ws/install/clearpath_platform_msgs:/home/robot/debug_clear_ws/install/clearpath_platform_description:/home/robot/debug_clear_ws/install/clearpath_mounts_description:/home/robot/debug_clear_ws/install/clearpath_manipulators_description:/home/robot/debug_clear_ws/install/clearpath_control:/home/robot/debug_clear_ws/install/mpc_low:/opt/ros/humble LD_LIBRARY_PATH=/home/robot/debug_clear_ws/install/clearpath_platform/lib:/home/robot/debug_clear_ws/install/clearpath_platform_msgs/lib:${LD_LIBRARY_PATH} PYTHONPATH=/home/robot/debug_clear_ws/install/clearpath_platform_msgs/local/lib/python3.10/dist-packages:/home/robot/debug_clear_ws/install/clearpath_config/lib/python3.10/site-packages:${PYTHONPATH} /usr/bin/cmake /home/robot/debug_clear_ws/src/clearpath_common/clearpath_generator_common -DCMAKE_INSTALL_PREFIX=/home/robot/debug_clear_ws/install/clearpath_generator_common
[4.454s] Invoking command in '/home/robot/debug_clear_ws/build/clearpath_generator_common': AMENT_PREFIX_PATH=/home/robot/debug_clear_ws/install/clearpath_platform:/home/robot/debug_clear_ws/install/clearpath_manipulators:/home/robot/debug_clear_ws/install/clearpath_description:/home/robot/debug_clear_ws/install/clearpath_sensors_description:/home/robot/debug_clear_ws/install/clearpath_platform_msgs:/home/robot/debug_clear_ws/install/clearpath_platform_description:/home/robot/debug_clear_ws/install/clearpath_mounts_description:/home/robot/debug_clear_ws/install/clearpath_manipulators_description:/home/robot/debug_clear_ws/install/clearpath_control:/home/robot/debug_clear_ws/install/clearpath_config:${AMENT_PREFIX_PATH} CMAKE_PREFIX_PATH=/home/robot/debug_clear_ws/install/clearpath_platform:/home/robot/debug_clear_ws/install/clearpath_manipulators:/home/robot/debug_clear_ws/install/clearpath_description:/home/robot/debug_clear_ws/install/clearpath_sensors_description:/home/robot/debug_clear_ws/install/clearpath_platform_msgs:/home/robot/debug_clear_ws/install/clearpath_platform_description:/home/robot/debug_clear_ws/install/clearpath_mounts_description:/home/robot/debug_clear_ws/install/clearpath_manipulators_description:/home/robot/debug_clear_ws/install/clearpath_control:/home/robot/debug_clear_ws/install/mpc_low:/opt/ros/humble LD_LIBRARY_PATH=/home/robot/debug_clear_ws/install/clearpath_platform/lib:/home/robot/debug_clear_ws/install/clearpath_platform_msgs/lib:${LD_LIBRARY_PATH} PYTHONPATH=/home/robot/debug_clear_ws/install/clearpath_platform_msgs/local/lib/python3.10/dist-packages:/home/robot/debug_clear_ws/install/clearpath_config/lib/python3.10/site-packages:${PYTHONPATH} /usr/bin/cmake --build /home/robot/debug_clear_ws/build/clearpath_generator_common -- -j12 -l12
[4.506s] [ 50%] [32mBuilding CXX object CMakeFiles/moveit_collision_updater.dir/src/moveit_collision_updater.cpp.o[0m
[4.521s] [ 50%] Built target ament_cmake_python_copy_clearpath_generator_common
[4.759s] running egg_info
[4.781s] creating clearpath_generator_common.egg-info
[4.782s] writing clearpath_generator_common.egg-info/PKG-INFO
[4.782s] writing dependency_links to clearpath_generator_common.egg-info/dependency_links.txt
[4.782s] writing top-level names to clearpath_generator_common.egg-info/top_level.txt
[4.782s] writing manifest file 'clearpath_generator_common.egg-info/SOURCES.txt'
[4.849s] reading manifest file 'clearpath_generator_common.egg-info/SOURCES.txt'
[4.850s] writing manifest file 'clearpath_generator_common.egg-info/SOURCES.txt'
[4.876s] [ 50%] Built target ament_cmake_python_build_clearpath_generator_common_egg
[16.194s] [100%] [32m[1mLinking CXX executable moveit_collision_updater[0m
[17.096s] [100%] Built target moveit_collision_updater
[17.107s] Invoked command in '/home/robot/debug_clear_ws/build/clearpath_generator_common' returned '0': AMENT_PREFIX_PATH=/home/robot/debug_clear_ws/install/clearpath_platform:/home/robot/debug_clear_ws/install/clearpath_manipulators:/home/robot/debug_clear_ws/install/clearpath_description:/home/robot/debug_clear_ws/install/clearpath_sensors_description:/home/robot/debug_clear_ws/install/clearpath_platform_msgs:/home/robot/debug_clear_ws/install/clearpath_platform_description:/home/robot/debug_clear_ws/install/clearpath_mounts_description:/home/robot/debug_clear_ws/install/clearpath_manipulators_description:/home/robot/debug_clear_ws/install/clearpath_control:/home/robot/debug_clear_ws/install/clearpath_config:${AMENT_PREFIX_PATH} CMAKE_PREFIX_PATH=/home/robot/debug_clear_ws/install/clearpath_platform:/home/robot/debug_clear_ws/install/clearpath_manipulators:/home/robot/debug_clear_ws/install/clearpath_description:/home/robot/debug_clear_ws/install/clearpath_sensors_description:/home/robot/debug_clear_ws/install/clearpath_platform_msgs:/home/robot/debug_clear_ws/install/clearpath_platform_description:/home/robot/debug_clear_ws/install/clearpath_mounts_description:/home/robot/debug_clear_ws/install/clearpath_manipulators_description:/home/robot/debug_clear_ws/install/clearpath_control:/home/robot/debug_clear_ws/install/mpc_low:/opt/ros/humble LD_LIBRARY_PATH=/home/robot/debug_clear_ws/install/clearpath_platform/lib:/home/robot/debug_clear_ws/install/clearpath_platform_msgs/lib:${LD_LIBRARY_PATH} PYTHONPATH=/home/robot/debug_clear_ws/install/clearpath_platform_msgs/local/lib/python3.10/dist-packages:/home/robot/debug_clear_ws/install/clearpath_config/lib/python3.10/site-packages:${PYTHONPATH} /usr/bin/cmake --build /home/robot/debug_clear_ws/build/clearpath_generator_common -- -j12 -l12
[17.109s] Invoking command in '/home/robot/debug_clear_ws/build/clearpath_generator_common': AMENT_PREFIX_PATH=/home/robot/debug_clear_ws/install/clearpath_platform:/home/robot/debug_clear_ws/install/clearpath_manipulators:/home/robot/debug_clear_ws/install/clearpath_description:/home/robot/debug_clear_ws/install/clearpath_sensors_description:/home/robot/debug_clear_ws/install/clearpath_platform_msgs:/home/robot/debug_clear_ws/install/clearpath_platform_description:/home/robot/debug_clear_ws/install/clearpath_mounts_description:/home/robot/debug_clear_ws/install/clearpath_manipulators_description:/home/robot/debug_clear_ws/install/clearpath_control:/home/robot/debug_clear_ws/install/clearpath_config:${AMENT_PREFIX_PATH} CMAKE_PREFIX_PATH=/home/robot/debug_clear_ws/install/clearpath_platform:/home/robot/debug_clear_ws/install/clearpath_manipulators:/home/robot/debug_clear_ws/install/clearpath_description:/home/robot/debug_clear_ws/install/clearpath_sensors_description:/home/robot/debug_clear_ws/install/clearpath_platform_msgs:/home/robot/debug_clear_ws/install/clearpath_platform_description:/home/robot/debug_clear_ws/install/clearpath_mounts_description:/home/robot/debug_clear_ws/install/clearpath_manipulators_description:/home/robot/debug_clear_ws/install/clearpath_control:/home/robot/debug_clear_ws/install/mpc_low:/opt/ros/humble LD_LIBRARY_PATH=/home/robot/debug_clear_ws/install/clearpath_platform/lib:/home/robot/debug_clear_ws/install/clearpath_platform_msgs/lib:${LD_LIBRARY_PATH} PYTHONPATH=/home/robot/debug_clear_ws/install/clearpath_platform_msgs/local/lib/python3.10/dist-packages:/home/robot/debug_clear_ws/install/clearpath_config/lib/python3.10/site-packages:${PYTHONPATH} /usr/bin/cmake --install /home/robot/debug_clear_ws/build/clearpath_generator_common
[17.116s] -- Install configuration: ""
[17.116s] -- Installing: /home/robot/debug_clear_ws/install/clearpath_generator_common/lib/clearpath_generator_common/generate_description
[17.116s] -- Installing: /home/robot/debug_clear_ws/install/clearpath_generator_common/lib/clearpath_generator_common/generate_discovery_server
[17.116s] -- Installing: /home/robot/debug_clear_ws/install/clearpath_generator_common/lib/clearpath_generator_common/generate_bash
[17.117s] -- Installing: /home/robot/debug_clear_ws/install/clearpath_generator_common/lib/clearpath_generator_common/generate_semantic_description
[17.117s] -- Installing: /home/robot/debug_clear_ws/install/clearpath_generator_common/lib/clearpath_generator_common/moveit_collision_updater
[17.118s] -- Set runtime path of "/home/robot/debug_clear_ws/install/clearpath_generator_common/lib/clearpath_generator_common/moveit_collision_updater" to ""
[17.119s] -- Installing: /home/robot/debug_clear_ws/install/clearpath_generator_common/share/clearpath_generator_common/environment/pythonpath.sh
[17.119s] -- Installing: /home/robot/debug_clear_ws/install/clearpath_generator_common/share/clearpath_generator_common/environment/pythonpath.dsv
[17.119s] -- Installing: /home/robot/debug_clear_ws/install/clearpath_generator_common/local/lib/python3.10/dist-packages/clearpath_generator_common-0.3.4-py3.10.egg-info
[17.119s] -- Installing: /home/robot/debug_clear_ws/install/clearpath_generator_common/local/lib/python3.10/dist-packages/clearpath_generator_common-0.3.4-py3.10.egg-info/SOURCES.txt
[17.119s] -- Installing: /home/robot/debug_clear_ws/install/clearpath_generator_common/local/lib/python3.10/dist-packages/clearpath_generator_common-0.3.4-py3.10.egg-info/dependency_links.txt
[17.119s] -- Installing: /home/robot/debug_clear_ws/install/clearpath_generator_common/local/lib/python3.10/dist-packages/clearpath_generator_common-0.3.4-py3.10.egg-info/top_level.txt
[17.119s] -- Installing: /home/robot/debug_clear_ws/install/clearpath_generator_common/local/lib/python3.10/dist-packages/clearpath_generator_common-0.3.4-py3.10.egg-info/PKG-INFO
[17.119s] -- Installing: /home/robot/debug_clear_ws/install/clearpath_generator_common/local/lib/python3.10/dist-packages/clearpath_generator_common
[17.120s] -- Installing: /home/robot/debug_clear_ws/install/clearpath_generator_common/local/lib/python3.10/dist-packages/clearpath_generator_common/package
[17.120s] -- Installing: /home/robot/debug_clear_ws/install/clearpath_generator_common/local/lib/python3.10/dist-packages/clearpath_generator_common/package/__init__.py
[17.120s] -- Installing: /home/robot/debug_clear_ws/install/clearpath_generator_common/local/lib/python3.10/dist-packages/clearpath_generator_common/package/writer.py
[17.120s] -- Installing: /home/robot/debug_clear_ws/install/clearpath_generator_common/local/lib/python3.10/dist-packages/clearpath_generator_common/bash
[17.120s] -- Installing: /home/robot/debug_clear_ws/install/clearpath_generator_common/local/lib/python3.10/dist-packages/clearpath_generator_common/bash/generator.py
[17.120s] -- Installing: /home/robot/debug_clear_ws/install/clearpath_generator_common/local/lib/python3.10/dist-packages/clearpath_generator_common/bash/__init__.py
[17.120s] -- Installing: /home/robot/debug_clear_ws/install/clearpath_generator_common/local/lib/python3.10/dist-packages/clearpath_generator_common/bash/generate_bash
[17.120s] -- Installing: /home/robot/debug_clear_ws/install/clearpath_generator_common/local/lib/python3.10/dist-packages/clearpath_generator_common/bash/writer.py
[17.121s] -- Installing: /home/robot/debug_clear_ws/install/clearpath_generator_common/local/lib/python3.10/dist-packages/clearpath_generator_common/launch
[17.121s] -- Installing: /home/robot/debug_clear_ws/install/clearpath_generator_common/local/lib/python3.10/dist-packages/clearpath_generator_common/launch/generator.py
[17.121s] -- Installing: /home/robot/debug_clear_ws/install/clearpath_generator_common/local/lib/python3.10/dist-packages/clearpath_generator_common/launch/__init__.py
[17.121s] -- Installing: /home/robot/debug_clear_ws/install/clearpath_generator_common/local/lib/python3.10/dist-packages/clearpath_generator_common/launch/writer.py
[17.121s] -- Installing: /home/robot/debug_clear_ws/install/clearpath_generator_common/local/lib/python3.10/dist-packages/clearpath_generator_common/description
[17.121s] -- Installing: /home/robot/debug_clear_ws/install/clearpath_generator_common/local/lib/python3.10/dist-packages/clearpath_generator_common/description/mounts.py
[17.121s] -- Installing: /home/robot/debug_clear_ws/install/clearpath_generator_common/local/lib/python3.10/dist-packages/clearpath_generator_common/description/links.py
[17.121s] -- Installing: /home/robot/debug_clear_ws/install/clearpath_generator_common/local/lib/python3.10/dist-packages/clearpath_generator_common/description/attachments.py
[17.121s] -- Installing: /home/robot/debug_clear_ws/install/clearpath_generator_common/local/lib/python3.10/dist-packages/clearpath_generator_common/description/generate_description
[17.122s] -- Installing: /home/robot/debug_clear_ws/install/clearpath_generator_common/local/lib/python3.10/dist-packages/clearpath_generator_common/description/platform.py
[17.122s] -- Installing: /home/robot/debug_clear_ws/install/clearpath_generator_common/local/lib/python3.10/dist-packages/clearpath_generator_common/description/generator.py
[17.122s] -- Installing: /home/robot/debug_clear_ws/install/clearpath_generator_common/local/lib/python3.10/dist-packages/clearpath_generator_common/description/__init__.py
[17.122s] -- Installing: /home/robot/debug_clear_ws/install/clearpath_generator_common/local/lib/python3.10/dist-packages/clearpath_generator_common/description/sensors.py
[17.122s] -- Installing: /home/robot/debug_clear_ws/install/clearpath_generator_common/local/lib/python3.10/dist-packages/clearpath_generator_common/description/writer.py
[17.122s] -- Installing: /home/robot/debug_clear_ws/install/clearpath_generator_common/local/lib/python3.10/dist-packages/clearpath_generator_common/description/manipulators.py
[17.122s] -- Installing: /home/robot/debug_clear_ws/install/clearpath_generator_common/local/lib/python3.10/dist-packages/clearpath_generator_common/discovery_server
[17.123s] -- Installing: /home/robot/debug_clear_ws/install/clearpath_generator_common/local/lib/python3.10/dist-packages/clearpath_generator_common/discovery_server/generator.py
[17.123s] -- Installing: /home/robot/debug_clear_ws/install/clearpath_generator_common/local/lib/python3.10/dist-packages/clearpath_generator_common/discovery_server/generate_discovery_server
[17.123s] -- Installing: /home/robot/debug_clear_ws/install/clearpath_generator_common/local/lib/python3.10/dist-packages/clearpath_generator_common/param
[17.123s] -- Installing: /home/robot/debug_clear_ws/install/clearpath_generator_common/local/lib/python3.10/dist-packages/clearpath_generator_common/param/platform.py
[17.123s] -- Installing: /home/robot/debug_clear_ws/install/clearpath_generator_common/local/lib/python3.10/dist-packages/clearpath_generator_common/param/generator.py
[17.123s] -- Installing: /home/robot/debug_clear_ws/install/clearpath_generator_common/local/lib/python3.10/dist-packages/clearpath_generator_common/param/__init__.py
[17.123s] -- Installing: /home/robot/debug_clear_ws/install/clearpath_generator_common/local/lib/python3.10/dist-packages/clearpath_generator_common/param/writer.py
[17.123s] -- Installing: /home/robot/debug_clear_ws/install/clearpath_generator_common/local/lib/python3.10/dist-packages/clearpath_generator_common/param/manipulators.py
[17.124s] -- Installing: /home/robot/debug_clear_ws/install/clearpath_generator_common/local/lib/python3.10/dist-packages/clearpath_generator_common/__init__.py
[17.124s] -- Installing: /home/robot/debug_clear_ws/install/clearpath_generator_common/local/lib/python3.10/dist-packages/clearpath_generator_common/semantic_description
[17.124s] -- Installing: /home/robot/debug_clear_ws/install/clearpath_generator_common/local/lib/python3.10/dist-packages/clearpath_generator_common/semantic_description/generate_semantic_description
[17.124s] -- Installing: /home/robot/debug_clear_ws/install/clearpath_generator_common/local/lib/python3.10/dist-packages/clearpath_generator_common/semantic_description/generator.py
[17.124s] -- Installing: /home/robot/debug_clear_ws/install/clearpath_generator_common/local/lib/python3.10/dist-packages/clearpath_generator_common/semantic_description/__init__.py
[17.124s] -- Installing: /home/robot/debug_clear_ws/install/clearpath_generator_common/local/lib/python3.10/dist-packages/clearpath_generator_common/semantic_description/manipulators.py
[17.124s] -- Installing: /home/robot/debug_clear_ws/install/clearpath_generator_common/local/lib/python3.10/dist-packages/clearpath_generator_common/common.py
[17.173s] Listing '/home/robot/debug_clear_ws/install/clearpath_generator_common/local/lib/python3.10/dist-packages/clearpath_generator_common'...
[17.173s] Compiling '/home/robot/debug_clear_ws/install/clearpath_generator_common/local/lib/python3.10/dist-packages/clearpath_generator_common/__init__.py'...
[17.173s] Listing '/home/robot/debug_clear_ws/install/clearpath_generator_common/local/lib/python3.10/dist-packages/clearpath_generator_common/bash'...
[17.174s] Compiling '/home/robot/debug_clear_ws/install/clearpath_generator_common/local/lib/python3.10/dist-packages/clearpath_generator_common/bash/__init__.py'...
[17.174s] Compiling '/home/robot/debug_clear_ws/install/clearpath_generator_common/local/lib/python3.10/dist-packages/clearpath_generator_common/bash/generator.py'...
[17.174s] Compiling '/home/robot/debug_clear_ws/install/clearpath_generator_common/local/lib/python3.10/dist-packages/clearpath_generator_common/bash/writer.py'...
[17.174s] Compiling '/home/robot/debug_clear_ws/install/clearpath_generator_common/local/lib/python3.10/dist-packages/clearpath_generator_common/common.py'...
[17.174s] Listing '/home/robot/debug_clear_ws/install/clearpath_generator_common/local/lib/python3.10/dist-packages/clearpath_generator_common/description'...
[17.174s] Compiling '/home/robot/debug_clear_ws/install/clearpath_generator_common/local/lib/python3.10/dist-packages/clearpath_generator_common/description/__init__.py'...
[17.174s] Compiling '/home/robot/debug_clear_ws/install/clearpath_generator_common/local/lib/python3.10/dist-packages/clearpath_generator_common/description/attachments.py'...
[17.174s] Compiling '/home/robot/debug_clear_ws/install/clearpath_generator_common/local/lib/python3.10/dist-packages/clearpath_generator_common/description/generator.py'...
[17.174s] Compiling '/home/robot/debug_clear_ws/install/clearpath_generator_common/local/lib/python3.10/dist-packages/clearpath_generator_common/description/links.py'...
[17.174s] Compiling '/home/robot/debug_clear_ws/install/clearpath_generator_common/local/lib/python3.10/dist-packages/clearpath_generator_common/description/manipulators.py'...
[17.174s] Compiling '/home/robot/debug_clear_ws/install/clearpath_generator_common/local/lib/python3.10/dist-packages/clearpath_generator_common/description/mounts.py'...
[17.175s] Compiling '/home/robot/debug_clear_ws/install/clearpath_generator_common/local/lib/python3.10/dist-packages/clearpath_generator_common/description/platform.py'...
[17.175s] Compiling '/home/robot/debug_clear_ws/install/clearpath_generator_common/local/lib/python3.10/dist-packages/clearpath_generator_common/description/sensors.py'...
[17.175s] Compiling '/home/robot/debug_clear_ws/install/clearpath_generator_common/local/lib/python3.10/dist-packages/clearpath_generator_common/description/writer.py'...
[17.175s] Listing '/home/robot/debug_clear_ws/install/clearpath_generator_common/local/lib/python3.10/dist-packages/clearpath_generator_common/discovery_server'...
[17.175s] Compiling '/home/robot/debug_clear_ws/install/clearpath_generator_common/local/lib/python3.10/dist-packages/clearpath_generator_common/discovery_server/generator.py'...
[17.175s] Listing '/home/robot/debug_clear_ws/install/clearpath_generator_common/local/lib/python3.10/dist-packages/clearpath_generator_common/launch'...
[17.175s] Compiling '/home/robot/debug_clear_ws/install/clearpath_generator_common/local/lib/python3.10/dist-packages/clearpath_generator_common/launch/__init__.py'...
[17.175s] Compiling '/home/robot/debug_clear_ws/install/clearpath_generator_common/local/lib/python3.10/dist-packages/clearpath_generator_common/launch/generator.py'...
[17.175s] Compiling '/home/robot/debug_clear_ws/install/clearpath_generator_common/local/lib/python3.10/dist-packages/clearpath_generator_common/launch/writer.py'...
[17.175s] Listing '/home/robot/debug_clear_ws/install/clearpath_generator_common/local/lib/python3.10/dist-packages/clearpath_generator_common/package'...
[17.175s] Compiling '/home/robot/debug_clear_ws/install/clearpath_generator_common/local/lib/python3.10/dist-packages/clearpath_generator_common/package/__init__.py'...
[17.175s] Compiling '/home/robot/debug_clear_ws/install/clearpath_generator_common/local/lib/python3.10/dist-packages/clearpath_generator_common/package/writer.py'...
[17.176s] Listing '/home/robot/debug_clear_ws/install/clearpath_generator_common/local/lib/python3.10/dist-packages/clearpath_generator_common/param'...
[17.176s] Compiling '/home/robot/debug_clear_ws/install/clearpath_generator_common/local/lib/python3.10/dist-packages/clearpath_generator_common/param/__init__.py'...
[17.176s] Compiling '/home/robot/debug_clear_ws/install/clearpath_generator_common/local/lib/python3.10/dist-packages/clearpath_generator_common/param/generator.py'...
[17.176s] Compiling '/home/robot/debug_clear_ws/install/clearpath_generator_common/local/lib/python3.10/dist-packages/clearpath_generator_common/param/manipulators.py'...
[17.176s] Compiling '/home/robot/debug_clear_ws/install/clearpath_generator_common/local/lib/python3.10/dist-packages/clearpath_generator_common/param/platform.py'...
[17.176s] Compiling '/home/robot/debug_clear_ws/install/clearpath_generator_common/local/lib/python3.10/dist-packages/clearpath_generator_common/param/writer.py'...
[17.176s] Listing '/home/robot/debug_clear_ws/install/clearpath_generator_common/local/lib/python3.10/dist-packages/clearpath_generator_common/semantic_description'...
[17.176s] Compiling '/home/robot/debug_clear_ws/install/clearpath_generator_common/local/lib/python3.10/dist-packages/clearpath_generator_common/semantic_description/__init__.py'...
[17.176s] Compiling '/home/robot/debug_clear_ws/install/clearpath_generator_common/local/lib/python3.10/dist-packages/clearpath_generator_common/semantic_description/generator.py'...
[17.176s] Compiling '/home/robot/debug_clear_ws/install/clearpath_generator_common/local/lib/python3.10/dist-packages/clearpath_generator_common/semantic_description/manipulators.py'...
[17.177s] -- Installing: /home/robot/debug_clear_ws/install/clearpath_generator_common/share/ament_index/resource_index/package_run_dependencies/clearpath_generator_common
[17.178s] -- Installing: /home/robot/debug_clear_ws/install/clearpath_generator_common/share/ament_index/resource_index/parent_prefix_path/clearpath_generator_common
[17.178s] -- Installing: /home/robot/debug_clear_ws/install/clearpath_generator_common/share/clearpath_generator_common/environment/ament_prefix_path.sh
[17.178s] -- Installing: /home/robot/debug_clear_ws/install/clearpath_generator_common/share/clearpath_generator_common/environment/ament_prefix_path.dsv
[17.178s] -- Installing: /home/robot/debug_clear_ws/install/clearpath_generator_common/share/clearpath_generator_common/environment/path.sh
[17.178s] -- Installing: /home/robot/debug_clear_ws/install/clearpath_generator_common/share/clearpath_generator_common/environment/path.dsv
[17.178s] -- Installing: /home/robot/debug_clear_ws/install/clearpath_generator_common/share/clearpath_generator_common/local_setup.bash
[17.178s] -- Installing: /home/robot/debug_clear_ws/install/clearpath_generator_common/share/clearpath_generator_common/local_setup.sh
[17.178s] -- Installing: /home/robot/debug_clear_ws/install/clearpath_generator_common/share/clearpath_generator_common/local_setup.zsh
[17.179s] -- Installing: /home/robot/debug_clear_ws/install/clearpath_generator_common/share/clearpath_generator_common/local_setup.dsv
[17.179s] -- Installing: /home/robot/debug_clear_ws/install/clearpath_generator_common/share/clearpath_generator_common/package.dsv
[17.179s] -- Installing: /home/robot/debug_clear_ws/install/clearpath_generator_common/share/ament_index/resource_index/packages/clearpath_generator_common
[17.179s] -- Installing: /home/robot/debug_clear_ws/install/clearpath_generator_common/share/clearpath_generator_common/cmake/clearpath_generator_commonConfig.cmake
[17.179s] -- Installing: /home/robot/debug_clear_ws/install/clearpath_generator_common/share/clearpath_generator_common/cmake/clearpath_generator_commonConfig-version.cmake
[17.179s] -- Installing: /home/robot/debug_clear_ws/install/clearpath_generator_common/share/clearpath_generator_common/package.xml
[17.182s] Invoked command in '/home/robot/debug_clear_ws/build/clearpath_generator_common' returned '0': AMENT_PREFIX_PATH=/home/robot/debug_clear_ws/install/clearpath_platform:/home/robot/debug_clear_ws/install/clearpath_manipulators:/home/robot/debug_clear_ws/install/clearpath_description:/home/robot/debug_clear_ws/install/clearpath_sensors_description:/home/robot/debug_clear_ws/install/clearpath_platform_msgs:/home/robot/debug_clear_ws/install/clearpath_platform_description:/home/robot/debug_clear_ws/install/clearpath_mounts_description:/home/robot/debug_clear_ws/install/clearpath_manipulators_description:/home/robot/debug_clear_ws/install/clearpath_control:/home/robot/debug_clear_ws/install/clearpath_config:${AMENT_PREFIX_PATH} CMAKE_PREFIX_PATH=/home/robot/debug_clear_ws/install/clearpath_platform:/home/robot/debug_clear_ws/install/clearpath_manipulators:/home/robot/debug_clear_ws/install/clearpath_description:/home/robot/debug_clear_ws/install/clearpath_sensors_description:/home/robot/debug_clear_ws/install/clearpath_platform_msgs:/home/robot/debug_clear_ws/install/clearpath_platform_description:/home/robot/debug_clear_ws/install/clearpath_mounts_description:/home/robot/debug_clear_ws/install/clearpath_manipulators_description:/home/robot/debug_clear_ws/install/clearpath_control:/home/robot/debug_clear_ws/install/mpc_low:/opt/ros/humble LD_LIBRARY_PATH=/home/robot/debug_clear_ws/install/clearpath_platform/lib:/home/robot/debug_clear_ws/install/clearpath_platform_msgs/lib:${LD_LIBRARY_PATH} PYTHONPATH=/home/robot/debug_clear_ws/install/clearpath_platform_msgs/local/lib/python3.10/dist-packages:/home/robot/debug_clear_ws/install/clearpath_config/lib/python3.10/site-packages:${PYTHONPATH} /usr/bin/cmake --install /home/robot/debug_clear_ws/build/clearpath_generator_common
