-- Found ament_cmake: 1.3.11 (/opt/ros/humble/share/ament_cmake/cmake)
-- Found Python3: /usr/bin/python3 (found version "3.10.12") found components: Interpreter 
-- Override CMake install command with custom implementation using symlinks instead of copying resources
-- Configuring done
-- Generating done
-- Build files have been written to: /home/robot/debug_clear_ws/build/clearpath_common
-- Install configuration: ""
-- Execute custom install script
-- Symlinking: /home/robot/debug_clear_ws/install/clearpath_common/share/ament_index/resource_index/package_run_dependencies/clearpath_common
-- Symlinking: /home/robot/debug_clear_ws/install/clearpath_common/share/ament_index/resource_index/parent_prefix_path/clearpath_common
-- Symlinking: /home/robot/debug_clear_ws/install/clearpath_common/share/clearpath_common/environment/ament_prefix_path.sh
-- Symlinking: /home/robot/debug_clear_ws/install/clearpath_common/share/clearpath_common/environment/ament_prefix_path.dsv
-- Symlinking: /home/robot/debug_clear_ws/install/clearpath_common/share/clearpath_common/environment/path.sh
-- Symlinking: /home/robot/debug_clear_ws/install/clearpath_common/share/clearpath_common/environment/path.dsv
-- Symlinking: /home/robot/debug_clear_ws/install/clearpath_common/share/clearpath_common/local_setup.bash
-- Symlinking: /home/robot/debug_clear_ws/install/clearpath_common/share/clearpath_common/local_setup.sh
-- Symlinking: /home/robot/debug_clear_ws/install/clearpath_common/share/clearpath_common/local_setup.zsh
-- Symlinking: /home/robot/debug_clear_ws/install/clearpath_common/share/clearpath_common/local_setup.dsv
-- Symlinking: /home/robot/debug_clear_ws/install/clearpath_common/share/clearpath_common/package.dsv
-- Symlinking: /home/robot/debug_clear_ws/install/clearpath_common/share/ament_index/resource_index/packages/clearpath_common
-- Symlinking: /home/robot/debug_clear_ws/install/clearpath_common/share/clearpath_common/cmake/clearpath_commonConfig.cmake
-- Symlinking: /home/robot/debug_clear_ws/install/clearpath_common/share/clearpath_common/cmake/clearpath_commonConfig-version.cmake
-- Symlinking: /home/robot/debug_clear_ws/install/clearpath_common/share/clearpath_common/package.xml
