[0.019s] Invoking command in '/home/robot/debug_clear_ws/build/clearpath_generator_common': AMENT_PREFIX_PATH=/home/robot/debug_clear_ws/install/clearpath_config:/home/robot/debug_clear_ws/install/clearpath_simulator:/home/robot/debug_clear_ws/install/clearpath_gz:/home/robot/debug_clear_ws/install/clearpath_generator_gz:/home/robot/debug_clear_ws/install/clearpath_common:/home/robot/debug_clear_ws/install/clearpath_generator_common:/home/robot/debug_clear_ws/install/clearpath_description:/home/robot/debug_clear_ws/install/clearpath_sensors_description:/home/robot/debug_clear_ws/install/clearpath_platform:/home/robot/debug_clear_ws/install/clearpath_msgs:/home/robot/debug_clear_ws/install/clearpath_platform_msgs:/home/robot/debug_clear_ws/install/clearpath_platform_description:/home/robot/debug_clear_ws/install/clearpath_mounts_description:/home/robot/debug_clear_ws/install/clearpath_manipulators:/home/robot/debug_clear_ws/install/clearpath_manipulators_description:/home/robot/debug_clear_ws/install/clearpath_customization:/home/robot/debug_clear_ws/install/clearpath_control:/home/robot/debug_clear_ws~/install/clearpath_simulator:/home/robot/debug_clear_ws~/install/clearpath_gz:/home/robot/debug_clear_ws~/install/clearpath_generator_gz:/home/robot/debug_clear_ws~/install/clearpath_common:/home/robot/debug_clear_ws~/install/clearpath_generator_common:/home/robot/debug_clear_ws~/install/clearpath_description:/home/robot/debug_clear_ws~/install/clearpath_sensors_description:/home/robot/debug_clear_ws~/install/clearpath_platform:/home/robot/debug_clear_ws~/install/clearpath_msgs:/home/robot/debug_clear_ws~/install/clearpath_platform_msgs:/home/robot/debug_clear_ws~/install/clearpath_platform_description:/home/robot/debug_clear_ws~/install/clearpath_mounts_description:/home/robot/debug_clear_ws~/install/clearpath_manipulators:/home/robot/debug_clear_ws~/install/clearpath_manipulators_description:/home/robot/debug_clear_ws~/install/clearpath_customization:/home/robot/debug_clear_ws~/install/clearpath_control:/home/robot/debug_clear_ws~/install/clearpath_config:/opt/ros/humble CMAKE_PREFIX_PATH=/home/robot/debug_clear_ws/install/clearpath_platform:/home/robot/debug_clear_ws/install/clearpath_manipulators:/home/robot/debug_clear_ws/install/clearpath_description:/home/robot/debug_clear_ws/install/clearpath_sensors_description:/home/robot/debug_clear_ws/install/clearpath_platform_msgs:/home/robot/debug_clear_ws/install/clearpath_platform_description:/home/robot/debug_clear_ws/install/clearpath_mounts_description:/home/robot/debug_clear_ws/install/clearpath_manipulators_description:/home/robot/debug_clear_ws/install/clearpath_control:/home/robot/debug_clear_ws/install/clearpath_simulator:/home/robot/debug_clear_ws/install/clearpath_gz:/home/robot/debug_clear_ws/install/clearpath_generator_gz:/home/robot/debug_clear_ws/install/clearpath_common:/home/robot/debug_clear_ws/install/clearpath_generator_common:/home/robot/debug_clear_ws/install/clearpath_msgs:/home/robot/debug_clear_ws/install/clearpath_customization:/home/robot/debug_clear_ws~/install/clearpath_simulator:/home/robot/debug_clear_ws~/install/clearpath_gz:/home/robot/debug_clear_ws~/install/clearpath_generator_gz:/home/robot/debug_clear_ws~/install/clearpath_common:/home/robot/debug_clear_ws~/install/clearpath_generator_common:/home/robot/debug_clear_ws~/install/clearpath_description:/home/robot/debug_clear_ws~/install/clearpath_sensors_description:/home/robot/debug_clear_ws~/install/clearpath_platform:/home/robot/debug_clear_ws~/install/clearpath_msgs:/home/robot/debug_clear_ws~/install/clearpath_platform_msgs:/home/robot/debug_clear_ws~/install/clearpath_platform_description:/home/robot/debug_clear_ws~/install/clearpath_mounts_description:/home/robot/debug_clear_ws~/install/clearpath_manipulators:/home/robot/debug_clear_ws~/install/clearpath_manipulators_description:/home/robot/debug_clear_ws~/install/clearpath_customization:/home/robot/debug_clear_ws~/install/clearpath_control:/home/robot/debug_clear_ws/install/clearpath_config:/home/robot/debug_clear_ws~/install/clearpath_config:/opt/ros/humble PYTHONPATH=/home/robot/debug_clear_ws/install/clearpath_config/lib/python3.10/site-packages:/home/robot/debug_clear_ws/install/clearpath_generator_gz/local/lib/python3.10/dist-packages:/home/robot/debug_clear_ws/install/clearpath_generator_common/local/lib/python3.10/dist-packages:/home/robot/debug_clear_ws/install/clearpath_platform_msgs/local/lib/python3.10/dist-packages:/home/robot/debug_clear_ws~/install/clearpath_generator_gz/local/lib/python3.10/dist-packages:/home/robot/debug_clear_ws~/install/clearpath_generator_common/local/lib/python3.10/dist-packages:/home/robot/debug_clear_ws~/install/clearpath_platform_msgs/local/lib/python3.10/dist-packages:/home/robot/debug_clear_ws~/install/clearpath_config/lib/python3.10/site-packages:/opt/ros/humble/lib/python3.10/site-packages:/opt/ros/humble/local/lib/python3.10/dist-packages /usr/bin/cmake /home/robot/debug_clear_ws/src/clearpath_common/clearpath_generator_common -DCMAKE_INSTALL_PREFIX=/home/robot/debug_clear_ws/install/clearpath_generator_common
[0.070s] -- The C compiler identification is GNU 11.4.0
[0.124s] -- The CXX compiler identification is GNU 11.4.0
[0.131s] -- Detecting C compiler ABI info
[0.197s] -- Detecting C compiler ABI info - done
[0.205s] -- Check for working C compiler: /usr/bin/cc - skipped
[0.205s] -- Detecting C compile features
[0.205s] -- Detecting C compile features - done
[0.208s] -- Detecting CXX compiler ABI info
[0.282s] -- Detecting CXX compiler ABI info - done
[0.289s] -- Check for working CXX compiler: /usr/bin/c++ - skipped
[0.289s] -- Detecting CXX compile features
[0.290s] -- Detecting CXX compile features - done
[0.293s] -- Found ament_cmake: 1.3.10 (/opt/ros/humble/share/ament_cmake/cmake)
[0.435s] -- Found Python3: /usr/bin/python3 (found version "3.10.12") found components: Interpreter 
[0.526s] -- Found moveit_setup_framework: 2.5.5 (/opt/ros/humble/share/moveit_setup_framework/cmake)
[0.577s] -- Found rosidl_generator_c: 3.1.5 (/opt/ros/humble/share/rosidl_generator_c/cmake)
[0.584s] -- Found rosidl_adapter: 3.1.5 (/opt/ros/humble/share/rosidl_adapter/cmake)
[0.593s] -- Found rosidl_generator_cpp: 3.1.5 (/opt/ros/humble/share/rosidl_generator_cpp/cmake)
[0.607s] -- Using all available rosidl_typesupport_c: rosidl_typesupport_fastrtps_c;rosidl_typesupport_introspection_c
[0.625s] -- Using all available rosidl_typesupport_cpp: rosidl_typesupport_fastrtps_cpp;rosidl_typesupport_introspection_cpp
[0.674s] -- Found rmw_implementation_cmake: 6.1.2 (/opt/ros/humble/share/rmw_implementation_cmake/cmake)
[0.678s] -- Found rmw_fastrtps_cpp: 6.2.7 (/opt/ros/humble/share/rmw_fastrtps_cpp/cmake)
[0.766s] -- Found OpenSSL: /usr/lib/x86_64-linux-gnu/libcrypto.so (found version "3.0.2")  
[0.799s] -- Found FastRTPS: /opt/ros/humble/include  
[0.851s] -- Using RMW implementation 'rmw_fastrtps_cpp' as default
[0.865s] -- Looking for pthread.h
[0.938s] -- Looking for pthread.h - found
[0.938s] -- Performing Test CMAKE_HAVE_LIBC_PTHREAD
[1.020s] -- Performing Test CMAKE_HAVE_LIBC_PTHREAD - Success
[1.021s] -- Found Threads: TRUE  
[1.137s] -- Found Boost: /usr/lib/x86_64-linux-gnu/cmake/Boost-1.74.0/BoostConfig.cmake (found version "1.74.0") found components: chrono date_time filesystem iostreams program_options regex serialization system thread 
[1.153s] -- Found parameter_traits: 0.3.8 (/opt/ros/humble/share/parameter_traits/cmake)
[1.174s] -- Found rclcpp_lifecycle: 16.0.10 (/opt/ros/humble/share/rclcpp_lifecycle/cmake)
[1.200s] -- Found Boost: /usr/lib/x86_64-linux-gnu/cmake/Boost-1.74.0/BoostConfig.cmake (found version "1.74.0") found components: filesystem 
[1.300s] -- library: /usr/lib/x86_64-linux-gnu/libcurl.so
[1.367s] -- Found Eigen3: TRUE (found version "3.4.0") 
[1.367s] -- Ensuring Eigen3 include directory is part of orocos-kdl CMake target
[1.643s] -- Found Boost: /usr/lib/x86_64-linux-gnu/cmake/Boost-1.74.0/BoostConfig.cmake (found version "1.74.0") found components: system filesystem date_time program_options thread chrono 
[1.676s] -- Found Boost: /usr/lib/x86_64-linux-gnu/cmake/Boost-1.74.0/BoostConfig.cmake (found version "1.74.0") found components: thread date_time system filesystem 
[1.692s] -- Found Boost: /usr/lib/x86_64-linux-gnu/cmake/Boost-1.74.0/BoostConfig.cmake (found version "1.74.0") found components: date_time filesystem program_options system thread 
[1.706s] -- Found Boost: /usr/lib/x86_64-linux-gnu/cmake/Boost-1.74.0/BoostConfig.cmake (found version "1.74.0") found components: thread system filesystem regex date_time program_options 
[1.729s] -- Found Boost: /usr/lib/x86_64-linux-gnu/cmake/Boost-1.74.0/BoostConfig.cmake (found version "1.74.0") found components: system filesystem date_time program_options thread 
[1.790s] -- Setting OGRE_DIR to: '/opt/ros/humble/share/rviz_ogre_vendor/cmake/../../../opt/rviz_ogre_vendor/lib/OGRE/cmake'
[1.791s] -- Found OGRE
[1.791s] --   static     : OFF
[1.791s] --   components : HLMS;MeshLodGenerator;Overlay;Paging;Property;RTShaderSystem;Terrain;Volume
[1.791s] --   plugins    : Plugin_BSPSceneManager;Plugin_OctreeSceneManager;Plugin_PCZSceneManager;Plugin_ParticleFX;RenderSystem_GL;RenderSystem_GL3Plus;Codec_STBI
[1.791s] --   media      : /opt/ros/humble/opt/rviz_ogre_vendor/share/OGRE/Media
[1.792s] -- OGRE_LIBRARIES: OgreHLMS;OgreMeshLodGenerator;OgreOverlay;OgrePaging;OgreProperty;OgreRTShaderSystem;OgreTerrain;OgreVolume;OgreMain
[1.792s] -- OGRE_LIBRARY_DIRS: /opt/ros/humble/opt/rviz_ogre_vendor/lib
[1.792s] -- OGRE_PLUGINS: Plugin_BSPSceneManager;Plugin_OctreeSceneManager;Plugin_PCZSceneManager;Plugin_ParticleFX;RenderSystem_GL;RenderSystem_GL3Plus;Codec_STBI
[1.792s] -- OGRE_PLUGIN_DIR: /opt/ros/humble/opt/rviz_ogre_vendor/lib/OGRE
[1.792s] -- rviz_ogre_vendor::OgreOverlay for IMPORTED_LOCATION_RELEASE: /opt/ros/humble/opt/rviz_ogre_vendor/lib/libOgreOverlay.so
[1.792s] -- rviz_ogre_vendor::OgreOverlay for IMPORTED_LOCATION_DEBUG: /opt/ros/humble/opt/rviz_ogre_vendor/lib/libOgreOverlay.so
[1.792s] -- rviz_ogre_vendor::OgreMain for IMPORTED_LOCATION_RELEASE: /opt/ros/humble/opt/rviz_ogre_vendor/lib/libOgreMain.so
[1.792s] -- rviz_ogre_vendor::OgreMain for IMPORTED_LOCATION_DEBUG: /opt/ros/humble/opt/rviz_ogre_vendor/lib/libOgreMain.so
[1.793s] -- Could not find freeimage library
[1.816s] -- Found ZLIB: /usr/lib/x86_64-linux-gnu/libz.so (found version "1.2.11") 
[1.823s] -- Found OpenGL: /usr/lib/x86_64-linux-gnu/libOpenGL.so   
[1.939s] -- Found X11: /usr/include   
[1.940s] -- Looking for XOpenDisplay in /usr/lib/x86_64-linux-gnu/libX11.so;/usr/lib/x86_64-linux-gnu/libXext.so
[2.014s] -- Looking for XOpenDisplay in /usr/lib/x86_64-linux-gnu/libX11.so;/usr/lib/x86_64-linux-gnu/libXext.so - found
[2.014s] -- Looking for gethostbyname
[2.081s] -- Looking for gethostbyname - found
[2.081s] -- Looking for connect
[2.147s] -- Looking for connect - found
[2.147s] -- Looking for remove
[2.212s] -- Looking for remove - found
[2.212s] -- Looking for shmat
[2.278s] -- Looking for shmat - found
[2.278s] -- Looking for IceConnectionNumber in ICE
[2.345s] -- Looking for IceConnectionNumber in ICE - found
[2.362s] -- Setting assimp_DIR to: '/opt/ros/humble/share/rviz_assimp_vendor/cmake/../../../opt/rviz_assimp_vendor/lib/cmake/assimp-4.1'
[2.463s] -- Found moveit_setup_srdf_plugins: 2.5.5 (/opt/ros/humble/share/moveit_setup_srdf_plugins/cmake)
[2.551s] -- Found ament_lint_auto: 0.12.11 (/opt/ros/humble/share/ament_lint_auto/cmake)
[3.621s] -- Added test 'cppcheck' to perform static code analysis on C / C++ code
[3.621s] -- Configured cppcheck include dirs: 
[3.621s] -- Configured cppcheck exclude dirs and/or files: 
[3.622s] -- Added test 'flake8' to check Python code syntax and style conventions
[3.624s] -- Added test 'lint_cmake' to check CMake code style
[3.625s] -- Added test 'pep257' to check Python code against some of the docstring style conventions in PEP 257
[3.628s] -- Added test 'uncrustify' to check C / C++ code style
[3.628s] -- Configured uncrustify additional arguments: 
[3.629s] -- Added test 'xmllint' to check XML markup files
[3.631s] -- Configuring done
[3.675s] -- Generating done
[3.678s] -- Build files have been written to: /home/robot/debug_clear_ws/build/clearpath_generator_common
[3.694s] Invoked command in '/home/robot/debug_clear_ws/build/clearpath_generator_common' returned '0': AMENT_PREFIX_PATH=/home/robot/debug_clear_ws/install/clearpath_config:/home/robot/debug_clear_ws/install/clearpath_simulator:/home/robot/debug_clear_ws/install/clearpath_gz:/home/robot/debug_clear_ws/install/clearpath_generator_gz:/home/robot/debug_clear_ws/install/clearpath_common:/home/robot/debug_clear_ws/install/clearpath_generator_common:/home/robot/debug_clear_ws/install/clearpath_description:/home/robot/debug_clear_ws/install/clearpath_sensors_description:/home/robot/debug_clear_ws/install/clearpath_platform:/home/robot/debug_clear_ws/install/clearpath_msgs:/home/robot/debug_clear_ws/install/clearpath_platform_msgs:/home/robot/debug_clear_ws/install/clearpath_platform_description:/home/robot/debug_clear_ws/install/clearpath_mounts_description:/home/robot/debug_clear_ws/install/clearpath_manipulators:/home/robot/debug_clear_ws/install/clearpath_manipulators_description:/home/robot/debug_clear_ws/install/clearpath_customization:/home/robot/debug_clear_ws/install/clearpath_control:/home/robot/debug_clear_ws~/install/clearpath_simulator:/home/robot/debug_clear_ws~/install/clearpath_gz:/home/robot/debug_clear_ws~/install/clearpath_generator_gz:/home/robot/debug_clear_ws~/install/clearpath_common:/home/robot/debug_clear_ws~/install/clearpath_generator_common:/home/robot/debug_clear_ws~/install/clearpath_description:/home/robot/debug_clear_ws~/install/clearpath_sensors_description:/home/robot/debug_clear_ws~/install/clearpath_platform:/home/robot/debug_clear_ws~/install/clearpath_msgs:/home/robot/debug_clear_ws~/install/clearpath_platform_msgs:/home/robot/debug_clear_ws~/install/clearpath_platform_description:/home/robot/debug_clear_ws~/install/clearpath_mounts_description:/home/robot/debug_clear_ws~/install/clearpath_manipulators:/home/robot/debug_clear_ws~/install/clearpath_manipulators_description:/home/robot/debug_clear_ws~/install/clearpath_customization:/home/robot/debug_clear_ws~/install/clearpath_control:/home/robot/debug_clear_ws~/install/clearpath_config:/opt/ros/humble CMAKE_PREFIX_PATH=/home/robot/debug_clear_ws/install/clearpath_platform:/home/robot/debug_clear_ws/install/clearpath_manipulators:/home/robot/debug_clear_ws/install/clearpath_description:/home/robot/debug_clear_ws/install/clearpath_sensors_description:/home/robot/debug_clear_ws/install/clearpath_platform_msgs:/home/robot/debug_clear_ws/install/clearpath_platform_description:/home/robot/debug_clear_ws/install/clearpath_mounts_description:/home/robot/debug_clear_ws/install/clearpath_manipulators_description:/home/robot/debug_clear_ws/install/clearpath_control:/home/robot/debug_clear_ws/install/clearpath_simulator:/home/robot/debug_clear_ws/install/clearpath_gz:/home/robot/debug_clear_ws/install/clearpath_generator_gz:/home/robot/debug_clear_ws/install/clearpath_common:/home/robot/debug_clear_ws/install/clearpath_generator_common:/home/robot/debug_clear_ws/install/clearpath_msgs:/home/robot/debug_clear_ws/install/clearpath_customization:/home/robot/debug_clear_ws~/install/clearpath_simulator:/home/robot/debug_clear_ws~/install/clearpath_gz:/home/robot/debug_clear_ws~/install/clearpath_generator_gz:/home/robot/debug_clear_ws~/install/clearpath_common:/home/robot/debug_clear_ws~/install/clearpath_generator_common:/home/robot/debug_clear_ws~/install/clearpath_description:/home/robot/debug_clear_ws~/install/clearpath_sensors_description:/home/robot/debug_clear_ws~/install/clearpath_platform:/home/robot/debug_clear_ws~/install/clearpath_msgs:/home/robot/debug_clear_ws~/install/clearpath_platform_msgs:/home/robot/debug_clear_ws~/install/clearpath_platform_description:/home/robot/debug_clear_ws~/install/clearpath_mounts_description:/home/robot/debug_clear_ws~/install/clearpath_manipulators:/home/robot/debug_clear_ws~/install/clearpath_manipulators_description:/home/robot/debug_clear_ws~/install/clearpath_customization:/home/robot/debug_clear_ws~/install/clearpath_control:/home/robot/debug_clear_ws/install/clearpath_config:/home/robot/debug_clear_ws~/install/clearpath_config:/opt/ros/humble PYTHONPATH=/home/robot/debug_clear_ws/install/clearpath_config/lib/python3.10/site-packages:/home/robot/debug_clear_ws/install/clearpath_generator_gz/local/lib/python3.10/dist-packages:/home/robot/debug_clear_ws/install/clearpath_generator_common/local/lib/python3.10/dist-packages:/home/robot/debug_clear_ws/install/clearpath_platform_msgs/local/lib/python3.10/dist-packages:/home/robot/debug_clear_ws~/install/clearpath_generator_gz/local/lib/python3.10/dist-packages:/home/robot/debug_clear_ws~/install/clearpath_generator_common/local/lib/python3.10/dist-packages:/home/robot/debug_clear_ws~/install/clearpath_platform_msgs/local/lib/python3.10/dist-packages:/home/robot/debug_clear_ws~/install/clearpath_config/lib/python3.10/site-packages:/opt/ros/humble/lib/python3.10/site-packages:/opt/ros/humble/local/lib/python3.10/dist-packages /usr/bin/cmake /home/robot/debug_clear_ws/src/clearpath_common/clearpath_generator_common -DCMAKE_INSTALL_PREFIX=/home/robot/debug_clear_ws/install/clearpath_generator_common
[3.696s] Invoking command in '/home/robot/debug_clear_ws/build/clearpath_generator_common': AMENT_PREFIX_PATH=/home/robot/debug_clear_ws/install/clearpath_config:/home/robot/debug_clear_ws/install/clearpath_simulator:/home/robot/debug_clear_ws/install/clearpath_gz:/home/robot/debug_clear_ws/install/clearpath_generator_gz:/home/robot/debug_clear_ws/install/clearpath_common:/home/robot/debug_clear_ws/install/clearpath_generator_common:/home/robot/debug_clear_ws/install/clearpath_description:/home/robot/debug_clear_ws/install/clearpath_sensors_description:/home/robot/debug_clear_ws/install/clearpath_platform:/home/robot/debug_clear_ws/install/clearpath_msgs:/home/robot/debug_clear_ws/install/clearpath_platform_msgs:/home/robot/debug_clear_ws/install/clearpath_platform_description:/home/robot/debug_clear_ws/install/clearpath_mounts_description:/home/robot/debug_clear_ws/install/clearpath_manipulators:/home/robot/debug_clear_ws/install/clearpath_manipulators_description:/home/robot/debug_clear_ws/install/clearpath_customization:/home/robot/debug_clear_ws/install/clearpath_control:/home/robot/debug_clear_ws~/install/clearpath_simulator:/home/robot/debug_clear_ws~/install/clearpath_gz:/home/robot/debug_clear_ws~/install/clearpath_generator_gz:/home/robot/debug_clear_ws~/install/clearpath_common:/home/robot/debug_clear_ws~/install/clearpath_generator_common:/home/robot/debug_clear_ws~/install/clearpath_description:/home/robot/debug_clear_ws~/install/clearpath_sensors_description:/home/robot/debug_clear_ws~/install/clearpath_platform:/home/robot/debug_clear_ws~/install/clearpath_msgs:/home/robot/debug_clear_ws~/install/clearpath_platform_msgs:/home/robot/debug_clear_ws~/install/clearpath_platform_description:/home/robot/debug_clear_ws~/install/clearpath_mounts_description:/home/robot/debug_clear_ws~/install/clearpath_manipulators:/home/robot/debug_clear_ws~/install/clearpath_manipulators_description:/home/robot/debug_clear_ws~/install/clearpath_customization:/home/robot/debug_clear_ws~/install/clearpath_control:/home/robot/debug_clear_ws~/install/clearpath_config:/opt/ros/humble CMAKE_PREFIX_PATH=/home/robot/debug_clear_ws/install/clearpath_platform:/home/robot/debug_clear_ws/install/clearpath_manipulators:/home/robot/debug_clear_ws/install/clearpath_description:/home/robot/debug_clear_ws/install/clearpath_sensors_description:/home/robot/debug_clear_ws/install/clearpath_platform_msgs:/home/robot/debug_clear_ws/install/clearpath_platform_description:/home/robot/debug_clear_ws/install/clearpath_mounts_description:/home/robot/debug_clear_ws/install/clearpath_manipulators_description:/home/robot/debug_clear_ws/install/clearpath_control:/home/robot/debug_clear_ws/install/clearpath_simulator:/home/robot/debug_clear_ws/install/clearpath_gz:/home/robot/debug_clear_ws/install/clearpath_generator_gz:/home/robot/debug_clear_ws/install/clearpath_common:/home/robot/debug_clear_ws/install/clearpath_generator_common:/home/robot/debug_clear_ws/install/clearpath_msgs:/home/robot/debug_clear_ws/install/clearpath_customization:/home/robot/debug_clear_ws~/install/clearpath_simulator:/home/robot/debug_clear_ws~/install/clearpath_gz:/home/robot/debug_clear_ws~/install/clearpath_generator_gz:/home/robot/debug_clear_ws~/install/clearpath_common:/home/robot/debug_clear_ws~/install/clearpath_generator_common:/home/robot/debug_clear_ws~/install/clearpath_description:/home/robot/debug_clear_ws~/install/clearpath_sensors_description:/home/robot/debug_clear_ws~/install/clearpath_platform:/home/robot/debug_clear_ws~/install/clearpath_msgs:/home/robot/debug_clear_ws~/install/clearpath_platform_msgs:/home/robot/debug_clear_ws~/install/clearpath_platform_description:/home/robot/debug_clear_ws~/install/clearpath_mounts_description:/home/robot/debug_clear_ws~/install/clearpath_manipulators:/home/robot/debug_clear_ws~/install/clearpath_manipulators_description:/home/robot/debug_clear_ws~/install/clearpath_customization:/home/robot/debug_clear_ws~/install/clearpath_control:/home/robot/debug_clear_ws/install/clearpath_config:/home/robot/debug_clear_ws~/install/clearpath_config:/opt/ros/humble PYTHONPATH=/home/robot/debug_clear_ws/install/clearpath_config/lib/python3.10/site-packages:/home/robot/debug_clear_ws/install/clearpath_generator_gz/local/lib/python3.10/dist-packages:/home/robot/debug_clear_ws/install/clearpath_generator_common/local/lib/python3.10/dist-packages:/home/robot/debug_clear_ws/install/clearpath_platform_msgs/local/lib/python3.10/dist-packages:/home/robot/debug_clear_ws~/install/clearpath_generator_gz/local/lib/python3.10/dist-packages:/home/robot/debug_clear_ws~/install/clearpath_generator_common/local/lib/python3.10/dist-packages:/home/robot/debug_clear_ws~/install/clearpath_platform_msgs/local/lib/python3.10/dist-packages:/home/robot/debug_clear_ws~/install/clearpath_config/lib/python3.10/site-packages:/opt/ros/humble/lib/python3.10/site-packages:/opt/ros/humble/local/lib/python3.10/dist-packages /usr/bin/cmake --build /home/robot/debug_clear_ws/build/clearpath_generator_common -- -j12 -l12
[3.750s] [ 50%] [32mBuilding CXX object CMakeFiles/moveit_collision_updater.dir/src/moveit_collision_updater.cpp.o[0m
[3.761s] [ 50%] Built target ament_cmake_python_copy_clearpath_generator_common
[3.986s] running egg_info
[3.987s] creating clearpath_generator_common.egg-info
[3.987s] writing clearpath_generator_common.egg-info/PKG-INFO
[3.987s] writing dependency_links to clearpath_generator_common.egg-info/dependency_links.txt
[3.987s] writing top-level names to clearpath_generator_common.egg-info/top_level.txt
[3.987s] writing manifest file 'clearpath_generator_common.egg-info/SOURCES.txt'
[3.989s] reading manifest file 'clearpath_generator_common.egg-info/SOURCES.txt'
[3.990s] writing manifest file 'clearpath_generator_common.egg-info/SOURCES.txt'
[4.010s] [ 50%] Built target ament_cmake_python_build_clearpath_generator_common_egg
[14.488s] [100%] [32m[1mLinking CXX executable moveit_collision_updater[0m
[15.142s] [100%] Built target moveit_collision_updater
[15.154s] Invoked command in '/home/robot/debug_clear_ws/build/clearpath_generator_common' returned '0': AMENT_PREFIX_PATH=/home/robot/debug_clear_ws/install/clearpath_config:/home/robot/debug_clear_ws/install/clearpath_simulator:/home/robot/debug_clear_ws/install/clearpath_gz:/home/robot/debug_clear_ws/install/clearpath_generator_gz:/home/robot/debug_clear_ws/install/clearpath_common:/home/robot/debug_clear_ws/install/clearpath_generator_common:/home/robot/debug_clear_ws/install/clearpath_description:/home/robot/debug_clear_ws/install/clearpath_sensors_description:/home/robot/debug_clear_ws/install/clearpath_platform:/home/robot/debug_clear_ws/install/clearpath_msgs:/home/robot/debug_clear_ws/install/clearpath_platform_msgs:/home/robot/debug_clear_ws/install/clearpath_platform_description:/home/robot/debug_clear_ws/install/clearpath_mounts_description:/home/robot/debug_clear_ws/install/clearpath_manipulators:/home/robot/debug_clear_ws/install/clearpath_manipulators_description:/home/robot/debug_clear_ws/install/clearpath_customization:/home/robot/debug_clear_ws/install/clearpath_control:/home/robot/debug_clear_ws~/install/clearpath_simulator:/home/robot/debug_clear_ws~/install/clearpath_gz:/home/robot/debug_clear_ws~/install/clearpath_generator_gz:/home/robot/debug_clear_ws~/install/clearpath_common:/home/robot/debug_clear_ws~/install/clearpath_generator_common:/home/robot/debug_clear_ws~/install/clearpath_description:/home/robot/debug_clear_ws~/install/clearpath_sensors_description:/home/robot/debug_clear_ws~/install/clearpath_platform:/home/robot/debug_clear_ws~/install/clearpath_msgs:/home/robot/debug_clear_ws~/install/clearpath_platform_msgs:/home/robot/debug_clear_ws~/install/clearpath_platform_description:/home/robot/debug_clear_ws~/install/clearpath_mounts_description:/home/robot/debug_clear_ws~/install/clearpath_manipulators:/home/robot/debug_clear_ws~/install/clearpath_manipulators_description:/home/robot/debug_clear_ws~/install/clearpath_customization:/home/robot/debug_clear_ws~/install/clearpath_control:/home/robot/debug_clear_ws~/install/clearpath_config:/opt/ros/humble CMAKE_PREFIX_PATH=/home/robot/debug_clear_ws/install/clearpath_platform:/home/robot/debug_clear_ws/install/clearpath_manipulators:/home/robot/debug_clear_ws/install/clearpath_description:/home/robot/debug_clear_ws/install/clearpath_sensors_description:/home/robot/debug_clear_ws/install/clearpath_platform_msgs:/home/robot/debug_clear_ws/install/clearpath_platform_description:/home/robot/debug_clear_ws/install/clearpath_mounts_description:/home/robot/debug_clear_ws/install/clearpath_manipulators_description:/home/robot/debug_clear_ws/install/clearpath_control:/home/robot/debug_clear_ws/install/clearpath_simulator:/home/robot/debug_clear_ws/install/clearpath_gz:/home/robot/debug_clear_ws/install/clearpath_generator_gz:/home/robot/debug_clear_ws/install/clearpath_common:/home/robot/debug_clear_ws/install/clearpath_generator_common:/home/robot/debug_clear_ws/install/clearpath_msgs:/home/robot/debug_clear_ws/install/clearpath_customization:/home/robot/debug_clear_ws~/install/clearpath_simulator:/home/robot/debug_clear_ws~/install/clearpath_gz:/home/robot/debug_clear_ws~/install/clearpath_generator_gz:/home/robot/debug_clear_ws~/install/clearpath_common:/home/robot/debug_clear_ws~/install/clearpath_generator_common:/home/robot/debug_clear_ws~/install/clearpath_description:/home/robot/debug_clear_ws~/install/clearpath_sensors_description:/home/robot/debug_clear_ws~/install/clearpath_platform:/home/robot/debug_clear_ws~/install/clearpath_msgs:/home/robot/debug_clear_ws~/install/clearpath_platform_msgs:/home/robot/debug_clear_ws~/install/clearpath_platform_description:/home/robot/debug_clear_ws~/install/clearpath_mounts_description:/home/robot/debug_clear_ws~/install/clearpath_manipulators:/home/robot/debug_clear_ws~/install/clearpath_manipulators_description:/home/robot/debug_clear_ws~/install/clearpath_customization:/home/robot/debug_clear_ws~/install/clearpath_control:/home/robot/debug_clear_ws/install/clearpath_config:/home/robot/debug_clear_ws~/install/clearpath_config:/opt/ros/humble PYTHONPATH=/home/robot/debug_clear_ws/install/clearpath_config/lib/python3.10/site-packages:/home/robot/debug_clear_ws/install/clearpath_generator_gz/local/lib/python3.10/dist-packages:/home/robot/debug_clear_ws/install/clearpath_generator_common/local/lib/python3.10/dist-packages:/home/robot/debug_clear_ws/install/clearpath_platform_msgs/local/lib/python3.10/dist-packages:/home/robot/debug_clear_ws~/install/clearpath_generator_gz/local/lib/python3.10/dist-packages:/home/robot/debug_clear_ws~/install/clearpath_generator_common/local/lib/python3.10/dist-packages:/home/robot/debug_clear_ws~/install/clearpath_platform_msgs/local/lib/python3.10/dist-packages:/home/robot/debug_clear_ws~/install/clearpath_config/lib/python3.10/site-packages:/opt/ros/humble/lib/python3.10/site-packages:/opt/ros/humble/local/lib/python3.10/dist-packages /usr/bin/cmake --build /home/robot/debug_clear_ws/build/clearpath_generator_common -- -j12 -l12
[15.181s] Invoking command in '/home/robot/debug_clear_ws/build/clearpath_generator_common': AMENT_PREFIX_PATH=/home/robot/debug_clear_ws/install/clearpath_config:/home/robot/debug_clear_ws/install/clearpath_simulator:/home/robot/debug_clear_ws/install/clearpath_gz:/home/robot/debug_clear_ws/install/clearpath_generator_gz:/home/robot/debug_clear_ws/install/clearpath_common:/home/robot/debug_clear_ws/install/clearpath_generator_common:/home/robot/debug_clear_ws/install/clearpath_description:/home/robot/debug_clear_ws/install/clearpath_sensors_description:/home/robot/debug_clear_ws/install/clearpath_platform:/home/robot/debug_clear_ws/install/clearpath_msgs:/home/robot/debug_clear_ws/install/clearpath_platform_msgs:/home/robot/debug_clear_ws/install/clearpath_platform_description:/home/robot/debug_clear_ws/install/clearpath_mounts_description:/home/robot/debug_clear_ws/install/clearpath_manipulators:/home/robot/debug_clear_ws/install/clearpath_manipulators_description:/home/robot/debug_clear_ws/install/clearpath_customization:/home/robot/debug_clear_ws/install/clearpath_control:/home/robot/debug_clear_ws~/install/clearpath_simulator:/home/robot/debug_clear_ws~/install/clearpath_gz:/home/robot/debug_clear_ws~/install/clearpath_generator_gz:/home/robot/debug_clear_ws~/install/clearpath_common:/home/robot/debug_clear_ws~/install/clearpath_generator_common:/home/robot/debug_clear_ws~/install/clearpath_description:/home/robot/debug_clear_ws~/install/clearpath_sensors_description:/home/robot/debug_clear_ws~/install/clearpath_platform:/home/robot/debug_clear_ws~/install/clearpath_msgs:/home/robot/debug_clear_ws~/install/clearpath_platform_msgs:/home/robot/debug_clear_ws~/install/clearpath_platform_description:/home/robot/debug_clear_ws~/install/clearpath_mounts_description:/home/robot/debug_clear_ws~/install/clearpath_manipulators:/home/robot/debug_clear_ws~/install/clearpath_manipulators_description:/home/robot/debug_clear_ws~/install/clearpath_customization:/home/robot/debug_clear_ws~/install/clearpath_control:/home/robot/debug_clear_ws~/install/clearpath_config:/opt/ros/humble CMAKE_PREFIX_PATH=/home/robot/debug_clear_ws/install/clearpath_platform:/home/robot/debug_clear_ws/install/clearpath_manipulators:/home/robot/debug_clear_ws/install/clearpath_description:/home/robot/debug_clear_ws/install/clearpath_sensors_description:/home/robot/debug_clear_ws/install/clearpath_platform_msgs:/home/robot/debug_clear_ws/install/clearpath_platform_description:/home/robot/debug_clear_ws/install/clearpath_mounts_description:/home/robot/debug_clear_ws/install/clearpath_manipulators_description:/home/robot/debug_clear_ws/install/clearpath_control:/home/robot/debug_clear_ws/install/clearpath_simulator:/home/robot/debug_clear_ws/install/clearpath_gz:/home/robot/debug_clear_ws/install/clearpath_generator_gz:/home/robot/debug_clear_ws/install/clearpath_common:/home/robot/debug_clear_ws/install/clearpath_generator_common:/home/robot/debug_clear_ws/install/clearpath_msgs:/home/robot/debug_clear_ws/install/clearpath_customization:/home/robot/debug_clear_ws~/install/clearpath_simulator:/home/robot/debug_clear_ws~/install/clearpath_gz:/home/robot/debug_clear_ws~/install/clearpath_generator_gz:/home/robot/debug_clear_ws~/install/clearpath_common:/home/robot/debug_clear_ws~/install/clearpath_generator_common:/home/robot/debug_clear_ws~/install/clearpath_description:/home/robot/debug_clear_ws~/install/clearpath_sensors_description:/home/robot/debug_clear_ws~/install/clearpath_platform:/home/robot/debug_clear_ws~/install/clearpath_msgs:/home/robot/debug_clear_ws~/install/clearpath_platform_msgs:/home/robot/debug_clear_ws~/install/clearpath_platform_description:/home/robot/debug_clear_ws~/install/clearpath_mounts_description:/home/robot/debug_clear_ws~/install/clearpath_manipulators:/home/robot/debug_clear_ws~/install/clearpath_manipulators_description:/home/robot/debug_clear_ws~/install/clearpath_customization:/home/robot/debug_clear_ws~/install/clearpath_control:/home/robot/debug_clear_ws/install/clearpath_config:/home/robot/debug_clear_ws~/install/clearpath_config:/opt/ros/humble PYTHONPATH=/home/robot/debug_clear_ws/install/clearpath_config/lib/python3.10/site-packages:/home/robot/debug_clear_ws/install/clearpath_generator_gz/local/lib/python3.10/dist-packages:/home/robot/debug_clear_ws/install/clearpath_generator_common/local/lib/python3.10/dist-packages:/home/robot/debug_clear_ws/install/clearpath_platform_msgs/local/lib/python3.10/dist-packages:/home/robot/debug_clear_ws~/install/clearpath_generator_gz/local/lib/python3.10/dist-packages:/home/robot/debug_clear_ws~/install/clearpath_generator_common/local/lib/python3.10/dist-packages:/home/robot/debug_clear_ws~/install/clearpath_platform_msgs/local/lib/python3.10/dist-packages:/home/robot/debug_clear_ws~/install/clearpath_config/lib/python3.10/site-packages:/opt/ros/humble/lib/python3.10/site-packages:/opt/ros/humble/local/lib/python3.10/dist-packages /usr/bin/cmake --install /home/robot/debug_clear_ws/build/clearpath_generator_common
[15.187s] -- Install configuration: ""
[15.187s] -- Installing: /home/robot/debug_clear_ws/install/clearpath_generator_common/lib/clearpath_generator_common/generate_description
[15.187s] -- Installing: /home/robot/debug_clear_ws/install/clearpath_generator_common/lib/clearpath_generator_common/generate_discovery_server
[15.187s] -- Installing: /home/robot/debug_clear_ws/install/clearpath_generator_common/lib/clearpath_generator_common/generate_bash
[15.188s] -- Installing: /home/robot/debug_clear_ws/install/clearpath_generator_common/lib/clearpath_generator_common/generate_semantic_description
[15.188s] -- Installing: /home/robot/debug_clear_ws/install/clearpath_generator_common/lib/clearpath_generator_common/moveit_collision_updater
[15.189s] -- Set runtime path of "/home/robot/debug_clear_ws/install/clearpath_generator_common/lib/clearpath_generator_common/moveit_collision_updater" to ""
[15.189s] -- Installing: /home/robot/debug_clear_ws/install/clearpath_generator_common/share/clearpath_generator_common/environment/pythonpath.sh
[15.189s] -- Installing: /home/robot/debug_clear_ws/install/clearpath_generator_common/share/clearpath_generator_common/environment/pythonpath.dsv
[15.189s] -- Installing: /home/robot/debug_clear_ws/install/clearpath_generator_common/local/lib/python3.10/dist-packages/clearpath_generator_common-0.3.4-py3.10.egg-info
[15.189s] -- Installing: /home/robot/debug_clear_ws/install/clearpath_generator_common/local/lib/python3.10/dist-packages/clearpath_generator_common-0.3.4-py3.10.egg-info/SOURCES.txt
[15.190s] -- Installing: /home/robot/debug_clear_ws/install/clearpath_generator_common/local/lib/python3.10/dist-packages/clearpath_generator_common-0.3.4-py3.10.egg-info/dependency_links.txt
[15.190s] -- Installing: /home/robot/debug_clear_ws/install/clearpath_generator_common/local/lib/python3.10/dist-packages/clearpath_generator_common-0.3.4-py3.10.egg-info/top_level.txt
[15.190s] -- Installing: /home/robot/debug_clear_ws/install/clearpath_generator_common/local/lib/python3.10/dist-packages/clearpath_generator_common-0.3.4-py3.10.egg-info/PKG-INFO
[15.190s] -- Installing: /home/robot/debug_clear_ws/install/clearpath_generator_common/local/lib/python3.10/dist-packages/clearpath_generator_common
[15.190s] -- Installing: /home/robot/debug_clear_ws/install/clearpath_generator_common/local/lib/python3.10/dist-packages/clearpath_generator_common/package
[15.190s] -- Installing: /home/robot/debug_clear_ws/install/clearpath_generator_common/local/lib/python3.10/dist-packages/clearpath_generator_common/package/__init__.py
[15.190s] -- Installing: /home/robot/debug_clear_ws/install/clearpath_generator_common/local/lib/python3.10/dist-packages/clearpath_generator_common/package/writer.py
[15.190s] -- Installing: /home/robot/debug_clear_ws/install/clearpath_generator_common/local/lib/python3.10/dist-packages/clearpath_generator_common/bash
[15.191s] -- Installing: /home/robot/debug_clear_ws/install/clearpath_generator_common/local/lib/python3.10/dist-packages/clearpath_generator_common/bash/generator.py
[15.191s] -- Installing: /home/robot/debug_clear_ws/install/clearpath_generator_common/local/lib/python3.10/dist-packages/clearpath_generator_common/bash/__init__.py
[15.191s] -- Installing: /home/robot/debug_clear_ws/install/clearpath_generator_common/local/lib/python3.10/dist-packages/clearpath_generator_common/bash/generate_bash
[15.191s] -- Installing: /home/robot/debug_clear_ws/install/clearpath_generator_common/local/lib/python3.10/dist-packages/clearpath_generator_common/bash/writer.py
[15.191s] -- Installing: /home/robot/debug_clear_ws/install/clearpath_generator_common/local/lib/python3.10/dist-packages/clearpath_generator_common/launch
[15.191s] -- Installing: /home/robot/debug_clear_ws/install/clearpath_generator_common/local/lib/python3.10/dist-packages/clearpath_generator_common/launch/generator.py
[15.191s] -- Installing: /home/robot/debug_clear_ws/install/clearpath_generator_common/local/lib/python3.10/dist-packages/clearpath_generator_common/launch/__init__.py
[15.191s] -- Installing: /home/robot/debug_clear_ws/install/clearpath_generator_common/local/lib/python3.10/dist-packages/clearpath_generator_common/launch/writer.py
[15.192s] -- Installing: /home/robot/debug_clear_ws/install/clearpath_generator_common/local/lib/python3.10/dist-packages/clearpath_generator_common/description
[15.192s] -- Installing: /home/robot/debug_clear_ws/install/clearpath_generator_common/local/lib/python3.10/dist-packages/clearpath_generator_common/description/mounts.py
[15.192s] -- Installing: /home/robot/debug_clear_ws/install/clearpath_generator_common/local/lib/python3.10/dist-packages/clearpath_generator_common/description/links.py
[15.192s] -- Installing: /home/robot/debug_clear_ws/install/clearpath_generator_common/local/lib/python3.10/dist-packages/clearpath_generator_common/description/attachments.py
[15.192s] -- Installing: /home/robot/debug_clear_ws/install/clearpath_generator_common/local/lib/python3.10/dist-packages/clearpath_generator_common/description/generate_description
[15.192s] -- Installing: /home/robot/debug_clear_ws/install/clearpath_generator_common/local/lib/python3.10/dist-packages/clearpath_generator_common/description/platform.py
[15.192s] -- Installing: /home/robot/debug_clear_ws/install/clearpath_generator_common/local/lib/python3.10/dist-packages/clearpath_generator_common/description/generator.py
[15.192s] -- Installing: /home/robot/debug_clear_ws/install/clearpath_generator_common/local/lib/python3.10/dist-packages/clearpath_generator_common/description/__init__.py
[15.192s] -- Installing: /home/robot/debug_clear_ws/install/clearpath_generator_common/local/lib/python3.10/dist-packages/clearpath_generator_common/description/sensors.py
[15.193s] -- Installing: /home/robot/debug_clear_ws/install/clearpath_generator_common/local/lib/python3.10/dist-packages/clearpath_generator_common/description/writer.py
[15.193s] -- Installing: /home/robot/debug_clear_ws/install/clearpath_generator_common/local/lib/python3.10/dist-packages/clearpath_generator_common/description/manipulators.py
[15.193s] -- Installing: /home/robot/debug_clear_ws/install/clearpath_generator_common/local/lib/python3.10/dist-packages/clearpath_generator_common/discovery_server
[15.193s] -- Installing: /home/robot/debug_clear_ws/install/clearpath_generator_common/local/lib/python3.10/dist-packages/clearpath_generator_common/discovery_server/generator.py
[15.193s] -- Installing: /home/robot/debug_clear_ws/install/clearpath_generator_common/local/lib/python3.10/dist-packages/clearpath_generator_common/discovery_server/generate_discovery_server
[15.193s] -- Installing: /home/robot/debug_clear_ws/install/clearpath_generator_common/local/lib/python3.10/dist-packages/clearpath_generator_common/param
[15.193s] -- Installing: /home/robot/debug_clear_ws/install/clearpath_generator_common/local/lib/python3.10/dist-packages/clearpath_generator_common/param/platform.py
[15.193s] -- Installing: /home/robot/debug_clear_ws/install/clearpath_generator_common/local/lib/python3.10/dist-packages/clearpath_generator_common/param/generator.py
[15.193s] -- Installing: /home/robot/debug_clear_ws/install/clearpath_generator_common/local/lib/python3.10/dist-packages/clearpath_generator_common/param/__init__.py
[15.193s] -- Installing: /home/robot/debug_clear_ws/install/clearpath_generator_common/local/lib/python3.10/dist-packages/clearpath_generator_common/param/writer.py
[15.194s] -- Installing: /home/robot/debug_clear_ws/install/clearpath_generator_common/local/lib/python3.10/dist-packages/clearpath_generator_common/param/manipulators.py
[15.194s] -- Installing: /home/robot/debug_clear_ws/install/clearpath_generator_common/local/lib/python3.10/dist-packages/clearpath_generator_common/__init__.py
[15.194s] -- Installing: /home/robot/debug_clear_ws/install/clearpath_generator_common/local/lib/python3.10/dist-packages/clearpath_generator_common/semantic_description
[15.194s] -- Installing: /home/robot/debug_clear_ws/install/clearpath_generator_common/local/lib/python3.10/dist-packages/clearpath_generator_common/semantic_description/generate_semantic_description
[15.194s] -- Installing: /home/robot/debug_clear_ws/install/clearpath_generator_common/local/lib/python3.10/dist-packages/clearpath_generator_common/semantic_description/generator.py
[15.194s] -- Installing: /home/robot/debug_clear_ws/install/clearpath_generator_common/local/lib/python3.10/dist-packages/clearpath_generator_common/semantic_description/__init__.py
[15.194s] -- Installing: /home/robot/debug_clear_ws/install/clearpath_generator_common/local/lib/python3.10/dist-packages/clearpath_generator_common/semantic_description/manipulators.py
[15.194s] -- Installing: /home/robot/debug_clear_ws/install/clearpath_generator_common/local/lib/python3.10/dist-packages/clearpath_generator_common/common.py
[15.238s] Listing '/home/robot/debug_clear_ws/install/clearpath_generator_common/local/lib/python3.10/dist-packages/clearpath_generator_common'...
[15.238s] Compiling '/home/robot/debug_clear_ws/install/clearpath_generator_common/local/lib/python3.10/dist-packages/clearpath_generator_common/__init__.py'...
[15.238s] Listing '/home/robot/debug_clear_ws/install/clearpath_generator_common/local/lib/python3.10/dist-packages/clearpath_generator_common/bash'...
[15.238s] Compiling '/home/robot/debug_clear_ws/install/clearpath_generator_common/local/lib/python3.10/dist-packages/clearpath_generator_common/bash/__init__.py'...
[15.238s] Compiling '/home/robot/debug_clear_ws/install/clearpath_generator_common/local/lib/python3.10/dist-packages/clearpath_generator_common/bash/generator.py'...
[15.239s] Compiling '/home/robot/debug_clear_ws/install/clearpath_generator_common/local/lib/python3.10/dist-packages/clearpath_generator_common/bash/writer.py'...
[15.239s] Compiling '/home/robot/debug_clear_ws/install/clearpath_generator_common/local/lib/python3.10/dist-packages/clearpath_generator_common/common.py'...
[15.239s] Listing '/home/robot/debug_clear_ws/install/clearpath_generator_common/local/lib/python3.10/dist-packages/clearpath_generator_common/description'...
[15.239s] Compiling '/home/robot/debug_clear_ws/install/clearpath_generator_common/local/lib/python3.10/dist-packages/clearpath_generator_common/description/__init__.py'...
[15.239s] Compiling '/home/robot/debug_clear_ws/install/clearpath_generator_common/local/lib/python3.10/dist-packages/clearpath_generator_common/description/attachments.py'...
[15.239s] Compiling '/home/robot/debug_clear_ws/install/clearpath_generator_common/local/lib/python3.10/dist-packages/clearpath_generator_common/description/generator.py'...
[15.239s] Compiling '/home/robot/debug_clear_ws/install/clearpath_generator_common/local/lib/python3.10/dist-packages/clearpath_generator_common/description/links.py'...
[15.239s] Compiling '/home/robot/debug_clear_ws/install/clearpath_generator_common/local/lib/python3.10/dist-packages/clearpath_generator_common/description/manipulators.py'...
[15.239s] Compiling '/home/robot/debug_clear_ws/install/clearpath_generator_common/local/lib/python3.10/dist-packages/clearpath_generator_common/description/mounts.py'...
[15.239s] Compiling '/home/robot/debug_clear_ws/install/clearpath_generator_common/local/lib/python3.10/dist-packages/clearpath_generator_common/description/platform.py'...
[15.239s] Compiling '/home/robot/debug_clear_ws/install/clearpath_generator_common/local/lib/python3.10/dist-packages/clearpath_generator_common/description/sensors.py'...
[15.239s] Compiling '/home/robot/debug_clear_ws/install/clearpath_generator_common/local/lib/python3.10/dist-packages/clearpath_generator_common/description/writer.py'...
[15.239s] Listing '/home/robot/debug_clear_ws/install/clearpath_generator_common/local/lib/python3.10/dist-packages/clearpath_generator_common/discovery_server'...
[15.239s] Compiling '/home/robot/debug_clear_ws/install/clearpath_generator_common/local/lib/python3.10/dist-packages/clearpath_generator_common/discovery_server/generator.py'...
[15.239s] Listing '/home/robot/debug_clear_ws/install/clearpath_generator_common/local/lib/python3.10/dist-packages/clearpath_generator_common/launch'...
[15.239s] Compiling '/home/robot/debug_clear_ws/install/clearpath_generator_common/local/lib/python3.10/dist-packages/clearpath_generator_common/launch/__init__.py'...
[15.239s] Compiling '/home/robot/debug_clear_ws/install/clearpath_generator_common/local/lib/python3.10/dist-packages/clearpath_generator_common/launch/generator.py'...
[15.239s] Compiling '/home/robot/debug_clear_ws/install/clearpath_generator_common/local/lib/python3.10/dist-packages/clearpath_generator_common/launch/writer.py'...
[15.239s] Listing '/home/robot/debug_clear_ws/install/clearpath_generator_common/local/lib/python3.10/dist-packages/clearpath_generator_common/package'...
[15.239s] Compiling '/home/robot/debug_clear_ws/install/clearpath_generator_common/local/lib/python3.10/dist-packages/clearpath_generator_common/package/__init__.py'...
[15.239s] Compiling '/home/robot/debug_clear_ws/install/clearpath_generator_common/local/lib/python3.10/dist-packages/clearpath_generator_common/package/writer.py'...
[15.239s] Listing '/home/robot/debug_clear_ws/install/clearpath_generator_common/local/lib/python3.10/dist-packages/clearpath_generator_common/param'...
[15.240s] Compiling '/home/robot/debug_clear_ws/install/clearpath_generator_common/local/lib/python3.10/dist-packages/clearpath_generator_common/param/__init__.py'...
[15.240s] Compiling '/home/robot/debug_clear_ws/install/clearpath_generator_common/local/lib/python3.10/dist-packages/clearpath_generator_common/param/generator.py'...
[15.240s] Compiling '/home/robot/debug_clear_ws/install/clearpath_generator_common/local/lib/python3.10/dist-packages/clearpath_generator_common/param/manipulators.py'...
[15.240s] Compiling '/home/robot/debug_clear_ws/install/clearpath_generator_common/local/lib/python3.10/dist-packages/clearpath_generator_common/param/platform.py'...
[15.240s] Compiling '/home/robot/debug_clear_ws/install/clearpath_generator_common/local/lib/python3.10/dist-packages/clearpath_generator_common/param/writer.py'...
[15.240s] Listing '/home/robot/debug_clear_ws/install/clearpath_generator_common/local/lib/python3.10/dist-packages/clearpath_generator_common/semantic_description'...
[15.240s] Compiling '/home/robot/debug_clear_ws/install/clearpath_generator_common/local/lib/python3.10/dist-packages/clearpath_generator_common/semantic_description/__init__.py'...
[15.240s] Compiling '/home/robot/debug_clear_ws/install/clearpath_generator_common/local/lib/python3.10/dist-packages/clearpath_generator_common/semantic_description/generator.py'...
[15.240s] Compiling '/home/robot/debug_clear_ws/install/clearpath_generator_common/local/lib/python3.10/dist-packages/clearpath_generator_common/semantic_description/manipulators.py'...
[15.242s] -- Installing: /home/robot/debug_clear_ws/install/clearpath_generator_common/share/ament_index/resource_index/package_run_dependencies/clearpath_generator_common
[15.242s] -- Installing: /home/robot/debug_clear_ws/install/clearpath_generator_common/share/ament_index/resource_index/parent_prefix_path/clearpath_generator_common
[15.242s] -- Installing: /home/robot/debug_clear_ws/install/clearpath_generator_common/share/clearpath_generator_common/environment/ament_prefix_path.sh
[15.242s] -- Installing: /home/robot/debug_clear_ws/install/clearpath_generator_common/share/clearpath_generator_common/environment/ament_prefix_path.dsv
[15.242s] -- Installing: /home/robot/debug_clear_ws/install/clearpath_generator_common/share/clearpath_generator_common/environment/path.sh
[15.243s] -- Installing: /home/robot/debug_clear_ws/install/clearpath_generator_common/share/clearpath_generator_common/environment/path.dsv
[15.243s] -- Installing: /home/robot/debug_clear_ws/install/clearpath_generator_common/share/clearpath_generator_common/local_setup.bash
[15.243s] -- Installing: /home/robot/debug_clear_ws/install/clearpath_generator_common/share/clearpath_generator_common/local_setup.sh
[15.243s] -- Installing: /home/robot/debug_clear_ws/install/clearpath_generator_common/share/clearpath_generator_common/local_setup.zsh
[15.243s] -- Installing: /home/robot/debug_clear_ws/install/clearpath_generator_common/share/clearpath_generator_common/local_setup.dsv
[15.243s] -- Installing: /home/robot/debug_clear_ws/install/clearpath_generator_common/share/clearpath_generator_common/package.dsv
[15.243s] -- Installing: /home/robot/debug_clear_ws/install/clearpath_generator_common/share/ament_index/resource_index/packages/clearpath_generator_common
[15.243s] -- Installing: /home/robot/debug_clear_ws/install/clearpath_generator_common/share/clearpath_generator_common/cmake/clearpath_generator_commonConfig.cmake
[15.243s] -- Installing: /home/robot/debug_clear_ws/install/clearpath_generator_common/share/clearpath_generator_common/cmake/clearpath_generator_commonConfig-version.cmake
[15.244s] -- Installing: /home/robot/debug_clear_ws/install/clearpath_generator_common/share/clearpath_generator_common/package.xml
[15.246s] Invoked command in '/home/robot/debug_clear_ws/build/clearpath_generator_common' returned '0': AMENT_PREFIX_PATH=/home/robot/debug_clear_ws/install/clearpath_config:/home/robot/debug_clear_ws/install/clearpath_simulator:/home/robot/debug_clear_ws/install/clearpath_gz:/home/robot/debug_clear_ws/install/clearpath_generator_gz:/home/robot/debug_clear_ws/install/clearpath_common:/home/robot/debug_clear_ws/install/clearpath_generator_common:/home/robot/debug_clear_ws/install/clearpath_description:/home/robot/debug_clear_ws/install/clearpath_sensors_description:/home/robot/debug_clear_ws/install/clearpath_platform:/home/robot/debug_clear_ws/install/clearpath_msgs:/home/robot/debug_clear_ws/install/clearpath_platform_msgs:/home/robot/debug_clear_ws/install/clearpath_platform_description:/home/robot/debug_clear_ws/install/clearpath_mounts_description:/home/robot/debug_clear_ws/install/clearpath_manipulators:/home/robot/debug_clear_ws/install/clearpath_manipulators_description:/home/robot/debug_clear_ws/install/clearpath_customization:/home/robot/debug_clear_ws/install/clearpath_control:/home/robot/debug_clear_ws~/install/clearpath_simulator:/home/robot/debug_clear_ws~/install/clearpath_gz:/home/robot/debug_clear_ws~/install/clearpath_generator_gz:/home/robot/debug_clear_ws~/install/clearpath_common:/home/robot/debug_clear_ws~/install/clearpath_generator_common:/home/robot/debug_clear_ws~/install/clearpath_description:/home/robot/debug_clear_ws~/install/clearpath_sensors_description:/home/robot/debug_clear_ws~/install/clearpath_platform:/home/robot/debug_clear_ws~/install/clearpath_msgs:/home/robot/debug_clear_ws~/install/clearpath_platform_msgs:/home/robot/debug_clear_ws~/install/clearpath_platform_description:/home/robot/debug_clear_ws~/install/clearpath_mounts_description:/home/robot/debug_clear_ws~/install/clearpath_manipulators:/home/robot/debug_clear_ws~/install/clearpath_manipulators_description:/home/robot/debug_clear_ws~/install/clearpath_customization:/home/robot/debug_clear_ws~/install/clearpath_control:/home/robot/debug_clear_ws~/install/clearpath_config:/opt/ros/humble CMAKE_PREFIX_PATH=/home/robot/debug_clear_ws/install/clearpath_platform:/home/robot/debug_clear_ws/install/clearpath_manipulators:/home/robot/debug_clear_ws/install/clearpath_description:/home/robot/debug_clear_ws/install/clearpath_sensors_description:/home/robot/debug_clear_ws/install/clearpath_platform_msgs:/home/robot/debug_clear_ws/install/clearpath_platform_description:/home/robot/debug_clear_ws/install/clearpath_mounts_description:/home/robot/debug_clear_ws/install/clearpath_manipulators_description:/home/robot/debug_clear_ws/install/clearpath_control:/home/robot/debug_clear_ws/install/clearpath_simulator:/home/robot/debug_clear_ws/install/clearpath_gz:/home/robot/debug_clear_ws/install/clearpath_generator_gz:/home/robot/debug_clear_ws/install/clearpath_common:/home/robot/debug_clear_ws/install/clearpath_generator_common:/home/robot/debug_clear_ws/install/clearpath_msgs:/home/robot/debug_clear_ws/install/clearpath_customization:/home/robot/debug_clear_ws~/install/clearpath_simulator:/home/robot/debug_clear_ws~/install/clearpath_gz:/home/robot/debug_clear_ws~/install/clearpath_generator_gz:/home/robot/debug_clear_ws~/install/clearpath_common:/home/robot/debug_clear_ws~/install/clearpath_generator_common:/home/robot/debug_clear_ws~/install/clearpath_description:/home/robot/debug_clear_ws~/install/clearpath_sensors_description:/home/robot/debug_clear_ws~/install/clearpath_platform:/home/robot/debug_clear_ws~/install/clearpath_msgs:/home/robot/debug_clear_ws~/install/clearpath_platform_msgs:/home/robot/debug_clear_ws~/install/clearpath_platform_description:/home/robot/debug_clear_ws~/install/clearpath_mounts_description:/home/robot/debug_clear_ws~/install/clearpath_manipulators:/home/robot/debug_clear_ws~/install/clearpath_manipulators_description:/home/robot/debug_clear_ws~/install/clearpath_customization:/home/robot/debug_clear_ws~/install/clearpath_control:/home/robot/debug_clear_ws/install/clearpath_config:/home/robot/debug_clear_ws~/install/clearpath_config:/opt/ros/humble PYTHONPATH=/home/robot/debug_clear_ws/install/clearpath_config/lib/python3.10/site-packages:/home/robot/debug_clear_ws/install/clearpath_generator_gz/local/lib/python3.10/dist-packages:/home/robot/debug_clear_ws/install/clearpath_generator_common/local/lib/python3.10/dist-packages:/home/robot/debug_clear_ws/install/clearpath_platform_msgs/local/lib/python3.10/dist-packages:/home/robot/debug_clear_ws~/install/clearpath_generator_gz/local/lib/python3.10/dist-packages:/home/robot/debug_clear_ws~/install/clearpath_generator_common/local/lib/python3.10/dist-packages:/home/robot/debug_clear_ws~/install/clearpath_platform_msgs/local/lib/python3.10/dist-packages:/home/robot/debug_clear_ws~/install/clearpath_config/lib/python3.10/site-packages:/opt/ros/humble/lib/python3.10/site-packages:/opt/ros/humble/local/lib/python3.10/dist-packages /usr/bin/cmake --install /home/robot/debug_clear_ws/build/clearpath_generator_common
