[0.015s] Invoking command in '/home/robot/debug_clear_ws/build/clearpath_platform': AMENT_PREFIX_PATH=/home/robot/debug_clear_ws/install/clearpath_platform_msgs:/home/robot/debug_clear_ws/install/clearpath_platform_description:/home/robot/debug_clear_ws/install/clearpath_control:${AMENT_PREFIX_PATH} CMAKE_PREFIX_PATH=/home/robot/debug_clear_ws/install/clearpath_platform_msgs:/home/robot/debug_clear_ws/install/clearpath_platform_description:/home/robot/debug_clear_ws/install/clearpath_control:/home/robot/debug_clear_ws/install/mpc_low:/opt/ros/humble LD_LIBRARY_PATH=/home/robot/debug_clear_ws/install/clearpath_platform_msgs/lib:${LD_LIBRARY_PATH} PYTHONPATH=/home/robot/debug_clear_ws/install/clearpath_platform_msgs/local/lib/python3.10/dist-packages:${PYTHONPATH} /usr/bin/cmake /home/robot/debug_clear_ws/src/clearpath_common/clearpath_platform -DCMAKE_INSTALL_PREFIX=/home/robot/debug_clear_ws/install/clearpath_platform
[0.073s] -- The C compiler identification is GNU 11.4.0
[0.137s] -- The CXX compiler identification is GNU 11.4.0
[0.145s] -- Detecting C compiler ABI info
[0.220s] -- Detecting C compiler ABI info - done
[0.228s] -- Check for working C compiler: /usr/bin/cc - skipped
[0.229s] -- Detecting C compile features
[0.229s] -- Detecting C compile features - done
[0.233s] -- Detecting CXX compiler ABI info
[0.316s] -- Detecting CXX compiler ABI info - done
[0.325s] -- Check for working CXX compiler: /usr/bin/c++ - skipped
[0.325s] -- Detecting CXX compile features
[0.325s] -- Detecting CXX compile features - done
[0.329s] -- Found ament_cmake: 1.3.11 (/opt/ros/humble/share/ament_cmake/cmake)
[0.756s] -- Found Python3: /usr/bin/python3 (found version "3.10.12") found components: Interpreter 
[0.873s] -- Found controller_interface: 2.47.0 (/opt/ros/humble/share/controller_interface/cmake)
[0.933s] -- Found rosidl_generator_c: 3.1.6 (/opt/ros/humble/share/rosidl_generator_c/cmake)
[0.943s] -- Found rosidl_adapter: 3.1.6 (/opt/ros/humble/share/rosidl_adapter/cmake)
[0.956s] -- Found rosidl_generator_cpp: 3.1.6 (/opt/ros/humble/share/rosidl_generator_cpp/cmake)
[0.974s] -- Using all available rosidl_typesupport_c: rosidl_typesupport_fastrtps_c;rosidl_typesupport_introspection_c
[1.000s] -- Using all available rosidl_typesupport_cpp: rosidl_typesupport_fastrtps_cpp;rosidl_typesupport_introspection_cpp
[1.254s] -- Found rmw_implementation_cmake: 6.1.2 (/opt/ros/humble/share/rmw_implementation_cmake/cmake)
[1.257s] -- Found rmw_fastrtps_cpp: 6.2.7 (/opt/ros/humble/share/rmw_fastrtps_cpp/cmake)
[1.288s] -- Found TinyXML2 via Config file: TinyXML2_DIR-NOTFOUND
[1.344s] -- Found OpenSSL: /usr/lib/x86_64-linux-gnu/libcrypto.so (found version "3.0.2")  
[1.347s] -- Found TinyXML2 via Config file: TinyXML2_DIR-NOTFOUND
[1.363s] -- Found FastRTPS: /opt/ros/humble/include  
[1.367s] -- Found TinyXML2 via Config file: TinyXML2_DIR-NOTFOUND
[1.376s] -- Found TinyXML2 via Config file: TinyXML2_DIR-NOTFOUND
[1.386s] -- Using RMW implementation 'rmw_fastrtps_cpp' as default
[1.397s] -- Looking for pthread.h
[1.473s] -- Looking for pthread.h - found
[1.473s] -- Performing Test CMAKE_HAVE_LIBC_PTHREAD
[1.551s] -- Performing Test CMAKE_HAVE_LIBC_PTHREAD - Success
[1.552s] -- Found Threads: TRUE  
[1.616s] -- Found controller_manager: 2.47.0 (/opt/ros/humble/share/controller_manager/cmake)
[1.662s] -- Found clearpath_platform_msgs: 0.3.0 (/home/robot/debug_clear_ws/install/clearpath_platform_msgs/share/clearpath_platform_msgs/cmake)
[1.678s] -- Found puma_motor_msgs: 1.0.1 (/opt/ros/humble/share/puma_motor_msgs/cmake)
[1.698s] -- Found nav_msgs: 4.2.4 (/opt/ros/humble/share/nav_msgs/cmake)
[1.717s] -- Found std_srvs: 4.2.4 (/opt/ros/humble/share/std_srvs/cmake)
[1.728s] -- Found tf2: 0.25.12 (/opt/ros/humble/share/tf2/cmake)
[1.732s] -- Found tf2_ros: 0.25.12 (/opt/ros/humble/share/tf2_ros/cmake)
[1.875s] -- Configuring done
[1.975s] -- Generating done
[1.989s] -- Build files have been written to: /home/robot/debug_clear_ws/build/clearpath_platform
[2.001s] Invoked command in '/home/robot/debug_clear_ws/build/clearpath_platform' returned '0': AMENT_PREFIX_PATH=/home/robot/debug_clear_ws/install/clearpath_platform_msgs:/home/robot/debug_clear_ws/install/clearpath_platform_description:/home/robot/debug_clear_ws/install/clearpath_control:${AMENT_PREFIX_PATH} CMAKE_PREFIX_PATH=/home/robot/debug_clear_ws/install/clearpath_platform_msgs:/home/robot/debug_clear_ws/install/clearpath_platform_description:/home/robot/debug_clear_ws/install/clearpath_control:/home/robot/debug_clear_ws/install/mpc_low:/opt/ros/humble LD_LIBRARY_PATH=/home/robot/debug_clear_ws/install/clearpath_platform_msgs/lib:${LD_LIBRARY_PATH} PYTHONPATH=/home/robot/debug_clear_ws/install/clearpath_platform_msgs/local/lib/python3.10/dist-packages:${PYTHONPATH} /usr/bin/cmake /home/robot/debug_clear_ws/src/clearpath_common/clearpath_platform -DCMAKE_INSTALL_PREFIX=/home/robot/debug_clear_ws/install/clearpath_platform
[2.003s] Invoking command in '/home/robot/debug_clear_ws/build/clearpath_platform': AMENT_PREFIX_PATH=/home/robot/debug_clear_ws/install/clearpath_platform_msgs:/home/robot/debug_clear_ws/install/clearpath_platform_description:/home/robot/debug_clear_ws/install/clearpath_control:${AMENT_PREFIX_PATH} CMAKE_PREFIX_PATH=/home/robot/debug_clear_ws/install/clearpath_platform_msgs:/home/robot/debug_clear_ws/install/clearpath_platform_description:/home/robot/debug_clear_ws/install/clearpath_control:/home/robot/debug_clear_ws/install/mpc_low:/opt/ros/humble LD_LIBRARY_PATH=/home/robot/debug_clear_ws/install/clearpath_platform_msgs/lib:${LD_LIBRARY_PATH} PYTHONPATH=/home/robot/debug_clear_ws/install/clearpath_platform_msgs/local/lib/python3.10/dist-packages:${PYTHONPATH} /usr/bin/cmake --build /home/robot/debug_clear_ws/build/clearpath_platform -- -j12 -l12
[2.061s] [ 10%] [32mBuilding CXX object CMakeFiles/clearpath_platform_lighting.dir/src/lighting/sequence.cpp.o[0m
[2.061s] [ 10%] [32mBuilding CXX object CMakeFiles/clearpath_platform_lighting.dir/src/lighting/lighting.cpp.o[0m
[2.062s] [ 10%] [32mBuilding CXX object CMakeFiles/w200_hardware.dir/src/w200/hardware.cpp.o[0m
[2.063s] [ 20%] [32mBuilding CXX object CMakeFiles/clearpath_platform_lighting.dir/src/lighting/color.cpp.o[0m
[2.063s] [ 26%] [32mBuilding CXX object CMakeFiles/j100_hardware.dir/src/j100/hardware_interface.cpp.o[0m
[2.063s] [ 20%] [32mBuilding CXX object CMakeFiles/j100_hardware.dir/src/j100/hardware.cpp.o[0m
[2.064s] [ 23%] [32mBuilding CXX object CMakeFiles/a200_hardware.dir/src/a200/hardware.cpp.o[0m
[2.064s] [ 23%] [32mBuilding CXX object CMakeFiles/puma_hardware.dir/src/puma/hardware.cpp.o[0m
[2.064s] [ 30%] [32mBuilding CXX object CMakeFiles/a200_hardware.dir/src/a200/status.cpp.o[0m
[2.064s] [ 33%] [32mBuilding CXX object CMakeFiles/puma_hardware.dir/src/puma/hardware_interface.cpp.o[0m
[2.070s] [ 36%] [32mBuilding CXX object CMakeFiles/w200_hardware.dir/src/w200/hardware_interface.cpp.o[0m
[2.070s] [ 40%] [32mBuilding CXX object CMakeFiles/j100_hardware.dir/src/diff_drive/hardware.cpp.o[0m
[3.807s] [ 43%] [32mBuilding CXX object CMakeFiles/j100_hardware.dir/src/diff_drive/hardware_interface.cpp.o[0m
[4.836s] [ 46%] [32mBuilding CXX object CMakeFiles/a200_hardware.dir/src/a200/horizon_legacy/horizon_legacy_wrapper.cpp.o[0m
[5.947s] [ 50%] [32mBuilding CXX object CMakeFiles/a200_hardware.dir/src/a200/horizon_legacy/crc.cpp.o[0m
[6.054s] [ 53%] [32mBuilding CXX object CMakeFiles/a200_hardware.dir/src/a200/horizon_legacy/Logger.cpp.o[0m
[7.009s] [ 56%] [32mBuilding CXX object CMakeFiles/a200_hardware.dir/src/a200/horizon_legacy/Message.cpp.o[0m
[7.926s] [ 60%] [32mBuilding CXX object CMakeFiles/a200_hardware.dir/src/a200/horizon_legacy/Message_data.cpp.o[0m
[9.104s] [ 63%] [32mBuilding CXX object CMakeFiles/a200_hardware.dir/src/a200/horizon_legacy/Message_request.cpp.o[0m
[9.670s] [ 66%] [32mBuilding CXX object CMakeFiles/a200_hardware.dir/src/a200/horizon_legacy/Message_cmd.cpp.o[0m
[9.849s] [ 70%] [32mBuilding CXX object CMakeFiles/a200_hardware.dir/src/a200/horizon_legacy/Transport.cpp.o[0m
[10.821s] [ 73%] [32mBuilding CXX object CMakeFiles/a200_hardware.dir/src/a200/horizon_legacy/Number.cpp.o[0m
[10.844s] [ 76%] [32mBuilding CXX object CMakeFiles/a200_hardware.dir/src/a200/horizon_legacy/linux_serial.cpp.o[0m
[13.768s] [ 80%] [32m[1mLinking CXX shared library liba200_hardware.so[0m
[14.300s] [ 80%] Built target a200_hardware
[16.824s] [ 83%] [32m[1mLinking CXX shared library libw200_hardware.so[0m
[17.511s] [ 86%] [32m[1mLinking CXX shared library libj100_hardware.so[0m
[17.522s] [ 86%] Built target w200_hardware
[17.555s] [ 90%] [32m[1mLinking CXX shared library libpuma_hardware.so[0m
[18.231s] [ 90%] Built target j100_hardware
[18.268s] [ 90%] Built target puma_hardware
[32.471s] [ 93%] [32m[1mLinking CXX shared library libclearpath_platform_lighting.so[0m
[33.964s] [ 93%] Built target clearpath_platform_lighting
[33.982s] [ 96%] [32mBuilding CXX object CMakeFiles/lighting_node.dir/src/lighting/main.cpp.o[0m
[36.886s] [100%] [32m[1mLinking CXX executable lighting_node[0m
[37.271s] [100%] Built target lighting_node
[37.282s] Invoked command in '/home/robot/debug_clear_ws/build/clearpath_platform' returned '0': AMENT_PREFIX_PATH=/home/robot/debug_clear_ws/install/clearpath_platform_msgs:/home/robot/debug_clear_ws/install/clearpath_platform_description:/home/robot/debug_clear_ws/install/clearpath_control:${AMENT_PREFIX_PATH} CMAKE_PREFIX_PATH=/home/robot/debug_clear_ws/install/clearpath_platform_msgs:/home/robot/debug_clear_ws/install/clearpath_platform_description:/home/robot/debug_clear_ws/install/clearpath_control:/home/robot/debug_clear_ws/install/mpc_low:/opt/ros/humble LD_LIBRARY_PATH=/home/robot/debug_clear_ws/install/clearpath_platform_msgs/lib:${LD_LIBRARY_PATH} PYTHONPATH=/home/robot/debug_clear_ws/install/clearpath_platform_msgs/local/lib/python3.10/dist-packages:${PYTHONPATH} /usr/bin/cmake --build /home/robot/debug_clear_ws/build/clearpath_platform -- -j12 -l12
[37.283s] Invoking command in '/home/robot/debug_clear_ws/build/clearpath_platform': AMENT_PREFIX_PATH=/home/robot/debug_clear_ws/install/clearpath_platform_msgs:/home/robot/debug_clear_ws/install/clearpath_platform_description:/home/robot/debug_clear_ws/install/clearpath_control:${AMENT_PREFIX_PATH} CMAKE_PREFIX_PATH=/home/robot/debug_clear_ws/install/clearpath_platform_msgs:/home/robot/debug_clear_ws/install/clearpath_platform_description:/home/robot/debug_clear_ws/install/clearpath_control:/home/robot/debug_clear_ws/install/mpc_low:/opt/ros/humble LD_LIBRARY_PATH=/home/robot/debug_clear_ws/install/clearpath_platform_msgs/lib:${LD_LIBRARY_PATH} PYTHONPATH=/home/robot/debug_clear_ws/install/clearpath_platform_msgs/local/lib/python3.10/dist-packages:${PYTHONPATH} /usr/bin/cmake --install /home/robot/debug_clear_ws/build/clearpath_platform
[37.291s] -- Install configuration: ""
[37.291s] -- Installing: /home/robot/debug_clear_ws/install/clearpath_platform/share/clearpath_platform/src/a200/hardware.xml
[37.291s] -- Installing: /home/robot/debug_clear_ws/install/clearpath_platform/share/clearpath_platform/src/j100/hardware.xml
[37.292s] -- Installing: /home/robot/debug_clear_ws/install/clearpath_platform/share/clearpath_platform/src/w200/hardware.xml
[37.292s] -- Installing: /home/robot/debug_clear_ws/install/clearpath_platform/share/clearpath_platform/src/puma/hardware.xml
[37.292s] -- Installing: /home/robot/debug_clear_ws/install/clearpath_platform/lib/liba200_hardware.so
[37.297s] -- Set runtime path of "/home/robot/debug_clear_ws/install/clearpath_platform/lib/liba200_hardware.so" to ""
[37.297s] -- Installing: /home/robot/debug_clear_ws/install/clearpath_platform/lib/libj100_hardware.so
[37.305s] -- Set runtime path of "/home/robot/debug_clear_ws/install/clearpath_platform/lib/libj100_hardware.so" to ""
[37.305s] -- Installing: /home/robot/debug_clear_ws/install/clearpath_platform/lib/libw200_hardware.so
[37.312s] -- Set runtime path of "/home/robot/debug_clear_ws/install/clearpath_platform/lib/libw200_hardware.so" to ""
[37.312s] -- Installing: /home/robot/debug_clear_ws/install/clearpath_platform/lib/libpuma_hardware.so
[37.321s] -- Set runtime path of "/home/robot/debug_clear_ws/install/clearpath_platform/lib/libpuma_hardware.so" to ""
[37.321s] -- Installing: /home/robot/debug_clear_ws/install/clearpath_platform/lib/clearpath_platform/lighting_node
[37.321s] -- Set runtime path of "/home/robot/debug_clear_ws/install/clearpath_platform/lib/clearpath_platform/lighting_node" to ""
[37.321s] -- Installing: /home/robot/debug_clear_ws/install/clearpath_platform/lib/libclearpath_platform_lighting.so
[37.352s] -- Set runtime path of "/home/robot/debug_clear_ws/install/clearpath_platform/lib/libclearpath_platform_lighting.so" to ""
[37.352s] -- Installing: /home/robot/debug_clear_ws/install/clearpath_platform/include
[37.352s] -- Installing: /home/robot/debug_clear_ws/install/clearpath_platform/include/clearpath_platform
[37.352s] -- Installing: /home/robot/debug_clear_ws/install/clearpath_platform/include/clearpath_platform/diff_drive
[37.352s] -- Installing: /home/robot/debug_clear_ws/install/clearpath_platform/include/clearpath_platform/diff_drive/hardware_interface.hpp
[37.352s] -- Installing: /home/robot/debug_clear_ws/install/clearpath_platform/include/clearpath_platform/diff_drive/hardware.hpp
[37.352s] -- Installing: /home/robot/debug_clear_ws/install/clearpath_platform/include/clearpath_platform/lighting
[37.353s] -- Installing: /home/robot/debug_clear_ws/install/clearpath_platform/include/clearpath_platform/lighting/platform.hpp
[37.353s] -- Installing: /home/robot/debug_clear_ws/install/clearpath_platform/include/clearpath_platform/lighting/lighting.hpp
[37.353s] -- Installing: /home/robot/debug_clear_ws/install/clearpath_platform/include/clearpath_platform/lighting/color.hpp
[37.353s] -- Installing: /home/robot/debug_clear_ws/install/clearpath_platform/include/clearpath_platform/lighting/sequence.hpp
[37.353s] -- Installing: /home/robot/debug_clear_ws/install/clearpath_platform/include/clearpath_platform/puma
[37.353s] -- Installing: /home/robot/debug_clear_ws/install/clearpath_platform/include/clearpath_platform/puma/hardware_interface.hpp
[37.353s] -- Installing: /home/robot/debug_clear_ws/install/clearpath_platform/include/clearpath_platform/puma/hardware.hpp
[37.354s] -- Installing: /home/robot/debug_clear_ws/install/clearpath_platform/include/clearpath_platform/w200
[37.354s] -- Installing: /home/robot/debug_clear_ws/install/clearpath_platform/include/clearpath_platform/w200/hardware_interface.hpp
[37.354s] -- Installing: /home/robot/debug_clear_ws/install/clearpath_platform/include/clearpath_platform/w200/hardware.hpp
[37.354s] -- Installing: /home/robot/debug_clear_ws/install/clearpath_platform/include/clearpath_platform/j100
[37.354s] -- Installing: /home/robot/debug_clear_ws/install/clearpath_platform/include/clearpath_platform/j100/hardware_interface.hpp
[37.354s] -- Installing: /home/robot/debug_clear_ws/install/clearpath_platform/include/clearpath_platform/j100/hardware.hpp
[37.354s] -- Installing: /home/robot/debug_clear_ws/install/clearpath_platform/include/clearpath_platform/a200
[37.354s] -- Installing: /home/robot/debug_clear_ws/install/clearpath_platform/include/clearpath_platform/a200/hardware.hpp
[37.354s] -- Installing: /home/robot/debug_clear_ws/install/clearpath_platform/include/clearpath_platform/a200/horizon_legacy
[37.354s] -- Installing: /home/robot/debug_clear_ws/install/clearpath_platform/include/clearpath_platform/a200/horizon_legacy/crc.h
[37.354s] -- Installing: /home/robot/debug_clear_ws/install/clearpath_platform/include/clearpath_platform/a200/horizon_legacy/serial.h
[37.354s] -- Installing: /home/robot/debug_clear_ws/install/clearpath_platform/include/clearpath_platform/a200/horizon_legacy/Message_data.h
[37.354s] -- Installing: /home/robot/debug_clear_ws/install/clearpath_platform/include/clearpath_platform/a200/horizon_legacy/Exception.h
[37.354s] -- Installing: /home/robot/debug_clear_ws/install/clearpath_platform/include/clearpath_platform/a200/horizon_legacy/Transport.h
[37.355s] -- Installing: /home/robot/debug_clear_ws/install/clearpath_platform/include/clearpath_platform/a200/horizon_legacy/Message_request.h
[37.355s] -- Installing: /home/robot/debug_clear_ws/install/clearpath_platform/include/clearpath_platform/a200/horizon_legacy/Logger.h
[37.355s] -- Installing: /home/robot/debug_clear_ws/install/clearpath_platform/include/clearpath_platform/a200/horizon_legacy/Number.h
[37.355s] -- Installing: /home/robot/debug_clear_ws/install/clearpath_platform/include/clearpath_platform/a200/horizon_legacy/horizon_legacy_wrapper.h
[37.355s] -- Installing: /home/robot/debug_clear_ws/install/clearpath_platform/include/clearpath_platform/a200/horizon_legacy/clearpath.h
[37.355s] -- Installing: /home/robot/debug_clear_ws/install/clearpath_platform/include/clearpath_platform/a200/horizon_legacy/Message_cmd.h
[37.355s] -- Installing: /home/robot/debug_clear_ws/install/clearpath_platform/include/clearpath_platform/a200/horizon_legacy/Message.h
[37.355s] -- Installing: /home/robot/debug_clear_ws/install/clearpath_platform/include/clearpath_platform/a200/status.hpp
[37.355s] -- Installing: /home/robot/debug_clear_ws/install/clearpath_platform/share/clearpath_platform/config
[37.355s] -- Installing: /home/robot/debug_clear_ws/install/clearpath_platform/share/clearpath_platform/config/imu_filter.yaml
[37.355s] -- Installing: /home/robot/debug_clear_ws/install/clearpath_platform/share/clearpath_platform/launch
[37.356s] -- Installing: /home/robot/debug_clear_ws/install/clearpath_platform/share/clearpath_platform/launch/platform.launch.py
[37.356s] -- Installing: /home/robot/debug_clear_ws/install/clearpath_platform/share/clearpath_platform/environment/library_path.sh
[37.356s] -- Installing: /home/robot/debug_clear_ws/install/clearpath_platform/share/clearpath_platform/environment/library_path.dsv
[37.356s] -- Installing: /home/robot/debug_clear_ws/install/clearpath_platform/share/ament_index/resource_index/package_run_dependencies/clearpath_platform
[37.357s] -- Installing: /home/robot/debug_clear_ws/install/clearpath_platform/share/ament_index/resource_index/parent_prefix_path/clearpath_platform
[37.357s] -- Installing: /home/robot/debug_clear_ws/install/clearpath_platform/share/clearpath_platform/environment/ament_prefix_path.sh
[37.357s] -- Installing: /home/robot/debug_clear_ws/install/clearpath_platform/share/clearpath_platform/environment/ament_prefix_path.dsv
[37.357s] -- Installing: /home/robot/debug_clear_ws/install/clearpath_platform/share/clearpath_platform/environment/path.sh
[37.357s] -- Installing: /home/robot/debug_clear_ws/install/clearpath_platform/share/clearpath_platform/environment/path.dsv
[37.357s] -- Installing: /home/robot/debug_clear_ws/install/clearpath_platform/share/clearpath_platform/local_setup.bash
[37.357s] -- Installing: /home/robot/debug_clear_ws/install/clearpath_platform/share/clearpath_platform/local_setup.sh
[37.358s] -- Installing: /home/robot/debug_clear_ws/install/clearpath_platform/share/clearpath_platform/local_setup.zsh
[37.358s] -- Installing: /home/robot/debug_clear_ws/install/clearpath_platform/share/clearpath_platform/local_setup.dsv
[37.358s] -- Installing: /home/robot/debug_clear_ws/install/clearpath_platform/share/clearpath_platform/package.dsv
[37.358s] -- Installing: /home/robot/debug_clear_ws/install/clearpath_platform/share/ament_index/resource_index/packages/clearpath_platform
[37.358s] -- Installing: /home/robot/debug_clear_ws/install/clearpath_platform/share/ament_index/resource_index/hardware_interface__pluginlib__plugin/clearpath_platform
[37.358s] -- Installing: /home/robot/debug_clear_ws/install/clearpath_platform/share/clearpath_platform/cmake/ament_cmake_export_include_directories-extras.cmake
[37.359s] -- Installing: /home/robot/debug_clear_ws/install/clearpath_platform/share/clearpath_platform/cmake/ament_cmake_export_libraries-extras.cmake
[37.359s] -- Installing: /home/robot/debug_clear_ws/install/clearpath_platform/share/clearpath_platform/cmake/ament_cmake_export_dependencies-extras.cmake
[37.359s] -- Installing: /home/robot/debug_clear_ws/install/clearpath_platform/share/clearpath_platform/cmake/clearpath_platformConfig.cmake
[37.359s] -- Installing: /home/robot/debug_clear_ws/install/clearpath_platform/share/clearpath_platform/cmake/clearpath_platformConfig-version.cmake
[37.359s] -- Installing: /home/robot/debug_clear_ws/install/clearpath_platform/share/clearpath_platform/package.xml
[37.361s] Invoked command in '/home/robot/debug_clear_ws/build/clearpath_platform' returned '0': AMENT_PREFIX_PATH=/home/robot/debug_clear_ws/install/clearpath_platform_msgs:/home/robot/debug_clear_ws/install/clearpath_platform_description:/home/robot/debug_clear_ws/install/clearpath_control:${AMENT_PREFIX_PATH} CMAKE_PREFIX_PATH=/home/robot/debug_clear_ws/install/clearpath_platform_msgs:/home/robot/debug_clear_ws/install/clearpath_platform_description:/home/robot/debug_clear_ws/install/clearpath_control:/home/robot/debug_clear_ws/install/mpc_low:/opt/ros/humble LD_LIBRARY_PATH=/home/robot/debug_clear_ws/install/clearpath_platform_msgs/lib:${LD_LIBRARY_PATH} PYTHONPATH=/home/robot/debug_clear_ws/install/clearpath_platform_msgs/local/lib/python3.10/dist-packages:${PYTHONPATH} /usr/bin/cmake --install /home/robot/debug_clear_ws/build/clearpath_platform
