[0.047s] Invoking command in '/home/robot/debug_clear_ws/build/clearpath_manipulators_description': CMAKE_PREFIX_PATH=${CMAKE_PREFIX_PATH}:/home/robot/debug_clear_ws/install/yolov8_ros:/home/robot/debug_clear_ws/install/yolo_ros:/home/robot/debug_clear_ws/install/clearpath_config:/opt/ros/humble /usr/bin/cmake /home/robot/debug_clear_ws/src/clearpath_common/clearpath_manipulators_description -DAMENT_CMAKE_SYMLINK_INSTALL=1 -DCMAKE_INSTALL_PREFIX=/home/robot/debug_clear_ws/install/clearpath_manipulators_description
[0.477s] -- The C compiler identification is GNU 11.4.0
[0.477s] -- The CXX compiler identification is GNU 11.4.0
[0.478s] -- Detecting C compiler ABI info
[0.478s] -- Detecting C compiler ABI info - done
[0.478s] -- Check for working C compiler: /usr/bin/cc - skipped
[0.478s] -- Detecting C compile features
[0.478s] -- Detecting C compile features - done
[0.479s] -- Detecting CXX compiler ABI info
[0.595s] -- Detecting CXX compiler ABI info - done
[0.616s] -- Check for working CXX compiler: /usr/bin/c++ - skipped
[0.617s] -- Detecting CXX compile features
[0.617s] -- Detecting CXX compile features - done
[0.622s] -- Found ament_cmake: 1.3.11 (/opt/ros/humble/share/ament_cmake/cmake)
[1.308s] -- Found Python3: /usr/bin/python3 (found version "3.10.12") found components: Interpreter 
[1.447s] -- Override CMake install command with custom implementation using symlinks instead of copying resources
[1.645s] -- Configuring done
[1.650s] -- Generating done
[1.653s] -- Build files have been written to: /home/robot/debug_clear_ws/build/clearpath_manipulators_description
[1.660s] Invoked command in '/home/robot/debug_clear_ws/build/clearpath_manipulators_description' returned '0': CMAKE_PREFIX_PATH=${CMAKE_PREFIX_PATH}:/home/robot/debug_clear_ws/install/yolov8_ros:/home/robot/debug_clear_ws/install/yolo_ros:/home/robot/debug_clear_ws/install/clearpath_config:/opt/ros/humble /usr/bin/cmake /home/robot/debug_clear_ws/src/clearpath_common/clearpath_manipulators_description -DAMENT_CMAKE_SYMLINK_INSTALL=1 -DCMAKE_INSTALL_PREFIX=/home/robot/debug_clear_ws/install/clearpath_manipulators_description
[1.663s] Invoking command in '/home/robot/debug_clear_ws/build/clearpath_manipulators_description': CMAKE_PREFIX_PATH=${CMAKE_PREFIX_PATH}:/home/robot/debug_clear_ws/install/yolov8_ros:/home/robot/debug_clear_ws/install/yolo_ros:/home/robot/debug_clear_ws/install/clearpath_config:/opt/ros/humble /usr/bin/cmake --build /home/robot/debug_clear_ws/build/clearpath_manipulators_description -- -j12 -l12
[1.723s] Invoked command in '/home/robot/debug_clear_ws/build/clearpath_manipulators_description' returned '0': CMAKE_PREFIX_PATH=${CMAKE_PREFIX_PATH}:/home/robot/debug_clear_ws/install/yolov8_ros:/home/robot/debug_clear_ws/install/yolo_ros:/home/robot/debug_clear_ws/install/clearpath_config:/opt/ros/humble /usr/bin/cmake --build /home/robot/debug_clear_ws/build/clearpath_manipulators_description -- -j12 -l12
[1.727s] Invoking command in '/home/robot/debug_clear_ws/build/clearpath_manipulators_description': CMAKE_PREFIX_PATH=${CMAKE_PREFIX_PATH}:/home/robot/debug_clear_ws/install/yolov8_ros:/home/robot/debug_clear_ws/install/yolo_ros:/home/robot/debug_clear_ws/install/clearpath_config:/opt/ros/humble /usr/bin/cmake --install /home/robot/debug_clear_ws/build/clearpath_manipulators_description
[1.741s] -- Install configuration: ""
[1.741s] -- Execute custom install script
[1.741s] -- Symlinking: /home/robot/debug_clear_ws/install/clearpath_manipulators_description/share/clearpath_manipulators_description/urdf/arm/kinova_gen3_6dof.urdf.xacro
[1.759s] -- Symlinking: /home/robot/debug_clear_ws/install/clearpath_manipulators_description/share/clearpath_manipulators_description/urdf/arm/kinova_gen3_7dof.urdf.xacro
[1.775s] -- Symlinking: /home/robot/debug_clear_ws/install/clearpath_manipulators_description/share/clearpath_manipulators_description/urdf/arm/kinova_gen3_lite.urdf.xacro
[1.789s] -- Symlinking: /home/robot/debug_clear_ws/install/clearpath_manipulators_description/share/clearpath_manipulators_description/urdf/gripper/kinova_2f_lite.urdf.xacro
[1.807s] -- Symlinking: /home/robot/debug_clear_ws/install/clearpath_manipulators_description/share/clearpath_manipulators_description/urdf/gripper/robotiq_2f_140.urdf.xacro
[1.821s] -- Symlinking: /home/robot/debug_clear_ws/install/clearpath_manipulators_description/share/clearpath_manipulators_description/urdf/gripper/robotiq_2f_85.urdf.xacro
[1.837s] -- Symlinking: /home/robot/debug_clear_ws/install/clearpath_manipulators_description/share/clearpath_manipulators_description/config/arm/kinova_gen3_6dof/control.yaml
[1.853s] -- Symlinking: /home/robot/debug_clear_ws/install/clearpath_manipulators_description/share/clearpath_manipulators_description/config/arm/kinova_gen3_6dof/initial_positions.yaml
[1.869s] -- Symlinking: /home/robot/debug_clear_ws/install/clearpath_manipulators_description/share/clearpath_manipulators_description/config/arm/kinova_gen3_6dof/joint_limits.yaml
[1.884s] -- Symlinking: /home/robot/debug_clear_ws/install/clearpath_manipulators_description/share/clearpath_manipulators_description/config/arm/kinova_gen3_6dof/moveit_controllers.yaml
[1.900s] -- Symlinking: /home/robot/debug_clear_ws/install/clearpath_manipulators_description/share/clearpath_manipulators_description/config/arm/kinova_gen3_7dof/control.yaml
[1.916s] -- Symlinking: /home/robot/debug_clear_ws/install/clearpath_manipulators_description/share/clearpath_manipulators_description/config/arm/kinova_gen3_7dof/initial_positions.yaml
[1.931s] -- Symlinking: /home/robot/debug_clear_ws/install/clearpath_manipulators_description/share/clearpath_manipulators_description/config/arm/kinova_gen3_7dof/joint_limits.yaml
[1.945s] -- Symlinking: /home/robot/debug_clear_ws/install/clearpath_manipulators_description/share/clearpath_manipulators_description/config/arm/kinova_gen3_7dof/moveit_controllers.yaml
[1.962s] -- Symlinking: /home/robot/debug_clear_ws/install/clearpath_manipulators_description/share/clearpath_manipulators_description/config/arm/kinova_gen3_lite/control.yaml
[1.977s] -- Symlinking: /home/robot/debug_clear_ws/install/clearpath_manipulators_description/share/clearpath_manipulators_description/config/arm/kinova_gen3_lite/initial_positions.yaml
[1.993s] -- Symlinking: /home/robot/debug_clear_ws/install/clearpath_manipulators_description/share/clearpath_manipulators_description/config/arm/kinova_gen3_lite/joint_limits.yaml
[2.009s] -- Symlinking: /home/robot/debug_clear_ws/install/clearpath_manipulators_description/share/clearpath_manipulators_description/config/arm/kinova_gen3_lite/moveit_controllers.yaml
[2.024s] -- Symlinking: /home/robot/debug_clear_ws/install/clearpath_manipulators_description/share/clearpath_manipulators_description/config/gripper/kinova_2f_lite/control.yaml
[2.041s] -- Symlinking: /home/robot/debug_clear_ws/install/clearpath_manipulators_description/share/clearpath_manipulators_description/config/gripper/kinova_2f_lite/initial_positions.yaml
[2.059s] -- Symlinking: /home/robot/debug_clear_ws/install/clearpath_manipulators_description/share/clearpath_manipulators_description/config/gripper/kinova_2f_lite/joint_limits.yaml
[2.072s] -- Symlinking: /home/robot/debug_clear_ws/install/clearpath_manipulators_description/share/clearpath_manipulators_description/config/gripper/kinova_2f_lite/moveit_controllers.yaml
[2.087s] -- Symlinking: /home/robot/debug_clear_ws/install/clearpath_manipulators_description/share/clearpath_manipulators_description/config/gripper/robotiq_2f_140/control.yaml
[2.101s] -- Symlinking: /home/robot/debug_clear_ws/install/clearpath_manipulators_description/share/clearpath_manipulators_description/config/gripper/robotiq_2f_140/initial_positions.yaml
[2.113s] -- Symlinking: /home/robot/debug_clear_ws/install/clearpath_manipulators_description/share/clearpath_manipulators_description/config/gripper/robotiq_2f_140/joint_limits.yaml
[2.127s] -- Symlinking: /home/robot/debug_clear_ws/install/clearpath_manipulators_description/share/clearpath_manipulators_description/config/gripper/robotiq_2f_140/moveit_controllers.yaml
[2.143s] -- Symlinking: /home/robot/debug_clear_ws/install/clearpath_manipulators_description/share/clearpath_manipulators_description/config/gripper/robotiq_2f_85/control.yaml
[2.157s] -- Symlinking: /home/robot/debug_clear_ws/install/clearpath_manipulators_description/share/clearpath_manipulators_description/config/gripper/robotiq_2f_85/initial_positions.yaml
[2.172s] -- Symlinking: /home/robot/debug_clear_ws/install/clearpath_manipulators_description/share/clearpath_manipulators_description/config/gripper/robotiq_2f_85/joint_limits.yaml
[2.187s] -- Symlinking: /home/robot/debug_clear_ws/install/clearpath_manipulators_description/share/clearpath_manipulators_description/config/gripper/robotiq_2f_85/moveit_controllers.yaml
[2.203s] -- Symlinking: /home/robot/debug_clear_ws/install/clearpath_manipulators_description/share/clearpath_manipulators_description/srdf/arm/kinova_gen3_6dof.srdf.xacro
[2.219s] -- Symlinking: /home/robot/debug_clear_ws/install/clearpath_manipulators_description/share/clearpath_manipulators_description/srdf/arm/kinova_gen3_7dof.srdf.xacro
[2.230s] -- Symlinking: /home/robot/debug_clear_ws/install/clearpath_manipulators_description/share/clearpath_manipulators_description/srdf/arm/kinova_gen3_lite.srdf.xacro
[2.245s] -- Symlinking: /home/robot/debug_clear_ws/install/clearpath_manipulators_description/share/clearpath_manipulators_description/srdf/gripper/kinova_2f_lite.srdf.xacro
[2.259s] -- Symlinking: /home/robot/debug_clear_ws/install/clearpath_manipulators_description/share/clearpath_manipulators_description/srdf/gripper/robotiq_2f_140.srdf.xacro
[2.274s] -- Symlinking: /home/robot/debug_clear_ws/install/clearpath_manipulators_description/share/clearpath_manipulators_description/srdf/gripper/robotiq_2f_85.srdf.xacro
[2.288s] -- Symlinking: /home/robot/debug_clear_ws/install/clearpath_manipulators_description/share/clearpath_manipulators_description/launch/description.launch.py
[2.298s] -- Symlinking: /home/robot/debug_clear_ws/install/clearpath_manipulators_description/share/clearpath_manipulators_description/meshes/gripper/robotiq_2f_140_base_link.stl
[2.313s] -- Symlinking: /home/robot/debug_clear_ws/install/clearpath_manipulators_description/share/clearpath_manipulators_description/meshes/gripper/robotiq_2f_140_base_link_collision.stl
[2.328s] -- Symlinking: /home/robot/debug_clear_ws/install/clearpath_manipulators_description/share/clearpath_manipulators_description/meshes/gripper/robotiq_2f_140_coupling.stl
[2.343s] -- Symlinking: /home/robot/debug_clear_ws/install/clearpath_manipulators_description/share/clearpath_manipulators_description/meshes/gripper/robotiq_2f_140_coupling_collision.stl
[2.358s] -- Symlinking: /home/robot/debug_clear_ws/install/clearpath_manipulators_description/share/clearpath_manipulators_description/meshes/gripper/robotiq_2f_140_inner_finger.stl
[2.373s] -- Symlinking: /home/robot/debug_clear_ws/install/clearpath_manipulators_description/share/clearpath_manipulators_description/meshes/gripper/robotiq_2f_140_inner_finger_collision.stl
[2.386s] -- Symlinking: /home/robot/debug_clear_ws/install/clearpath_manipulators_description/share/clearpath_manipulators_description/meshes/gripper/robotiq_2f_140_inner_knuckle.stl
[2.400s] -- Symlinking: /home/robot/debug_clear_ws/install/clearpath_manipulators_description/share/clearpath_manipulators_description/meshes/gripper/robotiq_2f_140_inner_knuckle_collision.stl
[2.411s] -- Symlinking: /home/robot/debug_clear_ws/install/clearpath_manipulators_description/share/clearpath_manipulators_description/meshes/gripper/robotiq_2f_140_outer_finger.stl
[2.423s] -- Symlinking: /home/robot/debug_clear_ws/install/clearpath_manipulators_description/share/clearpath_manipulators_description/meshes/gripper/robotiq_2f_140_outer_finger_collision.stl
[2.439s] -- Symlinking: /home/robot/debug_clear_ws/install/clearpath_manipulators_description/share/clearpath_manipulators_description/meshes/gripper/robotiq_2f_140_outer_knuckle.stl
[2.452s] -- Symlinking: /home/robot/debug_clear_ws/install/clearpath_manipulators_description/share/clearpath_manipulators_description/meshes/gripper/robotiq_2f_140_outer_knuckle_collision.stl
[2.468s] -- Symlinking: /home/robot/debug_clear_ws/install/clearpath_manipulators_description/share/ament_index/resource_index/package_run_dependencies/clearpath_manipulators_description
[2.483s] -- Symlinking: /home/robot/debug_clear_ws/install/clearpath_manipulators_description/share/ament_index/resource_index/parent_prefix_path/clearpath_manipulators_description
[2.498s] -- Symlinking: /home/robot/debug_clear_ws/install/clearpath_manipulators_description/share/clearpath_manipulators_description/environment/ament_prefix_path.sh
[2.513s] -- Symlinking: /home/robot/debug_clear_ws/install/clearpath_manipulators_description/share/clearpath_manipulators_description/environment/ament_prefix_path.dsv
[2.528s] -- Symlinking: /home/robot/debug_clear_ws/install/clearpath_manipulators_description/share/clearpath_manipulators_description/environment/path.sh
[2.540s] -- Symlinking: /home/robot/debug_clear_ws/install/clearpath_manipulators_description/share/clearpath_manipulators_description/environment/path.dsv
[2.552s] -- Symlinking: /home/robot/debug_clear_ws/install/clearpath_manipulators_description/share/clearpath_manipulators_description/local_setup.bash
[2.563s] -- Symlinking: /home/robot/debug_clear_ws/install/clearpath_manipulators_description/share/clearpath_manipulators_description/local_setup.sh
[2.576s] -- Symlinking: /home/robot/debug_clear_ws/install/clearpath_manipulators_description/share/clearpath_manipulators_description/local_setup.zsh
[2.589s] -- Symlinking: /home/robot/debug_clear_ws/install/clearpath_manipulators_description/share/clearpath_manipulators_description/local_setup.dsv
[2.600s] -- Symlinking: /home/robot/debug_clear_ws/install/clearpath_manipulators_description/share/clearpath_manipulators_description/package.dsv
[2.612s] -- Symlinking: /home/robot/debug_clear_ws/install/clearpath_manipulators_description/share/ament_index/resource_index/packages/clearpath_manipulators_description
[2.623s] -- Symlinking: /home/robot/debug_clear_ws/install/clearpath_manipulators_description/share/clearpath_manipulators_description/cmake/clearpath_manipulators_descriptionConfig.cmake
[2.638s] -- Symlinking: /home/robot/debug_clear_ws/install/clearpath_manipulators_description/share/clearpath_manipulators_description/cmake/clearpath_manipulators_descriptionConfig-version.cmake
[2.652s] -- Symlinking: /home/robot/debug_clear_ws/install/clearpath_manipulators_description/share/clearpath_manipulators_description/package.xml
[2.671s] Invoked command in '/home/robot/debug_clear_ws/build/clearpath_manipulators_description' returned '0': CMAKE_PREFIX_PATH=${CMAKE_PREFIX_PATH}:/home/robot/debug_clear_ws/install/yolov8_ros:/home/robot/debug_clear_ws/install/yolo_ros:/home/robot/debug_clear_ws/install/clearpath_config:/opt/ros/humble /usr/bin/cmake --install /home/robot/debug_clear_ws/build/clearpath_manipulators_description
