[0.392s] Invoking command in '/home/dimash/debug_clear_ws/build/yolo_msgs': CMAKE_PREFIX_PATH=${CMAKE_PREFIX_PATH}:/home/dimash/debug_clear_ws/install/yolo_ros:/home/dimash/debug_clear_ws/install/person_movement:/home/dimash/debug_clear_ws/install/clearpath_config:/opt/ros/humble /usr/bin/cmake --build /home/dimash/debug_clear_ws/build/yolo_msgs -- -j8 -l8
[0.513s] [  0%] Built target yolo_msgs__cpp
[0.514s] [ 12%] Built target yolo_msgs__rosidl_generator_c
[0.520s] [ 12%] Built target ament_cmake_python_copy_yolo_msgs
[0.536s] [ 24%] Built target yolo_msgs__rosidl_typesupport_introspection_cpp
[0.537s] [ 36%] Built target yolo_msgs__rosidl_typesupport_fastrtps_cpp
[0.537s] [ 48%] Built target yolo_msgs__rosidl_typesupport_c
[0.546s] [ 60%] Built target yolo_msgs__rosidl_typesupport_cpp
[0.556s] [ 72%] Built target yolo_msgs__rosidl_typesupport_introspection_c
[0.561s] [ 84%] Built target yolo_msgs__rosidl_typesupport_fastrtps_c
[0.589s] [ 84%] Built target yolo_msgs
[0.616s] [ 85%] Built target yolo_msgs__py
[0.715s] [ 96%] Built target yolo_msgs__rosidl_generator_py
[0.716s] [ 97%] Built target yolo_msgs__rosidl_typesupport_fastrtps_c__pyext
[0.730s] [ 98%] Built target yolo_msgs__rosidl_typesupport_c__pyext
[0.731s] [100%] Built target yolo_msgs__rosidl_typesupport_introspection_c__pyext
[0.931s] running egg_info
[0.932s] writing yolo_msgs.egg-info/PKG-INFO
[0.932s] writing dependency_links to yolo_msgs.egg-info/dependency_links.txt
[0.932s] writing top-level names to yolo_msgs.egg-info/top_level.txt
[0.935s] reading manifest file 'yolo_msgs.egg-info/SOURCES.txt'
[0.936s] writing manifest file 'yolo_msgs.egg-info/SOURCES.txt'
[0.965s] [100%] Built target ament_cmake_python_build_yolo_msgs_egg
[1.245s] Invoked command in '/home/dimash/debug_clear_ws/build/yolo_msgs' returned '0': CMAKE_PREFIX_PATH=${CMAKE_PREFIX_PATH}:/home/dimash/debug_clear_ws/install/yolo_ros:/home/dimash/debug_clear_ws/install/person_movement:/home/dimash/debug_clear_ws/install/clearpath_config:/opt/ros/humble /usr/bin/cmake --build /home/dimash/debug_clear_ws/build/yolo_msgs -- -j8 -l8
[1.246s] Invoking command in '/home/dimash/debug_clear_ws/build/yolo_msgs': CMAKE_PREFIX_PATH=${CMAKE_PREFIX_PATH}:/home/dimash/debug_clear_ws/install/yolo_ros:/home/dimash/debug_clear_ws/install/person_movement:/home/dimash/debug_clear_ws/install/clearpath_config:/opt/ros/humble /usr/bin/cmake --install /home/dimash/debug_clear_ws/build/yolo_msgs
[1.287s] -- Install configuration: ""
[1.287s] -- Up-to-date: /home/dimash/debug_clear_ws/install/yolo_msgs/share/ament_index/resource_index/rosidl_interfaces/yolo_msgs
[1.287s] -- Up-to-date: /home/dimash/debug_clear_ws/install/yolo_msgs/include/yolo_msgs/yolo_msgs
[1.291s] -- Up-to-date: /home/dimash/debug_clear_ws/install/yolo_msgs/include/yolo_msgs/yolo_msgs/srv
[1.291s] -- Up-to-date: /home/dimash/debug_clear_ws/install/yolo_msgs/include/yolo_msgs/yolo_msgs/srv/detail
[1.291s] -- Up-to-date: /home/dimash/debug_clear_ws/install/yolo_msgs/include/yolo_msgs/yolo_msgs/srv/detail/set_classes__functions.c
[1.291s] -- Up-to-date: /home/dimash/debug_clear_ws/install/yolo_msgs/include/yolo_msgs/yolo_msgs/srv/detail/set_classes__struct.h
[1.291s] -- Up-to-date: /home/dimash/debug_clear_ws/install/yolo_msgs/include/yolo_msgs/yolo_msgs/srv/detail/set_classes__type_support.h
[1.291s] -- Up-to-date: /home/dimash/debug_clear_ws/install/yolo_msgs/include/yolo_msgs/yolo_msgs/srv/detail/set_classes__functions.h
[1.291s] -- Up-to-date: /home/dimash/debug_clear_ws/install/yolo_msgs/include/yolo_msgs/yolo_msgs/srv/set_classes.h
[1.292s] -- Up-to-date: /home/dimash/debug_clear_ws/install/yolo_msgs/include/yolo_msgs/yolo_msgs/msg
[1.292s] -- Up-to-date: /home/dimash/debug_clear_ws/install/yolo_msgs/include/yolo_msgs/yolo_msgs/msg/detail
[1.292s] -- Up-to-date: /home/dimash/debug_clear_ws/install/yolo_msgs/include/yolo_msgs/yolo_msgs/msg/detail/key_point3_d_array__type_support.h
[1.292s] -- Up-to-date: /home/dimash/debug_clear_ws/install/yolo_msgs/include/yolo_msgs/yolo_msgs/msg/detail/key_point2_d__functions.h
[1.292s] -- Up-to-date: /home/dimash/debug_clear_ws/install/yolo_msgs/include/yolo_msgs/yolo_msgs/msg/detail/detection__type_support.h
[1.292s] -- Up-to-date: /home/dimash/debug_clear_ws/install/yolo_msgs/include/yolo_msgs/yolo_msgs/msg/detail/pose2_d__functions.h
[1.292s] -- Up-to-date: /home/dimash/debug_clear_ws/install/yolo_msgs/include/yolo_msgs/yolo_msgs/msg/detail/vector2__type_support.h
[1.292s] -- Up-to-date: /home/dimash/debug_clear_ws/install/yolo_msgs/include/yolo_msgs/yolo_msgs/msg/detail/bounding_box2_d__functions.c
[1.292s] -- Up-to-date: /home/dimash/debug_clear_ws/install/yolo_msgs/include/yolo_msgs/yolo_msgs/msg/detail/key_point2_d_array__struct.h
[1.292s] -- Up-to-date: /home/dimash/debug_clear_ws/install/yolo_msgs/include/yolo_msgs/yolo_msgs/msg/detail/mask__functions.c
[1.293s] -- Up-to-date: /home/dimash/debug_clear_ws/install/yolo_msgs/include/yolo_msgs/yolo_msgs/msg/detail/key_point3_d_array__struct.h
[1.293s] -- Up-to-date: /home/dimash/debug_clear_ws/install/yolo_msgs/include/yolo_msgs/yolo_msgs/msg/detail/bounding_box3_d__functions.h
[1.293s] -- Up-to-date: /home/dimash/debug_clear_ws/install/yolo_msgs/include/yolo_msgs/yolo_msgs/msg/detail/vector2__functions.h
[1.293s] -- Up-to-date: /home/dimash/debug_clear_ws/install/yolo_msgs/include/yolo_msgs/yolo_msgs/msg/detail/detection_array__type_support.h
[1.298s] -- Up-to-date: /home/dimash/debug_clear_ws/install/yolo_msgs/include/yolo_msgs/yolo_msgs/msg/detail/pose2_d__struct.h
[1.299s] -- Up-to-date: /home/dimash/debug_clear_ws/install/yolo_msgs/include/yolo_msgs/yolo_msgs/msg/detail/key_point2_d__type_support.h
[1.303s] -- Up-to-date: /home/dimash/debug_clear_ws/install/yolo_msgs/include/yolo_msgs/yolo_msgs/msg/detail/pose2_d__functions.c
[1.304s] -- Up-to-date: /home/dimash/debug_clear_ws/install/yolo_msgs/include/yolo_msgs/yolo_msgs/msg/detail/key_point3_d__functions.c
[1.307s] -- Up-to-date: /home/dimash/debug_clear_ws/install/yolo_msgs/include/yolo_msgs/yolo_msgs/msg/detail/key_point2_d_array__type_support.h
[1.307s] -- Up-to-date: /home/dimash/debug_clear_ws/install/yolo_msgs/include/yolo_msgs/yolo_msgs/msg/detail/bounding_box3_d__functions.c
[1.307s] -- Up-to-date: /home/dimash/debug_clear_ws/install/yolo_msgs/include/yolo_msgs/yolo_msgs/msg/detail/key_point2_d_array__functions.c
[1.307s] -- Up-to-date: /home/dimash/debug_clear_ws/install/yolo_msgs/include/yolo_msgs/yolo_msgs/msg/detail/key_point2_d_array__functions.h
[1.307s] -- Up-to-date: /home/dimash/debug_clear_ws/install/yolo_msgs/include/yolo_msgs/yolo_msgs/msg/detail/vector2__struct.h
[1.307s] -- Up-to-date: /home/dimash/debug_clear_ws/install/yolo_msgs/include/yolo_msgs/yolo_msgs/msg/detail/mask__type_support.h
[1.308s] -- Up-to-date: /home/dimash/debug_clear_ws/install/yolo_msgs/include/yolo_msgs/yolo_msgs/msg/detail/point2_d__type_support.h
[1.308s] -- Up-to-date: /home/dimash/debug_clear_ws/install/yolo_msgs/include/yolo_msgs/yolo_msgs/msg/detail/bounding_box3_d__type_support.h
[1.308s] -- Up-to-date: /home/dimash/debug_clear_ws/install/yolo_msgs/include/yolo_msgs/yolo_msgs/msg/detail/key_point3_d__functions.h
[1.308s] -- Up-to-date: /home/dimash/debug_clear_ws/install/yolo_msgs/include/yolo_msgs/yolo_msgs/msg/detail/mask__struct.h
[1.308s] -- Up-to-date: /home/dimash/debug_clear_ws/install/yolo_msgs/include/yolo_msgs/yolo_msgs/msg/detail/mask__functions.h
[1.308s] -- Up-to-date: /home/dimash/debug_clear_ws/install/yolo_msgs/include/yolo_msgs/yolo_msgs/msg/detail/detection_array__functions.c
[1.308s] -- Up-to-date: /home/dimash/debug_clear_ws/install/yolo_msgs/include/yolo_msgs/yolo_msgs/msg/detail/detection__functions.h
[1.308s] -- Up-to-date: /home/dimash/debug_clear_ws/install/yolo_msgs/include/yolo_msgs/yolo_msgs/msg/detail/detection_array__struct.h
[1.308s] -- Up-to-date: /home/dimash/debug_clear_ws/install/yolo_msgs/include/yolo_msgs/yolo_msgs/msg/detail/key_point2_d__functions.c
[1.309s] -- Up-to-date: /home/dimash/debug_clear_ws/install/yolo_msgs/include/yolo_msgs/yolo_msgs/msg/detail/vector2__functions.c
[1.309s] -- Up-to-date: /home/dimash/debug_clear_ws/install/yolo_msgs/include/yolo_msgs/yolo_msgs/msg/detail/key_point2_d__struct.h
[1.309s] -- Up-to-date: /home/dimash/debug_clear_ws/install/yolo_msgs/include/yolo_msgs/yolo_msgs/msg/detail/detection_array__functions.h
[1.309s] -- Up-to-date: /home/dimash/debug_clear_ws/install/yolo_msgs/include/yolo_msgs/yolo_msgs/msg/detail/key_point3_d_array__functions.h
[1.309s] -- Up-to-date: /home/dimash/debug_clear_ws/install/yolo_msgs/include/yolo_msgs/yolo_msgs/msg/detail/key_point3_d__struct.h
[1.309s] -- Up-to-date: /home/dimash/debug_clear_ws/install/yolo_msgs/include/yolo_msgs/yolo_msgs/msg/detail/bounding_box3_d__struct.h
[1.309s] -- Up-to-date: /home/dimash/debug_clear_ws/install/yolo_msgs/include/yolo_msgs/yolo_msgs/msg/detail/bounding_box2_d__type_support.h
[1.309s] -- Up-to-date: /home/dimash/debug_clear_ws/install/yolo_msgs/include/yolo_msgs/yolo_msgs/msg/detail/point2_d__functions.c
[1.309s] -- Up-to-date: /home/dimash/debug_clear_ws/install/yolo_msgs/include/yolo_msgs/yolo_msgs/msg/detail/point2_d__struct.h
[1.309s] -- Up-to-date: /home/dimash/debug_clear_ws/install/yolo_msgs/include/yolo_msgs/yolo_msgs/msg/detail/key_point3_d__type_support.h
[1.310s] -- Up-to-date: /home/dimash/debug_clear_ws/install/yolo_msgs/include/yolo_msgs/yolo_msgs/msg/detail/bounding_box2_d__struct.h
[1.310s] -- Up-to-date: /home/dimash/debug_clear_ws/install/yolo_msgs/include/yolo_msgs/yolo_msgs/msg/detail/point2_d__functions.h
[1.310s] -- Up-to-date: /home/dimash/debug_clear_ws/install/yolo_msgs/include/yolo_msgs/yolo_msgs/msg/detail/key_point3_d_array__functions.c
[1.310s] -- Up-to-date: /home/dimash/debug_clear_ws/install/yolo_msgs/include/yolo_msgs/yolo_msgs/msg/detail/pose2_d__type_support.h
[1.314s] -- Up-to-date: /home/dimash/debug_clear_ws/install/yolo_msgs/include/yolo_msgs/yolo_msgs/msg/detail/bounding_box2_d__functions.h
[1.315s] -- Up-to-date: /home/dimash/debug_clear_ws/install/yolo_msgs/include/yolo_msgs/yolo_msgs/msg/detail/detection__functions.c
[1.315s] -- Up-to-date: /home/dimash/debug_clear_ws/install/yolo_msgs/include/yolo_msgs/yolo_msgs/msg/detail/detection__struct.h
[1.315s] -- Up-to-date: /home/dimash/debug_clear_ws/install/yolo_msgs/include/yolo_msgs/yolo_msgs/msg/vector2.h
[1.315s] -- Up-to-date: /home/dimash/debug_clear_ws/install/yolo_msgs/include/yolo_msgs/yolo_msgs/msg/key_point3_d_array.h
[1.315s] -- Up-to-date: /home/dimash/debug_clear_ws/install/yolo_msgs/include/yolo_msgs/yolo_msgs/msg/rosidl_generator_c__visibility_control.h
[1.315s] -- Up-to-date: /home/dimash/debug_clear_ws/install/yolo_msgs/include/yolo_msgs/yolo_msgs/msg/bounding_box3_d.h
[1.315s] -- Up-to-date: /home/dimash/debug_clear_ws/install/yolo_msgs/include/yolo_msgs/yolo_msgs/msg/detection_array.h
[1.315s] -- Up-to-date: /home/dimash/debug_clear_ws/install/yolo_msgs/include/yolo_msgs/yolo_msgs/msg/mask.h
[1.315s] -- Up-to-date: /home/dimash/debug_clear_ws/install/yolo_msgs/include/yolo_msgs/yolo_msgs/msg/pose2_d.h
[1.316s] -- Up-to-date: /home/dimash/debug_clear_ws/install/yolo_msgs/include/yolo_msgs/yolo_msgs/msg/point2_d.h
[1.316s] -- Up-to-date: /home/dimash/debug_clear_ws/install/yolo_msgs/include/yolo_msgs/yolo_msgs/msg/detection.h
[1.316s] -- Up-to-date: /home/dimash/debug_clear_ws/install/yolo_msgs/include/yolo_msgs/yolo_msgs/msg/bounding_box2_d.h
[1.316s] -- Up-to-date: /home/dimash/debug_clear_ws/install/yolo_msgs/include/yolo_msgs/yolo_msgs/msg/key_point2_d.h
[1.316s] -- Up-to-date: /home/dimash/debug_clear_ws/install/yolo_msgs/include/yolo_msgs/yolo_msgs/msg/key_point3_d.h
[1.316s] -- Up-to-date: /home/dimash/debug_clear_ws/install/yolo_msgs/include/yolo_msgs/yolo_msgs/msg/key_point2_d_array.h
[1.316s] -- Up-to-date: /home/dimash/debug_clear_ws/install/yolo_msgs/share/yolo_msgs/environment/library_path.sh
[1.316s] -- Up-to-date: /home/dimash/debug_clear_ws/install/yolo_msgs/share/yolo_msgs/environment/library_path.dsv
[1.316s] -- Up-to-date: /home/dimash/debug_clear_ws/install/yolo_msgs/lib/libyolo_msgs__rosidl_generator_c.so
[1.316s] -- Up-to-date: /home/dimash/debug_clear_ws/install/yolo_msgs/include/yolo_msgs/yolo_msgs
[1.317s] -- Up-to-date: /home/dimash/debug_clear_ws/install/yolo_msgs/include/yolo_msgs/yolo_msgs/srv
[1.317s] -- Up-to-date: /home/dimash/debug_clear_ws/install/yolo_msgs/include/yolo_msgs/yolo_msgs/srv/detail
[1.317s] -- Up-to-date: /home/dimash/debug_clear_ws/install/yolo_msgs/include/yolo_msgs/yolo_msgs/srv/detail/set_classes__rosidl_typesupport_fastrtps_c.h
[1.317s] -- Up-to-date: /home/dimash/debug_clear_ws/install/yolo_msgs/include/yolo_msgs/yolo_msgs/msg
[1.317s] -- Up-to-date: /home/dimash/debug_clear_ws/install/yolo_msgs/include/yolo_msgs/yolo_msgs/msg/detail
[1.317s] -- Up-to-date: /home/dimash/debug_clear_ws/install/yolo_msgs/include/yolo_msgs/yolo_msgs/msg/detail/bounding_box3_d__rosidl_typesupport_fastrtps_c.h
[1.317s] -- Up-to-date: /home/dimash/debug_clear_ws/install/yolo_msgs/include/yolo_msgs/yolo_msgs/msg/detail/mask__rosidl_typesupport_fastrtps_c.h
[1.317s] -- Up-to-date: /home/dimash/debug_clear_ws/install/yolo_msgs/include/yolo_msgs/yolo_msgs/msg/detail/key_point3_d__rosidl_typesupport_fastrtps_c.h
[1.317s] -- Up-to-date: /home/dimash/debug_clear_ws/install/yolo_msgs/include/yolo_msgs/yolo_msgs/msg/detail/key_point2_d_array__rosidl_typesupport_fastrtps_c.h
[1.318s] -- Up-to-date: /home/dimash/debug_clear_ws/install/yolo_msgs/include/yolo_msgs/yolo_msgs/msg/detail/key_point3_d_array__rosidl_typesupport_fastrtps_c.h
[1.318s] -- Up-to-date: /home/dimash/debug_clear_ws/install/yolo_msgs/include/yolo_msgs/yolo_msgs/msg/detail/vector2__rosidl_typesupport_fastrtps_c.h
[1.318s] -- Up-to-date: /home/dimash/debug_clear_ws/install/yolo_msgs/include/yolo_msgs/yolo_msgs/msg/detail/pose2_d__rosidl_typesupport_fastrtps_c.h
[1.318s] -- Up-to-date: /home/dimash/debug_clear_ws/install/yolo_msgs/include/yolo_msgs/yolo_msgs/msg/detail/key_point2_d__rosidl_typesupport_fastrtps_c.h
[1.318s] -- Up-to-date: /home/dimash/debug_clear_ws/install/yolo_msgs/include/yolo_msgs/yolo_msgs/msg/detail/detection_array__rosidl_typesupport_fastrtps_c.h
[1.322s] -- Up-to-date: /home/dimash/debug_clear_ws/install/yolo_msgs/include/yolo_msgs/yolo_msgs/msg/detail/bounding_box2_d__rosidl_typesupport_fastrtps_c.h
[1.322s] -- Up-to-date: /home/dimash/debug_clear_ws/install/yolo_msgs/include/yolo_msgs/yolo_msgs/msg/detail/point2_d__rosidl_typesupport_fastrtps_c.h
[1.322s] -- Up-to-date: /home/dimash/debug_clear_ws/install/yolo_msgs/include/yolo_msgs/yolo_msgs/msg/detail/detection__rosidl_typesupport_fastrtps_c.h
[1.322s] -- Up-to-date: /home/dimash/debug_clear_ws/install/yolo_msgs/include/yolo_msgs/yolo_msgs/msg/rosidl_typesupport_fastrtps_c__visibility_control.h
[1.323s] -- Up-to-date: /home/dimash/debug_clear_ws/install/yolo_msgs/lib/libyolo_msgs__rosidl_typesupport_fastrtps_c.so
[1.323s] -- Up-to-date: /home/dimash/debug_clear_ws/install/yolo_msgs/include/yolo_msgs/yolo_msgs
[1.323s] -- Up-to-date: /home/dimash/debug_clear_ws/install/yolo_msgs/include/yolo_msgs/yolo_msgs/srv
[1.323s] -- Up-to-date: /home/dimash/debug_clear_ws/install/yolo_msgs/include/yolo_msgs/yolo_msgs/srv/detail
[1.323s] -- Up-to-date: /home/dimash/debug_clear_ws/install/yolo_msgs/include/yolo_msgs/yolo_msgs/srv/detail/set_classes__type_support.c
[1.323s] -- Up-to-date: /home/dimash/debug_clear_ws/install/yolo_msgs/include/yolo_msgs/yolo_msgs/srv/detail/set_classes__rosidl_typesupport_introspection_c.h
[1.323s] -- Up-to-date: /home/dimash/debug_clear_ws/install/yolo_msgs/include/yolo_msgs/yolo_msgs/msg
[1.323s] -- Up-to-date: /home/dimash/debug_clear_ws/install/yolo_msgs/include/yolo_msgs/yolo_msgs/msg/detail
[1.323s] -- Up-to-date: /home/dimash/debug_clear_ws/install/yolo_msgs/include/yolo_msgs/yolo_msgs/msg/detail/key_point2_d__type_support.c
[1.323s] -- Up-to-date: /home/dimash/debug_clear_ws/install/yolo_msgs/include/yolo_msgs/yolo_msgs/msg/detail/vector2__rosidl_typesupport_introspection_c.h
[1.324s] -- Up-to-date: /home/dimash/debug_clear_ws/install/yolo_msgs/include/yolo_msgs/yolo_msgs/msg/detail/detection__type_support.c
[1.324s] -- Up-to-date: /home/dimash/debug_clear_ws/install/yolo_msgs/include/yolo_msgs/yolo_msgs/msg/detail/detection_array__type_support.c
[1.324s] -- Up-to-date: /home/dimash/debug_clear_ws/install/yolo_msgs/include/yolo_msgs/yolo_msgs/msg/detail/pose2_d__type_support.c
[1.324s] -- Up-to-date: /home/dimash/debug_clear_ws/install/yolo_msgs/include/yolo_msgs/yolo_msgs/msg/detail/key_point3_d__type_support.c
[1.324s] -- Up-to-date: /home/dimash/debug_clear_ws/install/yolo_msgs/include/yolo_msgs/yolo_msgs/msg/detail/detection_array__rosidl_typesupport_introspection_c.h
[1.324s] -- Up-to-date: /home/dimash/debug_clear_ws/install/yolo_msgs/include/yolo_msgs/yolo_msgs/msg/detail/mask__type_support.c
[1.324s] -- Up-to-date: /home/dimash/debug_clear_ws/install/yolo_msgs/include/yolo_msgs/yolo_msgs/msg/detail/key_point3_d__rosidl_typesupport_introspection_c.h
[1.324s] -- Up-to-date: /home/dimash/debug_clear_ws/install/yolo_msgs/include/yolo_msgs/yolo_msgs/msg/detail/bounding_box2_d__type_support.c
[1.324s] -- Up-to-date: /home/dimash/debug_clear_ws/install/yolo_msgs/include/yolo_msgs/yolo_msgs/msg/detail/vector2__type_support.c
[1.324s] -- Up-to-date: /home/dimash/debug_clear_ws/install/yolo_msgs/include/yolo_msgs/yolo_msgs/msg/detail/detection__rosidl_typesupport_introspection_c.h
[1.325s] -- Up-to-date: /home/dimash/debug_clear_ws/install/yolo_msgs/include/yolo_msgs/yolo_msgs/msg/detail/key_point2_d__rosidl_typesupport_introspection_c.h
[1.325s] -- Up-to-date: /home/dimash/debug_clear_ws/install/yolo_msgs/include/yolo_msgs/yolo_msgs/msg/detail/point2_d__type_support.c
[1.325s] -- Up-to-date: /home/dimash/debug_clear_ws/install/yolo_msgs/include/yolo_msgs/yolo_msgs/msg/detail/key_point2_d_array__type_support.c
[1.325s] -- Up-to-date: /home/dimash/debug_clear_ws/install/yolo_msgs/include/yolo_msgs/yolo_msgs/msg/detail/bounding_box3_d__rosidl_typesupport_introspection_c.h
[1.325s] -- Up-to-date: /home/dimash/debug_clear_ws/install/yolo_msgs/include/yolo_msgs/yolo_msgs/msg/detail/mask__rosidl_typesupport_introspection_c.h
[1.325s] -- Up-to-date: /home/dimash/debug_clear_ws/install/yolo_msgs/include/yolo_msgs/yolo_msgs/msg/detail/bounding_box2_d__rosidl_typesupport_introspection_c.h
[1.325s] -- Up-to-date: /home/dimash/debug_clear_ws/install/yolo_msgs/include/yolo_msgs/yolo_msgs/msg/detail/key_point3_d_array__type_support.c
[1.325s] -- Up-to-date: /home/dimash/debug_clear_ws/install/yolo_msgs/include/yolo_msgs/yolo_msgs/msg/detail/key_point3_d_array__rosidl_typesupport_introspection_c.h
[1.325s] -- Up-to-date: /home/dimash/debug_clear_ws/install/yolo_msgs/include/yolo_msgs/yolo_msgs/msg/detail/bounding_box3_d__type_support.c
[1.325s] -- Up-to-date: /home/dimash/debug_clear_ws/install/yolo_msgs/include/yolo_msgs/yolo_msgs/msg/detail/point2_d__rosidl_typesupport_introspection_c.h
[1.326s] -- Up-to-date: /home/dimash/debug_clear_ws/install/yolo_msgs/include/yolo_msgs/yolo_msgs/msg/detail/pose2_d__rosidl_typesupport_introspection_c.h
[1.326s] -- Up-to-date: /home/dimash/debug_clear_ws/install/yolo_msgs/include/yolo_msgs/yolo_msgs/msg/detail/key_point2_d_array__rosidl_typesupport_introspection_c.h
[1.326s] -- Up-to-date: /home/dimash/debug_clear_ws/install/yolo_msgs/include/yolo_msgs/yolo_msgs/msg/rosidl_typesupport_introspection_c__visibility_control.h
[1.326s] -- Up-to-date: /home/dimash/debug_clear_ws/install/yolo_msgs/lib/libyolo_msgs__rosidl_typesupport_introspection_c.so
[1.326s] -- Up-to-date: /home/dimash/debug_clear_ws/install/yolo_msgs/lib/libyolo_msgs__rosidl_typesupport_c.so
[1.329s] -- Up-to-date: /home/dimash/debug_clear_ws/install/yolo_msgs/include/yolo_msgs/yolo_msgs
[1.330s] -- Up-to-date: /home/dimash/debug_clear_ws/install/yolo_msgs/include/yolo_msgs/yolo_msgs/srv
[1.330s] -- Up-to-date: /home/dimash/debug_clear_ws/install/yolo_msgs/include/yolo_msgs/yolo_msgs/srv/detail
[1.330s] -- Up-to-date: /home/dimash/debug_clear_ws/install/yolo_msgs/include/yolo_msgs/yolo_msgs/srv/detail/set_classes__builder.hpp
[1.330s] -- Up-to-date: /home/dimash/debug_clear_ws/install/yolo_msgs/include/yolo_msgs/yolo_msgs/srv/detail/set_classes__traits.hpp
[1.330s] -- Up-to-date: /home/dimash/debug_clear_ws/install/yolo_msgs/include/yolo_msgs/yolo_msgs/srv/detail/set_classes__type_support.hpp
[1.330s] -- Up-to-date: /home/dimash/debug_clear_ws/install/yolo_msgs/include/yolo_msgs/yolo_msgs/srv/detail/set_classes__struct.hpp
[1.330s] -- Up-to-date: /home/dimash/debug_clear_ws/install/yolo_msgs/include/yolo_msgs/yolo_msgs/srv/set_classes.hpp
[1.330s] -- Up-to-date: /home/dimash/debug_clear_ws/install/yolo_msgs/include/yolo_msgs/yolo_msgs/msg
[1.330s] -- Up-to-date: /home/dimash/debug_clear_ws/install/yolo_msgs/include/yolo_msgs/yolo_msgs/msg/detail
[1.331s] -- Up-to-date: /home/dimash/debug_clear_ws/install/yolo_msgs/include/yolo_msgs/yolo_msgs/msg/detail/pose2_d__traits.hpp
[1.331s] -- Up-to-date: /home/dimash/debug_clear_ws/install/yolo_msgs/include/yolo_msgs/yolo_msgs/msg/detail/key_point3_d_array__builder.hpp
[1.331s] -- Up-to-date: /home/dimash/debug_clear_ws/install/yolo_msgs/include/yolo_msgs/yolo_msgs/msg/detail/key_point2_d_array__traits.hpp
[1.334s] -- Up-to-date: /home/dimash/debug_clear_ws/install/yolo_msgs/include/yolo_msgs/yolo_msgs/msg/detail/point2_d__builder.hpp
[1.334s] -- Up-to-date: /home/dimash/debug_clear_ws/install/yolo_msgs/include/yolo_msgs/yolo_msgs/msg/detail/detection__struct.hpp
[1.334s] -- Up-to-date: /home/dimash/debug_clear_ws/install/yolo_msgs/include/yolo_msgs/yolo_msgs/msg/detail/bounding_box2_d__struct.hpp
[1.334s] -- Up-to-date: /home/dimash/debug_clear_ws/install/yolo_msgs/include/yolo_msgs/yolo_msgs/msg/detail/mask__type_support.hpp
[1.335s] -- Up-to-date: /home/dimash/debug_clear_ws/install/yolo_msgs/include/yolo_msgs/yolo_msgs/msg/detail/key_point2_d__type_support.hpp
[1.335s] -- Up-to-date: /home/dimash/debug_clear_ws/install/yolo_msgs/include/yolo_msgs/yolo_msgs/msg/detail/detection_array__traits.hpp
[1.335s] -- Up-to-date: /home/dimash/debug_clear_ws/install/yolo_msgs/include/yolo_msgs/yolo_msgs/msg/detail/bounding_box2_d__type_support.hpp
[1.335s] -- Up-to-date: /home/dimash/debug_clear_ws/install/yolo_msgs/include/yolo_msgs/yolo_msgs/msg/detail/mask__traits.hpp
[1.335s] -- Up-to-date: /home/dimash/debug_clear_ws/install/yolo_msgs/include/yolo_msgs/yolo_msgs/msg/detail/detection_array__builder.hpp
[1.335s] -- Up-to-date: /home/dimash/debug_clear_ws/install/yolo_msgs/include/yolo_msgs/yolo_msgs/msg/detail/vector2__struct.hpp
[1.335s] -- Up-to-date: /home/dimash/debug_clear_ws/install/yolo_msgs/include/yolo_msgs/yolo_msgs/msg/detail/detection__type_support.hpp
[1.335s] -- Up-to-date: /home/dimash/debug_clear_ws/install/yolo_msgs/include/yolo_msgs/yolo_msgs/msg/detail/bounding_box3_d__type_support.hpp
[1.335s] -- Up-to-date: /home/dimash/debug_clear_ws/install/yolo_msgs/include/yolo_msgs/yolo_msgs/msg/detail/mask__builder.hpp
[1.335s] -- Up-to-date: /home/dimash/debug_clear_ws/install/yolo_msgs/include/yolo_msgs/yolo_msgs/msg/detail/key_point2_d__builder.hpp
[1.336s] -- Up-to-date: /home/dimash/debug_clear_ws/install/yolo_msgs/include/yolo_msgs/yolo_msgs/msg/detail/key_point3_d__type_support.hpp
[1.336s] -- Up-to-date: /home/dimash/debug_clear_ws/install/yolo_msgs/include/yolo_msgs/yolo_msgs/msg/detail/point2_d__struct.hpp
[1.336s] -- Up-to-date: /home/dimash/debug_clear_ws/install/yolo_msgs/include/yolo_msgs/yolo_msgs/msg/detail/detection_array__struct.hpp
[1.336s] -- Up-to-date: /home/dimash/debug_clear_ws/install/yolo_msgs/include/yolo_msgs/yolo_msgs/msg/detail/pose2_d__builder.hpp
[1.336s] -- Up-to-date: /home/dimash/debug_clear_ws/install/yolo_msgs/include/yolo_msgs/yolo_msgs/msg/detail/key_point2_d__struct.hpp
[1.337s] -- Up-to-date: /home/dimash/debug_clear_ws/install/yolo_msgs/include/yolo_msgs/yolo_msgs/msg/detail/key_point2_d__traits.hpp
[1.337s] -- Up-to-date: /home/dimash/debug_clear_ws/install/yolo_msgs/include/yolo_msgs/yolo_msgs/msg/detail/point2_d__traits.hpp
[1.337s] -- Up-to-date: /home/dimash/debug_clear_ws/install/yolo_msgs/include/yolo_msgs/yolo_msgs/msg/detail/key_point2_d_array__struct.hpp
[1.337s] -- Up-to-date: /home/dimash/debug_clear_ws/install/yolo_msgs/include/yolo_msgs/yolo_msgs/msg/detail/bounding_box2_d__builder.hpp
[1.338s] -- Up-to-date: /home/dimash/debug_clear_ws/install/yolo_msgs/include/yolo_msgs/yolo_msgs/msg/detail/mask__struct.hpp
[1.338s] -- Up-to-date: /home/dimash/debug_clear_ws/install/yolo_msgs/include/yolo_msgs/yolo_msgs/msg/detail/pose2_d__type_support.hpp
[1.338s] -- Up-to-date: /home/dimash/debug_clear_ws/install/yolo_msgs/include/yolo_msgs/yolo_msgs/msg/detail/detection__traits.hpp
[1.338s] -- Up-to-date: /home/dimash/debug_clear_ws/install/yolo_msgs/include/yolo_msgs/yolo_msgs/msg/detail/key_point3_d__traits.hpp
[1.338s] -- Up-to-date: /home/dimash/debug_clear_ws/install/yolo_msgs/include/yolo_msgs/yolo_msgs/msg/detail/key_point3_d__builder.hpp
[1.338s] -- Up-to-date: /home/dimash/debug_clear_ws/install/yolo_msgs/include/yolo_msgs/yolo_msgs/msg/detail/vector2__type_support.hpp
[1.339s] -- Up-to-date: /home/dimash/debug_clear_ws/install/yolo_msgs/include/yolo_msgs/yolo_msgs/msg/detail/key_point3_d_array__struct.hpp
[1.339s] -- Up-to-date: /home/dimash/debug_clear_ws/install/yolo_msgs/include/yolo_msgs/yolo_msgs/msg/detail/point2_d__type_support.hpp
[1.339s] -- Up-to-date: /home/dimash/debug_clear_ws/install/yolo_msgs/include/yolo_msgs/yolo_msgs/msg/detail/key_point3_d__struct.hpp
[1.339s] -- Up-to-date: /home/dimash/debug_clear_ws/install/yolo_msgs/include/yolo_msgs/yolo_msgs/msg/detail/vector2__builder.hpp
[1.339s] -- Up-to-date: /home/dimash/debug_clear_ws/install/yolo_msgs/include/yolo_msgs/yolo_msgs/msg/detail/key_point3_d_array__type_support.hpp
[1.339s] -- Up-to-date: /home/dimash/debug_clear_ws/install/yolo_msgs/include/yolo_msgs/yolo_msgs/msg/detail/key_point2_d_array__builder.hpp
[1.339s] -- Up-to-date: /home/dimash/debug_clear_ws/install/yolo_msgs/include/yolo_msgs/yolo_msgs/msg/detail/detection__builder.hpp
[1.339s] -- Up-to-date: /home/dimash/debug_clear_ws/install/yolo_msgs/include/yolo_msgs/yolo_msgs/msg/detail/vector2__traits.hpp
[1.339s] -- Up-to-date: /home/dimash/debug_clear_ws/install/yolo_msgs/include/yolo_msgs/yolo_msgs/msg/detail/key_point2_d_array__type_support.hpp
[1.339s] -- Up-to-date: /home/dimash/debug_clear_ws/install/yolo_msgs/include/yolo_msgs/yolo_msgs/msg/detail/bounding_box3_d__builder.hpp
[1.340s] -- Up-to-date: /home/dimash/debug_clear_ws/install/yolo_msgs/include/yolo_msgs/yolo_msgs/msg/detail/detection_array__type_support.hpp
[1.340s] -- Up-to-date: /home/dimash/debug_clear_ws/install/yolo_msgs/include/yolo_msgs/yolo_msgs/msg/detail/bounding_box3_d__struct.hpp
[1.340s] -- Up-to-date: /home/dimash/debug_clear_ws/install/yolo_msgs/include/yolo_msgs/yolo_msgs/msg/detail/bounding_box2_d__traits.hpp
[1.340s] -- Up-to-date: /home/dimash/debug_clear_ws/install/yolo_msgs/include/yolo_msgs/yolo_msgs/msg/detail/pose2_d__struct.hpp
[1.340s] -- Up-to-date: /home/dimash/debug_clear_ws/install/yolo_msgs/include/yolo_msgs/yolo_msgs/msg/detail/bounding_box3_d__traits.hpp
[1.340s] -- Up-to-date: /home/dimash/debug_clear_ws/install/yolo_msgs/include/yolo_msgs/yolo_msgs/msg/detail/key_point3_d_array__traits.hpp
[1.340s] -- Up-to-date: /home/dimash/debug_clear_ws/install/yolo_msgs/include/yolo_msgs/yolo_msgs/msg/key_point2_d_array.hpp
[1.340s] -- Up-to-date: /home/dimash/debug_clear_ws/install/yolo_msgs/include/yolo_msgs/yolo_msgs/msg/bounding_box2_d.hpp
[1.340s] -- Up-to-date: /home/dimash/debug_clear_ws/install/yolo_msgs/include/yolo_msgs/yolo_msgs/msg/detection.hpp
[1.340s] -- Up-to-date: /home/dimash/debug_clear_ws/install/yolo_msgs/include/yolo_msgs/yolo_msgs/msg/vector2.hpp
[1.341s] -- Up-to-date: /home/dimash/debug_clear_ws/install/yolo_msgs/include/yolo_msgs/yolo_msgs/msg/key_point3_d.hpp
[1.341s] -- Up-to-date: /home/dimash/debug_clear_ws/install/yolo_msgs/include/yolo_msgs/yolo_msgs/msg/point2_d.hpp
[1.341s] -- Up-to-date: /home/dimash/debug_clear_ws/install/yolo_msgs/include/yolo_msgs/yolo_msgs/msg/pose2_d.hpp
[1.341s] -- Up-to-date: /home/dimash/debug_clear_ws/install/yolo_msgs/include/yolo_msgs/yolo_msgs/msg/rosidl_generator_cpp__visibility_control.hpp
[1.341s] -- Up-to-date: /home/dimash/debug_clear_ws/install/yolo_msgs/include/yolo_msgs/yolo_msgs/msg/bounding_box3_d.hpp
[1.344s] -- Up-to-date: /home/dimash/debug_clear_ws/install/yolo_msgs/include/yolo_msgs/yolo_msgs/msg/detection_array.hpp
[1.344s] -- Up-to-date: /home/dimash/debug_clear_ws/install/yolo_msgs/include/yolo_msgs/yolo_msgs/msg/key_point2_d.hpp
[1.345s] -- Up-to-date: /home/dimash/debug_clear_ws/install/yolo_msgs/include/yolo_msgs/yolo_msgs/msg/key_point3_d_array.hpp
[1.345s] -- Up-to-date: /home/dimash/debug_clear_ws/install/yolo_msgs/include/yolo_msgs/yolo_msgs/msg/mask.hpp
[1.345s] -- Up-to-date: /home/dimash/debug_clear_ws/install/yolo_msgs/include/yolo_msgs/yolo_msgs
[1.345s] -- Up-to-date: /home/dimash/debug_clear_ws/install/yolo_msgs/include/yolo_msgs/yolo_msgs/srv
[1.345s] -- Up-to-date: /home/dimash/debug_clear_ws/install/yolo_msgs/include/yolo_msgs/yolo_msgs/srv/detail
[1.345s] -- Up-to-date: /home/dimash/debug_clear_ws/install/yolo_msgs/include/yolo_msgs/yolo_msgs/srv/detail/set_classes__rosidl_typesupport_fastrtps_cpp.hpp
[1.345s] -- Up-to-date: /home/dimash/debug_clear_ws/install/yolo_msgs/include/yolo_msgs/yolo_msgs/srv/detail/dds_fastrtps
[1.345s] -- Up-to-date: /home/dimash/debug_clear_ws/install/yolo_msgs/include/yolo_msgs/yolo_msgs/msg
[1.345s] -- Up-to-date: /home/dimash/debug_clear_ws/install/yolo_msgs/include/yolo_msgs/yolo_msgs/msg/rosidl_typesupport_fastrtps_cpp__visibility_control.h
[1.345s] -- Up-to-date: /home/dimash/debug_clear_ws/install/yolo_msgs/include/yolo_msgs/yolo_msgs/msg/detail
[1.346s] -- Up-to-date: /home/dimash/debug_clear_ws/install/yolo_msgs/include/yolo_msgs/yolo_msgs/msg/detail/point2_d__rosidl_typesupport_fastrtps_cpp.hpp
[1.346s] -- Up-to-date: /home/dimash/debug_clear_ws/install/yolo_msgs/include/yolo_msgs/yolo_msgs/msg/detail/detection_array__rosidl_typesupport_fastrtps_cpp.hpp
[1.346s] -- Up-to-date: /home/dimash/debug_clear_ws/install/yolo_msgs/include/yolo_msgs/yolo_msgs/msg/detail/key_point3_d__rosidl_typesupport_fastrtps_cpp.hpp
[1.346s] -- Up-to-date: /home/dimash/debug_clear_ws/install/yolo_msgs/include/yolo_msgs/yolo_msgs/msg/detail/pose2_d__rosidl_typesupport_fastrtps_cpp.hpp
[1.346s] -- Up-to-date: /home/dimash/debug_clear_ws/install/yolo_msgs/include/yolo_msgs/yolo_msgs/msg/detail/key_point3_d_array__rosidl_typesupport_fastrtps_cpp.hpp
[1.358s] -- Up-to-date: /home/dimash/debug_clear_ws/install/yolo_msgs/include/yolo_msgs/yolo_msgs/msg/detail/bounding_box3_d__rosidl_typesupport_fastrtps_cpp.hpp
[1.358s] -- Up-to-date: /home/dimash/debug_clear_ws/install/yolo_msgs/include/yolo_msgs/yolo_msgs/msg/detail/detection__rosidl_typesupport_fastrtps_cpp.hpp
[1.358s] -- Up-to-date: /home/dimash/debug_clear_ws/install/yolo_msgs/include/yolo_msgs/yolo_msgs/msg/detail/key_point2_d__rosidl_typesupport_fastrtps_cpp.hpp
[1.358s] -- Up-to-date: /home/dimash/debug_clear_ws/install/yolo_msgs/include/yolo_msgs/yolo_msgs/msg/detail/key_point2_d_array__rosidl_typesupport_fastrtps_cpp.hpp
[1.358s] -- Up-to-date: /home/dimash/debug_clear_ws/install/yolo_msgs/include/yolo_msgs/yolo_msgs/msg/detail/bounding_box2_d__rosidl_typesupport_fastrtps_cpp.hpp
[1.358s] -- Up-to-date: /home/dimash/debug_clear_ws/install/yolo_msgs/include/yolo_msgs/yolo_msgs/msg/detail/mask__rosidl_typesupport_fastrtps_cpp.hpp
[1.358s] -- Up-to-date: /home/dimash/debug_clear_ws/install/yolo_msgs/include/yolo_msgs/yolo_msgs/msg/detail/dds_fastrtps
[1.359s] -- Up-to-date: /home/dimash/debug_clear_ws/install/yolo_msgs/include/yolo_msgs/yolo_msgs/msg/detail/vector2__rosidl_typesupport_fastrtps_cpp.hpp
[1.359s] -- Up-to-date: /home/dimash/debug_clear_ws/install/yolo_msgs/lib/libyolo_msgs__rosidl_typesupport_fastrtps_cpp.so
[1.359s] -- Up-to-date: /home/dimash/debug_clear_ws/install/yolo_msgs/include/yolo_msgs/yolo_msgs
[1.359s] -- Up-to-date: /home/dimash/debug_clear_ws/install/yolo_msgs/include/yolo_msgs/yolo_msgs/srv
[1.359s] -- Up-to-date: /home/dimash/debug_clear_ws/install/yolo_msgs/include/yolo_msgs/yolo_msgs/srv/detail
[1.359s] -- Up-to-date: /home/dimash/debug_clear_ws/install/yolo_msgs/include/yolo_msgs/yolo_msgs/srv/detail/set_classes__rosidl_typesupport_introspection_cpp.hpp
[1.359s] -- Up-to-date: /home/dimash/debug_clear_ws/install/yolo_msgs/include/yolo_msgs/yolo_msgs/srv/detail/set_classes__type_support.cpp
[1.359s] -- Up-to-date: /home/dimash/debug_clear_ws/install/yolo_msgs/include/yolo_msgs/yolo_msgs/msg
[1.359s] -- Up-to-date: /home/dimash/debug_clear_ws/install/yolo_msgs/include/yolo_msgs/yolo_msgs/msg/detail
[1.360s] -- Up-to-date: /home/dimash/debug_clear_ws/install/yolo_msgs/include/yolo_msgs/yolo_msgs/msg/detail/mask__rosidl_typesupport_introspection_cpp.hpp
[1.360s] -- Up-to-date: /home/dimash/debug_clear_ws/install/yolo_msgs/include/yolo_msgs/yolo_msgs/msg/detail/point2_d__rosidl_typesupport_introspection_cpp.hpp
[1.360s] -- Up-to-date: /home/dimash/debug_clear_ws/install/yolo_msgs/include/yolo_msgs/yolo_msgs/msg/detail/detection_array__rosidl_typesupport_introspection_cpp.hpp
[1.360s] -- Up-to-date: /home/dimash/debug_clear_ws/install/yolo_msgs/include/yolo_msgs/yolo_msgs/msg/detail/key_point3_d_array__rosidl_typesupport_introspection_cpp.hpp
[1.360s] -- Up-to-date: /home/dimash/debug_clear_ws/install/yolo_msgs/include/yolo_msgs/yolo_msgs/msg/detail/bounding_box2_d__rosidl_typesupport_introspection_cpp.hpp
[1.360s] -- Up-to-date: /home/dimash/debug_clear_ws/install/yolo_msgs/include/yolo_msgs/yolo_msgs/msg/detail/vector2__type_support.cpp
[1.360s] -- Up-to-date: /home/dimash/debug_clear_ws/install/yolo_msgs/include/yolo_msgs/yolo_msgs/msg/detail/pose2_d__rosidl_typesupport_introspection_cpp.hpp
[1.360s] -- Up-to-date: /home/dimash/debug_clear_ws/install/yolo_msgs/include/yolo_msgs/yolo_msgs/msg/detail/bounding_box2_d__type_support.cpp
[1.360s] -- Up-to-date: /home/dimash/debug_clear_ws/install/yolo_msgs/include/yolo_msgs/yolo_msgs/msg/detail/key_point2_d__rosidl_typesupport_introspection_cpp.hpp
[1.360s] -- Up-to-date: /home/dimash/debug_clear_ws/install/yolo_msgs/include/yolo_msgs/yolo_msgs/msg/detail/mask__type_support.cpp
[1.361s] -- Up-to-date: /home/dimash/debug_clear_ws/install/yolo_msgs/include/yolo_msgs/yolo_msgs/msg/detail/bounding_box3_d__type_support.cpp
[1.361s] -- Up-to-date: /home/dimash/debug_clear_ws/install/yolo_msgs/include/yolo_msgs/yolo_msgs/msg/detail/detection__rosidl_typesupport_introspection_cpp.hpp
[1.361s] -- Up-to-date: /home/dimash/debug_clear_ws/install/yolo_msgs/include/yolo_msgs/yolo_msgs/msg/detail/key_point3_d__rosidl_typesupport_introspection_cpp.hpp
[1.361s] -- Up-to-date: /home/dimash/debug_clear_ws/install/yolo_msgs/include/yolo_msgs/yolo_msgs/msg/detail/detection_array__type_support.cpp
[1.361s] -- Up-to-date: /home/dimash/debug_clear_ws/install/yolo_msgs/include/yolo_msgs/yolo_msgs/msg/detail/bounding_box3_d__rosidl_typesupport_introspection_cpp.hpp
[1.364s] -- Up-to-date: /home/dimash/debug_clear_ws/install/yolo_msgs/include/yolo_msgs/yolo_msgs/msg/detail/key_point3_d__type_support.cpp
[1.365s] -- Up-to-date: /home/dimash/debug_clear_ws/install/yolo_msgs/include/yolo_msgs/yolo_msgs/msg/detail/key_point2_d__type_support.cpp
[1.365s] -- Up-to-date: /home/dimash/debug_clear_ws/install/yolo_msgs/include/yolo_msgs/yolo_msgs/msg/detail/key_point2_d_array__rosidl_typesupport_introspection_cpp.hpp
[1.365s] -- Up-to-date: /home/dimash/debug_clear_ws/install/yolo_msgs/include/yolo_msgs/yolo_msgs/msg/detail/key_point2_d_array__type_support.cpp
[1.365s] -- Up-to-date: /home/dimash/debug_clear_ws/install/yolo_msgs/include/yolo_msgs/yolo_msgs/msg/detail/point2_d__type_support.cpp
[1.365s] -- Up-to-date: /home/dimash/debug_clear_ws/install/yolo_msgs/include/yolo_msgs/yolo_msgs/msg/detail/key_point3_d_array__type_support.cpp
[1.365s] -- Up-to-date: /home/dimash/debug_clear_ws/install/yolo_msgs/include/yolo_msgs/yolo_msgs/msg/detail/vector2__rosidl_typesupport_introspection_cpp.hpp
[1.365s] -- Up-to-date: /home/dimash/debug_clear_ws/install/yolo_msgs/include/yolo_msgs/yolo_msgs/msg/detail/detection__type_support.cpp
[1.365s] -- Up-to-date: /home/dimash/debug_clear_ws/install/yolo_msgs/include/yolo_msgs/yolo_msgs/msg/detail/pose2_d__type_support.cpp
[1.365s] -- Up-to-date: /home/dimash/debug_clear_ws/install/yolo_msgs/lib/libyolo_msgs__rosidl_typesupport_introspection_cpp.so
[1.365s] -- Up-to-date: /home/dimash/debug_clear_ws/install/yolo_msgs/lib/libyolo_msgs__rosidl_typesupport_cpp.so
[1.366s] -- Up-to-date: /home/dimash/debug_clear_ws/install/yolo_msgs/share/yolo_msgs/environment/pythonpath.sh
[1.366s] -- Up-to-date: /home/dimash/debug_clear_ws/install/yolo_msgs/share/yolo_msgs/environment/pythonpath.dsv
[1.366s] -- Up-to-date: /home/dimash/debug_clear_ws/install/yolo_msgs/local/lib/python3.10/dist-packages/yolo_msgs-4.0.1-py3.10.egg-info
[1.366s] -- Installing: /home/dimash/debug_clear_ws/install/yolo_msgs/local/lib/python3.10/dist-packages/yolo_msgs-4.0.1-py3.10.egg-info/PKG-INFO
[1.366s] -- Installing: /home/dimash/debug_clear_ws/install/yolo_msgs/local/lib/python3.10/dist-packages/yolo_msgs-4.0.1-py3.10.egg-info/SOURCES.txt
[1.366s] -- Installing: /home/dimash/debug_clear_ws/install/yolo_msgs/local/lib/python3.10/dist-packages/yolo_msgs-4.0.1-py3.10.egg-info/dependency_links.txt
[1.366s] -- Installing: /home/dimash/debug_clear_ws/install/yolo_msgs/local/lib/python3.10/dist-packages/yolo_msgs-4.0.1-py3.10.egg-info/top_level.txt
[1.366s] -- Up-to-date: /home/dimash/debug_clear_ws/install/yolo_msgs/local/lib/python3.10/dist-packages/yolo_msgs
[1.366s] -- Up-to-date: /home/dimash/debug_clear_ws/install/yolo_msgs/local/lib/python3.10/dist-packages/yolo_msgs/_yolo_msgs_s.ep.rosidl_typesupport_introspection_c.c
[1.366s] -- Up-to-date: /home/dimash/debug_clear_ws/install/yolo_msgs/local/lib/python3.10/dist-packages/yolo_msgs/__init__.py
[1.367s] -- Up-to-date: /home/dimash/debug_clear_ws/install/yolo_msgs/local/lib/python3.10/dist-packages/yolo_msgs/srv
[1.367s] -- Up-to-date: /home/dimash/debug_clear_ws/install/yolo_msgs/local/lib/python3.10/dist-packages/yolo_msgs/srv/__init__.py
[1.367s] -- Up-to-date: /home/dimash/debug_clear_ws/install/yolo_msgs/local/lib/python3.10/dist-packages/yolo_msgs/srv/_set_classes_s.c
[1.367s] -- Up-to-date: /home/dimash/debug_clear_ws/install/yolo_msgs/local/lib/python3.10/dist-packages/yolo_msgs/srv/_set_classes.py
[1.367s] -- Up-to-date: /home/dimash/debug_clear_ws/install/yolo_msgs/local/lib/python3.10/dist-packages/yolo_msgs/libyolo_msgs__rosidl_generator_py.so
[1.367s] -- Up-to-date: /home/dimash/debug_clear_ws/install/yolo_msgs/local/lib/python3.10/dist-packages/yolo_msgs/_yolo_msgs_s.ep.rosidl_typesupport_c.c
[1.367s] -- Up-to-date: /home/dimash/debug_clear_ws/install/yolo_msgs/local/lib/python3.10/dist-packages/yolo_msgs/msg
[1.367s] -- Up-to-date: /home/dimash/debug_clear_ws/install/yolo_msgs/local/lib/python3.10/dist-packages/yolo_msgs/msg/_point2_d.py
[1.367s] -- Up-to-date: /home/dimash/debug_clear_ws/install/yolo_msgs/local/lib/python3.10/dist-packages/yolo_msgs/msg/_key_point3_d.py
[1.367s] -- Up-to-date: /home/dimash/debug_clear_ws/install/yolo_msgs/local/lib/python3.10/dist-packages/yolo_msgs/msg/__init__.py
[1.368s] -- Up-to-date: /home/dimash/debug_clear_ws/install/yolo_msgs/local/lib/python3.10/dist-packages/yolo_msgs/msg/_bounding_box2_d.py
[1.368s] -- Up-to-date: /home/dimash/debug_clear_ws/install/yolo_msgs/local/lib/python3.10/dist-packages/yolo_msgs/msg/_key_point2_d_array_s.c
[1.368s] -- Up-to-date: /home/dimash/debug_clear_ws/install/yolo_msgs/local/lib/python3.10/dist-packages/yolo_msgs/msg/_bounding_box2_d_s.c
[1.368s] -- Up-to-date: /home/dimash/debug_clear_ws/install/yolo_msgs/local/lib/python3.10/dist-packages/yolo_msgs/msg/_key_point2_d_s.c
[1.368s] -- Up-to-date: /home/dimash/debug_clear_ws/install/yolo_msgs/local/lib/python3.10/dist-packages/yolo_msgs/msg/_mask_s.c
[1.372s] -- Up-to-date: /home/dimash/debug_clear_ws/install/yolo_msgs/local/lib/python3.10/dist-packages/yolo_msgs/msg/_detection_s.c
[1.374s] -- Up-to-date: /home/dimash/debug_clear_ws/install/yolo_msgs/local/lib/python3.10/dist-packages/yolo_msgs/msg/_point2_d_s.c
[1.374s] -- Up-to-date: /home/dimash/debug_clear_ws/install/yolo_msgs/local/lib/python3.10/dist-packages/yolo_msgs/msg/_pose2_d_s.c
[1.374s] -- Up-to-date: /home/dimash/debug_clear_ws/install/yolo_msgs/local/lib/python3.10/dist-packages/yolo_msgs/msg/_key_point3_d_array.py
[1.375s] -- Up-to-date: /home/dimash/debug_clear_ws/install/yolo_msgs/local/lib/python3.10/dist-packages/yolo_msgs/msg/_mask.py
[1.375s] -- Up-to-date: /home/dimash/debug_clear_ws/install/yolo_msgs/local/lib/python3.10/dist-packages/yolo_msgs/msg/_key_point3_d_array_s.c
[1.376s] -- Up-to-date: /home/dimash/debug_clear_ws/install/yolo_msgs/local/lib/python3.10/dist-packages/yolo_msgs/msg/_key_point2_d.py
[1.376s] -- Up-to-date: /home/dimash/debug_clear_ws/install/yolo_msgs/local/lib/python3.10/dist-packages/yolo_msgs/msg/_vector2_s.c
[1.378s] -- Up-to-date: /home/dimash/debug_clear_ws/install/yolo_msgs/local/lib/python3.10/dist-packages/yolo_msgs/msg/_bounding_box3_d.py
[1.378s] -- Up-to-date: /home/dimash/debug_clear_ws/install/yolo_msgs/local/lib/python3.10/dist-packages/yolo_msgs/msg/_vector2.py
[1.378s] -- Up-to-date: /home/dimash/debug_clear_ws/install/yolo_msgs/local/lib/python3.10/dist-packages/yolo_msgs/msg/_bounding_box3_d_s.c
[1.378s] -- Up-to-date: /home/dimash/debug_clear_ws/install/yolo_msgs/local/lib/python3.10/dist-packages/yolo_msgs/msg/_detection_array.py
[1.379s] -- Up-to-date: /home/dimash/debug_clear_ws/install/yolo_msgs/local/lib/python3.10/dist-packages/yolo_msgs/msg/_key_point3_d_s.c
[1.379s] -- Up-to-date: /home/dimash/debug_clear_ws/install/yolo_msgs/local/lib/python3.10/dist-packages/yolo_msgs/msg/_key_point2_d_array.py
[1.379s] -- Up-to-date: /home/dimash/debug_clear_ws/install/yolo_msgs/local/lib/python3.10/dist-packages/yolo_msgs/msg/_detection_array_s.c
[1.379s] -- Up-to-date: /home/dimash/debug_clear_ws/install/yolo_msgs/local/lib/python3.10/dist-packages/yolo_msgs/msg/_detection.py
[1.379s] -- Up-to-date: /home/dimash/debug_clear_ws/install/yolo_msgs/local/lib/python3.10/dist-packages/yolo_msgs/msg/_pose2_d.py
[1.379s] -- Up-to-date: /home/dimash/debug_clear_ws/install/yolo_msgs/local/lib/python3.10/dist-packages/yolo_msgs/yolo_msgs_s__rosidl_typesupport_c.cpython-310-x86_64-linux-gnu.so
[1.379s] -- Up-to-date: /home/dimash/debug_clear_ws/install/yolo_msgs/local/lib/python3.10/dist-packages/yolo_msgs/yolo_msgs_s__rosidl_typesupport_introspection_c.cpython-310-x86_64-linux-gnu.so
[1.379s] -- Up-to-date: /home/dimash/debug_clear_ws/install/yolo_msgs/local/lib/python3.10/dist-packages/yolo_msgs/_yolo_msgs_s.ep.rosidl_typesupport_fastrtps_c.c
[1.379s] -- Up-to-date: /home/dimash/debug_clear_ws/install/yolo_msgs/local/lib/python3.10/dist-packages/yolo_msgs/yolo_msgs_s__rosidl_typesupport_fastrtps_c.cpython-310-x86_64-linux-gnu.so
[1.381s] Listing '/home/dimash/debug_clear_ws/install/yolo_msgs/local/lib/python3.10/dist-packages/yolo_msgs'...
[1.381s] Listing '/home/dimash/debug_clear_ws/install/yolo_msgs/local/lib/python3.10/dist-packages/yolo_msgs/msg'...
[1.381s] Listing '/home/dimash/debug_clear_ws/install/yolo_msgs/local/lib/python3.10/dist-packages/yolo_msgs/srv'...
[1.383s] -- Up-to-date: /home/dimash/debug_clear_ws/install/yolo_msgs/local/lib/python3.10/dist-packages/yolo_msgs/yolo_msgs_s__rosidl_typesupport_fastrtps_c.cpython-310-x86_64-linux-gnu.so
[1.384s] -- Up-to-date: /home/dimash/debug_clear_ws/install/yolo_msgs/local/lib/python3.10/dist-packages/yolo_msgs/yolo_msgs_s__rosidl_typesupport_introspection_c.cpython-310-x86_64-linux-gnu.so
[1.384s] -- Up-to-date: /home/dimash/debug_clear_ws/install/yolo_msgs/local/lib/python3.10/dist-packages/yolo_msgs/yolo_msgs_s__rosidl_typesupport_c.cpython-310-x86_64-linux-gnu.so
[1.384s] -- Up-to-date: /home/dimash/debug_clear_ws/install/yolo_msgs/lib/libyolo_msgs__rosidl_generator_py.so
[1.384s] -- Up-to-date: /home/dimash/debug_clear_ws/install/yolo_msgs/share/yolo_msgs/msg/Point2D.idl
[1.384s] -- Up-to-date: /home/dimash/debug_clear_ws/install/yolo_msgs/share/yolo_msgs/msg/Vector2.idl
[1.384s] -- Up-to-date: /home/dimash/debug_clear_ws/install/yolo_msgs/share/yolo_msgs/msg/Pose2D.idl
[1.384s] -- Up-to-date: /home/dimash/debug_clear_ws/install/yolo_msgs/share/yolo_msgs/msg/BoundingBox2D.idl
[1.384s] -- Up-to-date: /home/dimash/debug_clear_ws/install/yolo_msgs/share/yolo_msgs/msg/BoundingBox3D.idl
[1.384s] -- Up-to-date: /home/dimash/debug_clear_ws/install/yolo_msgs/share/yolo_msgs/msg/Mask.idl
[1.384s] -- Up-to-date: /home/dimash/debug_clear_ws/install/yolo_msgs/share/yolo_msgs/msg/KeyPoint2D.idl
[1.385s] -- Up-to-date: /home/dimash/debug_clear_ws/install/yolo_msgs/share/yolo_msgs/msg/KeyPoint2DArray.idl
[1.385s] -- Up-to-date: /home/dimash/debug_clear_ws/install/yolo_msgs/share/yolo_msgs/msg/KeyPoint3D.idl
[1.385s] -- Up-to-date: /home/dimash/debug_clear_ws/install/yolo_msgs/share/yolo_msgs/msg/KeyPoint3DArray.idl
[1.385s] -- Up-to-date: /home/dimash/debug_clear_ws/install/yolo_msgs/share/yolo_msgs/msg/Detection.idl
[1.385s] -- Up-to-date: /home/dimash/debug_clear_ws/install/yolo_msgs/share/yolo_msgs/msg/DetectionArray.idl
[1.385s] -- Up-to-date: /home/dimash/debug_clear_ws/install/yolo_msgs/share/yolo_msgs/srv/SetClasses.idl
[1.385s] -- Up-to-date: /home/dimash/debug_clear_ws/install/yolo_msgs/share/yolo_msgs/msg/Point2D.msg
[1.385s] -- Up-to-date: /home/dimash/debug_clear_ws/install/yolo_msgs/share/yolo_msgs/msg/Vector2.msg
[1.385s] -- Up-to-date: /home/dimash/debug_clear_ws/install/yolo_msgs/share/yolo_msgs/msg/Pose2D.msg
[1.385s] -- Up-to-date: /home/dimash/debug_clear_ws/install/yolo_msgs/share/yolo_msgs/msg/BoundingBox2D.msg
[1.390s] -- Up-to-date: /home/dimash/debug_clear_ws/install/yolo_msgs/share/yolo_msgs/msg/BoundingBox3D.msg
[1.390s] -- Up-to-date: /home/dimash/debug_clear_ws/install/yolo_msgs/share/yolo_msgs/msg/Mask.msg
[1.390s] -- Up-to-date: /home/dimash/debug_clear_ws/install/yolo_msgs/share/yolo_msgs/msg/KeyPoint2D.msg
[1.390s] -- Up-to-date: /home/dimash/debug_clear_ws/install/yolo_msgs/share/yolo_msgs/msg/KeyPoint2DArray.msg
[1.391s] -- Up-to-date: /home/dimash/debug_clear_ws/install/yolo_msgs/share/yolo_msgs/msg/KeyPoint3D.msg
[1.391s] -- Up-to-date: /home/dimash/debug_clear_ws/install/yolo_msgs/share/yolo_msgs/msg/KeyPoint3DArray.msg
[1.391s] -- Up-to-date: /home/dimash/debug_clear_ws/install/yolo_msgs/share/yolo_msgs/msg/Detection.msg
[1.391s] -- Up-to-date: /home/dimash/debug_clear_ws/install/yolo_msgs/share/yolo_msgs/msg/DetectionArray.msg
[1.391s] -- Up-to-date: /home/dimash/debug_clear_ws/install/yolo_msgs/share/yolo_msgs/srv/SetClasses.srv
[1.399s] -- Up-to-date: /home/dimash/debug_clear_ws/install/yolo_msgs/share/yolo_msgs/srv/SetClasses_Request.msg
[1.400s] -- Up-to-date: /home/dimash/debug_clear_ws/install/yolo_msgs/share/yolo_msgs/srv/SetClasses_Response.msg
[1.400s] -- Up-to-date: /home/dimash/debug_clear_ws/install/yolo_msgs/share/ament_index/resource_index/package_run_dependencies/yolo_msgs
[1.400s] -- Up-to-date: /home/dimash/debug_clear_ws/install/yolo_msgs/share/ament_index/resource_index/parent_prefix_path/yolo_msgs
[1.400s] -- Up-to-date: /home/dimash/debug_clear_ws/install/yolo_msgs/share/yolo_msgs/environment/ament_prefix_path.sh
[1.400s] -- Up-to-date: /home/dimash/debug_clear_ws/install/yolo_msgs/share/yolo_msgs/environment/ament_prefix_path.dsv
[1.400s] -- Up-to-date: /home/dimash/debug_clear_ws/install/yolo_msgs/share/yolo_msgs/environment/path.sh
[1.400s] -- Up-to-date: /home/dimash/debug_clear_ws/install/yolo_msgs/share/yolo_msgs/environment/path.dsv
[1.400s] -- Up-to-date: /home/dimash/debug_clear_ws/install/yolo_msgs/share/yolo_msgs/local_setup.bash
[1.400s] -- Up-to-date: /home/dimash/debug_clear_ws/install/yolo_msgs/share/yolo_msgs/local_setup.sh
[1.401s] -- Up-to-date: /home/dimash/debug_clear_ws/install/yolo_msgs/share/yolo_msgs/local_setup.zsh
[1.401s] -- Up-to-date: /home/dimash/debug_clear_ws/install/yolo_msgs/share/yolo_msgs/local_setup.dsv
[1.401s] -- Installing: /home/dimash/debug_clear_ws/install/yolo_msgs/share/yolo_msgs/package.dsv
[1.401s] -- Up-to-date: /home/dimash/debug_clear_ws/install/yolo_msgs/share/ament_index/resource_index/packages/yolo_msgs
[1.402s] -- Up-to-date: /home/dimash/debug_clear_ws/install/yolo_msgs/share/yolo_msgs/cmake/export_yolo_msgs__rosidl_generator_cExport.cmake
[1.402s] -- Up-to-date: /home/dimash/debug_clear_ws/install/yolo_msgs/share/yolo_msgs/cmake/export_yolo_msgs__rosidl_generator_cExport-noconfig.cmake
[1.402s] -- Up-to-date: /home/dimash/debug_clear_ws/install/yolo_msgs/share/yolo_msgs/cmake/export_yolo_msgs__rosidl_typesupport_fastrtps_cExport.cmake
[1.402s] -- Up-to-date: /home/dimash/debug_clear_ws/install/yolo_msgs/share/yolo_msgs/cmake/export_yolo_msgs__rosidl_typesupport_fastrtps_cExport-noconfig.cmake
[1.402s] -- Up-to-date: /home/dimash/debug_clear_ws/install/yolo_msgs/share/yolo_msgs/cmake/yolo_msgs__rosidl_typesupport_introspection_cExport.cmake
[1.403s] -- Up-to-date: /home/dimash/debug_clear_ws/install/yolo_msgs/share/yolo_msgs/cmake/yolo_msgs__rosidl_typesupport_introspection_cExport-noconfig.cmake
[1.403s] -- Up-to-date: /home/dimash/debug_clear_ws/install/yolo_msgs/share/yolo_msgs/cmake/yolo_msgs__rosidl_typesupport_cExport.cmake
[1.403s] -- Up-to-date: /home/dimash/debug_clear_ws/install/yolo_msgs/share/yolo_msgs/cmake/yolo_msgs__rosidl_typesupport_cExport-noconfig.cmake
[1.403s] -- Up-to-date: /home/dimash/debug_clear_ws/install/yolo_msgs/share/yolo_msgs/cmake/export_yolo_msgs__rosidl_generator_cppExport.cmake
[1.403s] -- Up-to-date: /home/dimash/debug_clear_ws/install/yolo_msgs/share/yolo_msgs/cmake/export_yolo_msgs__rosidl_typesupport_fastrtps_cppExport.cmake
[1.406s] -- Up-to-date: /home/dimash/debug_clear_ws/install/yolo_msgs/share/yolo_msgs/cmake/export_yolo_msgs__rosidl_typesupport_fastrtps_cppExport-noconfig.cmake
[1.407s] -- Up-to-date: /home/dimash/debug_clear_ws/install/yolo_msgs/share/yolo_msgs/cmake/yolo_msgs__rosidl_typesupport_introspection_cppExport.cmake
[1.407s] -- Up-to-date: /home/dimash/debug_clear_ws/install/yolo_msgs/share/yolo_msgs/cmake/yolo_msgs__rosidl_typesupport_introspection_cppExport-noconfig.cmake
[1.407s] -- Up-to-date: /home/dimash/debug_clear_ws/install/yolo_msgs/share/yolo_msgs/cmake/yolo_msgs__rosidl_typesupport_cppExport.cmake
[1.407s] -- Up-to-date: /home/dimash/debug_clear_ws/install/yolo_msgs/share/yolo_msgs/cmake/yolo_msgs__rosidl_typesupport_cppExport-noconfig.cmake
[1.407s] -- Up-to-date: /home/dimash/debug_clear_ws/install/yolo_msgs/share/yolo_msgs/cmake/export_yolo_msgs__rosidl_generator_pyExport.cmake
[1.407s] -- Up-to-date: /home/dimash/debug_clear_ws/install/yolo_msgs/share/yolo_msgs/cmake/export_yolo_msgs__rosidl_generator_pyExport-noconfig.cmake
[1.407s] -- Up-to-date: /home/dimash/debug_clear_ws/install/yolo_msgs/share/yolo_msgs/cmake/rosidl_cmake-extras.cmake
[1.407s] -- Up-to-date: /home/dimash/debug_clear_ws/install/yolo_msgs/share/yolo_msgs/cmake/ament_cmake_export_dependencies-extras.cmake
[1.407s] -- Up-to-date: /home/dimash/debug_clear_ws/install/yolo_msgs/share/yolo_msgs/cmake/ament_cmake_export_include_directories-extras.cmake
[1.408s] -- Up-to-date: /home/dimash/debug_clear_ws/install/yolo_msgs/share/yolo_msgs/cmake/ament_cmake_export_libraries-extras.cmake
[1.408s] -- Up-to-date: /home/dimash/debug_clear_ws/install/yolo_msgs/share/yolo_msgs/cmake/ament_cmake_export_targets-extras.cmake
[1.408s] -- Up-to-date: /home/dimash/debug_clear_ws/install/yolo_msgs/share/yolo_msgs/cmake/rosidl_cmake_export_typesupport_targets-extras.cmake
[1.408s] -- Up-to-date: /home/dimash/debug_clear_ws/install/yolo_msgs/share/yolo_msgs/cmake/rosidl_cmake_export_typesupport_libraries-extras.cmake
[1.408s] -- Up-to-date: /home/dimash/debug_clear_ws/install/yolo_msgs/share/yolo_msgs/cmake/yolo_msgsConfig.cmake
[1.408s] -- Up-to-date: /home/dimash/debug_clear_ws/install/yolo_msgs/share/yolo_msgs/cmake/yolo_msgsConfig-version.cmake
[1.408s] -- Up-to-date: /home/dimash/debug_clear_ws/install/yolo_msgs/share/yolo_msgs/package.xml
[1.444s] Invoked command in '/home/dimash/debug_clear_ws/build/yolo_msgs' returned '0': CMAKE_PREFIX_PATH=${CMAKE_PREFIX_PATH}:/home/dimash/debug_clear_ws/install/yolo_ros:/home/dimash/debug_clear_ws/install/person_movement:/home/dimash/debug_clear_ws/install/clearpath_config:/opt/ros/humble /usr/bin/cmake --install /home/dimash/debug_clear_ws/build/yolo_msgs
