-- Install configuration: ""
-- Execute custom install script
-- Up-to-date symlink: /home/robot/debug_clear_ws/install/clearpath_manipulators_description/share/clearpath_manipulators_description/urdf/arm/kinova_gen3_6dof.urdf.xacro
-- Up-to-date symlink: /home/robot/debug_clear_ws/install/clearpath_manipulators_description/share/clearpath_manipulators_description/urdf/arm/kinova_gen3_7dof.urdf.xacro
-- Up-to-date symlink: /home/robot/debug_clear_ws/install/clearpath_manipulators_description/share/clearpath_manipulators_description/urdf/arm/kinova_gen3_lite.urdf.xacro
-- Up-to-date symlink: /home/robot/debug_clear_ws/install/clearpath_manipulators_description/share/clearpath_manipulators_description/urdf/gripper/kinova_2f_lite.urdf.xacro
-- Up-to-date symlink: /home/robot/debug_clear_ws/install/clearpath_manipulators_description/share/clearpath_manipulators_description/urdf/gripper/robotiq_2f_140.urdf.xacro
-- Up-to-date symlink: /home/robot/debug_clear_ws/install/clearpath_manipulators_description/share/clearpath_manipulators_description/urdf/gripper/robotiq_2f_85.urdf.xacro
-- Up-to-date symlink: /home/robot/debug_clear_ws/install/clearpath_manipulators_description/share/clearpath_manipulators_description/config/arm/kinova_gen3_6dof/control.yaml
-- Up-to-date symlink: /home/robot/debug_clear_ws/install/clearpath_manipulators_description/share/clearpath_manipulators_description/config/arm/kinova_gen3_6dof/initial_positions.yaml
-- Up-to-date symlink: /home/robot/debug_clear_ws/install/clearpath_manipulators_description/share/clearpath_manipulators_description/config/arm/kinova_gen3_6dof/joint_limits.yaml
-- Up-to-date symlink: /home/robot/debug_clear_ws/install/clearpath_manipulators_description/share/clearpath_manipulators_description/config/arm/kinova_gen3_6dof/moveit_controllers.yaml
-- Up-to-date symlink: /home/robot/debug_clear_ws/install/clearpath_manipulators_description/share/clearpath_manipulators_description/config/arm/kinova_gen3_7dof/control.yaml
-- Up-to-date symlink: /home/robot/debug_clear_ws/install/clearpath_manipulators_description/share/clearpath_manipulators_description/config/arm/kinova_gen3_7dof/initial_positions.yaml
-- Up-to-date symlink: /home/robot/debug_clear_ws/install/clearpath_manipulators_description/share/clearpath_manipulators_description/config/arm/kinova_gen3_7dof/joint_limits.yaml
-- Up-to-date symlink: /home/robot/debug_clear_ws/install/clearpath_manipulators_description/share/clearpath_manipulators_description/config/arm/kinova_gen3_7dof/moveit_controllers.yaml
-- Up-to-date symlink: /home/robot/debug_clear_ws/install/clearpath_manipulators_description/share/clearpath_manipulators_description/config/arm/kinova_gen3_lite/control.yaml
-- Up-to-date symlink: /home/robot/debug_clear_ws/install/clearpath_manipulators_description/share/clearpath_manipulators_description/config/arm/kinova_gen3_lite/initial_positions.yaml
-- Up-to-date symlink: /home/robot/debug_clear_ws/install/clearpath_manipulators_description/share/clearpath_manipulators_description/config/arm/kinova_gen3_lite/joint_limits.yaml
-- Up-to-date symlink: /home/robot/debug_clear_ws/install/clearpath_manipulators_description/share/clearpath_manipulators_description/config/arm/kinova_gen3_lite/moveit_controllers.yaml
-- Up-to-date symlink: /home/robot/debug_clear_ws/install/clearpath_manipulators_description/share/clearpath_manipulators_description/config/gripper/kinova_2f_lite/control.yaml
-- Up-to-date symlink: /home/robot/debug_clear_ws/install/clearpath_manipulators_description/share/clearpath_manipulators_description/config/gripper/kinova_2f_lite/initial_positions.yaml
-- Up-to-date symlink: /home/robot/debug_clear_ws/install/clearpath_manipulators_description/share/clearpath_manipulators_description/config/gripper/kinova_2f_lite/joint_limits.yaml
-- Up-to-date symlink: /home/robot/debug_clear_ws/install/clearpath_manipulators_description/share/clearpath_manipulators_description/config/gripper/kinova_2f_lite/moveit_controllers.yaml
-- Up-to-date symlink: /home/robot/debug_clear_ws/install/clearpath_manipulators_description/share/clearpath_manipulators_description/config/gripper/robotiq_2f_140/control.yaml
-- Up-to-date symlink: /home/robot/debug_clear_ws/install/clearpath_manipulators_description/share/clearpath_manipulators_description/config/gripper/robotiq_2f_140/initial_positions.yaml
-- Up-to-date symlink: /home/robot/debug_clear_ws/install/clearpath_manipulators_description/share/clearpath_manipulators_description/config/gripper/robotiq_2f_140/joint_limits.yaml
-- Up-to-date symlink: /home/robot/debug_clear_ws/install/clearpath_manipulators_description/share/clearpath_manipulators_description/config/gripper/robotiq_2f_140/moveit_controllers.yaml
-- Up-to-date symlink: /home/robot/debug_clear_ws/install/clearpath_manipulators_description/share/clearpath_manipulators_description/config/gripper/robotiq_2f_85/control.yaml
-- Up-to-date symlink: /home/robot/debug_clear_ws/install/clearpath_manipulators_description/share/clearpath_manipulators_description/config/gripper/robotiq_2f_85/initial_positions.yaml
-- Up-to-date symlink: /home/robot/debug_clear_ws/install/clearpath_manipulators_description/share/clearpath_manipulators_description/config/gripper/robotiq_2f_85/joint_limits.yaml
-- Up-to-date symlink: /home/robot/debug_clear_ws/install/clearpath_manipulators_description/share/clearpath_manipulators_description/config/gripper/robotiq_2f_85/moveit_controllers.yaml
-- Up-to-date symlink: /home/robot/debug_clear_ws/install/clearpath_manipulators_description/share/clearpath_manipulators_description/srdf/arm/kinova_gen3_6dof.srdf.xacro
-- Up-to-date symlink: /home/robot/debug_clear_ws/install/clearpath_manipulators_description/share/clearpath_manipulators_description/srdf/arm/kinova_gen3_7dof.srdf.xacro
-- Up-to-date symlink: /home/robot/debug_clear_ws/install/clearpath_manipulators_description/share/clearpath_manipulators_description/srdf/arm/kinova_gen3_lite.srdf.xacro
-- Up-to-date symlink: /home/robot/debug_clear_ws/install/clearpath_manipulators_description/share/clearpath_manipulators_description/srdf/gripper/kinova_2f_lite.srdf.xacro
-- Up-to-date symlink: /home/robot/debug_clear_ws/install/clearpath_manipulators_description/share/clearpath_manipulators_description/srdf/gripper/robotiq_2f_140.srdf.xacro
-- Up-to-date symlink: /home/robot/debug_clear_ws/install/clearpath_manipulators_description/share/clearpath_manipulators_description/srdf/gripper/robotiq_2f_85.srdf.xacro
-- Up-to-date symlink: /home/robot/debug_clear_ws/install/clearpath_manipulators_description/share/clearpath_manipulators_description/launch/description.launch.py
-- Up-to-date symlink: /home/robot/debug_clear_ws/install/clearpath_manipulators_description/share/clearpath_manipulators_description/meshes/gripper/robotiq_2f_140_base_link.stl
-- Up-to-date symlink: /home/robot/debug_clear_ws/install/clearpath_manipulators_description/share/clearpath_manipulators_description/meshes/gripper/robotiq_2f_140_base_link_collision.stl
-- Up-to-date symlink: /home/robot/debug_clear_ws/install/clearpath_manipulators_description/share/clearpath_manipulators_description/meshes/gripper/robotiq_2f_140_coupling.stl
-- Up-to-date symlink: /home/robot/debug_clear_ws/install/clearpath_manipulators_description/share/clearpath_manipulators_description/meshes/gripper/robotiq_2f_140_coupling_collision.stl
-- Up-to-date symlink: /home/robot/debug_clear_ws/install/clearpath_manipulators_description/share/clearpath_manipulators_description/meshes/gripper/robotiq_2f_140_inner_finger.stl
-- Up-to-date symlink: /home/robot/debug_clear_ws/install/clearpath_manipulators_description/share/clearpath_manipulators_description/meshes/gripper/robotiq_2f_140_inner_finger_collision.stl
-- Up-to-date symlink: /home/robot/debug_clear_ws/install/clearpath_manipulators_description/share/clearpath_manipulators_description/meshes/gripper/robotiq_2f_140_inner_knuckle.stl
-- Up-to-date symlink: /home/robot/debug_clear_ws/install/clearpath_manipulators_description/share/clearpath_manipulators_description/meshes/gripper/robotiq_2f_140_inner_knuckle_collision.stl
-- Up-to-date symlink: /home/robot/debug_clear_ws/install/clearpath_manipulators_description/share/clearpath_manipulators_description/meshes/gripper/robotiq_2f_140_outer_finger.stl
-- Up-to-date symlink: /home/robot/debug_clear_ws/install/clearpath_manipulators_description/share/clearpath_manipulators_description/meshes/gripper/robotiq_2f_140_outer_finger_collision.stl
-- Up-to-date symlink: /home/robot/debug_clear_ws/install/clearpath_manipulators_description/share/clearpath_manipulators_description/meshes/gripper/robotiq_2f_140_outer_knuckle.stl
-- Up-to-date symlink: /home/robot/debug_clear_ws/install/clearpath_manipulators_description/share/clearpath_manipulators_description/meshes/gripper/robotiq_2f_140_outer_knuckle_collision.stl
-- Up-to-date symlink: /home/robot/debug_clear_ws/install/clearpath_manipulators_description/share/ament_index/resource_index/package_run_dependencies/clearpath_manipulators_description
-- Up-to-date symlink: /home/robot/debug_clear_ws/install/clearpath_manipulators_description/share/ament_index/resource_index/parent_prefix_path/clearpath_manipulators_description
-- Up-to-date symlink: /home/robot/debug_clear_ws/install/clearpath_manipulators_description/share/clearpath_manipulators_description/environment/ament_prefix_path.sh
-- Up-to-date symlink: /home/robot/debug_clear_ws/install/clearpath_manipulators_description/share/clearpath_manipulators_description/environment/ament_prefix_path.dsv
-- Up-to-date symlink: /home/robot/debug_clear_ws/install/clearpath_manipulators_description/share/clearpath_manipulators_description/environment/path.sh
-- Up-to-date symlink: /home/robot/debug_clear_ws/install/clearpath_manipulators_description/share/clearpath_manipulators_description/environment/path.dsv
-- Up-to-date symlink: /home/robot/debug_clear_ws/install/clearpath_manipulators_description/share/clearpath_manipulators_description/local_setup.bash
-- Up-to-date symlink: /home/robot/debug_clear_ws/install/clearpath_manipulators_description/share/clearpath_manipulators_description/local_setup.sh
-- Up-to-date symlink: /home/robot/debug_clear_ws/install/clearpath_manipulators_description/share/clearpath_manipulators_description/local_setup.zsh
-- Up-to-date symlink: /home/robot/debug_clear_ws/install/clearpath_manipulators_description/share/clearpath_manipulators_description/local_setup.dsv
-- Symlinking: /home/robot/debug_clear_ws/install/clearpath_manipulators_description/share/clearpath_manipulators_description/package.dsv
-- Up-to-date symlink: /home/robot/debug_clear_ws/install/clearpath_manipulators_description/share/ament_index/resource_index/packages/clearpath_manipulators_description
-- Up-to-date symlink: /home/robot/debug_clear_ws/install/clearpath_manipulators_description/share/clearpath_manipulators_description/cmake/clearpath_manipulators_descriptionConfig.cmake
-- Up-to-date symlink: /home/robot/debug_clear_ws/install/clearpath_manipulators_description/share/clearpath_manipulators_description/cmake/clearpath_manipulators_descriptionConfig-version.cmake
-- Up-to-date symlink: /home/robot/debug_clear_ws/install/clearpath_manipulators_description/share/clearpath_manipulators_description/package.xml
