[0.060s] Invoking command in '/home/robot/debug_clear_ws/build/clearpath_manipulators_description': CMAKE_PREFIX_PATH=${CMAKE_PREFIX_PATH}:/home/robot/debug_clear_ws/install/yolov8_ros:/home/robot/debug_clear_ws/install/yolo_ros:/home/robot/debug_clear_ws/install/clearpath_config:/opt/ros/humble /usr/bin/cmake --build /home/robot/debug_clear_ws/build/clearpath_manipulators_description -- -j12 -l12
[0.413s] Invoked command in '/home/robot/debug_clear_ws/build/clearpath_manipulators_description' returned '0': CMAKE_PREFIX_PATH=${CMAKE_PREFIX_PATH}:/home/robot/debug_clear_ws/install/yolov8_ros:/home/robot/debug_clear_ws/install/yolo_ros:/home/robot/debug_clear_ws/install/clearpath_config:/opt/ros/humble /usr/bin/cmake --build /home/robot/debug_clear_ws/build/clearpath_manipulators_description -- -j12 -l12
[0.425s] Invoking command in '/home/robot/debug_clear_ws/build/clearpath_manipulators_description': CMAKE_PREFIX_PATH=${CMAKE_PREFIX_PATH}:/home/robot/debug_clear_ws/install/yolov8_ros:/home/robot/debug_clear_ws/install/yolo_ros:/home/robot/debug_clear_ws/install/clearpath_config:/opt/ros/humble /usr/bin/cmake --install /home/robot/debug_clear_ws/build/clearpath_manipulators_description
[0.449s] -- Install configuration: ""
[0.450s] -- Execute custom install script
[0.454s] -- Up-to-date symlink: /home/robot/debug_clear_ws/install/clearpath_manipulators_description/share/clearpath_manipulators_description/urdf/arm/kinova_gen3_6dof.urdf.xacro
[0.455s] -- Up-to-date symlink: /home/robot/debug_clear_ws/install/clearpath_manipulators_description/share/clearpath_manipulators_description/urdf/arm/kinova_gen3_7dof.urdf.xacro
[0.457s] -- Up-to-date symlink: /home/robot/debug_clear_ws/install/clearpath_manipulators_description/share/clearpath_manipulators_description/urdf/arm/kinova_gen3_lite.urdf.xacro
[0.459s] -- Up-to-date symlink: /home/robot/debug_clear_ws/install/clearpath_manipulators_description/share/clearpath_manipulators_description/urdf/gripper/kinova_2f_lite.urdf.xacro
[0.460s] -- Up-to-date symlink: /home/robot/debug_clear_ws/install/clearpath_manipulators_description/share/clearpath_manipulators_description/urdf/gripper/robotiq_2f_140.urdf.xacro
[0.460s] -- Up-to-date symlink: /home/robot/debug_clear_ws/install/clearpath_manipulators_description/share/clearpath_manipulators_description/urdf/gripper/robotiq_2f_85.urdf.xacro
[0.463s] -- Up-to-date symlink: /home/robot/debug_clear_ws/install/clearpath_manipulators_description/share/clearpath_manipulators_description/config/arm/kinova_gen3_6dof/control.yaml
[0.463s] -- Up-to-date symlink: /home/robot/debug_clear_ws/install/clearpath_manipulators_description/share/clearpath_manipulators_description/config/arm/kinova_gen3_6dof/initial_positions.yaml
[0.464s] -- Up-to-date symlink: /home/robot/debug_clear_ws/install/clearpath_manipulators_description/share/clearpath_manipulators_description/config/arm/kinova_gen3_6dof/joint_limits.yaml
[0.467s] -- Up-to-date symlink: /home/robot/debug_clear_ws/install/clearpath_manipulators_description/share/clearpath_manipulators_description/config/arm/kinova_gen3_6dof/moveit_controllers.yaml
[0.468s] -- Up-to-date symlink: /home/robot/debug_clear_ws/install/clearpath_manipulators_description/share/clearpath_manipulators_description/config/arm/kinova_gen3_7dof/control.yaml
[0.468s] -- Up-to-date symlink: /home/robot/debug_clear_ws/install/clearpath_manipulators_description/share/clearpath_manipulators_description/config/arm/kinova_gen3_7dof/initial_positions.yaml
[0.468s] -- Up-to-date symlink: /home/robot/debug_clear_ws/install/clearpath_manipulators_description/share/clearpath_manipulators_description/config/arm/kinova_gen3_7dof/joint_limits.yaml
[0.471s] -- Up-to-date symlink: /home/robot/debug_clear_ws/install/clearpath_manipulators_description/share/clearpath_manipulators_description/config/arm/kinova_gen3_7dof/moveit_controllers.yaml
[0.474s] -- Up-to-date symlink: /home/robot/debug_clear_ws/install/clearpath_manipulators_description/share/clearpath_manipulators_description/config/arm/kinova_gen3_lite/control.yaml
[0.474s] -- Up-to-date symlink: /home/robot/debug_clear_ws/install/clearpath_manipulators_description/share/clearpath_manipulators_description/config/arm/kinova_gen3_lite/initial_positions.yaml
[0.475s] -- Up-to-date symlink: /home/robot/debug_clear_ws/install/clearpath_manipulators_description/share/clearpath_manipulators_description/config/arm/kinova_gen3_lite/joint_limits.yaml
[0.476s] -- Up-to-date symlink: /home/robot/debug_clear_ws/install/clearpath_manipulators_description/share/clearpath_manipulators_description/config/arm/kinova_gen3_lite/moveit_controllers.yaml
[0.477s] -- Up-to-date symlink: /home/robot/debug_clear_ws/install/clearpath_manipulators_description/share/clearpath_manipulators_description/config/gripper/kinova_2f_lite/control.yaml
[0.478s] -- Up-to-date symlink: /home/robot/debug_clear_ws/install/clearpath_manipulators_description/share/clearpath_manipulators_description/config/gripper/kinova_2f_lite/initial_positions.yaml
[0.478s] -- Up-to-date symlink: /home/robot/debug_clear_ws/install/clearpath_manipulators_description/share/clearpath_manipulators_description/config/gripper/kinova_2f_lite/joint_limits.yaml
[0.484s] -- Up-to-date symlink: /home/robot/debug_clear_ws/install/clearpath_manipulators_description/share/clearpath_manipulators_description/config/gripper/kinova_2f_lite/moveit_controllers.yaml
[0.486s] -- Up-to-date symlink: /home/robot/debug_clear_ws/install/clearpath_manipulators_description/share/clearpath_manipulators_description/config/gripper/robotiq_2f_140/control.yaml
[0.489s] -- Up-to-date symlink: /home/robot/debug_clear_ws/install/clearpath_manipulators_description/share/clearpath_manipulators_description/config/gripper/robotiq_2f_140/initial_positions.yaml
[0.491s] -- Up-to-date symlink: /home/robot/debug_clear_ws/install/clearpath_manipulators_description/share/clearpath_manipulators_description/config/gripper/robotiq_2f_140/joint_limits.yaml
[0.491s] -- Up-to-date symlink: /home/robot/debug_clear_ws/install/clearpath_manipulators_description/share/clearpath_manipulators_description/config/gripper/robotiq_2f_140/moveit_controllers.yaml
[0.497s] -- Up-to-date symlink: /home/robot/debug_clear_ws/install/clearpath_manipulators_description/share/clearpath_manipulators_description/config/gripper/robotiq_2f_85/control.yaml
[0.498s] -- Up-to-date symlink: /home/robot/debug_clear_ws/install/clearpath_manipulators_description/share/clearpath_manipulators_description/config/gripper/robotiq_2f_85/initial_positions.yaml
[0.498s] -- Up-to-date symlink: /home/robot/debug_clear_ws/install/clearpath_manipulators_description/share/clearpath_manipulators_description/config/gripper/robotiq_2f_85/joint_limits.yaml
[0.498s] -- Up-to-date symlink: /home/robot/debug_clear_ws/install/clearpath_manipulators_description/share/clearpath_manipulators_description/config/gripper/robotiq_2f_85/moveit_controllers.yaml
[0.499s] -- Up-to-date symlink: /home/robot/debug_clear_ws/install/clearpath_manipulators_description/share/clearpath_manipulators_description/srdf/arm/kinova_gen3_6dof.srdf.xacro
[0.500s] -- Up-to-date symlink: /home/robot/debug_clear_ws/install/clearpath_manipulators_description/share/clearpath_manipulators_description/srdf/arm/kinova_gen3_7dof.srdf.xacro
[0.500s] -- Up-to-date symlink: /home/robot/debug_clear_ws/install/clearpath_manipulators_description/share/clearpath_manipulators_description/srdf/arm/kinova_gen3_lite.srdf.xacro
[0.501s] -- Up-to-date symlink: /home/robot/debug_clear_ws/install/clearpath_manipulators_description/share/clearpath_manipulators_description/srdf/gripper/kinova_2f_lite.srdf.xacro
[0.502s] -- Up-to-date symlink: /home/robot/debug_clear_ws/install/clearpath_manipulators_description/share/clearpath_manipulators_description/srdf/gripper/robotiq_2f_140.srdf.xacro
[0.503s] -- Up-to-date symlink: /home/robot/debug_clear_ws/install/clearpath_manipulators_description/share/clearpath_manipulators_description/srdf/gripper/robotiq_2f_85.srdf.xacro
[0.503s] -- Up-to-date symlink: /home/robot/debug_clear_ws/install/clearpath_manipulators_description/share/clearpath_manipulators_description/launch/description.launch.py
[0.533s] -- Up-to-date symlink: /home/robot/debug_clear_ws/install/clearpath_manipulators_description/share/clearpath_manipulators_description/meshes/gripper/robotiq_2f_140_base_link.stl
[0.533s] -- Up-to-date symlink: /home/robot/debug_clear_ws/install/clearpath_manipulators_description/share/clearpath_manipulators_description/meshes/gripper/robotiq_2f_140_base_link_collision.stl
[0.533s] -- Up-to-date symlink: /home/robot/debug_clear_ws/install/clearpath_manipulators_description/share/clearpath_manipulators_description/meshes/gripper/robotiq_2f_140_coupling.stl
[0.534s] -- Up-to-date symlink: /home/robot/debug_clear_ws/install/clearpath_manipulators_description/share/clearpath_manipulators_description/meshes/gripper/robotiq_2f_140_coupling_collision.stl
[0.534s] -- Up-to-date symlink: /home/robot/debug_clear_ws/install/clearpath_manipulators_description/share/clearpath_manipulators_description/meshes/gripper/robotiq_2f_140_inner_finger.stl
[0.534s] -- Up-to-date symlink: /home/robot/debug_clear_ws/install/clearpath_manipulators_description/share/clearpath_manipulators_description/meshes/gripper/robotiq_2f_140_inner_finger_collision.stl
[0.534s] -- Up-to-date symlink: /home/robot/debug_clear_ws/install/clearpath_manipulators_description/share/clearpath_manipulators_description/meshes/gripper/robotiq_2f_140_inner_knuckle.stl
[0.534s] -- Up-to-date symlink: /home/robot/debug_clear_ws/install/clearpath_manipulators_description/share/clearpath_manipulators_description/meshes/gripper/robotiq_2f_140_inner_knuckle_collision.stl
[0.534s] -- Up-to-date symlink: /home/robot/debug_clear_ws/install/clearpath_manipulators_description/share/clearpath_manipulators_description/meshes/gripper/robotiq_2f_140_outer_finger.stl
[0.535s] -- Up-to-date symlink: /home/robot/debug_clear_ws/install/clearpath_manipulators_description/share/clearpath_manipulators_description/meshes/gripper/robotiq_2f_140_outer_finger_collision.stl
[0.535s] -- Up-to-date symlink: /home/robot/debug_clear_ws/install/clearpath_manipulators_description/share/clearpath_manipulators_description/meshes/gripper/robotiq_2f_140_outer_knuckle.stl
[0.535s] -- Up-to-date symlink: /home/robot/debug_clear_ws/install/clearpath_manipulators_description/share/clearpath_manipulators_description/meshes/gripper/robotiq_2f_140_outer_knuckle_collision.stl
[0.535s] -- Up-to-date symlink: /home/robot/debug_clear_ws/install/clearpath_manipulators_description/share/ament_index/resource_index/package_run_dependencies/clearpath_manipulators_description
[0.535s] -- Up-to-date symlink: /home/robot/debug_clear_ws/install/clearpath_manipulators_description/share/ament_index/resource_index/parent_prefix_path/clearpath_manipulators_description
[0.545s] -- Up-to-date symlink: /home/robot/debug_clear_ws/install/clearpath_manipulators_description/share/clearpath_manipulators_description/environment/ament_prefix_path.sh
[0.545s] -- Up-to-date symlink: /home/robot/debug_clear_ws/install/clearpath_manipulators_description/share/clearpath_manipulators_description/environment/ament_prefix_path.dsv
[0.545s] -- Up-to-date symlink: /home/robot/debug_clear_ws/install/clearpath_manipulators_description/share/clearpath_manipulators_description/environment/path.sh
[0.545s] -- Up-to-date symlink: /home/robot/debug_clear_ws/install/clearpath_manipulators_description/share/clearpath_manipulators_description/environment/path.dsv
[0.545s] -- Up-to-date symlink: /home/robot/debug_clear_ws/install/clearpath_manipulators_description/share/clearpath_manipulators_description/local_setup.bash
[0.545s] -- Up-to-date symlink: /home/robot/debug_clear_ws/install/clearpath_manipulators_description/share/clearpath_manipulators_description/local_setup.sh
[0.551s] -- Up-to-date symlink: /home/robot/debug_clear_ws/install/clearpath_manipulators_description/share/clearpath_manipulators_description/local_setup.zsh
[0.555s] -- Up-to-date symlink: /home/robot/debug_clear_ws/install/clearpath_manipulators_description/share/clearpath_manipulators_description/local_setup.dsv
[0.555s] -- Symlinking: /home/robot/debug_clear_ws/install/clearpath_manipulators_description/share/clearpath_manipulators_description/package.dsv
[0.588s] -- Up-to-date symlink: /home/robot/debug_clear_ws/install/clearpath_manipulators_description/share/ament_index/resource_index/packages/clearpath_manipulators_description
[0.590s] -- Up-to-date symlink: /home/robot/debug_clear_ws/install/clearpath_manipulators_description/share/clearpath_manipulators_description/cmake/clearpath_manipulators_descriptionConfig.cmake
[0.595s] -- Up-to-date symlink: /home/robot/debug_clear_ws/install/clearpath_manipulators_description/share/clearpath_manipulators_description/cmake/clearpath_manipulators_descriptionConfig-version.cmake
[0.596s] -- Up-to-date symlink: /home/robot/debug_clear_ws/install/clearpath_manipulators_description/share/clearpath_manipulators_description/package.xml
[0.598s] Invoked command in '/home/robot/debug_clear_ws/build/clearpath_manipulators_description' returned '0': CMAKE_PREFIX_PATH=${CMAKE_PREFIX_PATH}:/home/robot/debug_clear_ws/install/yolov8_ros:/home/robot/debug_clear_ws/install/yolo_ros:/home/robot/debug_clear_ws/install/clearpath_config:/opt/ros/humble /usr/bin/cmake --install /home/robot/debug_clear_ws/build/clearpath_manipulators_description
