[0.911s] Invoking command in '/home/robot/debug_clear_ws/src/yolo_ros/yolo_ros': CMAKE_PREFIX_PATH=/home/robot/debug_clear_ws/install/yolo_msgs:/home/robot/debug_clear_ws/install/yolo_bringup:/home/robot/debug_clear_ws/install/clearpath_simulator:/home/robot/debug_clear_ws/install/clearpath_gz:/home/robot/debug_clear_ws/install/clearpath_generator_gz:/home/robot/debug_clear_ws/install/clearpath_common:/home/robot/debug_clear_ws/install/clearpath_generator_common:/home/robot/debug_clear_ws/install/clearpath_description:/home/robot/debug_clear_ws/install/clearpath_sensors_description:/home/robot/debug_clear_ws/install/clearpath_platform:/home/robot/debug_clear_ws/install/clearpath_msgs:/home/robot/debug_clear_ws/install/clearpath_platform_msgs:/home/robot/debug_clear_ws/install/clearpath_platform_description:/home/robot/debug_clear_ws/install/clearpath_mounts_description:/home/robot/debug_clear_ws/install/clearpath_manipulators:/home/robot/debug_clear_ws/install/clearpath_manipulators_description:/home/robot/debug_clear_ws/install/clearpath_customization:/home/robot/debug_clear_ws/install/clearpath_control PYTHONPATH=/home/robot/debug_clear_ws/build/yolo_ros/prefix_override:/usr/lib/python3/dist-packages/colcon_core/task/python/colcon_distutils_commands:/home/robot/debug_clear_ws/install/yolo_ros/lib/python3.10/site-packages:${PYTHONPATH} /usr/bin/python3 -W ignore:setup.py install is deprecated -W ignore:easy_install command is deprecated setup.py egg_info --egg-base ../../../build/yolo_ros build --build-base /home/robot/debug_clear_ws/build/yolo_ros/build install --record /home/robot/debug_clear_ws/build/yolo_ros/install.log --single-version-externally-managed install_data
[1.207s] running egg_info
[1.228s] writing ../../../build/yolo_ros/yolo_ros.egg-info/PKG-INFO
[1.228s] writing dependency_links to ../../../build/yolo_ros/yolo_ros.egg-info/dependency_links.txt
[1.229s] writing entry points to ../../../build/yolo_ros/yolo_ros.egg-info/entry_points.txt
[1.229s] writing requirements to ../../../build/yolo_ros/yolo_ros.egg-info/requires.txt
[1.229s] writing top-level names to ../../../build/yolo_ros/yolo_ros.egg-info/top_level.txt
[1.272s] reading manifest file '../../../build/yolo_ros/yolo_ros.egg-info/SOURCES.txt'
[1.273s] writing manifest file '../../../build/yolo_ros/yolo_ros.egg-info/SOURCES.txt'
[1.273s] running build
[1.273s] running build_py
[1.273s] copying yolo_ros/detect_3d_node.py -> /home/robot/debug_clear_ws/build/yolo_ros/build/lib/yolo_ros
[1.274s] copying yolo_ros/tracking_node.py -> /home/robot/debug_clear_ws/build/yolo_ros/build/lib/yolo_ros
[1.274s] copying yolo_ros/yolo_node.py -> /home/robot/debug_clear_ws/build/yolo_ros/build/lib/yolo_ros
[1.274s] copying yolo_ros/__init__.py -> /home/robot/debug_clear_ws/build/yolo_ros/build/lib/yolo_ros
[1.274s] copying yolo_ros/debug_node.py -> /home/robot/debug_clear_ws/build/yolo_ros/build/lib/yolo_ros
[1.275s] running install
[1.279s] running install_lib
[1.299s] copying /home/robot/debug_clear_ws/build/yolo_ros/build/lib/yolo_ros/detect_3d_node.py -> /home/robot/debug_clear_ws/install/yolo_ros/lib/python3.10/site-packages/yolo_ros
[1.299s] byte-compiling /home/robot/debug_clear_ws/install/yolo_ros/lib/python3.10/site-packages/yolo_ros/detect_3d_node.py to detect_3d_node.cpython-310.pyc
[1.302s] running install_data
[1.302s] copying resource/yolo_ros -> /home/robot/debug_clear_ws/install/yolo_ros/share/ament_index/resource_index/packages
[1.302s] copying package.xml -> /home/robot/debug_clear_ws/install/yolo_ros/share/yolo_ros
[1.302s] running install_egg_info
[1.326s] removing '/home/robot/debug_clear_ws/install/yolo_ros/lib/python3.10/site-packages/yolo_ros-0.0.0-py3.10.egg-info' (and everything under it)
[1.326s] Copying ../../../build/yolo_ros/yolo_ros.egg-info to /home/robot/debug_clear_ws/install/yolo_ros/lib/python3.10/site-packages/yolo_ros-0.0.0-py3.10.egg-info
[1.327s] running install_scripts
[1.508s] Installing debug_node script to /home/robot/debug_clear_ws/install/yolo_ros/lib/yolo_ros
[1.509s] Installing detect_3d_node script to /home/robot/debug_clear_ws/install/yolo_ros/lib/yolo_ros
[1.509s] Installing tracking_node script to /home/robot/debug_clear_ws/install/yolo_ros/lib/yolo_ros
[1.509s] Installing yolo_node script to /home/robot/debug_clear_ws/install/yolo_ros/lib/yolo_ros
[1.509s] writing list of installed files to '/home/robot/debug_clear_ws/build/yolo_ros/install.log'
[1.533s] Invoked command in '/home/robot/debug_clear_ws/src/yolo_ros/yolo_ros' returned '0': CMAKE_PREFIX_PATH=/home/robot/debug_clear_ws/install/yolo_msgs:/home/robot/debug_clear_ws/install/yolo_bringup:/home/robot/debug_clear_ws/install/clearpath_simulator:/home/robot/debug_clear_ws/install/clearpath_gz:/home/robot/debug_clear_ws/install/clearpath_generator_gz:/home/robot/debug_clear_ws/install/clearpath_common:/home/robot/debug_clear_ws/install/clearpath_generator_common:/home/robot/debug_clear_ws/install/clearpath_description:/home/robot/debug_clear_ws/install/clearpath_sensors_description:/home/robot/debug_clear_ws/install/clearpath_platform:/home/robot/debug_clear_ws/install/clearpath_msgs:/home/robot/debug_clear_ws/install/clearpath_platform_msgs:/home/robot/debug_clear_ws/install/clearpath_platform_description:/home/robot/debug_clear_ws/install/clearpath_mounts_description:/home/robot/debug_clear_ws/install/clearpath_manipulators:/home/robot/debug_clear_ws/install/clearpath_manipulators_description:/home/robot/debug_clear_ws/install/clearpath_customization:/home/robot/debug_clear_ws/install/clearpath_control PYTHONPATH=/home/robot/debug_clear_ws/build/yolo_ros/prefix_override:/usr/lib/python3/dist-packages/colcon_core/task/python/colcon_distutils_commands:/home/robot/debug_clear_ws/install/yolo_ros/lib/python3.10/site-packages:${PYTHONPATH} /usr/bin/python3 -W ignore:setup.py install is deprecated -W ignore:easy_install command is deprecated setup.py egg_info --egg-base ../../../build/yolo_ros build --build-base /home/robot/debug_clear_ws/build/yolo_ros/build install --record /home/robot/debug_clear_ws/build/yolo_ros/install.log --single-version-externally-managed install_data
