[0.442s] Invoking command in '/home/robot/debug_clear_ws/build/yolo_msgs': CMAKE_PREFIX_PATH=${CMAKE_PREFIX_PATH}:/home/robot/debug_clear_ws/install/yolov8_ros:/home/robot/debug_clear_ws/install/yolo_ros:/home/robot/debug_clear_ws/install/clearpath_config:/opt/ros/humble /usr/bin/cmake /home/robot/debug_clear_ws/src/yolo_ros/yolo_msgs -DAMENT_CMAKE_SYMLINK_INSTALL=1 -DCMAKE_INSTALL_PREFIX=/home/robot/debug_clear_ws/install/yolo_msgs
[0.543s] -- The C compiler identification is GNU 11.4.0
[0.658s] -- The CXX compiler identification is GNU 11.4.0
[0.672s] -- Detecting C compiler ABI info
[0.796s] -- Detecting C compiler ABI info - done
[0.816s] -- Check for working C compiler: /usr/bin/cc - skipped
[0.817s] -- Detecting C compile features
[0.818s] -- Detecting C compile features - done
[0.824s] -- Detecting CXX compiler ABI info
[0.975s] -- Detecting CXX compiler ABI info - done
[0.995s] -- Check for working CXX compiler: /usr/bin/c++ - skipped
[0.996s] -- Detecting CXX compile features
[1.001s] -- Detecting CXX compile features - done
[1.002s] -- Found ament_cmake: 1.3.11 (/opt/ros/humble/share/ament_cmake/cmake)
[1.755s] -- Found Python3: /usr/bin/python3 (found version "3.10.12") found components: Interpreter 
[1.896s] -- Override CMake install command with custom implementation using symlinks instead of copying resources
[1.961s] -- Found rosidl_default_generators: 1.2.0 (/opt/ros/humble/share/rosidl_default_generators/cmake)
[1.975s] -- Using all available rosidl_typesupport_c: rosidl_typesupport_fastrtps_c;rosidl_typesupport_introspection_c
[1.992s] -- Found rosidl_adapter: 3.1.6 (/opt/ros/humble/share/rosidl_adapter/cmake)
[2.089s] -- Using all available rosidl_typesupport_cpp: rosidl_typesupport_fastrtps_cpp;rosidl_typesupport_introspection_cpp
[2.167s] -- Found std_msgs: 4.2.4 (/opt/ros/humble/share/std_msgs/cmake)
[2.226s] -- Found geometry_msgs: 4.2.4 (/opt/ros/humble/share/geometry_msgs/cmake)
[2.837s] -- Found ament_cmake_ros: 0.10.0 (/opt/ros/humble/share/ament_cmake_ros/cmake)
[3.214s] -- Using all available rosidl_typesupport_c: rosidl_typesupport_fastrtps_c;rosidl_typesupport_introspection_c
[3.700s] -- Using all available rosidl_typesupport_cpp: rosidl_typesupport_fastrtps_cpp;rosidl_typesupport_introspection_cpp
[3.734s] -- Found PythonInterp: /usr/bin/python3 (found suitable version "3.10.12", minimum required is "3.6") 
[3.737s] -- Found python_cmake_module: 0.10.0 (/opt/ros/humble/share/python_cmake_module/cmake)
[3.793s] -- Found PythonLibs: /usr/lib/x86_64-linux-gnu/libpython3.10.so (found suitable version "3.10.12", minimum required is "3.5") 
[3.794s] -- Using PYTHON_EXECUTABLE: /usr/bin/python3
[3.794s] -- Using PYTHON_INCLUDE_DIRS: /usr/include/python3.10
[3.794s] -- Using PYTHON_LIBRARIES: /usr/lib/x86_64-linux-gnu/libpython3.10.so
[3.837s] -- Found PythonExtra: .so  
[4.003s] -- Configuring done
[4.120s] -- Generating done
[4.148s] -- Build files have been written to: /home/robot/debug_clear_ws/build/yolo_msgs
[4.159s] Invoked command in '/home/robot/debug_clear_ws/build/yolo_msgs' returned '0': CMAKE_PREFIX_PATH=${CMAKE_PREFIX_PATH}:/home/robot/debug_clear_ws/install/yolov8_ros:/home/robot/debug_clear_ws/install/yolo_ros:/home/robot/debug_clear_ws/install/clearpath_config:/opt/ros/humble /usr/bin/cmake /home/robot/debug_clear_ws/src/yolo_ros/yolo_msgs -DAMENT_CMAKE_SYMLINK_INSTALL=1 -DCMAKE_INSTALL_PREFIX=/home/robot/debug_clear_ws/install/yolo_msgs
[4.162s] Invoking command in '/home/robot/debug_clear_ws/build/yolo_msgs': CMAKE_PREFIX_PATH=${CMAKE_PREFIX_PATH}:/home/robot/debug_clear_ws/install/yolov8_ros:/home/robot/debug_clear_ws/install/yolo_ros:/home/robot/debug_clear_ws/install/clearpath_config:/opt/ros/humble /usr/bin/cmake --build /home/robot/debug_clear_ws/build/yolo_msgs -- -j12 -l12
[4.225s] [  1%] [34m[1mGenerating C code for ROS interfaces[0m
[4.245s] [  1%] [34m[1mGenerating C++ code for ROS interfaces[0m
[4.256s] [  1%] Built target ament_cmake_python_symlink_yolo_msgs
[4.699s] running egg_info
[4.726s] creating yolo_msgs.egg-info
[4.727s] writing yolo_msgs.egg-info/PKG-INFO
[4.727s] writing dependency_links to yolo_msgs.egg-info/dependency_links.txt
[4.728s] writing top-level names to yolo_msgs.egg-info/top_level.txt
[4.728s] writing manifest file 'yolo_msgs.egg-info/SOURCES.txt'
[4.820s] reading manifest file 'yolo_msgs.egg-info/SOURCES.txt'
[4.822s] writing manifest file 'yolo_msgs.egg-info/SOURCES.txt'
[4.857s] [  1%] Built target ament_cmake_python_build_yolo_msgs_egg
[5.797s] [  1%] Built target yolo_msgs__cpp
[5.823s] [  2%] [34m[1mGenerating C++ type support for eProsima Fast-RTPS[0m
[5.823s] [  3%] [34m[1mGenerating C++ type support dispatch for ROS interfaces[0m
[5.823s] [  3%] [34m[1mGenerating C++ introspection for ROS interfaces[0m
[6.024s] [  4%] [32mBuilding C object CMakeFiles/yolo_msgs__rosidl_generator_c.dir/rosidl_generator_c/yolo_msgs/msg/detail/point2_d__functions.c.o[0m
[6.024s] [  5%] [32mBuilding C object CMakeFiles/yolo_msgs__rosidl_generator_c.dir/rosidl_generator_c/yolo_msgs/msg/detail/pose2_d__functions.c.o[0m
[6.025s] [  6%] [32mBuilding C object CMakeFiles/yolo_msgs__rosidl_generator_c.dir/rosidl_generator_c/yolo_msgs/msg/detail/bounding_box3_d__functions.c.o[0m
[6.031s] [  7%] [32mBuilding C object CMakeFiles/yolo_msgs__rosidl_generator_c.dir/rosidl_generator_c/yolo_msgs/msg/detail/key_point2_d__functions.c.o[0m
[6.031s] [  7%] [32mBuilding C object CMakeFiles/yolo_msgs__rosidl_generator_c.dir/rosidl_generator_c/yolo_msgs/msg/detail/mask__functions.c.o[0m
[6.037s] [  8%] [32mBuilding C object CMakeFiles/yolo_msgs__rosidl_generator_c.dir/rosidl_generator_c/yolo_msgs/msg/detail/bounding_box2_d__functions.c.o[0m
[6.040s] [  8%] [32mBuilding C object CMakeFiles/yolo_msgs__rosidl_generator_c.dir/rosidl_generator_c/yolo_msgs/msg/detail/vector2__functions.c.o[0m
[6.040s] [  9%] [32mBuilding C object CMakeFiles/yolo_msgs__rosidl_generator_c.dir/rosidl_generator_c/yolo_msgs/msg/detail/key_point2_d_array__functions.c.o[0m
[6.043s] [ 10%] [32mBuilding C object CMakeFiles/yolo_msgs__rosidl_generator_c.dir/rosidl_generator_c/yolo_msgs/msg/detail/key_point3_d__functions.c.o[0m
[6.233s] [ 11%] [32mBuilding C object CMakeFiles/yolo_msgs__rosidl_generator_c.dir/rosidl_generator_c/yolo_msgs/msg/detail/detection__functions.c.o[0m
[6.235s] [ 12%] [32mBuilding C object CMakeFiles/yolo_msgs__rosidl_generator_c.dir/rosidl_generator_c/yolo_msgs/msg/detail/key_point3_d_array__functions.c.o[0m
[6.243s] [ 13%] [32mBuilding C object CMakeFiles/yolo_msgs__rosidl_generator_c.dir/rosidl_generator_c/yolo_msgs/srv/detail/set_classes__functions.c.o[0m
[6.245s] [ 13%] [32mBuilding C object CMakeFiles/yolo_msgs__rosidl_generator_c.dir/rosidl_generator_c/yolo_msgs/msg/detail/detection_array__functions.c.o[0m
[6.349s] [ 14%] [32m[1mLinking C shared library libyolo_msgs__rosidl_generator_c.so[0m
[6.402s] [ 14%] Built target yolo_msgs__rosidl_generator_c
[6.422s] [ 15%] [34m[1mGenerating C type support for eProsima Fast-RTPS[0m
[6.422s] [ 16%] [34m[1mGenerating C introspection for ROS interfaces[0m
[6.427s] [ 17%] [34m[1mGenerating C type support dispatch for ROS interfaces[0m
[7.981s] [ 18%] [32mBuilding CXX object CMakeFiles/yolo_msgs__rosidl_typesupport_cpp.dir/rosidl_typesupport_cpp/yolo_msgs/msg/vector2__type_support.cpp.o[0m
[7.981s] [ 18%] [32mBuilding CXX object CMakeFiles/yolo_msgs__rosidl_typesupport_cpp.dir/rosidl_typesupport_cpp/yolo_msgs/msg/pose2_d__type_support.cpp.o[0m
[7.985s] [ 19%] [32mBuilding CXX object CMakeFiles/yolo_msgs__rosidl_typesupport_cpp.dir/rosidl_typesupport_cpp/yolo_msgs/msg/point2_d__type_support.cpp.o[0m
[7.986s] [ 20%] [32mBuilding CXX object CMakeFiles/yolo_msgs__rosidl_typesupport_cpp.dir/rosidl_typesupport_cpp/yolo_msgs/msg/bounding_box3_d__type_support.cpp.o[0m
[7.989s] [ 21%] [32mBuilding CXX object CMakeFiles/yolo_msgs__rosidl_typesupport_cpp.dir/rosidl_typesupport_cpp/yolo_msgs/msg/bounding_box2_d__type_support.cpp.o[0m
[7.998s] [ 23%] [32mBuilding CXX object CMakeFiles/yolo_msgs__rosidl_typesupport_cpp.dir/rosidl_typesupport_cpp/yolo_msgs/msg/mask__type_support.cpp.o[0m
[7.998s] [ 23%] [32mBuilding CXX object CMakeFiles/yolo_msgs__rosidl_typesupport_cpp.dir/rosidl_typesupport_cpp/yolo_msgs/msg/key_point2_d__type_support.cpp.o[0m
[9.002s] [ 23%] [32mBuilding CXX object CMakeFiles/yolo_msgs__rosidl_typesupport_c.dir/rosidl_typesupport_c/yolo_msgs/msg/point2_d__type_support.cpp.o[0m
[9.121s] [ 24%] [32mBuilding CXX object CMakeFiles/yolo_msgs__rosidl_typesupport_c.dir/rosidl_typesupport_c/yolo_msgs/msg/vector2__type_support.cpp.o[0m
[9.122s] [ 24%] [32mBuilding CXX object CMakeFiles/yolo_msgs__rosidl_typesupport_cpp.dir/rosidl_typesupport_cpp/yolo_msgs/msg/key_point2_d_array__type_support.cpp.o[0m
[9.149s] [ 25%] [32mBuilding CXX object CMakeFiles/yolo_msgs__rosidl_typesupport_fastrtps_cpp.dir/rosidl_typesupport_fastrtps_cpp/yolo_msgs/msg/detail/dds_fastrtps/point2_d__type_support.cpp.o[0m
[9.168s] [ 26%] [32mBuilding CXX object CMakeFiles/yolo_msgs__rosidl_typesupport_cpp.dir/rosidl_typesupport_cpp/yolo_msgs/msg/key_point3_d__type_support.cpp.o[0m
[9.207s] [ 27%] [32mBuilding CXX object CMakeFiles/yolo_msgs__rosidl_typesupport_fastrtps_cpp.dir/rosidl_typesupport_fastrtps_cpp/yolo_msgs/msg/detail/dds_fastrtps/vector2__type_support.cpp.o[0m
[9.207s] [ 28%] [32mBuilding CXX object CMakeFiles/yolo_msgs__rosidl_typesupport_c.dir/rosidl_typesupport_c/yolo_msgs/msg/pose2_d__type_support.cpp.o[0m
[9.214s] [ 29%] [32mBuilding CXX object CMakeFiles/yolo_msgs__rosidl_typesupport_c.dir/rosidl_typesupport_c/yolo_msgs/msg/bounding_box2_d__type_support.cpp.o[0m
[9.239s] [ 31%] [32mBuilding CXX object CMakeFiles/yolo_msgs__rosidl_typesupport_c.dir/rosidl_typesupport_c/yolo_msgs/msg/bounding_box3_d__type_support.cpp.o[0m
[9.239s] [ 31%] [32mBuilding CXX object CMakeFiles/yolo_msgs__rosidl_typesupport_fastrtps_cpp.dir/rosidl_typesupport_fastrtps_cpp/yolo_msgs/msg/detail/dds_fastrtps/pose2_d__type_support.cpp.o[0m
[9.272s] [ 32%] [32mBuilding CXX object CMakeFiles/yolo_msgs__rosidl_typesupport_cpp.dir/rosidl_typesupport_cpp/yolo_msgs/msg/key_point3_d_array__type_support.cpp.o[0m
[9.281s] [ 33%] [32mBuilding CXX object CMakeFiles/yolo_msgs__rosidl_typesupport_introspection_cpp.dir/rosidl_typesupport_introspection_cpp/yolo_msgs/msg/detail/point2_d__type_support.cpp.o[0m
[9.334s] [ 33%] [32mBuilding CXX object CMakeFiles/yolo_msgs__rosidl_typesupport_fastrtps_cpp.dir/rosidl_typesupport_fastrtps_cpp/yolo_msgs/msg/detail/dds_fastrtps/bounding_box2_d__type_support.cpp.o[0m
[9.339s] [ 34%] [32mBuilding CXX object CMakeFiles/yolo_msgs__rosidl_typesupport_introspection_cpp.dir/rosidl_typesupport_introspection_cpp/yolo_msgs/msg/detail/vector2__type_support.cpp.o[0m
[9.370s] [ 34%] [32mBuilding CXX object CMakeFiles/yolo_msgs__rosidl_typesupport_c.dir/rosidl_typesupport_c/yolo_msgs/msg/mask__type_support.cpp.o[0m
[9.497s] [ 35%] [32mBuilding CXX object CMakeFiles/yolo_msgs__rosidl_typesupport_c.dir/rosidl_typesupport_c/yolo_msgs/msg/key_point2_d__type_support.cpp.o[0m
[9.624s] [ 36%] [32mBuilding CXX object CMakeFiles/yolo_msgs__rosidl_typesupport_c.dir/rosidl_typesupport_c/yolo_msgs/msg/key_point2_d_array__type_support.cpp.o[0m
[9.705s] [ 37%] [32mBuilding CXX object CMakeFiles/yolo_msgs__rosidl_typesupport_c.dir/rosidl_typesupport_c/yolo_msgs/msg/key_point3_d__type_support.cpp.o[0m
[9.836s] [ 38%] [32mBuilding CXX object CMakeFiles/yolo_msgs__rosidl_typesupport_c.dir/rosidl_typesupport_c/yolo_msgs/msg/key_point3_d_array__type_support.cpp.o[0m
[9.915s] [ 39%] [32mBuilding CXX object CMakeFiles/yolo_msgs__rosidl_typesupport_cpp.dir/rosidl_typesupport_cpp/yolo_msgs/msg/detection__type_support.cpp.o[0m
[9.959s] [ 39%] [32mBuilding CXX object CMakeFiles/yolo_msgs__rosidl_typesupport_c.dir/rosidl_typesupport_c/yolo_msgs/msg/detection__type_support.cpp.o[0m
[10.035s] [ 40%] [32mBuilding CXX object CMakeFiles/yolo_msgs__rosidl_typesupport_cpp.dir/rosidl_typesupport_cpp/yolo_msgs/msg/detection_array__type_support.cpp.o[0m
[10.111s] [ 41%] [32mBuilding CXX object CMakeFiles/yolo_msgs__rosidl_typesupport_c.dir/rosidl_typesupport_c/yolo_msgs/msg/detection_array__type_support.cpp.o[0m
[10.192s] [ 42%] [32mBuilding CXX object CMakeFiles/yolo_msgs__rosidl_typesupport_c.dir/rosidl_typesupport_c/yolo_msgs/srv/set_classes__type_support.cpp.o[0m
[10.238s] [ 43%] [32mBuilding CXX object CMakeFiles/yolo_msgs__rosidl_typesupport_introspection_cpp.dir/rosidl_typesupport_introspection_cpp/yolo_msgs/msg/detail/pose2_d__type_support.cpp.o[0m
[10.328s] [ 44%] [32mBuilding CXX object CMakeFiles/yolo_msgs__rosidl_typesupport_fastrtps_c.dir/rosidl_typesupport_fastrtps_c/yolo_msgs/msg/detail/point2_d__type_support_c.cpp.o[0m
[10.332s] [ 45%] [32m[1mLinking CXX shared library libyolo_msgs__rosidl_typesupport_c.so[0m
[10.389s] [ 45%] [32mBuilding CXX object CMakeFiles/yolo_msgs__rosidl_typesupport_fastrtps_c.dir/rosidl_typesupport_fastrtps_c/yolo_msgs/msg/detail/vector2__type_support_c.cpp.o[0m
[10.473s] [ 46%] [32mBuilding C object CMakeFiles/yolo_msgs__rosidl_typesupport_introspection_c.dir/rosidl_typesupport_introspection_c/yolo_msgs/msg/detail/vector2__type_support.c.o[0m
[10.512s] [ 46%] Built target yolo_msgs__rosidl_typesupport_c
[10.533s] [ 47%] [32mBuilding C object CMakeFiles/yolo_msgs__rosidl_typesupport_introspection_c.dir/rosidl_typesupport_introspection_c/yolo_msgs/msg/detail/point2_d__type_support.c.o[0m
[10.545s] [ 47%] [32mBuilding C object CMakeFiles/yolo_msgs__rosidl_typesupport_introspection_c.dir/rosidl_typesupport_introspection_c/yolo_msgs/msg/detail/pose2_d__type_support.c.o[0m
[10.558s] [ 48%] [32mBuilding C object CMakeFiles/yolo_msgs__rosidl_typesupport_introspection_c.dir/rosidl_typesupport_introspection_c/yolo_msgs/msg/detail/bounding_box2_d__type_support.c.o[0m
[10.627s] [ 49%] [32mBuilding CXX object CMakeFiles/yolo_msgs__rosidl_typesupport_fastrtps_cpp.dir/rosidl_typesupport_fastrtps_cpp/yolo_msgs/msg/detail/dds_fastrtps/bounding_box3_d__type_support.cpp.o[0m
[10.661s] [ 49%] [32mBuilding CXX object CMakeFiles/yolo_msgs__rosidl_typesupport_cpp.dir/rosidl_typesupport_cpp/yolo_msgs/srv/set_classes__type_support.cpp.o[0m
[10.665s] [ 50%] [32mBuilding CXX object CMakeFiles/yolo_msgs__rosidl_typesupport_introspection_cpp.dir/rosidl_typesupport_introspection_cpp/yolo_msgs/msg/detail/bounding_box2_d__type_support.cpp.o[0m
[10.689s] [ 50%] [32mBuilding CXX object CMakeFiles/yolo_msgs__rosidl_typesupport_introspection_cpp.dir/rosidl_typesupport_introspection_cpp/yolo_msgs/msg/detail/bounding_box3_d__type_support.cpp.o[0m
[10.703s] [ 51%] [32mBuilding C object CMakeFiles/yolo_msgs__rosidl_typesupport_introspection_c.dir/rosidl_typesupport_introspection_c/yolo_msgs/msg/detail/bounding_box3_d__type_support.c.o[0m
[10.808s] [ 52%] [32mBuilding CXX object CMakeFiles/yolo_msgs__rosidl_typesupport_introspection_cpp.dir/rosidl_typesupport_introspection_cpp/yolo_msgs/msg/detail/mask__type_support.cpp.o[0m
[10.900s] [ 53%] [32mBuilding CXX object CMakeFiles/yolo_msgs__rosidl_typesupport_fastrtps_c.dir/rosidl_typesupport_fastrtps_c/yolo_msgs/msg/detail/pose2_d__type_support_c.cpp.o[0m
[10.909s] [ 54%] [32mBuilding C object CMakeFiles/yolo_msgs__rosidl_typesupport_introspection_c.dir/rosidl_typesupport_introspection_c/yolo_msgs/msg/detail/mask__type_support.c.o[0m
[11.092s] [ 55%] [32mBuilding C object CMakeFiles/yolo_msgs__rosidl_typesupport_introspection_c.dir/rosidl_typesupport_introspection_c/yolo_msgs/msg/detail/key_point2_d__type_support.c.o[0m
[11.167s] [ 56%] [32mBuilding CXX object CMakeFiles/yolo_msgs__rosidl_typesupport_introspection_cpp.dir/rosidl_typesupport_introspection_cpp/yolo_msgs/msg/detail/key_point2_d__type_support.cpp.o[0m
[11.200s] [ 57%] [32mBuilding CXX object CMakeFiles/yolo_msgs__rosidl_typesupport_fastrtps_c.dir/rosidl_typesupport_fastrtps_c/yolo_msgs/msg/detail/bounding_box2_d__type_support_c.cpp.o[0m
[11.260s] [ 58%] [32mBuilding CXX object CMakeFiles/yolo_msgs__rosidl_typesupport_fastrtps_c.dir/rosidl_typesupport_fastrtps_c/yolo_msgs/msg/detail/bounding_box3_d__type_support_c.cpp.o[0m
[11.265s] [ 58%] [32mBuilding C object CMakeFiles/yolo_msgs__rosidl_typesupport_introspection_c.dir/rosidl_typesupport_introspection_c/yolo_msgs/msg/detail/key_point2_d_array__type_support.c.o[0m
[11.437s] [ 59%] [32mBuilding C object CMakeFiles/yolo_msgs__rosidl_typesupport_introspection_c.dir/rosidl_typesupport_introspection_c/yolo_msgs/msg/detail/key_point3_d__type_support.c.o[0m
[11.517s] [ 60%] [32mBuilding C object CMakeFiles/yolo_msgs__rosidl_typesupport_introspection_c.dir/rosidl_typesupport_introspection_c/yolo_msgs/msg/detail/key_point3_d_array__type_support.c.o[0m
[11.574s] [ 61%] [32mBuilding CXX object CMakeFiles/yolo_msgs__rosidl_typesupport_introspection_cpp.dir/rosidl_typesupport_introspection_cpp/yolo_msgs/msg/detail/key_point2_d_array__type_support.cpp.o[0m
[11.694s] [ 62%] [32mBuilding C object CMakeFiles/yolo_msgs__rosidl_typesupport_introspection_c.dir/rosidl_typesupport_introspection_c/yolo_msgs/msg/detail/detection__type_support.c.o[0m
[11.745s] [ 63%] [32mBuilding CXX object CMakeFiles/yolo_msgs__rosidl_typesupport_introspection_cpp.dir/rosidl_typesupport_introspection_cpp/yolo_msgs/msg/detail/key_point3_d__type_support.cpp.o[0m
[11.796s] [ 64%] [32m[1mLinking CXX shared library libyolo_msgs__rosidl_typesupport_cpp.so[0m
[11.853s] [ 65%] [32mBuilding C object CMakeFiles/yolo_msgs__rosidl_typesupport_introspection_c.dir/rosidl_typesupport_introspection_c/yolo_msgs/msg/detail/detection_array__type_support.c.o[0m
[12.013s] [ 65%] Built target yolo_msgs__rosidl_typesupport_cpp
[12.052s] [ 65%] [32mBuilding C object CMakeFiles/yolo_msgs__rosidl_typesupport_introspection_c.dir/rosidl_typesupport_introspection_c/yolo_msgs/srv/detail/set_classes__type_support.c.o[0m
[12.091s] [ 65%] [32mBuilding CXX object CMakeFiles/yolo_msgs__rosidl_typesupport_introspection_cpp.dir/rosidl_typesupport_introspection_cpp/yolo_msgs/msg/detail/key_point3_d_array__type_support.cpp.o[0m
[12.198s] [ 66%] [32m[1mLinking C shared library libyolo_msgs__rosidl_typesupport_introspection_c.so[0m
[12.335s] [ 66%] Built target yolo_msgs__rosidl_typesupport_introspection_c
[12.385s] [ 67%] [32mBuilding CXX object CMakeFiles/yolo_msgs__rosidl_typesupport_fastrtps_cpp.dir/rosidl_typesupport_fastrtps_cpp/yolo_msgs/msg/detail/dds_fastrtps/mask__type_support.cpp.o[0m
[12.400s] [ 68%] [32mBuilding CXX object CMakeFiles/yolo_msgs__rosidl_typesupport_fastrtps_c.dir/rosidl_typesupport_fastrtps_c/yolo_msgs/msg/detail/mask__type_support_c.cpp.o[0m
[12.465s] [ 68%] [32mBuilding CXX object CMakeFiles/yolo_msgs__rosidl_typesupport_fastrtps_c.dir/rosidl_typesupport_fastrtps_c/yolo_msgs/msg/detail/key_point2_d__type_support_c.cpp.o[0m
[12.560s] [ 69%] [32mBuilding CXX object CMakeFiles/yolo_msgs__rosidl_typesupport_introspection_cpp.dir/rosidl_typesupport_introspection_cpp/yolo_msgs/msg/detail/detection__type_support.cpp.o[0m
[12.610s] [ 70%] [32mBuilding CXX object CMakeFiles/yolo_msgs__rosidl_typesupport_fastrtps_cpp.dir/rosidl_typesupport_fastrtps_cpp/yolo_msgs/msg/detail/dds_fastrtps/key_point2_d__type_support.cpp.o[0m
[12.700s] [ 71%] [32mBuilding CXX object CMakeFiles/yolo_msgs__rosidl_typesupport_introspection_cpp.dir/rosidl_typesupport_introspection_cpp/yolo_msgs/msg/detail/detection_array__type_support.cpp.o[0m
[12.836s] [ 72%] [32mBuilding CXX object CMakeFiles/yolo_msgs__rosidl_typesupport_fastrtps_cpp.dir/rosidl_typesupport_fastrtps_cpp/yolo_msgs/msg/detail/dds_fastrtps/key_point2_d_array__type_support.cpp.o[0m
[12.865s] [ 72%] [32mBuilding CXX object CMakeFiles/yolo_msgs__rosidl_typesupport_fastrtps_cpp.dir/rosidl_typesupport_fastrtps_cpp/yolo_msgs/msg/detail/dds_fastrtps/key_point3_d__type_support.cpp.o[0m
[12.919s] [ 73%] [32mBuilding CXX object CMakeFiles/yolo_msgs__rosidl_typesupport_fastrtps_c.dir/rosidl_typesupport_fastrtps_c/yolo_msgs/msg/detail/key_point2_d_array__type_support_c.cpp.o[0m
[13.731s] [ 74%] [32mBuilding CXX object CMakeFiles/yolo_msgs__rosidl_typesupport_introspection_cpp.dir/rosidl_typesupport_introspection_cpp/yolo_msgs/srv/detail/set_classes__type_support.cpp.o[0m
[13.754s] [ 75%] [32mBuilding CXX object CMakeFiles/yolo_msgs__rosidl_typesupport_fastrtps_cpp.dir/rosidl_typesupport_fastrtps_cpp/yolo_msgs/msg/detail/dds_fastrtps/key_point3_d_array__type_support.cpp.o[0m
[13.755s] [ 76%] [32mBuilding CXX object CMakeFiles/yolo_msgs__rosidl_typesupport_fastrtps_c.dir/rosidl_typesupport_fastrtps_c/yolo_msgs/msg/detail/key_point3_d__type_support_c.cpp.o[0m
[14.044s] [ 77%] [32mBuilding CXX object CMakeFiles/yolo_msgs__rosidl_typesupport_fastrtps_c.dir/rosidl_typesupport_fastrtps_c/yolo_msgs/msg/detail/key_point3_d_array__type_support_c.cpp.o[0m
[14.077s] [ 78%] [32mBuilding CXX object CMakeFiles/yolo_msgs__rosidl_typesupport_fastrtps_c.dir/rosidl_typesupport_fastrtps_c/yolo_msgs/msg/detail/detection__type_support_c.cpp.o[0m
[14.166s] [ 78%] [32mBuilding CXX object CMakeFiles/yolo_msgs__rosidl_typesupport_fastrtps_c.dir/rosidl_typesupport_fastrtps_c/yolo_msgs/msg/detail/detection_array__type_support_c.cpp.o[0m
[14.346s] [ 79%] [32mBuilding CXX object CMakeFiles/yolo_msgs__rosidl_typesupport_fastrtps_c.dir/rosidl_typesupport_fastrtps_c/yolo_msgs/srv/detail/set_classes__type_support_c.cpp.o[0m
[14.711s] [ 80%] [32mBuilding CXX object CMakeFiles/yolo_msgs__rosidl_typesupport_fastrtps_cpp.dir/rosidl_typesupport_fastrtps_cpp/yolo_msgs/msg/detail/dds_fastrtps/detection__type_support.cpp.o[0m
[14.756s] [ 81%] [32mBuilding CXX object CMakeFiles/yolo_msgs__rosidl_typesupport_fastrtps_cpp.dir/rosidl_typesupport_fastrtps_cpp/yolo_msgs/msg/detail/dds_fastrtps/detection_array__type_support.cpp.o[0m
[14.985s] [ 82%] [32mBuilding CXX object CMakeFiles/yolo_msgs__rosidl_typesupport_fastrtps_cpp.dir/rosidl_typesupport_fastrtps_cpp/yolo_msgs/srv/detail/dds_fastrtps/set_classes__type_support.cpp.o[0m
[15.577s] [ 83%] [32m[1mLinking CXX shared library libyolo_msgs__rosidl_typesupport_fastrtps_c.so[0m
[15.643s] [ 84%] [32m[1mLinking CXX shared library libyolo_msgs__rosidl_typesupport_introspection_cpp.so[0m
[15.832s] [ 84%] Built target yolo_msgs__rosidl_typesupport_fastrtps_c
[15.984s] [ 84%] Built target yolo_msgs__rosidl_typesupport_introspection_cpp
[16.375s] [ 84%] [32m[1mLinking CXX shared library libyolo_msgs__rosidl_typesupport_fastrtps_cpp.so[0m
[16.533s] [ 84%] Built target yolo_msgs__rosidl_typesupport_fastrtps_cpp
[16.554s] [ 84%] Built target yolo_msgs
[16.575s] [ 85%] [34m[1mGenerating Python code for ROS interfaces[0m
[18.504s] [ 85%] Built target yolo_msgs__py
[18.532s] [ 85%] [32mBuilding C object CMakeFiles/yolo_msgs__rosidl_generator_py.dir/rosidl_generator_py/yolo_msgs/msg/_vector2_s.c.o[0m
[18.533s] [ 86%] [32mBuilding C object CMakeFiles/yolo_msgs__rosidl_generator_py.dir/rosidl_generator_py/yolo_msgs/msg/_pose2_d_s.c.o[0m
[18.533s] [ 88%] [32mBuilding C object CMakeFiles/yolo_msgs__rosidl_generator_py.dir/rosidl_generator_py/yolo_msgs/msg/_point2_d_s.c.o[0m
[18.533s] [ 88%] [32mBuilding C object CMakeFiles/yolo_msgs__rosidl_generator_py.dir/rosidl_generator_py/yolo_msgs/msg/_bounding_box3_d_s.c.o[0m
[18.533s] [ 89%] [32mBuilding C object CMakeFiles/yolo_msgs__rosidl_generator_py.dir/rosidl_generator_py/yolo_msgs/msg/_mask_s.c.o[0m
[18.534s] [ 90%] [32mBuilding C object CMakeFiles/yolo_msgs__rosidl_generator_py.dir/rosidl_generator_py/yolo_msgs/msg/_key_point3_d_s.c.o[0m
[18.534s] [ 91%] [32mBuilding C object CMakeFiles/yolo_msgs__rosidl_generator_py.dir/rosidl_generator_py/yolo_msgs/msg/_key_point3_d_array_s.c.o[0m
[18.535s] [ 92%] [32mBuilding C object CMakeFiles/yolo_msgs__rosidl_generator_py.dir/rosidl_generator_py/yolo_msgs/msg/_detection_s.c.o[0m
[18.535s] [ 93%] [32mBuilding C object CMakeFiles/yolo_msgs__rosidl_generator_py.dir/rosidl_generator_py/yolo_msgs/msg/_bounding_box2_d_s.c.o[0m
[18.536s] [ 93%] [32mBuilding C object CMakeFiles/yolo_msgs__rosidl_generator_py.dir/rosidl_generator_py/yolo_msgs/msg/_key_point2_d_s.c.o[0m
[18.538s] [ 94%] [32mBuilding C object CMakeFiles/yolo_msgs__rosidl_generator_py.dir/rosidl_generator_py/yolo_msgs/msg/_key_point2_d_array_s.c.o[0m
[18.545s] [ 94%] [32mBuilding C object CMakeFiles/yolo_msgs__rosidl_generator_py.dir/rosidl_generator_py/yolo_msgs/msg/_detection_array_s.c.o[0m
[18.786s] [ 95%] [32mBuilding C object CMakeFiles/yolo_msgs__rosidl_generator_py.dir/rosidl_generator_py/yolo_msgs/srv/_set_classes_s.c.o[0m
[18.893s] [ 96%] [32m[1mLinking C shared library rosidl_generator_py/yolo_msgs/libyolo_msgs__rosidl_generator_py.so[0m
[18.938s] [ 96%] Built target yolo_msgs__rosidl_generator_py
[18.960s] [ 99%] [32mBuilding C object CMakeFiles/yolo_msgs__rosidl_typesupport_introspection_c__pyext.dir/rosidl_generator_py/yolo_msgs/_yolo_msgs_s.ep.rosidl_typesupport_introspection_c.c.o[0m
[18.960s] [ 99%] [32mBuilding C object CMakeFiles/yolo_msgs__rosidl_typesupport_c__pyext.dir/rosidl_generator_py/yolo_msgs/_yolo_msgs_s.ep.rosidl_typesupport_c.c.o[0m
[18.960s] [ 99%] [32mBuilding C object CMakeFiles/yolo_msgs__rosidl_typesupport_fastrtps_c__pyext.dir/rosidl_generator_py/yolo_msgs/_yolo_msgs_s.ep.rosidl_typesupport_fastrtps_c.c.o[0m
[19.120s] [ 99%] [32m[1mLinking C shared library rosidl_generator_py/yolo_msgs/yolo_msgs_s__rosidl_typesupport_fastrtps_c.cpython-310-x86_64-linux-gnu.so[0m
[19.120s] [ 99%] [32m[1mLinking C shared library rosidl_generator_py/yolo_msgs/yolo_msgs_s__rosidl_typesupport_c.cpython-310-x86_64-linux-gnu.so[0m
[19.129s] [100%] [32m[1mLinking C shared library rosidl_generator_py/yolo_msgs/yolo_msgs_s__rosidl_typesupport_introspection_c.cpython-310-x86_64-linux-gnu.so[0m
[19.168s] [100%] Built target yolo_msgs__rosidl_typesupport_fastrtps_c__pyext
[19.168s] [100%] Built target yolo_msgs__rosidl_typesupport_c__pyext
[19.177s] [100%] Built target yolo_msgs__rosidl_typesupport_introspection_c__pyext
[19.188s] Invoked command in '/home/robot/debug_clear_ws/build/yolo_msgs' returned '0': CMAKE_PREFIX_PATH=${CMAKE_PREFIX_PATH}:/home/robot/debug_clear_ws/install/yolov8_ros:/home/robot/debug_clear_ws/install/yolo_ros:/home/robot/debug_clear_ws/install/clearpath_config:/opt/ros/humble /usr/bin/cmake --build /home/robot/debug_clear_ws/build/yolo_msgs -- -j12 -l12
[19.190s] Invoking command in '/home/robot/debug_clear_ws/build/yolo_msgs': CMAKE_PREFIX_PATH=${CMAKE_PREFIX_PATH}:/home/robot/debug_clear_ws/install/yolov8_ros:/home/robot/debug_clear_ws/install/yolo_ros:/home/robot/debug_clear_ws/install/clearpath_config:/opt/ros/humble /usr/bin/cmake --install /home/robot/debug_clear_ws/build/yolo_msgs
[19.197s] -- Install configuration: ""
[19.197s] -- Execute custom install script
[19.198s] -- Symlinking: /home/robot/debug_clear_ws/install/yolo_msgs/share/ament_index/resource_index/rosidl_interfaces/yolo_msgs
[19.207s] -- Symlinking: /home/robot/debug_clear_ws/install/yolo_msgs/include/yolo_msgs/yolo_msgs/msg/bounding_box2_d.h
[19.215s] -- Symlinking: /home/robot/debug_clear_ws/install/yolo_msgs/include/yolo_msgs/yolo_msgs/msg/bounding_box3_d.h
[19.223s] -- Symlinking: /home/robot/debug_clear_ws/install/yolo_msgs/include/yolo_msgs/yolo_msgs/msg/detail/bounding_box2_d__functions.h
[19.231s] -- Symlinking: /home/robot/debug_clear_ws/install/yolo_msgs/include/yolo_msgs/yolo_msgs/msg/detail/bounding_box2_d__struct.h
[19.240s] -- Symlinking: /home/robot/debug_clear_ws/install/yolo_msgs/include/yolo_msgs/yolo_msgs/msg/detail/bounding_box2_d__type_support.h
[19.248s] -- Symlinking: /home/robot/debug_clear_ws/install/yolo_msgs/include/yolo_msgs/yolo_msgs/msg/detail/bounding_box3_d__functions.h
[19.256s] -- Symlinking: /home/robot/debug_clear_ws/install/yolo_msgs/include/yolo_msgs/yolo_msgs/msg/detail/bounding_box3_d__struct.h
[19.264s] -- Symlinking: /home/robot/debug_clear_ws/install/yolo_msgs/include/yolo_msgs/yolo_msgs/msg/detail/bounding_box3_d__type_support.h
[19.272s] -- Symlinking: /home/robot/debug_clear_ws/install/yolo_msgs/include/yolo_msgs/yolo_msgs/msg/detail/detection__functions.h
[19.281s] -- Symlinking: /home/robot/debug_clear_ws/install/yolo_msgs/include/yolo_msgs/yolo_msgs/msg/detail/detection__struct.h
[19.289s] -- Symlinking: /home/robot/debug_clear_ws/install/yolo_msgs/include/yolo_msgs/yolo_msgs/msg/detail/detection__type_support.h
[19.297s] -- Symlinking: /home/robot/debug_clear_ws/install/yolo_msgs/include/yolo_msgs/yolo_msgs/msg/detail/detection_array__functions.h
[19.305s] -- Symlinking: /home/robot/debug_clear_ws/install/yolo_msgs/include/yolo_msgs/yolo_msgs/msg/detail/detection_array__struct.h
[19.313s] -- Symlinking: /home/robot/debug_clear_ws/install/yolo_msgs/include/yolo_msgs/yolo_msgs/msg/detail/detection_array__type_support.h
[19.321s] -- Symlinking: /home/robot/debug_clear_ws/install/yolo_msgs/include/yolo_msgs/yolo_msgs/msg/detail/key_point2_d__functions.h
[19.329s] -- Symlinking: /home/robot/debug_clear_ws/install/yolo_msgs/include/yolo_msgs/yolo_msgs/msg/detail/key_point2_d__struct.h
[19.338s] -- Symlinking: /home/robot/debug_clear_ws/install/yolo_msgs/include/yolo_msgs/yolo_msgs/msg/detail/key_point2_d__type_support.h
[19.346s] -- Symlinking: /home/robot/debug_clear_ws/install/yolo_msgs/include/yolo_msgs/yolo_msgs/msg/detail/key_point2_d_array__functions.h
[19.354s] -- Symlinking: /home/robot/debug_clear_ws/install/yolo_msgs/include/yolo_msgs/yolo_msgs/msg/detail/key_point2_d_array__struct.h
[19.362s] -- Symlinking: /home/robot/debug_clear_ws/install/yolo_msgs/include/yolo_msgs/yolo_msgs/msg/detail/key_point2_d_array__type_support.h
[19.370s] -- Symlinking: /home/robot/debug_clear_ws/install/yolo_msgs/include/yolo_msgs/yolo_msgs/msg/detail/key_point3_d__functions.h
[19.378s] -- Symlinking: /home/robot/debug_clear_ws/install/yolo_msgs/include/yolo_msgs/yolo_msgs/msg/detail/key_point3_d__struct.h
[19.386s] -- Symlinking: /home/robot/debug_clear_ws/install/yolo_msgs/include/yolo_msgs/yolo_msgs/msg/detail/key_point3_d__type_support.h
[19.394s] -- Symlinking: /home/robot/debug_clear_ws/install/yolo_msgs/include/yolo_msgs/yolo_msgs/msg/detail/key_point3_d_array__functions.h
[19.402s] -- Symlinking: /home/robot/debug_clear_ws/install/yolo_msgs/include/yolo_msgs/yolo_msgs/msg/detail/key_point3_d_array__struct.h
[19.410s] -- Symlinking: /home/robot/debug_clear_ws/install/yolo_msgs/include/yolo_msgs/yolo_msgs/msg/detail/key_point3_d_array__type_support.h
[19.418s] -- Symlinking: /home/robot/debug_clear_ws/install/yolo_msgs/include/yolo_msgs/yolo_msgs/msg/detail/mask__functions.h
[19.425s] -- Symlinking: /home/robot/debug_clear_ws/install/yolo_msgs/include/yolo_msgs/yolo_msgs/msg/detail/mask__struct.h
[19.434s] -- Symlinking: /home/robot/debug_clear_ws/install/yolo_msgs/include/yolo_msgs/yolo_msgs/msg/detail/mask__type_support.h
[19.442s] -- Symlinking: /home/robot/debug_clear_ws/install/yolo_msgs/include/yolo_msgs/yolo_msgs/msg/detail/point2_d__functions.h
[19.450s] -- Symlinking: /home/robot/debug_clear_ws/install/yolo_msgs/include/yolo_msgs/yolo_msgs/msg/detail/point2_d__struct.h
[19.458s] -- Symlinking: /home/robot/debug_clear_ws/install/yolo_msgs/include/yolo_msgs/yolo_msgs/msg/detail/point2_d__type_support.h
[19.466s] -- Symlinking: /home/robot/debug_clear_ws/install/yolo_msgs/include/yolo_msgs/yolo_msgs/msg/detail/pose2_d__functions.h
[19.473s] -- Symlinking: /home/robot/debug_clear_ws/install/yolo_msgs/include/yolo_msgs/yolo_msgs/msg/detail/pose2_d__struct.h
[19.481s] -- Symlinking: /home/robot/debug_clear_ws/install/yolo_msgs/include/yolo_msgs/yolo_msgs/msg/detail/pose2_d__type_support.h
[19.489s] -- Symlinking: /home/robot/debug_clear_ws/install/yolo_msgs/include/yolo_msgs/yolo_msgs/msg/detail/vector2__functions.h
[19.497s] -- Symlinking: /home/robot/debug_clear_ws/install/yolo_msgs/include/yolo_msgs/yolo_msgs/msg/detail/vector2__struct.h
[19.504s] -- Symlinking: /home/robot/debug_clear_ws/install/yolo_msgs/include/yolo_msgs/yolo_msgs/msg/detail/vector2__type_support.h
[19.512s] -- Symlinking: /home/robot/debug_clear_ws/install/yolo_msgs/include/yolo_msgs/yolo_msgs/msg/detection.h
[19.520s] -- Symlinking: /home/robot/debug_clear_ws/install/yolo_msgs/include/yolo_msgs/yolo_msgs/msg/detection_array.h
[19.528s] -- Symlinking: /home/robot/debug_clear_ws/install/yolo_msgs/include/yolo_msgs/yolo_msgs/msg/key_point2_d.h
[19.536s] -- Symlinking: /home/robot/debug_clear_ws/install/yolo_msgs/include/yolo_msgs/yolo_msgs/msg/key_point2_d_array.h
[19.544s] -- Symlinking: /home/robot/debug_clear_ws/install/yolo_msgs/include/yolo_msgs/yolo_msgs/msg/key_point3_d.h
[19.552s] -- Symlinking: /home/robot/debug_clear_ws/install/yolo_msgs/include/yolo_msgs/yolo_msgs/msg/key_point3_d_array.h
[19.560s] -- Symlinking: /home/robot/debug_clear_ws/install/yolo_msgs/include/yolo_msgs/yolo_msgs/msg/mask.h
[19.568s] -- Symlinking: /home/robot/debug_clear_ws/install/yolo_msgs/include/yolo_msgs/yolo_msgs/msg/point2_d.h
[19.575s] -- Symlinking: /home/robot/debug_clear_ws/install/yolo_msgs/include/yolo_msgs/yolo_msgs/msg/pose2_d.h
[19.583s] -- Symlinking: /home/robot/debug_clear_ws/install/yolo_msgs/include/yolo_msgs/yolo_msgs/msg/rosidl_generator_c__visibility_control.h
[19.591s] -- Symlinking: /home/robot/debug_clear_ws/install/yolo_msgs/include/yolo_msgs/yolo_msgs/msg/vector2.h
[19.600s] -- Symlinking: /home/robot/debug_clear_ws/install/yolo_msgs/include/yolo_msgs/yolo_msgs/srv/detail/set_classes__functions.h
[19.614s] -- Symlinking: /home/robot/debug_clear_ws/install/yolo_msgs/include/yolo_msgs/yolo_msgs/srv/detail/set_classes__struct.h
[19.629s] -- Symlinking: /home/robot/debug_clear_ws/install/yolo_msgs/include/yolo_msgs/yolo_msgs/srv/detail/set_classes__type_support.h
[19.638s] -- Symlinking: /home/robot/debug_clear_ws/install/yolo_msgs/include/yolo_msgs/yolo_msgs/srv/set_classes.h
[19.647s] -- Symlinking: /home/robot/debug_clear_ws/install/yolo_msgs/share/yolo_msgs/environment/library_path.sh
[19.655s] -- Symlinking: /home/robot/debug_clear_ws/install/yolo_msgs/share/yolo_msgs/environment/library_path.dsv
[19.669s] -- Symlinking: /home/robot/debug_clear_ws/install/yolo_msgs/include/yolo_msgs/yolo_msgs/msg/detail/bounding_box2_d__rosidl_typesupport_fastrtps_c.h
[19.686s] -- Symlinking: /home/robot/debug_clear_ws/install/yolo_msgs/include/yolo_msgs/yolo_msgs/msg/detail/bounding_box3_d__rosidl_typesupport_fastrtps_c.h
[19.696s] -- Symlinking: /home/robot/debug_clear_ws/install/yolo_msgs/include/yolo_msgs/yolo_msgs/msg/detail/detection__rosidl_typesupport_fastrtps_c.h
[19.708s] -- Symlinking: /home/robot/debug_clear_ws/install/yolo_msgs/include/yolo_msgs/yolo_msgs/msg/detail/detection_array__rosidl_typesupport_fastrtps_c.h
[19.720s] -- Symlinking: /home/robot/debug_clear_ws/install/yolo_msgs/include/yolo_msgs/yolo_msgs/msg/detail/key_point2_d__rosidl_typesupport_fastrtps_c.h
[19.732s] -- Symlinking: /home/robot/debug_clear_ws/install/yolo_msgs/include/yolo_msgs/yolo_msgs/msg/detail/key_point2_d_array__rosidl_typesupport_fastrtps_c.h
[19.746s] -- Symlinking: /home/robot/debug_clear_ws/install/yolo_msgs/include/yolo_msgs/yolo_msgs/msg/detail/key_point3_d__rosidl_typesupport_fastrtps_c.h
[19.759s] -- Symlinking: /home/robot/debug_clear_ws/install/yolo_msgs/include/yolo_msgs/yolo_msgs/msg/detail/key_point3_d_array__rosidl_typesupport_fastrtps_c.h
[19.772s] -- Symlinking: /home/robot/debug_clear_ws/install/yolo_msgs/include/yolo_msgs/yolo_msgs/msg/detail/mask__rosidl_typesupport_fastrtps_c.h
[19.791s] -- Symlinking: /home/robot/debug_clear_ws/install/yolo_msgs/include/yolo_msgs/yolo_msgs/msg/detail/point2_d__rosidl_typesupport_fastrtps_c.h
[19.803s] -- Symlinking: /home/robot/debug_clear_ws/install/yolo_msgs/include/yolo_msgs/yolo_msgs/msg/detail/pose2_d__rosidl_typesupport_fastrtps_c.h
[19.837s] -- Symlinking: /home/robot/debug_clear_ws/install/yolo_msgs/include/yolo_msgs/yolo_msgs/msg/detail/vector2__rosidl_typesupport_fastrtps_c.h
[19.856s] -- Symlinking: /home/robot/debug_clear_ws/install/yolo_msgs/include/yolo_msgs/yolo_msgs/msg/rosidl_typesupport_fastrtps_c__visibility_control.h
[19.874s] -- Symlinking: /home/robot/debug_clear_ws/install/yolo_msgs/include/yolo_msgs/yolo_msgs/srv/detail/set_classes__rosidl_typesupport_fastrtps_c.h
[19.892s] -- Symlinking: /home/robot/debug_clear_ws/install/yolo_msgs/include/yolo_msgs/yolo_msgs/msg/detail/bounding_box2_d__rosidl_typesupport_introspection_c.h
[19.903s] -- Symlinking: /home/robot/debug_clear_ws/install/yolo_msgs/include/yolo_msgs/yolo_msgs/msg/detail/bounding_box3_d__rosidl_typesupport_introspection_c.h
[19.911s] -- Symlinking: /home/robot/debug_clear_ws/install/yolo_msgs/include/yolo_msgs/yolo_msgs/msg/detail/detection__rosidl_typesupport_introspection_c.h
[19.921s] -- Symlinking: /home/robot/debug_clear_ws/install/yolo_msgs/include/yolo_msgs/yolo_msgs/msg/detail/detection_array__rosidl_typesupport_introspection_c.h
[19.931s] -- Symlinking: /home/robot/debug_clear_ws/install/yolo_msgs/include/yolo_msgs/yolo_msgs/msg/detail/key_point2_d__rosidl_typesupport_introspection_c.h
[19.941s] -- Symlinking: /home/robot/debug_clear_ws/install/yolo_msgs/include/yolo_msgs/yolo_msgs/msg/detail/key_point2_d_array__rosidl_typesupport_introspection_c.h
[19.951s] -- Symlinking: /home/robot/debug_clear_ws/install/yolo_msgs/include/yolo_msgs/yolo_msgs/msg/detail/key_point3_d__rosidl_typesupport_introspection_c.h
[19.961s] -- Symlinking: /home/robot/debug_clear_ws/install/yolo_msgs/include/yolo_msgs/yolo_msgs/msg/detail/key_point3_d_array__rosidl_typesupport_introspection_c.h
[19.970s] -- Symlinking: /home/robot/debug_clear_ws/install/yolo_msgs/include/yolo_msgs/yolo_msgs/msg/detail/mask__rosidl_typesupport_introspection_c.h
[19.980s] -- Symlinking: /home/robot/debug_clear_ws/install/yolo_msgs/include/yolo_msgs/yolo_msgs/msg/detail/point2_d__rosidl_typesupport_introspection_c.h
[19.989s] -- Symlinking: /home/robot/debug_clear_ws/install/yolo_msgs/include/yolo_msgs/yolo_msgs/msg/detail/pose2_d__rosidl_typesupport_introspection_c.h
[20.000s] -- Symlinking: /home/robot/debug_clear_ws/install/yolo_msgs/include/yolo_msgs/yolo_msgs/msg/detail/vector2__rosidl_typesupport_introspection_c.h
[20.010s] -- Symlinking: /home/robot/debug_clear_ws/install/yolo_msgs/include/yolo_msgs/yolo_msgs/msg/rosidl_typesupport_introspection_c__visibility_control.h
[20.020s] -- Symlinking: /home/robot/debug_clear_ws/install/yolo_msgs/include/yolo_msgs/yolo_msgs/srv/detail/set_classes__rosidl_typesupport_introspection_c.h
[20.031s] -- Symlinking: /home/robot/debug_clear_ws/install/yolo_msgs/include/yolo_msgs/yolo_msgs/msg/bounding_box2_d.hpp
[20.041s] -- Symlinking: /home/robot/debug_clear_ws/install/yolo_msgs/include/yolo_msgs/yolo_msgs/msg/bounding_box3_d.hpp
[20.050s] -- Symlinking: /home/robot/debug_clear_ws/install/yolo_msgs/include/yolo_msgs/yolo_msgs/msg/detail/bounding_box2_d__builder.hpp
[20.061s] -- Symlinking: /home/robot/debug_clear_ws/install/yolo_msgs/include/yolo_msgs/yolo_msgs/msg/detail/bounding_box2_d__struct.hpp
[20.070s] -- Symlinking: /home/robot/debug_clear_ws/install/yolo_msgs/include/yolo_msgs/yolo_msgs/msg/detail/bounding_box2_d__traits.hpp
[20.080s] -- Symlinking: /home/robot/debug_clear_ws/install/yolo_msgs/include/yolo_msgs/yolo_msgs/msg/detail/bounding_box2_d__type_support.hpp
[20.091s] -- Symlinking: /home/robot/debug_clear_ws/install/yolo_msgs/include/yolo_msgs/yolo_msgs/msg/detail/bounding_box3_d__builder.hpp
[20.100s] -- Symlinking: /home/robot/debug_clear_ws/install/yolo_msgs/include/yolo_msgs/yolo_msgs/msg/detail/bounding_box3_d__struct.hpp
[20.110s] -- Symlinking: /home/robot/debug_clear_ws/install/yolo_msgs/include/yolo_msgs/yolo_msgs/msg/detail/bounding_box3_d__traits.hpp
[20.119s] -- Symlinking: /home/robot/debug_clear_ws/install/yolo_msgs/include/yolo_msgs/yolo_msgs/msg/detail/bounding_box3_d__type_support.hpp
[20.130s] -- Symlinking: /home/robot/debug_clear_ws/install/yolo_msgs/include/yolo_msgs/yolo_msgs/msg/detail/detection__builder.hpp
[20.140s] -- Symlinking: /home/robot/debug_clear_ws/install/yolo_msgs/include/yolo_msgs/yolo_msgs/msg/detail/detection__struct.hpp
[20.151s] -- Symlinking: /home/robot/debug_clear_ws/install/yolo_msgs/include/yolo_msgs/yolo_msgs/msg/detail/detection__traits.hpp
[20.160s] -- Symlinking: /home/robot/debug_clear_ws/install/yolo_msgs/include/yolo_msgs/yolo_msgs/msg/detail/detection__type_support.hpp
[20.169s] -- Symlinking: /home/robot/debug_clear_ws/install/yolo_msgs/include/yolo_msgs/yolo_msgs/msg/detail/detection_array__builder.hpp
[20.179s] -- Symlinking: /home/robot/debug_clear_ws/install/yolo_msgs/include/yolo_msgs/yolo_msgs/msg/detail/detection_array__struct.hpp
[20.188s] -- Symlinking: /home/robot/debug_clear_ws/install/yolo_msgs/include/yolo_msgs/yolo_msgs/msg/detail/detection_array__traits.hpp
[20.198s] -- Symlinking: /home/robot/debug_clear_ws/install/yolo_msgs/include/yolo_msgs/yolo_msgs/msg/detail/detection_array__type_support.hpp
[20.207s] -- Symlinking: /home/robot/debug_clear_ws/install/yolo_msgs/include/yolo_msgs/yolo_msgs/msg/detail/key_point2_d__builder.hpp
[20.216s] -- Symlinking: /home/robot/debug_clear_ws/install/yolo_msgs/include/yolo_msgs/yolo_msgs/msg/detail/key_point2_d__struct.hpp
[20.226s] -- Symlinking: /home/robot/debug_clear_ws/install/yolo_msgs/include/yolo_msgs/yolo_msgs/msg/detail/key_point2_d__traits.hpp
[20.236s] -- Symlinking: /home/robot/debug_clear_ws/install/yolo_msgs/include/yolo_msgs/yolo_msgs/msg/detail/key_point2_d__type_support.hpp
[20.246s] -- Symlinking: /home/robot/debug_clear_ws/install/yolo_msgs/include/yolo_msgs/yolo_msgs/msg/detail/key_point2_d_array__builder.hpp
[20.256s] -- Symlinking: /home/robot/debug_clear_ws/install/yolo_msgs/include/yolo_msgs/yolo_msgs/msg/detail/key_point2_d_array__struct.hpp
[20.265s] -- Symlinking: /home/robot/debug_clear_ws/install/yolo_msgs/include/yolo_msgs/yolo_msgs/msg/detail/key_point2_d_array__traits.hpp
[20.274s] -- Symlinking: /home/robot/debug_clear_ws/install/yolo_msgs/include/yolo_msgs/yolo_msgs/msg/detail/key_point2_d_array__type_support.hpp
[20.284s] -- Symlinking: /home/robot/debug_clear_ws/install/yolo_msgs/include/yolo_msgs/yolo_msgs/msg/detail/key_point3_d__builder.hpp
[20.293s] -- Symlinking: /home/robot/debug_clear_ws/install/yolo_msgs/include/yolo_msgs/yolo_msgs/msg/detail/key_point3_d__struct.hpp
[20.301s] -- Symlinking: /home/robot/debug_clear_ws/install/yolo_msgs/include/yolo_msgs/yolo_msgs/msg/detail/key_point3_d__traits.hpp
[20.310s] -- Symlinking: /home/robot/debug_clear_ws/install/yolo_msgs/include/yolo_msgs/yolo_msgs/msg/detail/key_point3_d__type_support.hpp
[20.319s] -- Symlinking: /home/robot/debug_clear_ws/install/yolo_msgs/include/yolo_msgs/yolo_msgs/msg/detail/key_point3_d_array__builder.hpp
[20.327s] -- Symlinking: /home/robot/debug_clear_ws/install/yolo_msgs/include/yolo_msgs/yolo_msgs/msg/detail/key_point3_d_array__struct.hpp
[20.336s] -- Symlinking: /home/robot/debug_clear_ws/install/yolo_msgs/include/yolo_msgs/yolo_msgs/msg/detail/key_point3_d_array__traits.hpp
[20.345s] -- Symlinking: /home/robot/debug_clear_ws/install/yolo_msgs/include/yolo_msgs/yolo_msgs/msg/detail/key_point3_d_array__type_support.hpp
[20.353s] -- Symlinking: /home/robot/debug_clear_ws/install/yolo_msgs/include/yolo_msgs/yolo_msgs/msg/detail/mask__builder.hpp
[20.362s] -- Symlinking: /home/robot/debug_clear_ws/install/yolo_msgs/include/yolo_msgs/yolo_msgs/msg/detail/mask__struct.hpp
[20.371s] -- Symlinking: /home/robot/debug_clear_ws/install/yolo_msgs/include/yolo_msgs/yolo_msgs/msg/detail/mask__traits.hpp
[20.380s] -- Symlinking: /home/robot/debug_clear_ws/install/yolo_msgs/include/yolo_msgs/yolo_msgs/msg/detail/mask__type_support.hpp
[20.388s] -- Symlinking: /home/robot/debug_clear_ws/install/yolo_msgs/include/yolo_msgs/yolo_msgs/msg/detail/point2_d__builder.hpp
[20.396s] -- Symlinking: /home/robot/debug_clear_ws/install/yolo_msgs/include/yolo_msgs/yolo_msgs/msg/detail/point2_d__struct.hpp
[20.405s] -- Symlinking: /home/robot/debug_clear_ws/install/yolo_msgs/include/yolo_msgs/yolo_msgs/msg/detail/point2_d__traits.hpp
[20.414s] -- Symlinking: /home/robot/debug_clear_ws/install/yolo_msgs/include/yolo_msgs/yolo_msgs/msg/detail/point2_d__type_support.hpp
[20.421s] -- Symlinking: /home/robot/debug_clear_ws/install/yolo_msgs/include/yolo_msgs/yolo_msgs/msg/detail/pose2_d__builder.hpp
[20.429s] -- Symlinking: /home/robot/debug_clear_ws/install/yolo_msgs/include/yolo_msgs/yolo_msgs/msg/detail/pose2_d__struct.hpp
[20.438s] -- Symlinking: /home/robot/debug_clear_ws/install/yolo_msgs/include/yolo_msgs/yolo_msgs/msg/detail/pose2_d__traits.hpp
[20.446s] -- Symlinking: /home/robot/debug_clear_ws/install/yolo_msgs/include/yolo_msgs/yolo_msgs/msg/detail/pose2_d__type_support.hpp
[20.453s] -- Symlinking: /home/robot/debug_clear_ws/install/yolo_msgs/include/yolo_msgs/yolo_msgs/msg/detail/vector2__builder.hpp
[20.461s] -- Symlinking: /home/robot/debug_clear_ws/install/yolo_msgs/include/yolo_msgs/yolo_msgs/msg/detail/vector2__struct.hpp
[20.470s] -- Symlinking: /home/robot/debug_clear_ws/install/yolo_msgs/include/yolo_msgs/yolo_msgs/msg/detail/vector2__traits.hpp
[20.478s] -- Symlinking: /home/robot/debug_clear_ws/install/yolo_msgs/include/yolo_msgs/yolo_msgs/msg/detail/vector2__type_support.hpp
[20.485s] -- Symlinking: /home/robot/debug_clear_ws/install/yolo_msgs/include/yolo_msgs/yolo_msgs/msg/detection.hpp
[20.494s] -- Symlinking: /home/robot/debug_clear_ws/install/yolo_msgs/include/yolo_msgs/yolo_msgs/msg/detection_array.hpp
[20.504s] -- Symlinking: /home/robot/debug_clear_ws/install/yolo_msgs/include/yolo_msgs/yolo_msgs/msg/key_point2_d.hpp
[20.512s] -- Symlinking: /home/robot/debug_clear_ws/install/yolo_msgs/include/yolo_msgs/yolo_msgs/msg/key_point2_d_array.hpp
[20.520s] -- Symlinking: /home/robot/debug_clear_ws/install/yolo_msgs/include/yolo_msgs/yolo_msgs/msg/key_point3_d.hpp
[20.528s] -- Symlinking: /home/robot/debug_clear_ws/install/yolo_msgs/include/yolo_msgs/yolo_msgs/msg/key_point3_d_array.hpp
[20.536s] -- Symlinking: /home/robot/debug_clear_ws/install/yolo_msgs/include/yolo_msgs/yolo_msgs/msg/mask.hpp
[20.544s] -- Symlinking: /home/robot/debug_clear_ws/install/yolo_msgs/include/yolo_msgs/yolo_msgs/msg/point2_d.hpp
[20.552s] -- Symlinking: /home/robot/debug_clear_ws/install/yolo_msgs/include/yolo_msgs/yolo_msgs/msg/pose2_d.hpp
[20.560s] -- Symlinking: /home/robot/debug_clear_ws/install/yolo_msgs/include/yolo_msgs/yolo_msgs/msg/rosidl_generator_cpp__visibility_control.hpp
[20.568s] -- Symlinking: /home/robot/debug_clear_ws/install/yolo_msgs/include/yolo_msgs/yolo_msgs/msg/vector2.hpp
[20.575s] -- Symlinking: /home/robot/debug_clear_ws/install/yolo_msgs/include/yolo_msgs/yolo_msgs/srv/detail/set_classes__builder.hpp
[20.583s] -- Symlinking: /home/robot/debug_clear_ws/install/yolo_msgs/include/yolo_msgs/yolo_msgs/srv/detail/set_classes__struct.hpp
[20.590s] -- Symlinking: /home/robot/debug_clear_ws/install/yolo_msgs/include/yolo_msgs/yolo_msgs/srv/detail/set_classes__traits.hpp
[20.599s] -- Symlinking: /home/robot/debug_clear_ws/install/yolo_msgs/include/yolo_msgs/yolo_msgs/srv/detail/set_classes__type_support.hpp
[20.606s] -- Symlinking: /home/robot/debug_clear_ws/install/yolo_msgs/include/yolo_msgs/yolo_msgs/srv/set_classes.hpp
[20.614s] -- Symlinking: /home/robot/debug_clear_ws/install/yolo_msgs/include/yolo_msgs/yolo_msgs/msg/detail/bounding_box2_d__rosidl_typesupport_fastrtps_cpp.hpp
[20.621s] -- Symlinking: /home/robot/debug_clear_ws/install/yolo_msgs/include/yolo_msgs/yolo_msgs/msg/detail/bounding_box3_d__rosidl_typesupport_fastrtps_cpp.hpp
[20.628s] -- Symlinking: /home/robot/debug_clear_ws/install/yolo_msgs/include/yolo_msgs/yolo_msgs/msg/detail/detection__rosidl_typesupport_fastrtps_cpp.hpp
[20.637s] -- Symlinking: /home/robot/debug_clear_ws/install/yolo_msgs/include/yolo_msgs/yolo_msgs/msg/detail/detection_array__rosidl_typesupport_fastrtps_cpp.hpp
[20.647s] -- Symlinking: /home/robot/debug_clear_ws/install/yolo_msgs/include/yolo_msgs/yolo_msgs/msg/detail/key_point2_d__rosidl_typesupport_fastrtps_cpp.hpp
[20.656s] -- Symlinking: /home/robot/debug_clear_ws/install/yolo_msgs/include/yolo_msgs/yolo_msgs/msg/detail/key_point2_d_array__rosidl_typesupport_fastrtps_cpp.hpp
[20.666s] -- Symlinking: /home/robot/debug_clear_ws/install/yolo_msgs/include/yolo_msgs/yolo_msgs/msg/detail/key_point3_d__rosidl_typesupport_fastrtps_cpp.hpp
[20.675s] -- Symlinking: /home/robot/debug_clear_ws/install/yolo_msgs/include/yolo_msgs/yolo_msgs/msg/detail/key_point3_d_array__rosidl_typesupport_fastrtps_cpp.hpp
[20.684s] -- Symlinking: /home/robot/debug_clear_ws/install/yolo_msgs/include/yolo_msgs/yolo_msgs/msg/detail/mask__rosidl_typesupport_fastrtps_cpp.hpp
[20.692s] -- Symlinking: /home/robot/debug_clear_ws/install/yolo_msgs/include/yolo_msgs/yolo_msgs/msg/detail/point2_d__rosidl_typesupport_fastrtps_cpp.hpp
[20.699s] -- Symlinking: /home/robot/debug_clear_ws/install/yolo_msgs/include/yolo_msgs/yolo_msgs/msg/detail/pose2_d__rosidl_typesupport_fastrtps_cpp.hpp
[20.706s] -- Symlinking: /home/robot/debug_clear_ws/install/yolo_msgs/include/yolo_msgs/yolo_msgs/msg/detail/vector2__rosidl_typesupport_fastrtps_cpp.hpp
[20.714s] -- Symlinking: /home/robot/debug_clear_ws/install/yolo_msgs/include/yolo_msgs/yolo_msgs/msg/rosidl_typesupport_fastrtps_cpp__visibility_control.h
[20.722s] -- Symlinking: /home/robot/debug_clear_ws/install/yolo_msgs/include/yolo_msgs/yolo_msgs/srv/detail/set_classes__rosidl_typesupport_fastrtps_cpp.hpp
[20.730s] -- Symlinking: /home/robot/debug_clear_ws/install/yolo_msgs/include/yolo_msgs/yolo_msgs/msg/detail/bounding_box2_d__rosidl_typesupport_introspection_cpp.hpp
[20.740s] -- Symlinking: /home/robot/debug_clear_ws/install/yolo_msgs/include/yolo_msgs/yolo_msgs/msg/detail/bounding_box3_d__rosidl_typesupport_introspection_cpp.hpp
[20.747s] -- Symlinking: /home/robot/debug_clear_ws/install/yolo_msgs/include/yolo_msgs/yolo_msgs/msg/detail/detection__rosidl_typesupport_introspection_cpp.hpp
[20.755s] -- Symlinking: /home/robot/debug_clear_ws/install/yolo_msgs/include/yolo_msgs/yolo_msgs/msg/detail/detection_array__rosidl_typesupport_introspection_cpp.hpp
[20.763s] -- Symlinking: /home/robot/debug_clear_ws/install/yolo_msgs/include/yolo_msgs/yolo_msgs/msg/detail/key_point2_d__rosidl_typesupport_introspection_cpp.hpp
[20.772s] -- Symlinking: /home/robot/debug_clear_ws/install/yolo_msgs/include/yolo_msgs/yolo_msgs/msg/detail/key_point2_d_array__rosidl_typesupport_introspection_cpp.hpp
[20.781s] -- Symlinking: /home/robot/debug_clear_ws/install/yolo_msgs/include/yolo_msgs/yolo_msgs/msg/detail/key_point3_d__rosidl_typesupport_introspection_cpp.hpp
[20.789s] -- Symlinking: /home/robot/debug_clear_ws/install/yolo_msgs/include/yolo_msgs/yolo_msgs/msg/detail/key_point3_d_array__rosidl_typesupport_introspection_cpp.hpp
[20.798s] -- Symlinking: /home/robot/debug_clear_ws/install/yolo_msgs/include/yolo_msgs/yolo_msgs/msg/detail/mask__rosidl_typesupport_introspection_cpp.hpp
[20.807s] -- Symlinking: /home/robot/debug_clear_ws/install/yolo_msgs/include/yolo_msgs/yolo_msgs/msg/detail/point2_d__rosidl_typesupport_introspection_cpp.hpp
[20.817s] -- Symlinking: /home/robot/debug_clear_ws/install/yolo_msgs/include/yolo_msgs/yolo_msgs/msg/detail/pose2_d__rosidl_typesupport_introspection_cpp.hpp
[20.827s] -- Symlinking: /home/robot/debug_clear_ws/install/yolo_msgs/include/yolo_msgs/yolo_msgs/msg/detail/vector2__rosidl_typesupport_introspection_cpp.hpp
[20.837s] -- Symlinking: /home/robot/debug_clear_ws/install/yolo_msgs/include/yolo_msgs/yolo_msgs/srv/detail/set_classes__rosidl_typesupport_introspection_cpp.hpp
[20.846s] -- Symlinking: /home/robot/debug_clear_ws/install/yolo_msgs/share/yolo_msgs/environment/pythonpath.sh
[20.854s] -- Symlinking: /home/robot/debug_clear_ws/install/yolo_msgs/share/yolo_msgs/environment/pythonpath.dsv
[20.862s] -- Symlinking: /home/robot/debug_clear_ws/install/yolo_msgs/local/lib/python3.10/dist-packages/yolo_msgs-4.0.1-py3.10.egg-info/PKG-INFO
[20.869s] -- Symlinking: /home/robot/debug_clear_ws/install/yolo_msgs/local/lib/python3.10/dist-packages/yolo_msgs-4.0.1-py3.10.egg-info/SOURCES.txt
[20.877s] -- Symlinking: /home/robot/debug_clear_ws/install/yolo_msgs/local/lib/python3.10/dist-packages/yolo_msgs-4.0.1-py3.10.egg-info/dependency_links.txt
[20.884s] -- Symlinking: /home/robot/debug_clear_ws/install/yolo_msgs/local/lib/python3.10/dist-packages/yolo_msgs-4.0.1-py3.10.egg-info/top_level.txt
[20.893s] -- Symlinking: /home/robot/debug_clear_ws/install/yolo_msgs/local/lib/python3.10/dist-packages/yolo_msgs/__init__.py
[20.900s] -- Symlinking: /home/robot/debug_clear_ws/install/yolo_msgs/local/lib/python3.10/dist-packages/yolo_msgs/_yolo_msgs_s.ep.rosidl_typesupport_c.c
[20.907s] -- Symlinking: /home/robot/debug_clear_ws/install/yolo_msgs/local/lib/python3.10/dist-packages/yolo_msgs/_yolo_msgs_s.ep.rosidl_typesupport_fastrtps_c.c
[20.914s] -- Symlinking: /home/robot/debug_clear_ws/install/yolo_msgs/local/lib/python3.10/dist-packages/yolo_msgs/_yolo_msgs_s.ep.rosidl_typesupport_introspection_c.c
[20.922s] -- Symlinking: /home/robot/debug_clear_ws/install/yolo_msgs/local/lib/python3.10/dist-packages/yolo_msgs/libyolo_msgs__rosidl_generator_py.so
[20.929s] -- Symlinking: /home/robot/debug_clear_ws/install/yolo_msgs/local/lib/python3.10/dist-packages/yolo_msgs/msg/__init__.py
[20.937s] -- Symlinking: /home/robot/debug_clear_ws/install/yolo_msgs/local/lib/python3.10/dist-packages/yolo_msgs/msg/_bounding_box2_d.py
[20.946s] -- Symlinking: /home/robot/debug_clear_ws/install/yolo_msgs/local/lib/python3.10/dist-packages/yolo_msgs/msg/_bounding_box2_d_s.c
[20.953s] -- Symlinking: /home/robot/debug_clear_ws/install/yolo_msgs/local/lib/python3.10/dist-packages/yolo_msgs/msg/_bounding_box3_d.py
[20.960s] -- Symlinking: /home/robot/debug_clear_ws/install/yolo_msgs/local/lib/python3.10/dist-packages/yolo_msgs/msg/_bounding_box3_d_s.c
[20.968s] -- Symlinking: /home/robot/debug_clear_ws/install/yolo_msgs/local/lib/python3.10/dist-packages/yolo_msgs/msg/_detection.py
[20.975s] -- Symlinking: /home/robot/debug_clear_ws/install/yolo_msgs/local/lib/python3.10/dist-packages/yolo_msgs/msg/_detection_array.py
[20.982s] -- Symlinking: /home/robot/debug_clear_ws/install/yolo_msgs/local/lib/python3.10/dist-packages/yolo_msgs/msg/_detection_array_s.c
[20.990s] -- Symlinking: /home/robot/debug_clear_ws/install/yolo_msgs/local/lib/python3.10/dist-packages/yolo_msgs/msg/_detection_s.c
[20.997s] -- Symlinking: /home/robot/debug_clear_ws/install/yolo_msgs/local/lib/python3.10/dist-packages/yolo_msgs/msg/_key_point2_d.py
[21.004s] -- Symlinking: /home/robot/debug_clear_ws/install/yolo_msgs/local/lib/python3.10/dist-packages/yolo_msgs/msg/_key_point2_d_array.py
[21.013s] -- Symlinking: /home/robot/debug_clear_ws/install/yolo_msgs/local/lib/python3.10/dist-packages/yolo_msgs/msg/_key_point2_d_array_s.c
[21.021s] -- Symlinking: /home/robot/debug_clear_ws/install/yolo_msgs/local/lib/python3.10/dist-packages/yolo_msgs/msg/_key_point2_d_s.c
[21.028s] -- Symlinking: /home/robot/debug_clear_ws/install/yolo_msgs/local/lib/python3.10/dist-packages/yolo_msgs/msg/_key_point3_d.py
[21.036s] -- Symlinking: /home/robot/debug_clear_ws/install/yolo_msgs/local/lib/python3.10/dist-packages/yolo_msgs/msg/_key_point3_d_array.py
[21.044s] -- Symlinking: /home/robot/debug_clear_ws/install/yolo_msgs/local/lib/python3.10/dist-packages/yolo_msgs/msg/_key_point3_d_array_s.c
[21.052s] -- Symlinking: /home/robot/debug_clear_ws/install/yolo_msgs/local/lib/python3.10/dist-packages/yolo_msgs/msg/_key_point3_d_s.c
[21.060s] -- Symlinking: /home/robot/debug_clear_ws/install/yolo_msgs/local/lib/python3.10/dist-packages/yolo_msgs/msg/_mask.py
[21.068s] -- Symlinking: /home/robot/debug_clear_ws/install/yolo_msgs/local/lib/python3.10/dist-packages/yolo_msgs/msg/_mask_s.c
[21.075s] -- Symlinking: /home/robot/debug_clear_ws/install/yolo_msgs/local/lib/python3.10/dist-packages/yolo_msgs/msg/_point2_d.py
[21.083s] -- Symlinking: /home/robot/debug_clear_ws/install/yolo_msgs/local/lib/python3.10/dist-packages/yolo_msgs/msg/_point2_d_s.c
[21.091s] -- Symlinking: /home/robot/debug_clear_ws/install/yolo_msgs/local/lib/python3.10/dist-packages/yolo_msgs/msg/_pose2_d.py
[21.098s] -- Symlinking: /home/robot/debug_clear_ws/install/yolo_msgs/local/lib/python3.10/dist-packages/yolo_msgs/msg/_pose2_d_s.c
[21.105s] -- Symlinking: /home/robot/debug_clear_ws/install/yolo_msgs/local/lib/python3.10/dist-packages/yolo_msgs/msg/_vector2.py
[21.113s] -- Symlinking: /home/robot/debug_clear_ws/install/yolo_msgs/local/lib/python3.10/dist-packages/yolo_msgs/msg/_vector2_s.c
[21.121s] -- Symlinking: /home/robot/debug_clear_ws/install/yolo_msgs/local/lib/python3.10/dist-packages/yolo_msgs/srv/__init__.py
[21.128s] -- Symlinking: /home/robot/debug_clear_ws/install/yolo_msgs/local/lib/python3.10/dist-packages/yolo_msgs/srv/_set_classes.py
[21.135s] -- Symlinking: /home/robot/debug_clear_ws/install/yolo_msgs/local/lib/python3.10/dist-packages/yolo_msgs/srv/_set_classes_s.c
[21.144s] -- Symlinking: /home/robot/debug_clear_ws/install/yolo_msgs/local/lib/python3.10/dist-packages/yolo_msgs/yolo_msgs_s__rosidl_typesupport_c.cpython-310-x86_64-linux-gnu.so
[21.151s] -- Symlinking: /home/robot/debug_clear_ws/install/yolo_msgs/local/lib/python3.10/dist-packages/yolo_msgs/yolo_msgs_s__rosidl_typesupport_fastrtps_c.cpython-310-x86_64-linux-gnu.so
[21.159s] -- Symlinking: /home/robot/debug_clear_ws/install/yolo_msgs/local/lib/python3.10/dist-packages/yolo_msgs/yolo_msgs_s__rosidl_typesupport_introspection_c.cpython-310-x86_64-linux-gnu.so
[21.167s] -- Up-to-date symlink: /home/robot/debug_clear_ws/install/yolo_msgs/local/lib/python3.10/dist-packages/yolo_msgs/yolo_msgs_s__rosidl_typesupport_fastrtps_c.cpython-310-x86_64-linux-gnu.so
[21.167s] -- Up-to-date symlink: /home/robot/debug_clear_ws/install/yolo_msgs/local/lib/python3.10/dist-packages/yolo_msgs/yolo_msgs_s__rosidl_typesupport_introspection_c.cpython-310-x86_64-linux-gnu.so
[21.167s] -- Up-to-date symlink: /home/robot/debug_clear_ws/install/yolo_msgs/local/lib/python3.10/dist-packages/yolo_msgs/yolo_msgs_s__rosidl_typesupport_c.cpython-310-x86_64-linux-gnu.so
[21.167s] -- Symlinking: /home/robot/debug_clear_ws/install/yolo_msgs/share/yolo_msgs/msg/Point2D.idl
[21.175s] -- Symlinking: /home/robot/debug_clear_ws/install/yolo_msgs/share/yolo_msgs/msg/Vector2.idl
[21.182s] -- Symlinking: /home/robot/debug_clear_ws/install/yolo_msgs/share/yolo_msgs/msg/Pose2D.idl
[21.189s] -- Symlinking: /home/robot/debug_clear_ws/install/yolo_msgs/share/yolo_msgs/msg/BoundingBox2D.idl
[21.197s] -- Symlinking: /home/robot/debug_clear_ws/install/yolo_msgs/share/yolo_msgs/msg/BoundingBox3D.idl
[21.205s] -- Symlinking: /home/robot/debug_clear_ws/install/yolo_msgs/share/yolo_msgs/msg/Mask.idl
[21.212s] -- Symlinking: /home/robot/debug_clear_ws/install/yolo_msgs/share/yolo_msgs/msg/KeyPoint2D.idl
[21.220s] -- Symlinking: /home/robot/debug_clear_ws/install/yolo_msgs/share/yolo_msgs/msg/KeyPoint2DArray.idl
[21.228s] -- Symlinking: /home/robot/debug_clear_ws/install/yolo_msgs/share/yolo_msgs/msg/KeyPoint3D.idl
[21.236s] -- Symlinking: /home/robot/debug_clear_ws/install/yolo_msgs/share/yolo_msgs/msg/KeyPoint3DArray.idl
[21.244s] -- Symlinking: /home/robot/debug_clear_ws/install/yolo_msgs/share/yolo_msgs/msg/Detection.idl
[21.252s] -- Symlinking: /home/robot/debug_clear_ws/install/yolo_msgs/share/yolo_msgs/msg/DetectionArray.idl
[21.259s] -- Symlinking: /home/robot/debug_clear_ws/install/yolo_msgs/share/yolo_msgs/srv/SetClasses.idl
[21.267s] -- Symlinking: /home/robot/debug_clear_ws/install/yolo_msgs/share/yolo_msgs/msg/Point2D.msg
[21.274s] -- Symlinking: /home/robot/debug_clear_ws/install/yolo_msgs/share/yolo_msgs/msg/Vector2.msg
[21.282s] -- Symlinking: /home/robot/debug_clear_ws/install/yolo_msgs/share/yolo_msgs/msg/Pose2D.msg
[21.289s] -- Symlinking: /home/robot/debug_clear_ws/install/yolo_msgs/share/yolo_msgs/msg/BoundingBox2D.msg
[21.297s] -- Symlinking: /home/robot/debug_clear_ws/install/yolo_msgs/share/yolo_msgs/msg/BoundingBox3D.msg
[21.304s] -- Symlinking: /home/robot/debug_clear_ws/install/yolo_msgs/share/yolo_msgs/msg/Mask.msg
[21.312s] -- Symlinking: /home/robot/debug_clear_ws/install/yolo_msgs/share/yolo_msgs/msg/KeyPoint2D.msg
[21.320s] -- Symlinking: /home/robot/debug_clear_ws/install/yolo_msgs/share/yolo_msgs/msg/KeyPoint2DArray.msg
[21.328s] -- Symlinking: /home/robot/debug_clear_ws/install/yolo_msgs/share/yolo_msgs/msg/KeyPoint3D.msg
[21.337s] -- Symlinking: /home/robot/debug_clear_ws/install/yolo_msgs/share/yolo_msgs/msg/KeyPoint3DArray.msg
[21.345s] -- Symlinking: /home/robot/debug_clear_ws/install/yolo_msgs/share/yolo_msgs/msg/Detection.msg
[21.354s] -- Symlinking: /home/robot/debug_clear_ws/install/yolo_msgs/share/yolo_msgs/msg/DetectionArray.msg
[21.364s] -- Symlinking: /home/robot/debug_clear_ws/install/yolo_msgs/share/yolo_msgs/srv/SetClasses.srv
[21.372s] -- Symlinking: /home/robot/debug_clear_ws/install/yolo_msgs/share/yolo_msgs/srv/SetClasses_Request.msg
[21.380s] -- Symlinking: /home/robot/debug_clear_ws/install/yolo_msgs/share/yolo_msgs/srv/SetClasses_Response.msg
[21.387s] -- Symlinking: /home/robot/debug_clear_ws/install/yolo_msgs/share/ament_index/resource_index/package_run_dependencies/yolo_msgs
[21.394s] -- Symlinking: /home/robot/debug_clear_ws/install/yolo_msgs/share/ament_index/resource_index/parent_prefix_path/yolo_msgs
[21.402s] -- Symlinking: /home/robot/debug_clear_ws/install/yolo_msgs/share/yolo_msgs/environment/ament_prefix_path.sh
[21.410s] -- Symlinking: /home/robot/debug_clear_ws/install/yolo_msgs/share/yolo_msgs/environment/ament_prefix_path.dsv
[21.419s] -- Symlinking: /home/robot/debug_clear_ws/install/yolo_msgs/share/yolo_msgs/environment/path.sh
[21.426s] -- Symlinking: /home/robot/debug_clear_ws/install/yolo_msgs/share/yolo_msgs/environment/path.dsv
[21.434s] -- Symlinking: /home/robot/debug_clear_ws/install/yolo_msgs/share/yolo_msgs/local_setup.bash
[21.443s] -- Symlinking: /home/robot/debug_clear_ws/install/yolo_msgs/share/yolo_msgs/local_setup.sh
[21.451s] -- Symlinking: /home/robot/debug_clear_ws/install/yolo_msgs/share/yolo_msgs/local_setup.zsh
[21.459s] -- Symlinking: /home/robot/debug_clear_ws/install/yolo_msgs/share/yolo_msgs/local_setup.dsv
[21.466s] -- Symlinking: /home/robot/debug_clear_ws/install/yolo_msgs/share/yolo_msgs/package.dsv
[21.474s] -- Symlinking: /home/robot/debug_clear_ws/install/yolo_msgs/share/ament_index/resource_index/packages/yolo_msgs
[21.482s] -- Symlinking: /home/robot/debug_clear_ws/install/yolo_msgs/share/yolo_msgs/cmake/rosidl_cmake-extras.cmake
[21.490s] -- Symlinking: /home/robot/debug_clear_ws/install/yolo_msgs/share/yolo_msgs/cmake/ament_cmake_export_dependencies-extras.cmake
[21.499s] -- Symlinking: /home/robot/debug_clear_ws/install/yolo_msgs/share/yolo_msgs/cmake/ament_cmake_export_include_directories-extras.cmake
[21.507s] -- Symlinking: /home/robot/debug_clear_ws/install/yolo_msgs/share/yolo_msgs/cmake/ament_cmake_export_libraries-extras.cmake
[21.516s] -- Symlinking: /home/robot/debug_clear_ws/install/yolo_msgs/share/yolo_msgs/cmake/ament_cmake_export_targets-extras.cmake
[21.524s] -- Symlinking: /home/robot/debug_clear_ws/install/yolo_msgs/share/yolo_msgs/cmake/rosidl_cmake_export_typesupport_targets-extras.cmake
[21.533s] -- Symlinking: /home/robot/debug_clear_ws/install/yolo_msgs/share/yolo_msgs/cmake/rosidl_cmake_export_typesupport_libraries-extras.cmake
[21.542s] -- Symlinking: /home/robot/debug_clear_ws/install/yolo_msgs/share/yolo_msgs/cmake/yolo_msgsConfig.cmake
[21.550s] -- Symlinking: /home/robot/debug_clear_ws/install/yolo_msgs/share/yolo_msgs/cmake/yolo_msgsConfig-version.cmake
[21.560s] -- Symlinking: /home/robot/debug_clear_ws/install/yolo_msgs/share/yolo_msgs/package.xml
[21.568s] -- Installing: /home/robot/debug_clear_ws/install/yolo_msgs/lib/libyolo_msgs__rosidl_generator_c.so
[21.568s] -- Set runtime path of "/home/robot/debug_clear_ws/install/yolo_msgs/lib/libyolo_msgs__rosidl_generator_c.so" to ""
[21.569s] -- Installing: /home/robot/debug_clear_ws/install/yolo_msgs/lib/libyolo_msgs__rosidl_typesupport_fastrtps_c.so
[21.569s] -- Set runtime path of "/home/robot/debug_clear_ws/install/yolo_msgs/lib/libyolo_msgs__rosidl_typesupport_fastrtps_c.so" to ""
[21.569s] -- Installing: /home/robot/debug_clear_ws/install/yolo_msgs/lib/libyolo_msgs__rosidl_typesupport_introspection_c.so
[21.570s] -- Set runtime path of "/home/robot/debug_clear_ws/install/yolo_msgs/lib/libyolo_msgs__rosidl_typesupport_introspection_c.so" to ""
[21.570s] -- Installing: /home/robot/debug_clear_ws/install/yolo_msgs/lib/libyolo_msgs__rosidl_typesupport_c.so
[21.570s] -- Set runtime path of "/home/robot/debug_clear_ws/install/yolo_msgs/lib/libyolo_msgs__rosidl_typesupport_c.so" to ""
[21.571s] -- Installing: /home/robot/debug_clear_ws/install/yolo_msgs/lib/libyolo_msgs__rosidl_typesupport_fastrtps_cpp.so
[21.572s] -- Set runtime path of "/home/robot/debug_clear_ws/install/yolo_msgs/lib/libyolo_msgs__rosidl_typesupport_fastrtps_cpp.so" to ""
[21.572s] -- Installing: /home/robot/debug_clear_ws/install/yolo_msgs/lib/libyolo_msgs__rosidl_typesupport_introspection_cpp.so
[21.573s] -- Set runtime path of "/home/robot/debug_clear_ws/install/yolo_msgs/lib/libyolo_msgs__rosidl_typesupport_introspection_cpp.so" to ""
[21.573s] -- Installing: /home/robot/debug_clear_ws/install/yolo_msgs/lib/libyolo_msgs__rosidl_typesupport_cpp.so
[21.573s] -- Set runtime path of "/home/robot/debug_clear_ws/install/yolo_msgs/lib/libyolo_msgs__rosidl_typesupport_cpp.so" to ""
[21.624s] Listing '/home/robot/debug_clear_ws/install/yolo_msgs/local/lib/python3.10/dist-packages/yolo_msgs'...
[21.624s] Compiling '/home/robot/debug_clear_ws/install/yolo_msgs/local/lib/python3.10/dist-packages/yolo_msgs/__init__.py'...
[21.624s] Listing '/home/robot/debug_clear_ws/install/yolo_msgs/local/lib/python3.10/dist-packages/yolo_msgs/msg'...
[21.624s] Compiling '/home/robot/debug_clear_ws/install/yolo_msgs/local/lib/python3.10/dist-packages/yolo_msgs/msg/__init__.py'...
[21.624s] Compiling '/home/robot/debug_clear_ws/install/yolo_msgs/local/lib/python3.10/dist-packages/yolo_msgs/msg/_bounding_box2_d.py'...
[21.624s] Compiling '/home/robot/debug_clear_ws/install/yolo_msgs/local/lib/python3.10/dist-packages/yolo_msgs/msg/_bounding_box3_d.py'...
[21.624s] Compiling '/home/robot/debug_clear_ws/install/yolo_msgs/local/lib/python3.10/dist-packages/yolo_msgs/msg/_detection.py'...
[21.624s] Compiling '/home/robot/debug_clear_ws/install/yolo_msgs/local/lib/python3.10/dist-packages/yolo_msgs/msg/_detection_array.py'...
[21.624s] Compiling '/home/robot/debug_clear_ws/install/yolo_msgs/local/lib/python3.10/dist-packages/yolo_msgs/msg/_key_point2_d.py'...
[21.624s] Compiling '/home/robot/debug_clear_ws/install/yolo_msgs/local/lib/python3.10/dist-packages/yolo_msgs/msg/_key_point2_d_array.py'...
[21.624s] Compiling '/home/robot/debug_clear_ws/install/yolo_msgs/local/lib/python3.10/dist-packages/yolo_msgs/msg/_key_point3_d.py'...
[21.624s] Compiling '/home/robot/debug_clear_ws/install/yolo_msgs/local/lib/python3.10/dist-packages/yolo_msgs/msg/_key_point3_d_array.py'...
[21.624s] Compiling '/home/robot/debug_clear_ws/install/yolo_msgs/local/lib/python3.10/dist-packages/yolo_msgs/msg/_mask.py'...
[21.624s] Compiling '/home/robot/debug_clear_ws/install/yolo_msgs/local/lib/python3.10/dist-packages/yolo_msgs/msg/_point2_d.py'...
[21.625s] Compiling '/home/robot/debug_clear_ws/install/yolo_msgs/local/lib/python3.10/dist-packages/yolo_msgs/msg/_pose2_d.py'...
[21.625s] Compiling '/home/robot/debug_clear_ws/install/yolo_msgs/local/lib/python3.10/dist-packages/yolo_msgs/msg/_vector2.py'...
[21.625s] Listing '/home/robot/debug_clear_ws/install/yolo_msgs/local/lib/python3.10/dist-packages/yolo_msgs/srv'...
[21.625s] Compiling '/home/robot/debug_clear_ws/install/yolo_msgs/local/lib/python3.10/dist-packages/yolo_msgs/srv/__init__.py'...
[21.625s] Compiling '/home/robot/debug_clear_ws/install/yolo_msgs/local/lib/python3.10/dist-packages/yolo_msgs/srv/_set_classes.py'...
[21.629s] -- Installing: /home/robot/debug_clear_ws/install/yolo_msgs/lib/libyolo_msgs__rosidl_generator_py.so
[21.630s] -- Set runtime path of "/home/robot/debug_clear_ws/install/yolo_msgs/lib/libyolo_msgs__rosidl_generator_py.so" to ""
[21.630s] -- Installing: /home/robot/debug_clear_ws/install/yolo_msgs/share/yolo_msgs/cmake/export_yolo_msgs__rosidl_generator_cExport.cmake
[21.630s] -- Installing: /home/robot/debug_clear_ws/install/yolo_msgs/share/yolo_msgs/cmake/export_yolo_msgs__rosidl_generator_cExport-noconfig.cmake
[21.630s] -- Installing: /home/robot/debug_clear_ws/install/yolo_msgs/share/yolo_msgs/cmake/export_yolo_msgs__rosidl_typesupport_fastrtps_cExport.cmake
[21.630s] -- Installing: /home/robot/debug_clear_ws/install/yolo_msgs/share/yolo_msgs/cmake/export_yolo_msgs__rosidl_typesupport_fastrtps_cExport-noconfig.cmake
[21.631s] -- Installing: /home/robot/debug_clear_ws/install/yolo_msgs/share/yolo_msgs/cmake/yolo_msgs__rosidl_typesupport_introspection_cExport.cmake
[21.631s] -- Installing: /home/robot/debug_clear_ws/install/yolo_msgs/share/yolo_msgs/cmake/yolo_msgs__rosidl_typesupport_introspection_cExport-noconfig.cmake
[21.631s] -- Installing: /home/robot/debug_clear_ws/install/yolo_msgs/share/yolo_msgs/cmake/yolo_msgs__rosidl_typesupport_cExport.cmake
[21.631s] -- Installing: /home/robot/debug_clear_ws/install/yolo_msgs/share/yolo_msgs/cmake/yolo_msgs__rosidl_typesupport_cExport-noconfig.cmake
[21.631s] -- Installing: /home/robot/debug_clear_ws/install/yolo_msgs/share/yolo_msgs/cmake/export_yolo_msgs__rosidl_generator_cppExport.cmake
[21.632s] -- Installing: /home/robot/debug_clear_ws/install/yolo_msgs/share/yolo_msgs/cmake/export_yolo_msgs__rosidl_typesupport_fastrtps_cppExport.cmake
[21.632s] -- Installing: /home/robot/debug_clear_ws/install/yolo_msgs/share/yolo_msgs/cmake/export_yolo_msgs__rosidl_typesupport_fastrtps_cppExport-noconfig.cmake
[21.632s] -- Installing: /home/robot/debug_clear_ws/install/yolo_msgs/share/yolo_msgs/cmake/yolo_msgs__rosidl_typesupport_introspection_cppExport.cmake
[21.632s] -- Installing: /home/robot/debug_clear_ws/install/yolo_msgs/share/yolo_msgs/cmake/yolo_msgs__rosidl_typesupport_introspection_cppExport-noconfig.cmake
[21.632s] -- Installing: /home/robot/debug_clear_ws/install/yolo_msgs/share/yolo_msgs/cmake/yolo_msgs__rosidl_typesupport_cppExport.cmake
[21.633s] -- Installing: /home/robot/debug_clear_ws/install/yolo_msgs/share/yolo_msgs/cmake/yolo_msgs__rosidl_typesupport_cppExport-noconfig.cmake
[21.633s] -- Installing: /home/robot/debug_clear_ws/install/yolo_msgs/share/yolo_msgs/cmake/export_yolo_msgs__rosidl_generator_pyExport.cmake
[21.633s] -- Installing: /home/robot/debug_clear_ws/install/yolo_msgs/share/yolo_msgs/cmake/export_yolo_msgs__rosidl_generator_pyExport-noconfig.cmake
[21.636s] Invoked command in '/home/robot/debug_clear_ws/build/yolo_msgs' returned '0': CMAKE_PREFIX_PATH=${CMAKE_PREFIX_PATH}:/home/robot/debug_clear_ws/install/yolov8_ros:/home/robot/debug_clear_ws/install/yolo_ros:/home/robot/debug_clear_ws/install/clearpath_config:/opt/ros/humble /usr/bin/cmake --install /home/robot/debug_clear_ws/build/yolo_msgs
