[0.716s] Invoking command in '/home/robot/debug_clear_ws/src/yolov8_ros/yolov8_ros': CMAKE_PREFIX_PATH=/home/robot/debug_clear_ws/install/yolov8_msgs:/home/robot/debug_clear_ws/install/yolov8_bringup:/home/robot/debug_clear_ws/install/clearpath_simulator:/home/robot/debug_clear_ws/install/clearpath_gz:/home/robot/debug_clear_ws/install/clearpath_generator_gz:/home/robot/debug_clear_ws/install/clearpath_common:/home/robot/debug_clear_ws/install/clearpath_generator_common:/home/robot/debug_clear_ws/install/clearpath_description:/home/robot/debug_clear_ws/install/clearpath_sensors_description:/home/robot/debug_clear_ws/install/clearpath_platform:/home/robot/debug_clear_ws/install/clearpath_msgs:/home/robot/debug_clear_ws/install/clearpath_platform_msgs:/home/robot/debug_clear_ws/install/clearpath_platform_description:/home/robot/debug_clear_ws/install/clearpath_mounts_description:/home/robot/debug_clear_ws/install/clearpath_manipulators:/home/robot/debug_clear_ws/install/clearpath_manipulators_description:/home/robot/debug_clear_ws/install/clearpath_customization:/home/robot/debug_clear_ws/install/clearpath_control PYTHONPATH=/home/robot/debug_clear_ws/build/yolov8_ros/prefix_override:/usr/lib/python3/dist-packages/colcon_core/task/python/colcon_distutils_commands:/home/robot/debug_clear_ws/install/yolov8_ros/lib/python3.10/site-packages:${PYTHONPATH} /usr/bin/python3 -W ignore:setup.py install is deprecated setup.py egg_info --egg-base ../../../build/yolov8_ros build --build-base /home/robot/debug_clear_ws/build/yolov8_ros/build install --record /home/robot/debug_clear_ws/build/yolov8_ros/install.log --single-version-externally-managed install_data
[0.994s] running egg_info
[0.994s] writing ../../../build/yolov8_ros/yolov8_ros.egg-info/PKG-INFO
[0.995s] writing dependency_links to ../../../build/yolov8_ros/yolov8_ros.egg-info/dependency_links.txt
[0.995s] writing entry points to ../../../build/yolov8_ros/yolov8_ros.egg-info/entry_points.txt
[0.995s] writing requirements to ../../../build/yolov8_ros/yolov8_ros.egg-info/requires.txt
[0.995s] writing top-level names to ../../../build/yolov8_ros/yolov8_ros.egg-info/top_level.txt
[0.997s] reading manifest file '../../../build/yolov8_ros/yolov8_ros.egg-info/SOURCES.txt'
[0.998s] writing manifest file '../../../build/yolov8_ros/yolov8_ros.egg-info/SOURCES.txt'
[0.998s] running build
[0.998s] running build_py
[0.998s] running install
[0.999s] running install_lib
[1.000s] running install_data
[1.000s] running install_egg_info
[1.001s] removing '/home/robot/debug_clear_ws/install/yolov8_ros/lib/python3.10/site-packages/yolov8_ros-0.0.0-py3.10.egg-info' (and everything under it)
[1.001s] Copying ../../../build/yolov8_ros/yolov8_ros.egg-info to /home/robot/debug_clear_ws/install/yolov8_ros/lib/python3.10/site-packages/yolov8_ros-0.0.0-py3.10.egg-info
[1.002s] running install_scripts
[1.020s] Installing debug_node script to /home/robot/debug_clear_ws/install/yolov8_ros/lib/yolov8_ros
[1.020s] Installing detect_3d_node script to /home/robot/debug_clear_ws/install/yolov8_ros/lib/yolov8_ros
[1.020s] Installing tracking_node script to /home/robot/debug_clear_ws/install/yolov8_ros/lib/yolov8_ros
[1.020s] Installing yolov8_node script to /home/robot/debug_clear_ws/install/yolov8_ros/lib/yolov8_ros
[1.020s] writing list of installed files to '/home/robot/debug_clear_ws/build/yolov8_ros/install.log'
[1.040s] Invoked command in '/home/robot/debug_clear_ws/src/yolov8_ros/yolov8_ros' returned '0': CMAKE_PREFIX_PATH=/home/robot/debug_clear_ws/install/yolov8_msgs:/home/robot/debug_clear_ws/install/yolov8_bringup:/home/robot/debug_clear_ws/install/clearpath_simulator:/home/robot/debug_clear_ws/install/clearpath_gz:/home/robot/debug_clear_ws/install/clearpath_generator_gz:/home/robot/debug_clear_ws/install/clearpath_common:/home/robot/debug_clear_ws/install/clearpath_generator_common:/home/robot/debug_clear_ws/install/clearpath_description:/home/robot/debug_clear_ws/install/clearpath_sensors_description:/home/robot/debug_clear_ws/install/clearpath_platform:/home/robot/debug_clear_ws/install/clearpath_msgs:/home/robot/debug_clear_ws/install/clearpath_platform_msgs:/home/robot/debug_clear_ws/install/clearpath_platform_description:/home/robot/debug_clear_ws/install/clearpath_mounts_description:/home/robot/debug_clear_ws/install/clearpath_manipulators:/home/robot/debug_clear_ws/install/clearpath_manipulators_description:/home/robot/debug_clear_ws/install/clearpath_customization:/home/robot/debug_clear_ws/install/clearpath_control PYTHONPATH=/home/robot/debug_clear_ws/build/yolov8_ros/prefix_override:/usr/lib/python3/dist-packages/colcon_core/task/python/colcon_distutils_commands:/home/robot/debug_clear_ws/install/yolov8_ros/lib/python3.10/site-packages:${PYTHONPATH} /usr/bin/python3 -W ignore:setup.py install is deprecated setup.py egg_info --egg-base ../../../build/yolov8_ros build --build-base /home/robot/debug_clear_ws/build/yolov8_ros/build install --record /home/robot/debug_clear_ws/build/yolov8_ros/install.log --single-version-externally-managed install_data
