[ 50%] [32mBuilding CXX object CMakeFiles/moveit_collision_updater.dir/src/moveit_collision_updater.cpp.o[0m
[ 50%] Built target ament_cmake_python_copy_clearpath_generator_common
running egg_info
creating clearpath_generator_common.egg-info
writing clearpath_generator_common.egg-info/PKG-INFO
writing dependency_links to clearpath_generator_common.egg-info/dependency_links.txt
writing top-level names to clearpath_generator_common.egg-info/top_level.txt
writing manifest file 'clearpath_generator_common.egg-info/SOURCES.txt'
reading manifest file 'clearpath_generator_common.egg-info/SOURCES.txt'
writing manifest file 'clearpath_generator_common.egg-info/SOURCES.txt'
[ 50%] Built target ament_cmake_python_build_clearpath_generator_common_egg
[100%] [32m[1mLinking CXX executable moveit_collision_updater[0m
[100%] Built target moveit_collision_updater
-- Install configuration: ""
-- Installing: /home/robot/debug_clear_ws/install/clearpath_generator_common/lib/clearpath_generator_common/generate_description
-- Installing: /home/robot/debug_clear_ws/install/clearpath_generator_common/lib/clearpath_generator_common/generate_discovery_server
-- Installing: /home/robot/debug_clear_ws/install/clearpath_generator_common/lib/clearpath_generator_common/generate_bash
-- Installing: /home/robot/debug_clear_ws/install/clearpath_generator_common/lib/clearpath_generator_common/generate_semantic_description
-- Installing: /home/robot/debug_clear_ws/install/clearpath_generator_common/lib/clearpath_generator_common/moveit_collision_updater
-- Set runtime path of "/home/robot/debug_clear_ws/install/clearpath_generator_common/lib/clearpath_generator_common/moveit_collision_updater" to ""
-- Installing: /home/robot/debug_clear_ws/install/clearpath_generator_common/share/clearpath_generator_common/environment/pythonpath.sh
-- Installing: /home/robot/debug_clear_ws/install/clearpath_generator_common/share/clearpath_generator_common/environment/pythonpath.dsv
-- Installing: /home/robot/debug_clear_ws/install/clearpath_generator_common/local/lib/python3.10/dist-packages/clearpath_generator_common-0.3.4-py3.10.egg-info
-- Installing: /home/robot/debug_clear_ws/install/clearpath_generator_common/local/lib/python3.10/dist-packages/clearpath_generator_common-0.3.4-py3.10.egg-info/SOURCES.txt
-- Installing: /home/robot/debug_clear_ws/install/clearpath_generator_common/local/lib/python3.10/dist-packages/clearpath_generator_common-0.3.4-py3.10.egg-info/dependency_links.txt
-- Installing: /home/robot/debug_clear_ws/install/clearpath_generator_common/local/lib/python3.10/dist-packages/clearpath_generator_common-0.3.4-py3.10.egg-info/top_level.txt
-- Installing: /home/robot/debug_clear_ws/install/clearpath_generator_common/local/lib/python3.10/dist-packages/clearpath_generator_common-0.3.4-py3.10.egg-info/PKG-INFO
-- Installing: /home/robot/debug_clear_ws/install/clearpath_generator_common/local/lib/python3.10/dist-packages/clearpath_generator_common
-- Installing: /home/robot/debug_clear_ws/install/clearpath_generator_common/local/lib/python3.10/dist-packages/clearpath_generator_common/package
-- Installing: /home/robot/debug_clear_ws/install/clearpath_generator_common/local/lib/python3.10/dist-packages/clearpath_generator_common/package/__init__.py
-- Installing: /home/robot/debug_clear_ws/install/clearpath_generator_common/local/lib/python3.10/dist-packages/clearpath_generator_common/package/writer.py
-- Installing: /home/robot/debug_clear_ws/install/clearpath_generator_common/local/lib/python3.10/dist-packages/clearpath_generator_common/bash
-- Installing: /home/robot/debug_clear_ws/install/clearpath_generator_common/local/lib/python3.10/dist-packages/clearpath_generator_common/bash/generator.py
-- Installing: /home/robot/debug_clear_ws/install/clearpath_generator_common/local/lib/python3.10/dist-packages/clearpath_generator_common/bash/__init__.py
-- Installing: /home/robot/debug_clear_ws/install/clearpath_generator_common/local/lib/python3.10/dist-packages/clearpath_generator_common/bash/generate_bash
-- Installing: /home/robot/debug_clear_ws/install/clearpath_generator_common/local/lib/python3.10/dist-packages/clearpath_generator_common/bash/writer.py
-- Installing: /home/robot/debug_clear_ws/install/clearpath_generator_common/local/lib/python3.10/dist-packages/clearpath_generator_common/launch
-- Installing: /home/robot/debug_clear_ws/install/clearpath_generator_common/local/lib/python3.10/dist-packages/clearpath_generator_common/launch/generator.py
-- Installing: /home/robot/debug_clear_ws/install/clearpath_generator_common/local/lib/python3.10/dist-packages/clearpath_generator_common/launch/__init__.py
-- Installing: /home/robot/debug_clear_ws/install/clearpath_generator_common/local/lib/python3.10/dist-packages/clearpath_generator_common/launch/writer.py
-- Installing: /home/robot/debug_clear_ws/install/clearpath_generator_common/local/lib/python3.10/dist-packages/clearpath_generator_common/description
-- Installing: /home/robot/debug_clear_ws/install/clearpath_generator_common/local/lib/python3.10/dist-packages/clearpath_generator_common/description/mounts.py
-- Installing: /home/robot/debug_clear_ws/install/clearpath_generator_common/local/lib/python3.10/dist-packages/clearpath_generator_common/description/links.py
-- Installing: /home/robot/debug_clear_ws/install/clearpath_generator_common/local/lib/python3.10/dist-packages/clearpath_generator_common/description/attachments.py
-- Installing: /home/robot/debug_clear_ws/install/clearpath_generator_common/local/lib/python3.10/dist-packages/clearpath_generator_common/description/generate_description
-- Installing: /home/robot/debug_clear_ws/install/clearpath_generator_common/local/lib/python3.10/dist-packages/clearpath_generator_common/description/platform.py
-- Installing: /home/robot/debug_clear_ws/install/clearpath_generator_common/local/lib/python3.10/dist-packages/clearpath_generator_common/description/generator.py
-- Installing: /home/robot/debug_clear_ws/install/clearpath_generator_common/local/lib/python3.10/dist-packages/clearpath_generator_common/description/__init__.py
-- Installing: /home/robot/debug_clear_ws/install/clearpath_generator_common/local/lib/python3.10/dist-packages/clearpath_generator_common/description/sensors.py
-- Installing: /home/robot/debug_clear_ws/install/clearpath_generator_common/local/lib/python3.10/dist-packages/clearpath_generator_common/description/writer.py
-- Installing: /home/robot/debug_clear_ws/install/clearpath_generator_common/local/lib/python3.10/dist-packages/clearpath_generator_common/description/manipulators.py
-- Installing: /home/robot/debug_clear_ws/install/clearpath_generator_common/local/lib/python3.10/dist-packages/clearpath_generator_common/discovery_server
-- Installing: /home/robot/debug_clear_ws/install/clearpath_generator_common/local/lib/python3.10/dist-packages/clearpath_generator_common/discovery_server/generator.py
-- Installing: /home/robot/debug_clear_ws/install/clearpath_generator_common/local/lib/python3.10/dist-packages/clearpath_generator_common/discovery_server/generate_discovery_server
-- Installing: /home/robot/debug_clear_ws/install/clearpath_generator_common/local/lib/python3.10/dist-packages/clearpath_generator_common/param
-- Installing: /home/robot/debug_clear_ws/install/clearpath_generator_common/local/lib/python3.10/dist-packages/clearpath_generator_common/param/platform.py
-- Installing: /home/robot/debug_clear_ws/install/clearpath_generator_common/local/lib/python3.10/dist-packages/clearpath_generator_common/param/generator.py
-- Installing: /home/robot/debug_clear_ws/install/clearpath_generator_common/local/lib/python3.10/dist-packages/clearpath_generator_common/param/__init__.py
-- Installing: /home/robot/debug_clear_ws/install/clearpath_generator_common/local/lib/python3.10/dist-packages/clearpath_generator_common/param/writer.py
-- Installing: /home/robot/debug_clear_ws/install/clearpath_generator_common/local/lib/python3.10/dist-packages/clearpath_generator_common/param/manipulators.py
-- Installing: /home/robot/debug_clear_ws/install/clearpath_generator_common/local/lib/python3.10/dist-packages/clearpath_generator_common/__init__.py
-- Installing: /home/robot/debug_clear_ws/install/clearpath_generator_common/local/lib/python3.10/dist-packages/clearpath_generator_common/semantic_description
-- Installing: /home/robot/debug_clear_ws/install/clearpath_generator_common/local/lib/python3.10/dist-packages/clearpath_generator_common/semantic_description/generate_semantic_description
-- Installing: /home/robot/debug_clear_ws/install/clearpath_generator_common/local/lib/python3.10/dist-packages/clearpath_generator_common/semantic_description/generator.py
-- Installing: /home/robot/debug_clear_ws/install/clearpath_generator_common/local/lib/python3.10/dist-packages/clearpath_generator_common/semantic_description/__init__.py
-- Installing: /home/robot/debug_clear_ws/install/clearpath_generator_common/local/lib/python3.10/dist-packages/clearpath_generator_common/semantic_description/manipulators.py
-- Installing: /home/robot/debug_clear_ws/install/clearpath_generator_common/local/lib/python3.10/dist-packages/clearpath_generator_common/common.py
Listing '/home/robot/debug_clear_ws/install/clearpath_generator_common/local/lib/python3.10/dist-packages/clearpath_generator_common'...
Compiling '/home/robot/debug_clear_ws/install/clearpath_generator_common/local/lib/python3.10/dist-packages/clearpath_generator_common/__init__.py'...
Listing '/home/robot/debug_clear_ws/install/clearpath_generator_common/local/lib/python3.10/dist-packages/clearpath_generator_common/bash'...
Compiling '/home/robot/debug_clear_ws/install/clearpath_generator_common/local/lib/python3.10/dist-packages/clearpath_generator_common/bash/__init__.py'...
Compiling '/home/robot/debug_clear_ws/install/clearpath_generator_common/local/lib/python3.10/dist-packages/clearpath_generator_common/bash/generator.py'...
Compiling '/home/robot/debug_clear_ws/install/clearpath_generator_common/local/lib/python3.10/dist-packages/clearpath_generator_common/bash/writer.py'...
Compiling '/home/robot/debug_clear_ws/install/clearpath_generator_common/local/lib/python3.10/dist-packages/clearpath_generator_common/common.py'...
Listing '/home/robot/debug_clear_ws/install/clearpath_generator_common/local/lib/python3.10/dist-packages/clearpath_generator_common/description'...
Compiling '/home/robot/debug_clear_ws/install/clearpath_generator_common/local/lib/python3.10/dist-packages/clearpath_generator_common/description/__init__.py'...
Compiling '/home/robot/debug_clear_ws/install/clearpath_generator_common/local/lib/python3.10/dist-packages/clearpath_generator_common/description/attachments.py'...
Compiling '/home/robot/debug_clear_ws/install/clearpath_generator_common/local/lib/python3.10/dist-packages/clearpath_generator_common/description/generator.py'...
Compiling '/home/robot/debug_clear_ws/install/clearpath_generator_common/local/lib/python3.10/dist-packages/clearpath_generator_common/description/links.py'...
Compiling '/home/robot/debug_clear_ws/install/clearpath_generator_common/local/lib/python3.10/dist-packages/clearpath_generator_common/description/manipulators.py'...
Compiling '/home/robot/debug_clear_ws/install/clearpath_generator_common/local/lib/python3.10/dist-packages/clearpath_generator_common/description/mounts.py'...
Compiling '/home/robot/debug_clear_ws/install/clearpath_generator_common/local/lib/python3.10/dist-packages/clearpath_generator_common/description/platform.py'...
Compiling '/home/robot/debug_clear_ws/install/clearpath_generator_common/local/lib/python3.10/dist-packages/clearpath_generator_common/description/sensors.py'...
Compiling '/home/robot/debug_clear_ws/install/clearpath_generator_common/local/lib/python3.10/dist-packages/clearpath_generator_common/description/writer.py'...
Listing '/home/robot/debug_clear_ws/install/clearpath_generator_common/local/lib/python3.10/dist-packages/clearpath_generator_common/discovery_server'...
Compiling '/home/robot/debug_clear_ws/install/clearpath_generator_common/local/lib/python3.10/dist-packages/clearpath_generator_common/discovery_server/generator.py'...
Listing '/home/robot/debug_clear_ws/install/clearpath_generator_common/local/lib/python3.10/dist-packages/clearpath_generator_common/launch'...
Compiling '/home/robot/debug_clear_ws/install/clearpath_generator_common/local/lib/python3.10/dist-packages/clearpath_generator_common/launch/__init__.py'...
Compiling '/home/robot/debug_clear_ws/install/clearpath_generator_common/local/lib/python3.10/dist-packages/clearpath_generator_common/launch/generator.py'...
Compiling '/home/robot/debug_clear_ws/install/clearpath_generator_common/local/lib/python3.10/dist-packages/clearpath_generator_common/launch/writer.py'...
Listing '/home/robot/debug_clear_ws/install/clearpath_generator_common/local/lib/python3.10/dist-packages/clearpath_generator_common/package'...
Compiling '/home/robot/debug_clear_ws/install/clearpath_generator_common/local/lib/python3.10/dist-packages/clearpath_generator_common/package/__init__.py'...
Compiling '/home/robot/debug_clear_ws/install/clearpath_generator_common/local/lib/python3.10/dist-packages/clearpath_generator_common/package/writer.py'...
Listing '/home/robot/debug_clear_ws/install/clearpath_generator_common/local/lib/python3.10/dist-packages/clearpath_generator_common/param'...
Compiling '/home/robot/debug_clear_ws/install/clearpath_generator_common/local/lib/python3.10/dist-packages/clearpath_generator_common/param/__init__.py'...
Compiling '/home/robot/debug_clear_ws/install/clearpath_generator_common/local/lib/python3.10/dist-packages/clearpath_generator_common/param/generator.py'...
Compiling '/home/robot/debug_clear_ws/install/clearpath_generator_common/local/lib/python3.10/dist-packages/clearpath_generator_common/param/manipulators.py'...
Compiling '/home/robot/debug_clear_ws/install/clearpath_generator_common/local/lib/python3.10/dist-packages/clearpath_generator_common/param/platform.py'...
Compiling '/home/robot/debug_clear_ws/install/clearpath_generator_common/local/lib/python3.10/dist-packages/clearpath_generator_common/param/writer.py'...
Listing '/home/robot/debug_clear_ws/install/clearpath_generator_common/local/lib/python3.10/dist-packages/clearpath_generator_common/semantic_description'...
Compiling '/home/robot/debug_clear_ws/install/clearpath_generator_common/local/lib/python3.10/dist-packages/clearpath_generator_common/semantic_description/__init__.py'...
Compiling '/home/robot/debug_clear_ws/install/clearpath_generator_common/local/lib/python3.10/dist-packages/clearpath_generator_common/semantic_description/generator.py'...
Compiling '/home/robot/debug_clear_ws/install/clearpath_generator_common/local/lib/python3.10/dist-packages/clearpath_generator_common/semantic_description/manipulators.py'...
-- Installing: /home/robot/debug_clear_ws/install/clearpath_generator_common/share/ament_index/resource_index/package_run_dependencies/clearpath_generator_common
-- Installing: /home/robot/debug_clear_ws/install/clearpath_generator_common/share/ament_index/resource_index/parent_prefix_path/clearpath_generator_common
-- Installing: /home/robot/debug_clear_ws/install/clearpath_generator_common/share/clearpath_generator_common/environment/ament_prefix_path.sh
-- Installing: /home/robot/debug_clear_ws/install/clearpath_generator_common/share/clearpath_generator_common/environment/ament_prefix_path.dsv
-- Installing: /home/robot/debug_clear_ws/install/clearpath_generator_common/share/clearpath_generator_common/environment/path.sh
-- Installing: /home/robot/debug_clear_ws/install/clearpath_generator_common/share/clearpath_generator_common/environment/path.dsv
-- Installing: /home/robot/debug_clear_ws/install/clearpath_generator_common/share/clearpath_generator_common/local_setup.bash
-- Installing: /home/robot/debug_clear_ws/install/clearpath_generator_common/share/clearpath_generator_common/local_setup.sh
-- Installing: /home/robot/debug_clear_ws/install/clearpath_generator_common/share/clearpath_generator_common/local_setup.zsh
-- Installing: /home/robot/debug_clear_ws/install/clearpath_generator_common/share/clearpath_generator_common/local_setup.dsv
-- Installing: /home/robot/debug_clear_ws/install/clearpath_generator_common/share/clearpath_generator_common/package.dsv
-- Installing: /home/robot/debug_clear_ws/install/clearpath_generator_common/share/ament_index/resource_index/packages/clearpath_generator_common
-- Installing: /home/robot/debug_clear_ws/install/clearpath_generator_common/share/clearpath_generator_common/cmake/clearpath_generator_commonConfig.cmake
-- Installing: /home/robot/debug_clear_ws/install/clearpath_generator_common/share/clearpath_generator_common/cmake/clearpath_generator_commonConfig-version.cmake
-- Installing: /home/robot/debug_clear_ws/install/clearpath_generator_common/share/clearpath_generator_common/package.xml
