[0.027s] Invoking command in '/home/robot/debug_clear_ws/build/clearpath_generator_common': AMENT_PREFIX_PATH=/home/robot/debug_clear_ws/install/clearpath_config:/home/robot/debug_clear_ws/install/yolo_bringup:/home/robot/debug_clear_ws/install/yolo_ros:/home/robot/debug_clear_ws/install/yolo_msgs:/home/robot/debug_clear_ws/install/clearpath_simulator:/home/robot/debug_clear_ws/install/clearpath_gz:/home/robot/debug_clear_ws/install/clearpath_generator_gz:/home/robot/debug_clear_ws/install/clearpath_common:/home/robot/debug_clear_ws/install/clearpath_generator_common:/home/robot/debug_clear_ws/install/clearpath_description:/home/robot/debug_clear_ws/install/clearpath_sensors_description:/home/robot/debug_clear_ws/install/clearpath_platform:/home/robot/debug_clear_ws/install/clearpath_msgs:/home/robot/debug_clear_ws/install/clearpath_platform_msgs:/home/robot/debug_clear_ws/install/clearpath_platform_description:/home/robot/debug_clear_ws/install/clearpath_mounts_description:/home/robot/debug_clear_ws/install/clearpath_manipulators:/home/robot/debug_clear_ws/install/clearpath_manipulators_description:/home/robot/debug_clear_ws/install/clearpath_customization:/home/robot/debug_clear_ws/install/clearpath_control:/opt/ros/humble CMAKE_PREFIX_PATH=/home/robot/debug_clear_ws/install/clearpath_platform:/home/robot/debug_clear_ws/install/clearpath_manipulators:/home/robot/debug_clear_ws/install/clearpath_description:/home/robot/debug_clear_ws/install/clearpath_sensors_description:/home/robot/debug_clear_ws/install/clearpath_platform_msgs:/home/robot/debug_clear_ws/install/clearpath_platform_description:/home/robot/debug_clear_ws/install/clearpath_mounts_description:/home/robot/debug_clear_ws/install/clearpath_manipulators_description:/home/robot/debug_clear_ws/install/clearpath_control:/home/robot/debug_clear_ws/install/yolo_bringup:/home/robot/debug_clear_ws/install/yolo_msgs:/home/robot/debug_clear_ws/install/clearpath_simulator:/home/robot/debug_clear_ws/install/clearpath_gz:/home/robot/debug_clear_ws/install/clearpath_generator_gz:/home/robot/debug_clear_ws/install/clearpath_common:/home/robot/debug_clear_ws/install/clearpath_generator_common:/home/robot/debug_clear_ws/install/clearpath_msgs:/home/robot/debug_clear_ws/install/clearpath_customization:/home/robot/debug_clear_ws/install/yolo_ros:/home/robot/debug_clear_ws/install/clearpath_config:/opt/ros/humble LD_LIBRARY_PATH=/home/robot/debug_clear_ws/install/clearpath_platform/lib:/home/robot/debug_clear_ws/install/clearpath_platform_msgs/lib:/home/robot/debug_clear_ws/install/yolo_msgs/lib:/home/robot/acados/lib:/home/robot/acados/lib:/opt/ros/humble/opt/rviz_ogre_vendor/lib:/opt/ros/humble/lib/x86_64-linux-gnu:/opt/ros/humble/lib PYTHONPATH=/home/robot/debug_clear_ws/install/clearpath_config/lib/python3.10/site-packages:/home/robot/debug_clear_ws/install/yolo_ros/lib/python3.10/site-packages:/home/robot/debug_clear_ws/install/yolo_msgs/local/lib/python3.10/dist-packages:/home/robot/debug_clear_ws/install/clearpath_generator_gz/local/lib/python3.10/dist-packages:/home/robot/debug_clear_ws/install/clearpath_generator_common/local/lib/python3.10/dist-packages:/home/robot/debug_clear_ws/install/clearpath_platform_msgs/local/lib/python3.10/dist-packages:/opt/ros/humble/lib/python3.10/site-packages:/opt/ros/humble/local/lib/python3.10/dist-packages /usr/bin/cmake --build /home/robot/debug_clear_ws/build/clearpath_generator_common -- -j12 -l12
[0.090s] [ 50%] [32mBuilding CXX object CMakeFiles/moveit_collision_updater.dir/src/moveit_collision_updater.cpp.o[0m
[0.107s] [ 50%] Built target ament_cmake_python_copy_clearpath_generator_common
[0.417s] running egg_info
[0.446s] creating clearpath_generator_common.egg-info
[0.446s] writing clearpath_generator_common.egg-info/PKG-INFO
[0.447s] writing dependency_links to clearpath_generator_common.egg-info/dependency_links.txt
[0.447s] writing top-level names to clearpath_generator_common.egg-info/top_level.txt
[0.447s] writing manifest file 'clearpath_generator_common.egg-info/SOURCES.txt'
[0.534s] reading manifest file 'clearpath_generator_common.egg-info/SOURCES.txt'
[0.535s] writing manifest file 'clearpath_generator_common.egg-info/SOURCES.txt'
[0.565s] [ 50%] Built target ament_cmake_python_build_clearpath_generator_common_egg
[11.481s] [100%] [32m[1mLinking CXX executable moveit_collision_updater[0m
[12.308s] [100%] Built target moveit_collision_updater
[12.318s] Invoked command in '/home/robot/debug_clear_ws/build/clearpath_generator_common' returned '0': AMENT_PREFIX_PATH=/home/robot/debug_clear_ws/install/clearpath_config:/home/robot/debug_clear_ws/install/yolo_bringup:/home/robot/debug_clear_ws/install/yolo_ros:/home/robot/debug_clear_ws/install/yolo_msgs:/home/robot/debug_clear_ws/install/clearpath_simulator:/home/robot/debug_clear_ws/install/clearpath_gz:/home/robot/debug_clear_ws/install/clearpath_generator_gz:/home/robot/debug_clear_ws/install/clearpath_common:/home/robot/debug_clear_ws/install/clearpath_generator_common:/home/robot/debug_clear_ws/install/clearpath_description:/home/robot/debug_clear_ws/install/clearpath_sensors_description:/home/robot/debug_clear_ws/install/clearpath_platform:/home/robot/debug_clear_ws/install/clearpath_msgs:/home/robot/debug_clear_ws/install/clearpath_platform_msgs:/home/robot/debug_clear_ws/install/clearpath_platform_description:/home/robot/debug_clear_ws/install/clearpath_mounts_description:/home/robot/debug_clear_ws/install/clearpath_manipulators:/home/robot/debug_clear_ws/install/clearpath_manipulators_description:/home/robot/debug_clear_ws/install/clearpath_customization:/home/robot/debug_clear_ws/install/clearpath_control:/opt/ros/humble CMAKE_PREFIX_PATH=/home/robot/debug_clear_ws/install/clearpath_platform:/home/robot/debug_clear_ws/install/clearpath_manipulators:/home/robot/debug_clear_ws/install/clearpath_description:/home/robot/debug_clear_ws/install/clearpath_sensors_description:/home/robot/debug_clear_ws/install/clearpath_platform_msgs:/home/robot/debug_clear_ws/install/clearpath_platform_description:/home/robot/debug_clear_ws/install/clearpath_mounts_description:/home/robot/debug_clear_ws/install/clearpath_manipulators_description:/home/robot/debug_clear_ws/install/clearpath_control:/home/robot/debug_clear_ws/install/yolo_bringup:/home/robot/debug_clear_ws/install/yolo_msgs:/home/robot/debug_clear_ws/install/clearpath_simulator:/home/robot/debug_clear_ws/install/clearpath_gz:/home/robot/debug_clear_ws/install/clearpath_generator_gz:/home/robot/debug_clear_ws/install/clearpath_common:/home/robot/debug_clear_ws/install/clearpath_generator_common:/home/robot/debug_clear_ws/install/clearpath_msgs:/home/robot/debug_clear_ws/install/clearpath_customization:/home/robot/debug_clear_ws/install/yolo_ros:/home/robot/debug_clear_ws/install/clearpath_config:/opt/ros/humble LD_LIBRARY_PATH=/home/robot/debug_clear_ws/install/clearpath_platform/lib:/home/robot/debug_clear_ws/install/clearpath_platform_msgs/lib:/home/robot/debug_clear_ws/install/yolo_msgs/lib:/home/robot/acados/lib:/home/robot/acados/lib:/opt/ros/humble/opt/rviz_ogre_vendor/lib:/opt/ros/humble/lib/x86_64-linux-gnu:/opt/ros/humble/lib PYTHONPATH=/home/robot/debug_clear_ws/install/clearpath_config/lib/python3.10/site-packages:/home/robot/debug_clear_ws/install/yolo_ros/lib/python3.10/site-packages:/home/robot/debug_clear_ws/install/yolo_msgs/local/lib/python3.10/dist-packages:/home/robot/debug_clear_ws/install/clearpath_generator_gz/local/lib/python3.10/dist-packages:/home/robot/debug_clear_ws/install/clearpath_generator_common/local/lib/python3.10/dist-packages:/home/robot/debug_clear_ws/install/clearpath_platform_msgs/local/lib/python3.10/dist-packages:/opt/ros/humble/lib/python3.10/site-packages:/opt/ros/humble/local/lib/python3.10/dist-packages /usr/bin/cmake --build /home/robot/debug_clear_ws/build/clearpath_generator_common -- -j12 -l12
[12.320s] Invoking command in '/home/robot/debug_clear_ws/build/clearpath_generator_common': AMENT_PREFIX_PATH=/home/robot/debug_clear_ws/install/clearpath_config:/home/robot/debug_clear_ws/install/yolo_bringup:/home/robot/debug_clear_ws/install/yolo_ros:/home/robot/debug_clear_ws/install/yolo_msgs:/home/robot/debug_clear_ws/install/clearpath_simulator:/home/robot/debug_clear_ws/install/clearpath_gz:/home/robot/debug_clear_ws/install/clearpath_generator_gz:/home/robot/debug_clear_ws/install/clearpath_common:/home/robot/debug_clear_ws/install/clearpath_generator_common:/home/robot/debug_clear_ws/install/clearpath_description:/home/robot/debug_clear_ws/install/clearpath_sensors_description:/home/robot/debug_clear_ws/install/clearpath_platform:/home/robot/debug_clear_ws/install/clearpath_msgs:/home/robot/debug_clear_ws/install/clearpath_platform_msgs:/home/robot/debug_clear_ws/install/clearpath_platform_description:/home/robot/debug_clear_ws/install/clearpath_mounts_description:/home/robot/debug_clear_ws/install/clearpath_manipulators:/home/robot/debug_clear_ws/install/clearpath_manipulators_description:/home/robot/debug_clear_ws/install/clearpath_customization:/home/robot/debug_clear_ws/install/clearpath_control:/opt/ros/humble CMAKE_PREFIX_PATH=/home/robot/debug_clear_ws/install/clearpath_platform:/home/robot/debug_clear_ws/install/clearpath_manipulators:/home/robot/debug_clear_ws/install/clearpath_description:/home/robot/debug_clear_ws/install/clearpath_sensors_description:/home/robot/debug_clear_ws/install/clearpath_platform_msgs:/home/robot/debug_clear_ws/install/clearpath_platform_description:/home/robot/debug_clear_ws/install/clearpath_mounts_description:/home/robot/debug_clear_ws/install/clearpath_manipulators_description:/home/robot/debug_clear_ws/install/clearpath_control:/home/robot/debug_clear_ws/install/yolo_bringup:/home/robot/debug_clear_ws/install/yolo_msgs:/home/robot/debug_clear_ws/install/clearpath_simulator:/home/robot/debug_clear_ws/install/clearpath_gz:/home/robot/debug_clear_ws/install/clearpath_generator_gz:/home/robot/debug_clear_ws/install/clearpath_common:/home/robot/debug_clear_ws/install/clearpath_generator_common:/home/robot/debug_clear_ws/install/clearpath_msgs:/home/robot/debug_clear_ws/install/clearpath_customization:/home/robot/debug_clear_ws/install/yolo_ros:/home/robot/debug_clear_ws/install/clearpath_config:/opt/ros/humble LD_LIBRARY_PATH=/home/robot/debug_clear_ws/install/clearpath_platform/lib:/home/robot/debug_clear_ws/install/clearpath_platform_msgs/lib:/home/robot/debug_clear_ws/install/yolo_msgs/lib:/home/robot/acados/lib:/home/robot/acados/lib:/opt/ros/humble/opt/rviz_ogre_vendor/lib:/opt/ros/humble/lib/x86_64-linux-gnu:/opt/ros/humble/lib PYTHONPATH=/home/robot/debug_clear_ws/install/clearpath_config/lib/python3.10/site-packages:/home/robot/debug_clear_ws/install/yolo_ros/lib/python3.10/site-packages:/home/robot/debug_clear_ws/install/yolo_msgs/local/lib/python3.10/dist-packages:/home/robot/debug_clear_ws/install/clearpath_generator_gz/local/lib/python3.10/dist-packages:/home/robot/debug_clear_ws/install/clearpath_generator_common/local/lib/python3.10/dist-packages:/home/robot/debug_clear_ws/install/clearpath_platform_msgs/local/lib/python3.10/dist-packages:/opt/ros/humble/lib/python3.10/site-packages:/opt/ros/humble/local/lib/python3.10/dist-packages /usr/bin/cmake --install /home/robot/debug_clear_ws/build/clearpath_generator_common
[12.326s] -- Install configuration: ""
[12.326s] -- Installing: /home/robot/debug_clear_ws/install/clearpath_generator_common/lib/clearpath_generator_common/generate_description
[12.327s] -- Installing: /home/robot/debug_clear_ws/install/clearpath_generator_common/lib/clearpath_generator_common/generate_discovery_server
[12.327s] -- Installing: /home/robot/debug_clear_ws/install/clearpath_generator_common/lib/clearpath_generator_common/generate_bash
[12.327s] -- Installing: /home/robot/debug_clear_ws/install/clearpath_generator_common/lib/clearpath_generator_common/generate_semantic_description
[12.327s] -- Installing: /home/robot/debug_clear_ws/install/clearpath_generator_common/lib/clearpath_generator_common/moveit_collision_updater
[12.328s] -- Set runtime path of "/home/robot/debug_clear_ws/install/clearpath_generator_common/lib/clearpath_generator_common/moveit_collision_updater" to ""
[12.328s] -- Installing: /home/robot/debug_clear_ws/install/clearpath_generator_common/share/clearpath_generator_common/environment/pythonpath.sh
[12.329s] -- Installing: /home/robot/debug_clear_ws/install/clearpath_generator_common/share/clearpath_generator_common/environment/pythonpath.dsv
[12.329s] -- Installing: /home/robot/debug_clear_ws/install/clearpath_generator_common/local/lib/python3.10/dist-packages/clearpath_generator_common-0.3.4-py3.10.egg-info
[12.329s] -- Installing: /home/robot/debug_clear_ws/install/clearpath_generator_common/local/lib/python3.10/dist-packages/clearpath_generator_common-0.3.4-py3.10.egg-info/SOURCES.txt
[12.329s] -- Installing: /home/robot/debug_clear_ws/install/clearpath_generator_common/local/lib/python3.10/dist-packages/clearpath_generator_common-0.3.4-py3.10.egg-info/dependency_links.txt
[12.329s] -- Installing: /home/robot/debug_clear_ws/install/clearpath_generator_common/local/lib/python3.10/dist-packages/clearpath_generator_common-0.3.4-py3.10.egg-info/top_level.txt
[12.329s] -- Installing: /home/robot/debug_clear_ws/install/clearpath_generator_common/local/lib/python3.10/dist-packages/clearpath_generator_common-0.3.4-py3.10.egg-info/PKG-INFO
[12.329s] -- Installing: /home/robot/debug_clear_ws/install/clearpath_generator_common/local/lib/python3.10/dist-packages/clearpath_generator_common
[12.329s] -- Installing: /home/robot/debug_clear_ws/install/clearpath_generator_common/local/lib/python3.10/dist-packages/clearpath_generator_common/package
[12.329s] -- Installing: /home/robot/debug_clear_ws/install/clearpath_generator_common/local/lib/python3.10/dist-packages/clearpath_generator_common/package/__init__.py
[12.329s] -- Installing: /home/robot/debug_clear_ws/install/clearpath_generator_common/local/lib/python3.10/dist-packages/clearpath_generator_common/package/writer.py
[12.330s] -- Installing: /home/robot/debug_clear_ws/install/clearpath_generator_common/local/lib/python3.10/dist-packages/clearpath_generator_common/bash
[12.330s] -- Installing: /home/robot/debug_clear_ws/install/clearpath_generator_common/local/lib/python3.10/dist-packages/clearpath_generator_common/bash/generator.py
[12.330s] -- Installing: /home/robot/debug_clear_ws/install/clearpath_generator_common/local/lib/python3.10/dist-packages/clearpath_generator_common/bash/__init__.py
[12.330s] -- Installing: /home/robot/debug_clear_ws/install/clearpath_generator_common/local/lib/python3.10/dist-packages/clearpath_generator_common/bash/generate_bash
[12.330s] -- Installing: /home/robot/debug_clear_ws/install/clearpath_generator_common/local/lib/python3.10/dist-packages/clearpath_generator_common/bash/writer.py
[12.330s] -- Installing: /home/robot/debug_clear_ws/install/clearpath_generator_common/local/lib/python3.10/dist-packages/clearpath_generator_common/launch
[12.330s] -- Installing: /home/robot/debug_clear_ws/install/clearpath_generator_common/local/lib/python3.10/dist-packages/clearpath_generator_common/launch/generator.py
[12.330s] -- Installing: /home/robot/debug_clear_ws/install/clearpath_generator_common/local/lib/python3.10/dist-packages/clearpath_generator_common/launch/__init__.py
[12.330s] -- Installing: /home/robot/debug_clear_ws/install/clearpath_generator_common/local/lib/python3.10/dist-packages/clearpath_generator_common/launch/writer.py
[12.331s] -- Installing: /home/robot/debug_clear_ws/install/clearpath_generator_common/local/lib/python3.10/dist-packages/clearpath_generator_common/description
[12.331s] -- Installing: /home/robot/debug_clear_ws/install/clearpath_generator_common/local/lib/python3.10/dist-packages/clearpath_generator_common/description/mounts.py
[12.331s] -- Installing: /home/robot/debug_clear_ws/install/clearpath_generator_common/local/lib/python3.10/dist-packages/clearpath_generator_common/description/links.py
[12.331s] -- Installing: /home/robot/debug_clear_ws/install/clearpath_generator_common/local/lib/python3.10/dist-packages/clearpath_generator_common/description/attachments.py
[12.331s] -- Installing: /home/robot/debug_clear_ws/install/clearpath_generator_common/local/lib/python3.10/dist-packages/clearpath_generator_common/description/generate_description
[12.331s] -- Installing: /home/robot/debug_clear_ws/install/clearpath_generator_common/local/lib/python3.10/dist-packages/clearpath_generator_common/description/platform.py
[12.331s] -- Installing: /home/robot/debug_clear_ws/install/clearpath_generator_common/local/lib/python3.10/dist-packages/clearpath_generator_common/description/generator.py
[12.331s] -- Installing: /home/robot/debug_clear_ws/install/clearpath_generator_common/local/lib/python3.10/dist-packages/clearpath_generator_common/description/__init__.py
[12.331s] -- Installing: /home/robot/debug_clear_ws/install/clearpath_generator_common/local/lib/python3.10/dist-packages/clearpath_generator_common/description/sensors.py
[12.332s] -- Installing: /home/robot/debug_clear_ws/install/clearpath_generator_common/local/lib/python3.10/dist-packages/clearpath_generator_common/description/writer.py
[12.332s] -- Installing: /home/robot/debug_clear_ws/install/clearpath_generator_common/local/lib/python3.10/dist-packages/clearpath_generator_common/description/manipulators.py
[12.332s] -- Installing: /home/robot/debug_clear_ws/install/clearpath_generator_common/local/lib/python3.10/dist-packages/clearpath_generator_common/discovery_server
[12.332s] -- Installing: /home/robot/debug_clear_ws/install/clearpath_generator_common/local/lib/python3.10/dist-packages/clearpath_generator_common/discovery_server/generator.py
[12.332s] -- Installing: /home/robot/debug_clear_ws/install/clearpath_generator_common/local/lib/python3.10/dist-packages/clearpath_generator_common/discovery_server/generate_discovery_server
[12.332s] -- Installing: /home/robot/debug_clear_ws/install/clearpath_generator_common/local/lib/python3.10/dist-packages/clearpath_generator_common/param
[12.332s] -- Installing: /home/robot/debug_clear_ws/install/clearpath_generator_common/local/lib/python3.10/dist-packages/clearpath_generator_common/param/platform.py
[12.332s] -- Installing: /home/robot/debug_clear_ws/install/clearpath_generator_common/local/lib/python3.10/dist-packages/clearpath_generator_common/param/generator.py
[12.332s] -- Installing: /home/robot/debug_clear_ws/install/clearpath_generator_common/local/lib/python3.10/dist-packages/clearpath_generator_common/param/__init__.py
[12.333s] -- Installing: /home/robot/debug_clear_ws/install/clearpath_generator_common/local/lib/python3.10/dist-packages/clearpath_generator_common/param/writer.py
[12.333s] -- Installing: /home/robot/debug_clear_ws/install/clearpath_generator_common/local/lib/python3.10/dist-packages/clearpath_generator_common/param/manipulators.py
[12.333s] -- Installing: /home/robot/debug_clear_ws/install/clearpath_generator_common/local/lib/python3.10/dist-packages/clearpath_generator_common/__init__.py
[12.333s] -- Installing: /home/robot/debug_clear_ws/install/clearpath_generator_common/local/lib/python3.10/dist-packages/clearpath_generator_common/semantic_description
[12.333s] -- Installing: /home/robot/debug_clear_ws/install/clearpath_generator_common/local/lib/python3.10/dist-packages/clearpath_generator_common/semantic_description/generate_semantic_description
[12.333s] -- Installing: /home/robot/debug_clear_ws/install/clearpath_generator_common/local/lib/python3.10/dist-packages/clearpath_generator_common/semantic_description/generator.py
[12.333s] -- Installing: /home/robot/debug_clear_ws/install/clearpath_generator_common/local/lib/python3.10/dist-packages/clearpath_generator_common/semantic_description/__init__.py
[12.333s] -- Installing: /home/robot/debug_clear_ws/install/clearpath_generator_common/local/lib/python3.10/dist-packages/clearpath_generator_common/semantic_description/manipulators.py
[12.333s] -- Installing: /home/robot/debug_clear_ws/install/clearpath_generator_common/local/lib/python3.10/dist-packages/clearpath_generator_common/common.py
[12.390s] Listing '/home/robot/debug_clear_ws/install/clearpath_generator_common/local/lib/python3.10/dist-packages/clearpath_generator_common'...
[12.390s] Compiling '/home/robot/debug_clear_ws/install/clearpath_generator_common/local/lib/python3.10/dist-packages/clearpath_generator_common/__init__.py'...
[12.390s] Listing '/home/robot/debug_clear_ws/install/clearpath_generator_common/local/lib/python3.10/dist-packages/clearpath_generator_common/bash'...
[12.390s] Compiling '/home/robot/debug_clear_ws/install/clearpath_generator_common/local/lib/python3.10/dist-packages/clearpath_generator_common/bash/__init__.py'...
[12.390s] Compiling '/home/robot/debug_clear_ws/install/clearpath_generator_common/local/lib/python3.10/dist-packages/clearpath_generator_common/bash/generator.py'...
[12.390s] Compiling '/home/robot/debug_clear_ws/install/clearpath_generator_common/local/lib/python3.10/dist-packages/clearpath_generator_common/bash/writer.py'...
[12.390s] Compiling '/home/robot/debug_clear_ws/install/clearpath_generator_common/local/lib/python3.10/dist-packages/clearpath_generator_common/common.py'...
[12.391s] Listing '/home/robot/debug_clear_ws/install/clearpath_generator_common/local/lib/python3.10/dist-packages/clearpath_generator_common/description'...
[12.391s] Compiling '/home/robot/debug_clear_ws/install/clearpath_generator_common/local/lib/python3.10/dist-packages/clearpath_generator_common/description/__init__.py'...
[12.391s] Compiling '/home/robot/debug_clear_ws/install/clearpath_generator_common/local/lib/python3.10/dist-packages/clearpath_generator_common/description/attachments.py'...
[12.391s] Compiling '/home/robot/debug_clear_ws/install/clearpath_generator_common/local/lib/python3.10/dist-packages/clearpath_generator_common/description/generator.py'...
[12.391s] Compiling '/home/robot/debug_clear_ws/install/clearpath_generator_common/local/lib/python3.10/dist-packages/clearpath_generator_common/description/links.py'...
[12.391s] Compiling '/home/robot/debug_clear_ws/install/clearpath_generator_common/local/lib/python3.10/dist-packages/clearpath_generator_common/description/manipulators.py'...
[12.391s] Compiling '/home/robot/debug_clear_ws/install/clearpath_generator_common/local/lib/python3.10/dist-packages/clearpath_generator_common/description/mounts.py'...
[12.391s] Compiling '/home/robot/debug_clear_ws/install/clearpath_generator_common/local/lib/python3.10/dist-packages/clearpath_generator_common/description/platform.py'...
[12.391s] Compiling '/home/robot/debug_clear_ws/install/clearpath_generator_common/local/lib/python3.10/dist-packages/clearpath_generator_common/description/sensors.py'...
[12.391s] Compiling '/home/robot/debug_clear_ws/install/clearpath_generator_common/local/lib/python3.10/dist-packages/clearpath_generator_common/description/writer.py'...
[12.391s] Listing '/home/robot/debug_clear_ws/install/clearpath_generator_common/local/lib/python3.10/dist-packages/clearpath_generator_common/discovery_server'...
[12.391s] Compiling '/home/robot/debug_clear_ws/install/clearpath_generator_common/local/lib/python3.10/dist-packages/clearpath_generator_common/discovery_server/generator.py'...
[12.391s] Listing '/home/robot/debug_clear_ws/install/clearpath_generator_common/local/lib/python3.10/dist-packages/clearpath_generator_common/launch'...
[12.391s] Compiling '/home/robot/debug_clear_ws/install/clearpath_generator_common/local/lib/python3.10/dist-packages/clearpath_generator_common/launch/__init__.py'...
[12.391s] Compiling '/home/robot/debug_clear_ws/install/clearpath_generator_common/local/lib/python3.10/dist-packages/clearpath_generator_common/launch/generator.py'...
[12.391s] Compiling '/home/robot/debug_clear_ws/install/clearpath_generator_common/local/lib/python3.10/dist-packages/clearpath_generator_common/launch/writer.py'...
[12.391s] Listing '/home/robot/debug_clear_ws/install/clearpath_generator_common/local/lib/python3.10/dist-packages/clearpath_generator_common/package'...
[12.392s] Compiling '/home/robot/debug_clear_ws/install/clearpath_generator_common/local/lib/python3.10/dist-packages/clearpath_generator_common/package/__init__.py'...
[12.392s] Compiling '/home/robot/debug_clear_ws/install/clearpath_generator_common/local/lib/python3.10/dist-packages/clearpath_generator_common/package/writer.py'...
[12.392s] Listing '/home/robot/debug_clear_ws/install/clearpath_generator_common/local/lib/python3.10/dist-packages/clearpath_generator_common/param'...
[12.392s] Compiling '/home/robot/debug_clear_ws/install/clearpath_generator_common/local/lib/python3.10/dist-packages/clearpath_generator_common/param/__init__.py'...
[12.392s] Compiling '/home/robot/debug_clear_ws/install/clearpath_generator_common/local/lib/python3.10/dist-packages/clearpath_generator_common/param/generator.py'...
[12.392s] Compiling '/home/robot/debug_clear_ws/install/clearpath_generator_common/local/lib/python3.10/dist-packages/clearpath_generator_common/param/manipulators.py'...
[12.392s] Compiling '/home/robot/debug_clear_ws/install/clearpath_generator_common/local/lib/python3.10/dist-packages/clearpath_generator_common/param/platform.py'...
[12.392s] Compiling '/home/robot/debug_clear_ws/install/clearpath_generator_common/local/lib/python3.10/dist-packages/clearpath_generator_common/param/writer.py'...
[12.392s] Listing '/home/robot/debug_clear_ws/install/clearpath_generator_common/local/lib/python3.10/dist-packages/clearpath_generator_common/semantic_description'...
[12.392s] Compiling '/home/robot/debug_clear_ws/install/clearpath_generator_common/local/lib/python3.10/dist-packages/clearpath_generator_common/semantic_description/__init__.py'...
[12.392s] Compiling '/home/robot/debug_clear_ws/install/clearpath_generator_common/local/lib/python3.10/dist-packages/clearpath_generator_common/semantic_description/generator.py'...
[12.392s] Compiling '/home/robot/debug_clear_ws/install/clearpath_generator_common/local/lib/python3.10/dist-packages/clearpath_generator_common/semantic_description/manipulators.py'...
[12.395s] -- Installing: /home/robot/debug_clear_ws/install/clearpath_generator_common/share/ament_index/resource_index/package_run_dependencies/clearpath_generator_common
[12.395s] -- Installing: /home/robot/debug_clear_ws/install/clearpath_generator_common/share/ament_index/resource_index/parent_prefix_path/clearpath_generator_common
[12.395s] -- Installing: /home/robot/debug_clear_ws/install/clearpath_generator_common/share/clearpath_generator_common/environment/ament_prefix_path.sh
[12.395s] -- Installing: /home/robot/debug_clear_ws/install/clearpath_generator_common/share/clearpath_generator_common/environment/ament_prefix_path.dsv
[12.395s] -- Installing: /home/robot/debug_clear_ws/install/clearpath_generator_common/share/clearpath_generator_common/environment/path.sh
[12.395s] -- Installing: /home/robot/debug_clear_ws/install/clearpath_generator_common/share/clearpath_generator_common/environment/path.dsv
[12.395s] -- Installing: /home/robot/debug_clear_ws/install/clearpath_generator_common/share/clearpath_generator_common/local_setup.bash
[12.396s] -- Installing: /home/robot/debug_clear_ws/install/clearpath_generator_common/share/clearpath_generator_common/local_setup.sh
[12.396s] -- Installing: /home/robot/debug_clear_ws/install/clearpath_generator_common/share/clearpath_generator_common/local_setup.zsh
[12.396s] -- Installing: /home/robot/debug_clear_ws/install/clearpath_generator_common/share/clearpath_generator_common/local_setup.dsv
[12.396s] -- Installing: /home/robot/debug_clear_ws/install/clearpath_generator_common/share/clearpath_generator_common/package.dsv
[12.396s] -- Installing: /home/robot/debug_clear_ws/install/clearpath_generator_common/share/ament_index/resource_index/packages/clearpath_generator_common
[12.396s] -- Installing: /home/robot/debug_clear_ws/install/clearpath_generator_common/share/clearpath_generator_common/cmake/clearpath_generator_commonConfig.cmake
[12.397s] -- Installing: /home/robot/debug_clear_ws/install/clearpath_generator_common/share/clearpath_generator_common/cmake/clearpath_generator_commonConfig-version.cmake
[12.397s] -- Installing: /home/robot/debug_clear_ws/install/clearpath_generator_common/share/clearpath_generator_common/package.xml
[12.399s] Invoked command in '/home/robot/debug_clear_ws/build/clearpath_generator_common' returned '0': AMENT_PREFIX_PATH=/home/robot/debug_clear_ws/install/clearpath_config:/home/robot/debug_clear_ws/install/yolo_bringup:/home/robot/debug_clear_ws/install/yolo_ros:/home/robot/debug_clear_ws/install/yolo_msgs:/home/robot/debug_clear_ws/install/clearpath_simulator:/home/robot/debug_clear_ws/install/clearpath_gz:/home/robot/debug_clear_ws/install/clearpath_generator_gz:/home/robot/debug_clear_ws/install/clearpath_common:/home/robot/debug_clear_ws/install/clearpath_generator_common:/home/robot/debug_clear_ws/install/clearpath_description:/home/robot/debug_clear_ws/install/clearpath_sensors_description:/home/robot/debug_clear_ws/install/clearpath_platform:/home/robot/debug_clear_ws/install/clearpath_msgs:/home/robot/debug_clear_ws/install/clearpath_platform_msgs:/home/robot/debug_clear_ws/install/clearpath_platform_description:/home/robot/debug_clear_ws/install/clearpath_mounts_description:/home/robot/debug_clear_ws/install/clearpath_manipulators:/home/robot/debug_clear_ws/install/clearpath_manipulators_description:/home/robot/debug_clear_ws/install/clearpath_customization:/home/robot/debug_clear_ws/install/clearpath_control:/opt/ros/humble CMAKE_PREFIX_PATH=/home/robot/debug_clear_ws/install/clearpath_platform:/home/robot/debug_clear_ws/install/clearpath_manipulators:/home/robot/debug_clear_ws/install/clearpath_description:/home/robot/debug_clear_ws/install/clearpath_sensors_description:/home/robot/debug_clear_ws/install/clearpath_platform_msgs:/home/robot/debug_clear_ws/install/clearpath_platform_description:/home/robot/debug_clear_ws/install/clearpath_mounts_description:/home/robot/debug_clear_ws/install/clearpath_manipulators_description:/home/robot/debug_clear_ws/install/clearpath_control:/home/robot/debug_clear_ws/install/yolo_bringup:/home/robot/debug_clear_ws/install/yolo_msgs:/home/robot/debug_clear_ws/install/clearpath_simulator:/home/robot/debug_clear_ws/install/clearpath_gz:/home/robot/debug_clear_ws/install/clearpath_generator_gz:/home/robot/debug_clear_ws/install/clearpath_common:/home/robot/debug_clear_ws/install/clearpath_generator_common:/home/robot/debug_clear_ws/install/clearpath_msgs:/home/robot/debug_clear_ws/install/clearpath_customization:/home/robot/debug_clear_ws/install/yolo_ros:/home/robot/debug_clear_ws/install/clearpath_config:/opt/ros/humble LD_LIBRARY_PATH=/home/robot/debug_clear_ws/install/clearpath_platform/lib:/home/robot/debug_clear_ws/install/clearpath_platform_msgs/lib:/home/robot/debug_clear_ws/install/yolo_msgs/lib:/home/robot/acados/lib:/home/robot/acados/lib:/opt/ros/humble/opt/rviz_ogre_vendor/lib:/opt/ros/humble/lib/x86_64-linux-gnu:/opt/ros/humble/lib PYTHONPATH=/home/robot/debug_clear_ws/install/clearpath_config/lib/python3.10/site-packages:/home/robot/debug_clear_ws/install/yolo_ros/lib/python3.10/site-packages:/home/robot/debug_clear_ws/install/yolo_msgs/local/lib/python3.10/dist-packages:/home/robot/debug_clear_ws/install/clearpath_generator_gz/local/lib/python3.10/dist-packages:/home/robot/debug_clear_ws/install/clearpath_generator_common/local/lib/python3.10/dist-packages:/home/robot/debug_clear_ws/install/clearpath_platform_msgs/local/lib/python3.10/dist-packages:/opt/ros/humble/lib/python3.10/site-packages:/opt/ros/humble/local/lib/python3.10/dist-packages /usr/bin/cmake --install /home/robot/debug_clear_ws/build/clearpath_generator_common
