[0.045s] Invoking command in '/home/robot/debug_clear_ws/build/clearpath_platform_msgs': CMAKE_PREFIX_PATH=${CMAKE_PREFIX_PATH}:/home/robot/debug_clear_ws/install/clearpath_config:/opt/ros/humble /usr/bin/cmake --build /home/robot/debug_clear_ws/build/clearpath_platform_msgs -- -j12 -l12
[0.324s] [  0%] Built target clearpath_platform_msgs__cpp
[0.324s] [ 12%] Built target clearpath_platform_msgs__rosidl_generator_c
[0.324s] [ 12%] Built target ament_cmake_python_copy_clearpath_platform_msgs
[0.324s] [ 24%] Built target clearpath_platform_msgs__rosidl_typesupport_cpp
[0.324s] [ 35%] Built target clearpath_platform_msgs__rosidl_typesupport_fastrtps_cpp
[0.324s] [ 46%] Built target clearpath_platform_msgs__rosidl_typesupport_c
[0.324s] [ 58%] Built target clearpath_platform_msgs__rosidl_typesupport_introspection_cpp
[0.325s] [ 70%] Built target clearpath_platform_msgs__rosidl_typesupport_introspection_c
[0.325s] [ 82%] Built target clearpath_platform_msgs__rosidl_typesupport_fastrtps_c
[0.325s] [ 82%] Built target clearpath_platform_msgs
[0.325s] [ 83%] Built target clearpath_platform_msgs__py
[0.325s] [ 94%] Built target clearpath_platform_msgs__rosidl_generator_py
[0.325s] [100%] Built target clearpath_platform_msgs__rosidl_typesupport_c__pyext
[0.325s] [100%] Built target clearpath_platform_msgs__rosidl_typesupport_introspection_c__pyext
[0.325s] [100%] Built target clearpath_platform_msgs__rosidl_typesupport_fastrtps_c__pyext
[0.429s] running egg_info
[0.430s] writing clearpath_platform_msgs.egg-info/PKG-INFO
[0.430s] writing dependency_links to clearpath_platform_msgs.egg-info/dependency_links.txt
[0.431s] writing top-level names to clearpath_platform_msgs.egg-info/top_level.txt
[0.503s] reading manifest file 'clearpath_platform_msgs.egg-info/SOURCES.txt'
[0.524s] Traceback (most recent call last):
[0.524s]   File "/home/robot/debug_clear_ws/build/clearpath_platform_msgs/ament_cmake_python/clearpath_platform_msgs/setup.py", line 4, in <module>
[0.524s]     setup(
[0.524s]   File "/home/robot/.local/lib/python3.10/site-packages/setuptools/__init__.py", line 117, in setup
[0.525s]     return distutils.core.setup(**attrs)
[0.525s]   File "/home/robot/.local/lib/python3.10/site-packages/setuptools/_distutils/core.py", line 183, in setup
[0.525s]     return run_commands(dist)
[0.525s]   File "/home/robot/.local/lib/python3.10/site-packages/setuptools/_distutils/core.py", line 199, in run_commands
[0.525s]     dist.run_commands()
[0.525s]   File "/home/robot/.local/lib/python3.10/site-packages/setuptools/_distutils/dist.py", line 954, in run_commands
[0.525s]     self.run_command(cmd)
[0.525s]   File "/home/robot/.local/lib/python3.10/site-packages/setuptools/dist.py", line 991, in run_command
[0.526s]     super().run_command(command)
[0.526s]   File "/home/robot/.local/lib/python3.10/site-packages/setuptools/_distutils/dist.py", line 973, in run_command
[0.526s]     cmd_obj.run()
[0.526s]   File "/home/robot/.local/lib/python3.10/site-packages/setuptools/command/egg_info.py", line 315, in run
[0.526s]     self.find_sources()
[0.526s]   File "/home/robot/.local/lib/python3.10/site-packages/setuptools/command/egg_info.py", line 323, in find_sources
[0.526s]     mm.run()
[0.526s]   File "/home/robot/.local/lib/python3.10/site-packages/setuptools/command/egg_info.py", line 549, in run
[0.527s]     self.prune_file_list()
[0.527s]   File "/home/robot/.local/lib/python3.10/site-packages/setuptools/command/sdist.py", line 161, in prune_file_list
[0.528s]     super().prune_file_list()
[0.528s]   File "/home/robot/.local/lib/python3.10/site-packages/setuptools/_distutils/command/sdist.py", line 380, in prune_file_list
[0.528s]     base_dir = self.distribution.get_fullname()
[0.528s]   File "/home/robot/.local/lib/python3.10/site-packages/setuptools/_core_metadata.py", line 267, in get_fullname
[0.528s]     return _distribution_fullname(self.get_name(), self.get_version())
[0.528s]   File "/home/robot/.local/lib/python3.10/site-packages/setuptools/_core_metadata.py", line 285, in _distribution_fullname
[0.528s]     canonicalize_version(version, strip_trailing_zero=False),
[0.528s] TypeError: canonicalize_version() got an unexpected keyword argument 'strip_trailing_zero'
[0.558s] gmake[2]: *** [CMakeFiles/ament_cmake_python_build_clearpath_platform_msgs_egg.dir/build.make:70: CMakeFiles/ament_cmake_python_build_clearpath_platform_msgs_egg] Error 1
[0.559s] gmake[1]: *** [CMakeFiles/Makefile2:447: CMakeFiles/ament_cmake_python_build_clearpath_platform_msgs_egg.dir/all] Error 2
[0.559s] gmake: *** [Makefile:146: all] Error 2
[0.578s] Invoked command in '/home/robot/debug_clear_ws/build/clearpath_platform_msgs' returned '2': CMAKE_PREFIX_PATH=${CMAKE_PREFIX_PATH}:/home/robot/debug_clear_ws/install/clearpath_config:/opt/ros/humble /usr/bin/cmake --build /home/robot/debug_clear_ws/build/clearpath_platform_msgs -- -j12 -l12
