-- Install configuration: ""
-- Up-to-date: /home/dimash/debug_clear_ws/install/clearpath_nav2_demos/share/clearpath_nav2_demos/config
-- Up-to-date: /home/dimash/debug_clear_ws/install/clearpath_nav2_demos/share/clearpath_nav2_demos/config/r100
-- Up-to-date: /home/dimash/debug_clear_ws/install/clearpath_nav2_demos/share/clearpath_nav2_demos/config/r100/slam.yaml
-- Up-to-date: /home/dimash/debug_clear_ws/install/clearpath_nav2_demos/share/clearpath_nav2_demos/config/r100/nav2.yaml
-- Up-to-date: /home/dimash/debug_clear_ws/install/clearpath_nav2_demos/share/clearpath_nav2_demos/config/r100/localization.yaml
-- Up-to-date: /home/dimash/debug_clear_ws/install/clearpath_nav2_demos/share/clearpath_nav2_demos/config/j100
-- Up-to-date: /home/dimash/debug_clear_ws/install/clearpath_nav2_demos/share/clearpath_nav2_demos/config/j100/nav2 copy.yaml
-- Up-to-date: /home/dimash/debug_clear_ws/install/clearpath_nav2_demos/share/clearpath_nav2_demos/config/j100/slam.yaml
-- Up-to-date: /home/dimash/debug_clear_ws/install/clearpath_nav2_demos/share/clearpath_nav2_demos/config/j100/nav2.yaml
-- Up-to-date: /home/dimash/debug_clear_ws/install/clearpath_nav2_demos/share/clearpath_nav2_demos/config/j100/localization.yaml
-- Up-to-date: /home/dimash/debug_clear_ws/install/clearpath_nav2_demos/share/clearpath_nav2_demos/config/dd150
-- Up-to-date: /home/dimash/debug_clear_ws/install/clearpath_nav2_demos/share/clearpath_nav2_demos/config/dd150/slam.yaml
-- Up-to-date: /home/dimash/debug_clear_ws/install/clearpath_nav2_demos/share/clearpath_nav2_demos/config/dd150/nav2.yaml
-- Up-to-date: /home/dimash/debug_clear_ws/install/clearpath_nav2_demos/share/clearpath_nav2_demos/config/dd150/localization.yaml
-- Up-to-date: /home/dimash/debug_clear_ws/install/clearpath_nav2_demos/share/clearpath_nav2_demos/config/a200
-- Up-to-date: /home/dimash/debug_clear_ws/install/clearpath_nav2_demos/share/clearpath_nav2_demos/config/a200/slam.yaml
-- Up-to-date: /home/dimash/debug_clear_ws/install/clearpath_nav2_demos/share/clearpath_nav2_demos/config/a200/nav2.yaml
-- Up-to-date: /home/dimash/debug_clear_ws/install/clearpath_nav2_demos/share/clearpath_nav2_demos/config/a200/localization.yaml
-- Up-to-date: /home/dimash/debug_clear_ws/install/clearpath_nav2_demos/share/clearpath_nav2_demos/config/dd100
-- Up-to-date: /home/dimash/debug_clear_ws/install/clearpath_nav2_demos/share/clearpath_nav2_demos/config/dd100/slam.yaml
-- Up-to-date: /home/dimash/debug_clear_ws/install/clearpath_nav2_demos/share/clearpath_nav2_demos/config/dd100/nav2.yaml
-- Up-to-date: /home/dimash/debug_clear_ws/install/clearpath_nav2_demos/share/clearpath_nav2_demos/config/dd100/localization.yaml
-- Up-to-date: /home/dimash/debug_clear_ws/install/clearpath_nav2_demos/share/clearpath_nav2_demos/config/do100
-- Up-to-date: /home/dimash/debug_clear_ws/install/clearpath_nav2_demos/share/clearpath_nav2_demos/config/do100/slam.yaml
-- Up-to-date: /home/dimash/debug_clear_ws/install/clearpath_nav2_demos/share/clearpath_nav2_demos/config/do100/nav2.yaml
-- Up-to-date: /home/dimash/debug_clear_ws/install/clearpath_nav2_demos/share/clearpath_nav2_demos/config/do100/localization.yaml
-- Up-to-date: /home/dimash/debug_clear_ws/install/clearpath_nav2_demos/share/clearpath_nav2_demos/config/w200
-- Up-to-date: /home/dimash/debug_clear_ws/install/clearpath_nav2_demos/share/clearpath_nav2_demos/config/w200/slam.yaml
-- Up-to-date: /home/dimash/debug_clear_ws/install/clearpath_nav2_demos/share/clearpath_nav2_demos/config/w200/nav2.yaml
-- Up-to-date: /home/dimash/debug_clear_ws/install/clearpath_nav2_demos/share/clearpath_nav2_demos/config/w200/localization.yaml
-- Up-to-date: /home/dimash/debug_clear_ws/install/clearpath_nav2_demos/share/clearpath_nav2_demos/config/do150
-- Up-to-date: /home/dimash/debug_clear_ws/install/clearpath_nav2_demos/share/clearpath_nav2_demos/config/do150/slam.yaml
-- Up-to-date: /home/dimash/debug_clear_ws/install/clearpath_nav2_demos/share/clearpath_nav2_demos/config/do150/nav2.yaml
-- Up-to-date: /home/dimash/debug_clear_ws/install/clearpath_nav2_demos/share/clearpath_nav2_demos/config/do150/localization.yaml
-- Up-to-date: /home/dimash/debug_clear_ws/install/clearpath_nav2_demos/share/clearpath_nav2_demos/launch
-- Up-to-date: /home/dimash/debug_clear_ws/install/clearpath_nav2_demos/share/clearpath_nav2_demos/launch/localization.launch.py
-- Up-to-date: /home/dimash/debug_clear_ws/install/clearpath_nav2_demos/share/clearpath_nav2_demos/launch/slam.launch.py
-- Up-to-date: /home/dimash/debug_clear_ws/install/clearpath_nav2_demos/share/clearpath_nav2_demos/launch/nav2.launch.py
-- Up-to-date: /home/dimash/debug_clear_ws/install/clearpath_nav2_demos/share/clearpath_nav2_demos/maps
-- Up-to-date: /home/dimash/debug_clear_ws/install/clearpath_nav2_demos/share/clearpath_nav2_demos/maps/warehouse.pgm
-- Up-to-date: /home/dimash/debug_clear_ws/install/clearpath_nav2_demos/share/clearpath_nav2_demos/maps/warehouse.yaml
-- Up-to-date: /home/dimash/debug_clear_ws/install/clearpath_nav2_demos/share/ament_index/resource_index/package_run_dependencies/clearpath_nav2_demos
-- Up-to-date: /home/dimash/debug_clear_ws/install/clearpath_nav2_demos/share/ament_index/resource_index/parent_prefix_path/clearpath_nav2_demos
-- Up-to-date: /home/dimash/debug_clear_ws/install/clearpath_nav2_demos/share/clearpath_nav2_demos/environment/ament_prefix_path.sh
-- Up-to-date: /home/dimash/debug_clear_ws/install/clearpath_nav2_demos/share/clearpath_nav2_demos/environment/ament_prefix_path.dsv
-- Up-to-date: /home/dimash/debug_clear_ws/install/clearpath_nav2_demos/share/clearpath_nav2_demos/environment/path.sh
-- Up-to-date: /home/dimash/debug_clear_ws/install/clearpath_nav2_demos/share/clearpath_nav2_demos/environment/path.dsv
-- Up-to-date: /home/dimash/debug_clear_ws/install/clearpath_nav2_demos/share/clearpath_nav2_demos/local_setup.bash
-- Up-to-date: /home/dimash/debug_clear_ws/install/clearpath_nav2_demos/share/clearpath_nav2_demos/local_setup.sh
-- Up-to-date: /home/dimash/debug_clear_ws/install/clearpath_nav2_demos/share/clearpath_nav2_demos/local_setup.zsh
-- Up-to-date: /home/dimash/debug_clear_ws/install/clearpath_nav2_demos/share/clearpath_nav2_demos/local_setup.dsv
-- Up-to-date: /home/dimash/debug_clear_ws/install/clearpath_nav2_demos/share/clearpath_nav2_demos/package.dsv
-- Up-to-date: /home/dimash/debug_clear_ws/install/clearpath_nav2_demos/share/ament_index/resource_index/packages/clearpath_nav2_demos
-- Up-to-date: /home/dimash/debug_clear_ws/install/clearpath_nav2_demos/share/clearpath_nav2_demos/cmake/clearpath_nav2_demosConfig.cmake
-- Up-to-date: /home/dimash/debug_clear_ws/install/clearpath_nav2_demos/share/clearpath_nav2_demos/cmake/clearpath_nav2_demosConfig-version.cmake
-- Up-to-date: /home/dimash/debug_clear_ws/install/clearpath_nav2_demos/share/clearpath_nav2_demos/package.xml
