[2.029s] Invoking command in '/home/robot/debug_clear_ws/build/clearpath_config': PYTHONPATH=/home/robot/debug_clear_ws/build/clearpath_config/prefix_override:/usr/lib/python3/dist-packages/colcon_core/task/python/colcon_distutils_commands:/home/robot/debug_clear_ws/install/clearpath_config/lib/python3.10/site-packages:${PYTHONPATH} /usr/bin/python3 -W ignore:setup.py install is deprecated -W ignore:easy_install command is deprecated setup.py develop --editable --build-directory /home/robot/debug_clear_ws/build/clearpath_config/build --no-deps symlink_data
[2.753s] running develop
[3.158s] running egg_info
[3.185s] creating clearpath_config.egg-info
[3.185s] writing clearpath_config.egg-info/PKG-INFO
[3.185s] writing dependency_links to clearpath_config.egg-info/dependency_links.txt
[3.186s] writing requirements to clearpath_config.egg-info/requires.txt
[3.186s] writing top-level names to clearpath_config.egg-info/top_level.txt
[3.186s] writing manifest file 'clearpath_config.egg-info/SOURCES.txt'
[3.255s] reading manifest file 'clearpath_config.egg-info/SOURCES.txt'
[3.258s] writing manifest file 'clearpath_config.egg-info/SOURCES.txt'
[3.286s] running build_ext
[3.286s] Creating /home/robot/debug_clear_ws/install/clearpath_config/lib/python3.10/site-packages/clearpath-config.egg-link (link to .)
[3.287s] 
[3.287s] Installed /home/robot/debug_clear_ws/build/clearpath_config
[3.288s] running symlink_data
[3.288s] creating /home/robot/debug_clear_ws/install/clearpath_config/share/ament_index/resource_index/packages
[3.288s] symbolically linking /home/robot/debug_clear_ws/build/clearpath_config/resource/clearpath_config -> /home/robot/debug_clear_ws/install/clearpath_config/share/ament_index/resource_index/packages
[3.288s] symbolically linking /home/robot/debug_clear_ws/build/clearpath_config/package.xml -> /home/robot/debug_clear_ws/install/clearpath_config/share/clearpath_config
[3.289s] creating /home/robot/debug_clear_ws/install/clearpath_config/share/clearpath_config/sample
[3.289s] symbolically linking /home/robot/debug_clear_ws/build/clearpath_config/clearpath_config/sample/a200/a200_default.yaml -> /home/robot/debug_clear_ws/install/clearpath_config/share/clearpath_config/sample
[3.289s] symbolically linking /home/robot/debug_clear_ws/build/clearpath_config/clearpath_config/sample/a200/a200_dual_laser.yaml -> /home/robot/debug_clear_ws/install/clearpath_config/share/clearpath_config/sample
[3.289s] symbolically linking /home/robot/debug_clear_ws/build/clearpath_config/clearpath_config/sample/a200/a200_sample.yaml -> /home/robot/debug_clear_ws/install/clearpath_config/share/clearpath_config/sample
[3.289s] symbolically linking /home/robot/debug_clear_ws/build/clearpath_config/clearpath_config/sample/a200/a200_outline.yaml -> /home/robot/debug_clear_ws/install/clearpath_config/share/clearpath_config/sample
[3.290s] symbolically linking /home/robot/debug_clear_ws/build/clearpath_config/clearpath_config/sample/a200/a200_velodyne.yaml -> /home/robot/debug_clear_ws/install/clearpath_config/share/clearpath_config/sample
[3.290s] symbolically linking /home/robot/debug_clear_ws/build/clearpath_config/clearpath_config/sample/j100/j100_default.yaml -> /home/robot/debug_clear_ws/install/clearpath_config/share/clearpath_config/sample
[3.290s] symbolically linking /home/robot/debug_clear_ws/build/clearpath_config/clearpath_config/sample/j100/j100_dual_laser.yaml -> /home/robot/debug_clear_ws/install/clearpath_config/share/clearpath_config/sample
[3.290s] symbolically linking /home/robot/debug_clear_ws/build/clearpath_config/clearpath_config/sample/j100/j100_sample.yaml -> /home/robot/debug_clear_ws/install/clearpath_config/share/clearpath_config/sample
[3.291s] symbolically linking /home/robot/debug_clear_ws/build/clearpath_config/clearpath_config/sample/j100/j100_velodyne.yaml -> /home/robot/debug_clear_ws/install/clearpath_config/share/clearpath_config/sample
[3.291s] symbolically linking /home/robot/debug_clear_ws/build/clearpath_config/clearpath_config/sample/j100/j100_outline.yaml -> /home/robot/debug_clear_ws/install/clearpath_config/share/clearpath_config/sample
[3.291s] symbolically linking /home/robot/debug_clear_ws/build/clearpath_config/clearpath_config/sample/j100/j100_microstrain_gq7.yaml -> /home/robot/debug_clear_ws/install/clearpath_config/share/clearpath_config/sample
[3.291s] symbolically linking /home/robot/debug_clear_ws/build/clearpath_config/clearpath_config/sample/w200/w200_default.yaml -> /home/robot/debug_clear_ws/install/clearpath_config/share/clearpath_config/sample
[3.291s] symbolically linking /home/robot/debug_clear_ws/build/clearpath_config/clearpath_config/sample/w200/w200_outline.yaml -> /home/robot/debug_clear_ws/install/clearpath_config/share/clearpath_config/sample
[3.292s] symbolically linking /home/robot/debug_clear_ws/build/clearpath_config/clearpath_config/sample/w200/w200_dual_laser.yaml -> /home/robot/debug_clear_ws/install/clearpath_config/share/clearpath_config/sample
[3.292s] symbolically linking /home/robot/debug_clear_ws/build/clearpath_config/clearpath_config/sample/w200/w200_velodyne.yaml -> /home/robot/debug_clear_ws/install/clearpath_config/share/clearpath_config/sample
[3.292s] symbolically linking /home/robot/debug_clear_ws/build/clearpath_config/clearpath_config/sample/dd150/dd150_outline.yaml -> /home/robot/debug_clear_ws/install/clearpath_config/share/clearpath_config/sample
[3.292s] symbolically linking /home/robot/debug_clear_ws/build/clearpath_config/clearpath_config/sample/dd150/dd150_dual_laser.yaml -> /home/robot/debug_clear_ws/install/clearpath_config/share/clearpath_config/sample
[3.292s] symbolically linking /home/robot/debug_clear_ws/build/clearpath_config/clearpath_config/sample/dd150/dd150_velodyne.yaml -> /home/robot/debug_clear_ws/install/clearpath_config/share/clearpath_config/sample
[3.292s] symbolically linking /home/robot/debug_clear_ws/build/clearpath_config/clearpath_config/sample/dd150/dd150_default.yaml -> /home/robot/debug_clear_ws/install/clearpath_config/share/clearpath_config/sample
[3.292s] symbolically linking /home/robot/debug_clear_ws/build/clearpath_config/clearpath_config/sample/dd100/dd100_dual_laser.yaml -> /home/robot/debug_clear_ws/install/clearpath_config/share/clearpath_config/sample
[3.293s] symbolically linking /home/robot/debug_clear_ws/build/clearpath_config/clearpath_config/sample/dd100/dd100_velodyne.yaml -> /home/robot/debug_clear_ws/install/clearpath_config/share/clearpath_config/sample
[3.293s] symbolically linking /home/robot/debug_clear_ws/build/clearpath_config/clearpath_config/sample/dd100/dd100_default.yaml -> /home/robot/debug_clear_ws/install/clearpath_config/share/clearpath_config/sample
[3.293s] symbolically linking /home/robot/debug_clear_ws/build/clearpath_config/clearpath_config/sample/dd100/dd100_outline.yaml -> /home/robot/debug_clear_ws/install/clearpath_config/share/clearpath_config/sample
[3.293s] symbolically linking /home/robot/debug_clear_ws/build/clearpath_config/clearpath_config/sample/r100/r100_outline.yaml -> /home/robot/debug_clear_ws/install/clearpath_config/share/clearpath_config/sample
[3.293s] symbolically linking /home/robot/debug_clear_ws/build/clearpath_config/clearpath_config/sample/r100/r100_dual_laser.yaml -> /home/robot/debug_clear_ws/install/clearpath_config/share/clearpath_config/sample
[3.293s] symbolically linking /home/robot/debug_clear_ws/build/clearpath_config/clearpath_config/sample/r100/r100_dual_laser_hokuyo.yaml -> /home/robot/debug_clear_ws/install/clearpath_config/share/clearpath_config/sample
[3.294s] symbolically linking /home/robot/debug_clear_ws/build/clearpath_config/clearpath_config/sample/r100/r100_default.yaml -> /home/robot/debug_clear_ws/install/clearpath_config/share/clearpath_config/sample
[3.294s] symbolically linking /home/robot/debug_clear_ws/build/clearpath_config/clearpath_config/sample/do100/do100_outline.yaml -> /home/robot/debug_clear_ws/install/clearpath_config/share/clearpath_config/sample
[3.294s] symbolically linking /home/robot/debug_clear_ws/build/clearpath_config/clearpath_config/sample/do100/do100_default.yaml -> /home/robot/debug_clear_ws/install/clearpath_config/share/clearpath_config/sample
[3.294s] symbolically linking /home/robot/debug_clear_ws/build/clearpath_config/clearpath_config/sample/do100/do100_velodyne.yaml -> /home/robot/debug_clear_ws/install/clearpath_config/share/clearpath_config/sample
[3.294s] symbolically linking /home/robot/debug_clear_ws/build/clearpath_config/clearpath_config/sample/do100/do100_dual_laser.yaml -> /home/robot/debug_clear_ws/install/clearpath_config/share/clearpath_config/sample
[3.294s] symbolically linking /home/robot/debug_clear_ws/build/clearpath_config/clearpath_config/sample/do150/do150_dual_laser.yaml -> /home/robot/debug_clear_ws/install/clearpath_config/share/clearpath_config/sample
[3.294s] symbolically linking /home/robot/debug_clear_ws/build/clearpath_config/clearpath_config/sample/do150/do150_outline.yaml -> /home/robot/debug_clear_ws/install/clearpath_config/share/clearpath_config/sample
[3.295s] symbolically linking /home/robot/debug_clear_ws/build/clearpath_config/clearpath_config/sample/do150/do150_velodyne.yaml -> /home/robot/debug_clear_ws/install/clearpath_config/share/clearpath_config/sample
[3.295s] symbolically linking /home/robot/debug_clear_ws/build/clearpath_config/clearpath_config/sample/do150/do150_default.yaml -> /home/robot/debug_clear_ws/install/clearpath_config/share/clearpath_config/sample
[3.338s] Invoked command in '/home/robot/debug_clear_ws/build/clearpath_config' returned '0': PYTHONPATH=/home/robot/debug_clear_ws/build/clearpath_config/prefix_override:/usr/lib/python3/dist-packages/colcon_core/task/python/colcon_distutils_commands:/home/robot/debug_clear_ws/install/clearpath_config/lib/python3.10/site-packages:${PYTHONPATH} /usr/bin/python3 -W ignore:setup.py install is deprecated -W ignore:easy_install command is deprecated setup.py develop --editable --build-directory /home/robot/debug_clear_ws/build/clearpath_config/build --no-deps symlink_data
