[1.740s] Invoking command in '/home/dimash/debug_clear_ws/src/person_movement': PYTHONPATH=/home/dimash/debug_clear_ws/build/person_movement/prefix_override:/usr/lib/python3/dist-packages/colcon_core/task/python/colcon_distutils_commands:/home/dimash/debug_clear_ws/install/person_movement/lib/python3.10/site-packages:${PYTHONPATH} /usr/bin/python3 -W ignore:setup.py install is deprecated -W ignore:easy_install command is deprecated setup.py egg_info --egg-base ../../build/person_movement build --build-base /home/dimash/debug_clear_ws/build/person_movement/build install --record /home/dimash/debug_clear_ws/build/person_movement/install.log --single-version-externally-managed install_data
[2.367s] running egg_info
[2.370s] writing ../../build/person_movement/person_movement.egg-info/PKG-INFO
[2.371s] writing dependency_links to ../../build/person_movement/person_movement.egg-info/dependency_links.txt
[2.372s] writing entry points to ../../build/person_movement/person_movement.egg-info/entry_points.txt
[2.372s] writing requirements to ../../build/person_movement/person_movement.egg-info/requires.txt
[2.373s] writing top-level names to ../../build/person_movement/person_movement.egg-info/top_level.txt
[2.374s] reading manifest file '../../build/person_movement/person_movement.egg-info/SOURCES.txt'
[2.376s] writing manifest file '../../build/person_movement/person_movement.egg-info/SOURCES.txt'
[2.377s] running build
[2.377s] running build_py
[2.377s] running install
[2.379s] running install_lib
[2.380s] running install_data
[2.380s] running install_egg_info
[2.385s] removing '/home/dimash/debug_clear_ws/install/person_movement/lib/python3.10/site-packages/person_movement-0.0.0-py3.10.egg-info' (and everything under it)
[2.385s] Copying ../../build/person_movement/person_movement.egg-info to /home/dimash/debug_clear_ws/install/person_movement/lib/python3.10/site-packages/person_movement-0.0.0-py3.10.egg-info
[2.388s] running install_scripts
[2.432s] Installing move_and_publish_person script to /home/dimash/debug_clear_ws/install/person_movement/lib/person_movement
[2.433s] writing list of installed files to '/home/dimash/debug_clear_ws/build/person_movement/install.log'
[2.486s] Invoked command in '/home/dimash/debug_clear_ws/src/person_movement' returned '0': PYTHONPATH=/home/dimash/debug_clear_ws/build/person_movement/prefix_override:/usr/lib/python3/dist-packages/colcon_core/task/python/colcon_distutils_commands:/home/dimash/debug_clear_ws/install/person_movement/lib/python3.10/site-packages:${PYTHONPATH} /usr/bin/python3 -W ignore:setup.py install is deprecated -W ignore:easy_install command is deprecated setup.py egg_info --egg-base ../../build/person_movement build --build-base /home/dimash/debug_clear_ws/build/person_movement/build install --record /home/dimash/debug_clear_ws/build/person_movement/install.log --single-version-externally-managed install_data
