[0.032s] Invoking command in '/home/robot/debug_clear_ws/build/clearpath_platform_msgs': CMAKE_PREFIX_PATH=${CMAKE_PREFIX_PATH}:/home/robot/debug_clear_ws/install/clearpath_config:/home/robot/debug_clear_ws~/install/clearpath_config:/opt/ros/humble /usr/bin/cmake /home/robot/debug_clear_ws/src/clearpath_msgs/clearpath_platform_msgs -DCMAKE_INSTALL_PREFIX=/home/robot/debug_clear_ws/install/clearpath_platform_msgs
[0.449s] -- The C compiler identification is GNU 11.4.0
[0.450s] -- The CXX compiler identification is GNU 11.4.0
[0.450s] -- Detecting C compiler ABI info
[0.450s] -- Detecting C compiler ABI info - done
[0.450s] -- Check for working C compiler: /usr/bin/cc - skipped
[0.450s] -- Detecting C compile features
[0.450s] -- Detecting C compile features - done
[0.451s] -- Detecting CXX compiler ABI info
[0.451s] -- Detecting CXX compiler ABI info - done
[0.451s] -- Check for working CXX compiler: /usr/bin/c++ - skipped
[0.451s] -- Detecting CXX compile features
[0.451s] -- Detecting CXX compile features - done
[0.452s] -- Found ament_cmake: 1.3.10 (/opt/ros/humble/share/ament_cmake/cmake)
[0.607s] -- Found Python3: /usr/bin/python3 (found version "3.10.12") found components: Interpreter 
[0.741s] -- Found std_msgs: 4.2.4 (/opt/ros/humble/share/std_msgs/cmake)
[0.803s] -- Found rosidl_generator_c: 3.1.5 (/opt/ros/humble/share/rosidl_generator_c/cmake)
[0.814s] -- Found rosidl_adapter: 3.1.5 (/opt/ros/humble/share/rosidl_adapter/cmake)
[0.831s] -- Found rosidl_generator_cpp: 3.1.5 (/opt/ros/humble/share/rosidl_generator_cpp/cmake)
[0.860s] -- Using all available rosidl_typesupport_c: rosidl_typesupport_fastrtps_c;rosidl_typesupport_introspection_c
[0.899s] -- Using all available rosidl_typesupport_cpp: rosidl_typesupport_fastrtps_cpp;rosidl_typesupport_introspection_cpp
[0.957s] -- Found rosidl_default_generators: 1.2.0 (/opt/ros/humble/share/rosidl_default_generators/cmake)
[1.390s] -- Found ament_cmake_ros: 0.10.0 (/opt/ros/humble/share/ament_cmake_ros/cmake)
[1.748s] -- Using all available rosidl_typesupport_c: rosidl_typesupport_fastrtps_c;rosidl_typesupport_introspection_c
[1.891s] -- Using all available rosidl_typesupport_cpp: rosidl_typesupport_fastrtps_cpp;rosidl_typesupport_introspection_cpp
[1.912s] -- Found PythonInterp: /usr/bin/python3 (found suitable version "3.10.12", minimum required is "3.6") 
[1.914s] -- Found python_cmake_module: 0.10.0 (/opt/ros/humble/share/python_cmake_module/cmake)
[1.938s] -- Found PythonLibs: /usr/lib/x86_64-linux-gnu/libpython3.10.so (found suitable version "3.10.12", minimum required is "3.5") 
[1.938s] -- Using PYTHON_EXECUTABLE: /usr/bin/python3
[1.938s] -- Using PYTHON_INCLUDE_DIRS: /usr/include/python3.10
[1.939s] -- Using PYTHON_LIBRARIES: /usr/lib/x86_64-linux-gnu/libpython3.10.so
[1.957s] -- Found PythonExtra: .so  
[2.020s] -- Configuring done
[2.061s] -- Generating done
[2.063s] -- Build files have been written to: /home/robot/debug_clear_ws/build/clearpath_platform_msgs
[2.069s] Invoked command in '/home/robot/debug_clear_ws/build/clearpath_platform_msgs' returned '0': CMAKE_PREFIX_PATH=${CMAKE_PREFIX_PATH}:/home/robot/debug_clear_ws/install/clearpath_config:/home/robot/debug_clear_ws~/install/clearpath_config:/opt/ros/humble /usr/bin/cmake /home/robot/debug_clear_ws/src/clearpath_msgs/clearpath_platform_msgs -DCMAKE_INSTALL_PREFIX=/home/robot/debug_clear_ws/install/clearpath_platform_msgs
[2.070s] Invoking command in '/home/robot/debug_clear_ws/build/clearpath_platform_msgs': CMAKE_PREFIX_PATH=${CMAKE_PREFIX_PATH}:/home/robot/debug_clear_ws/install/clearpath_config:/home/robot/debug_clear_ws~/install/clearpath_config:/opt/ros/humble /usr/bin/cmake --build /home/robot/debug_clear_ws/build/clearpath_platform_msgs -- -j12 -l12
[2.105s] [  1%] [34m[1mGenerating C code for ROS interfaces[0m
[2.114s] [  1%] [34m[1mGenerating C++ code for ROS interfaces[0m
[2.121s] [  1%] Built target ament_cmake_python_copy_clearpath_platform_msgs
[2.331s] running egg_info
[2.332s] creating clearpath_platform_msgs.egg-info
[2.332s] writing clearpath_platform_msgs.egg-info/PKG-INFO
[2.332s] writing dependency_links to clearpath_platform_msgs.egg-info/dependency_links.txt
[2.332s] writing top-level names to clearpath_platform_msgs.egg-info/top_level.txt
[2.332s] writing manifest file 'clearpath_platform_msgs.egg-info/SOURCES.txt'
[2.334s] reading manifest file 'clearpath_platform_msgs.egg-info/SOURCES.txt'
[2.334s] writing manifest file 'clearpath_platform_msgs.egg-info/SOURCES.txt'
[2.355s] [  1%] Built target ament_cmake_python_build_clearpath_platform_msgs_egg
[3.430s] [  1%] Built target clearpath_platform_msgs__cpp
[3.443s] [  2%] [34m[1mGenerating C++ type support dispatch for ROS interfaces[0m
[3.444s] [  4%] [34m[1mGenerating C++ type support for eProsima Fast-RTPS[0m
[3.444s] [  4%] [34m[1mGenerating C++ introspection for ROS interfaces[0m
[3.537s] [  6%] [32mBuilding C object CMakeFiles/clearpath_platform_msgs__rosidl_generator_c.dir/rosidl_generator_c/clearpath_platform_msgs/msg/detail/drive_feedback__functions.c.o[0m
[3.537s] [  6%] [32mBuilding C object CMakeFiles/clearpath_platform_msgs__rosidl_generator_c.dir/rosidl_generator_c/clearpath_platform_msgs/msg/detail/drive__functions.c.o[0m
[3.538s] [  7%] [32mBuilding C object CMakeFiles/clearpath_platform_msgs__rosidl_generator_c.dir/rosidl_generator_c/clearpath_platform_msgs/msg/detail/fans__functions.c.o[0m
[3.538s] [  8%] [32mBuilding C object CMakeFiles/clearpath_platform_msgs__rosidl_generator_c.dir/rosidl_generator_c/clearpath_platform_msgs/msg/detail/feedback__functions.c.o[0m
[3.538s] [  9%] [32mBuilding C object CMakeFiles/clearpath_platform_msgs__rosidl_generator_c.dir/rosidl_generator_c/clearpath_platform_msgs/msg/detail/lights__functions.c.o[0m
[3.538s] [ 10%] [32mBuilding C object CMakeFiles/clearpath_platform_msgs__rosidl_generator_c.dir/rosidl_generator_c/clearpath_platform_msgs/msg/detail/power__functions.c.o[0m
[3.538s] [ 11%] [32mBuilding C object CMakeFiles/clearpath_platform_msgs__rosidl_generator_c.dir/rosidl_generator_c/clearpath_platform_msgs/msg/detail/rgb__functions.c.o[0m
[3.538s] [ 12%] [32mBuilding C object CMakeFiles/clearpath_platform_msgs__rosidl_generator_c.dir/rosidl_generator_c/clearpath_platform_msgs/msg/detail/status__functions.c.o[0m
[3.544s] [ 13%] [32mBuilding C object CMakeFiles/clearpath_platform_msgs__rosidl_generator_c.dir/rosidl_generator_c/clearpath_platform_msgs/msg/detail/stop_status__functions.c.o[0m
[3.616s] [ 14%] [32mBuilding C object CMakeFiles/clearpath_platform_msgs__rosidl_generator_c.dir/rosidl_generator_c/clearpath_platform_msgs/srv/detail/configure_mcu__functions.c.o[0m
[3.675s] [ 15%] [32m[1mLinking C shared library libclearpath_platform_msgs__rosidl_generator_c.so[0m
[3.713s] [ 15%] Built target clearpath_platform_msgs__rosidl_generator_c
[3.724s] [ 18%] [34m[1mGenerating C introspection for ROS interfaces[0m
[3.724s] [ 18%] [34m[1mGenerating C type support for eProsima Fast-RTPS[0m
[3.724s] [ 18%] [34m[1mGenerating C type support dispatch for ROS interfaces[0m
[4.882s] [ 21%] [32mBuilding CXX object CMakeFiles/clearpath_platform_msgs__rosidl_typesupport_cpp.dir/rosidl_typesupport_cpp/clearpath_platform_msgs/msg/fans__type_support.cpp.o[0m
[4.882s] [ 21%] [32mBuilding CXX object CMakeFiles/clearpath_platform_msgs__rosidl_typesupport_cpp.dir/rosidl_typesupport_cpp/clearpath_platform_msgs/msg/drive__type_support.cpp.o[0m
[4.882s] [ 21%] [32mBuilding CXX object CMakeFiles/clearpath_platform_msgs__rosidl_typesupport_cpp.dir/rosidl_typesupport_cpp/clearpath_platform_msgs/msg/drive_feedback__type_support.cpp.o[0m
[4.882s] [ 22%] [32mBuilding CXX object CMakeFiles/clearpath_platform_msgs__rosidl_typesupport_cpp.dir/rosidl_typesupport_cpp/clearpath_platform_msgs/msg/feedback__type_support.cpp.o[0m
[4.882s] [ 23%] [32mBuilding CXX object CMakeFiles/clearpath_platform_msgs__rosidl_typesupport_cpp.dir/rosidl_typesupport_cpp/clearpath_platform_msgs/msg/lights__type_support.cpp.o[0m
[4.882s] [ 25%] [32mBuilding CXX object CMakeFiles/clearpath_platform_msgs__rosidl_typesupport_cpp.dir/rosidl_typesupport_cpp/clearpath_platform_msgs/msg/power__type_support.cpp.o[0m
[4.882s] [ 25%] [32mBuilding CXX object CMakeFiles/clearpath_platform_msgs__rosidl_typesupport_cpp.dir/rosidl_typesupport_cpp/clearpath_platform_msgs/msg/rgb__type_support.cpp.o[0m
[5.226s] [ 26%] [32mBuilding CXX object CMakeFiles/clearpath_platform_msgs__rosidl_typesupport_introspection_cpp.dir/rosidl_typesupport_introspection_cpp/clearpath_platform_msgs/msg/detail/drive__type_support.cpp.o[0m
[5.363s] [ 27%] [32mBuilding CXX object CMakeFiles/clearpath_platform_msgs__rosidl_typesupport_introspection_cpp.dir/rosidl_typesupport_introspection_cpp/clearpath_platform_msgs/msg/detail/drive_feedback__type_support.cpp.o[0m
[5.368s] [ 28%] [32mBuilding CXX object CMakeFiles/clearpath_platform_msgs__rosidl_typesupport_introspection_cpp.dir/rosidl_typesupport_introspection_cpp/clearpath_platform_msgs/msg/detail/fans__type_support.cpp.o[0m
[5.375s] [ 29%] [32mBuilding CXX object CMakeFiles/clearpath_platform_msgs__rosidl_typesupport_cpp.dir/rosidl_typesupport_cpp/clearpath_platform_msgs/msg/status__type_support.cpp.o[0m
[5.375s] [ 30%] [32mBuilding CXX object CMakeFiles/clearpath_platform_msgs__rosidl_typesupport_introspection_cpp.dir/rosidl_typesupport_introspection_cpp/clearpath_platform_msgs/msg/detail/feedback__type_support.cpp.o[0m
[5.388s] [ 31%] [32mBuilding CXX object CMakeFiles/clearpath_platform_msgs__rosidl_typesupport_introspection_cpp.dir/rosidl_typesupport_introspection_cpp/clearpath_platform_msgs/msg/detail/power__type_support.cpp.o[0m
[5.388s] [ 32%] [32mBuilding CXX object CMakeFiles/clearpath_platform_msgs__rosidl_typesupport_introspection_cpp.dir/rosidl_typesupport_introspection_cpp/clearpath_platform_msgs/msg/detail/lights__type_support.cpp.o[0m
[5.394s] [ 33%] [32mBuilding CXX object CMakeFiles/clearpath_platform_msgs__rosidl_typesupport_cpp.dir/rosidl_typesupport_cpp/clearpath_platform_msgs/msg/stop_status__type_support.cpp.o[0m
[5.409s] [ 34%] [32mBuilding CXX object CMakeFiles/clearpath_platform_msgs__rosidl_typesupport_c.dir/rosidl_typesupport_c/clearpath_platform_msgs/msg/drive__type_support.cpp.o[0m
[5.446s] [ 35%] [32mBuilding CXX object CMakeFiles/clearpath_platform_msgs__rosidl_typesupport_fastrtps_cpp.dir/rosidl_typesupport_fastrtps_cpp/clearpath_platform_msgs/msg/detail/dds_fastrtps/drive__type_support.cpp.o[0m
[5.465s] [ 36%] [32mBuilding CXX object CMakeFiles/clearpath_platform_msgs__rosidl_typesupport_c.dir/rosidl_typesupport_c/clearpath_platform_msgs/msg/drive_feedback__type_support.cpp.o[0m
[5.520s] [ 37%] [32mBuilding CXX object CMakeFiles/clearpath_platform_msgs__rosidl_typesupport_c.dir/rosidl_typesupport_c/clearpath_platform_msgs/msg/fans__type_support.cpp.o[0m
[5.574s] [ 38%] [32mBuilding CXX object CMakeFiles/clearpath_platform_msgs__rosidl_typesupport_c.dir/rosidl_typesupport_c/clearpath_platform_msgs/msg/feedback__type_support.cpp.o[0m
[5.629s] [ 39%] [32mBuilding CXX object CMakeFiles/clearpath_platform_msgs__rosidl_typesupport_c.dir/rosidl_typesupport_c/clearpath_platform_msgs/msg/lights__type_support.cpp.o[0m
[5.683s] [ 40%] [32mBuilding CXX object CMakeFiles/clearpath_platform_msgs__rosidl_typesupport_c.dir/rosidl_typesupport_c/clearpath_platform_msgs/msg/power__type_support.cpp.o[0m
[5.743s] [ 41%] [32mBuilding CXX object CMakeFiles/clearpath_platform_msgs__rosidl_typesupport_c.dir/rosidl_typesupport_c/clearpath_platform_msgs/msg/rgb__type_support.cpp.o[0m
[5.796s] [ 42%] [32mBuilding CXX object CMakeFiles/clearpath_platform_msgs__rosidl_typesupport_c.dir/rosidl_typesupport_c/clearpath_platform_msgs/msg/status__type_support.cpp.o[0m
[5.850s] [ 42%] [32mBuilding CXX object CMakeFiles/clearpath_platform_msgs__rosidl_typesupport_c.dir/rosidl_typesupport_c/clearpath_platform_msgs/msg/stop_status__type_support.cpp.o[0m
[5.871s] [ 43%] [32mBuilding C object CMakeFiles/clearpath_platform_msgs__rosidl_typesupport_introspection_c.dir/rosidl_typesupport_introspection_c/clearpath_platform_msgs/msg/detail/drive__type_support.c.o[0m
[5.876s] [ 44%] [32mBuilding CXX object CMakeFiles/clearpath_platform_msgs__rosidl_typesupport_c.dir/rosidl_typesupport_c/clearpath_platform_msgs/srv/configure_mcu__type_support.cpp.o[0m
[5.903s] [ 45%] [32mBuilding CXX object CMakeFiles/clearpath_platform_msgs__rosidl_typesupport_cpp.dir/rosidl_typesupport_cpp/clearpath_platform_msgs/srv/configure_mcu__type_support.cpp.o[0m
[5.904s] [ 46%] [32mBuilding CXX object CMakeFiles/clearpath_platform_msgs__rosidl_typesupport_introspection_cpp.dir/rosidl_typesupport_introspection_cpp/clearpath_platform_msgs/msg/detail/rgb__type_support.cpp.o[0m
[5.938s] [ 47%] [32m[1mLinking CXX shared library libclearpath_platform_msgs__rosidl_typesupport_c.so[0m
[5.940s] [ 48%] [32mBuilding C object CMakeFiles/clearpath_platform_msgs__rosidl_typesupport_introspection_c.dir/rosidl_typesupport_introspection_c/clearpath_platform_msgs/msg/detail/drive_feedback__type_support.c.o[0m
[5.963s] [ 49%] [32mBuilding CXX object CMakeFiles/clearpath_platform_msgs__rosidl_typesupport_fastrtps_cpp.dir/rosidl_typesupport_fastrtps_cpp/clearpath_platform_msgs/msg/detail/dds_fastrtps/drive_feedback__type_support.cpp.o[0m
[5.975s] [ 50%] [32mBuilding CXX object CMakeFiles/clearpath_platform_msgs__rosidl_typesupport_fastrtps_c.dir/rosidl_typesupport_fastrtps_c/clearpath_platform_msgs/msg/detail/drive__type_support_c.cpp.o[0m
[6.010s] [ 51%] [32mBuilding C object CMakeFiles/clearpath_platform_msgs__rosidl_typesupport_introspection_c.dir/rosidl_typesupport_introspection_c/clearpath_platform_msgs/msg/detail/fans__type_support.c.o[0m
[6.017s] [ 51%] Built target clearpath_platform_msgs__rosidl_typesupport_c
[6.034s] [ 51%] [32mBuilding CXX object CMakeFiles/clearpath_platform_msgs__rosidl_typesupport_fastrtps_cpp.dir/rosidl_typesupport_fastrtps_cpp/clearpath_platform_msgs/msg/detail/dds_fastrtps/fans__type_support.cpp.o[0m
[6.087s] [ 52%] [32mBuilding C object CMakeFiles/clearpath_platform_msgs__rosidl_typesupport_introspection_c.dir/rosidl_typesupport_introspection_c/clearpath_platform_msgs/msg/detail/feedback__type_support.c.o[0m
[6.115s] [ 53%] [32mBuilding CXX object CMakeFiles/clearpath_platform_msgs__rosidl_typesupport_fastrtps_c.dir/rosidl_typesupport_fastrtps_c/clearpath_platform_msgs/msg/detail/drive_feedback__type_support_c.cpp.o[0m
[6.145s] [ 55%] [32mBuilding CXX object CMakeFiles/clearpath_platform_msgs__rosidl_typesupport_fastrtps_cpp.dir/rosidl_typesupport_fastrtps_cpp/clearpath_platform_msgs/msg/detail/dds_fastrtps/feedback__type_support.cpp.o[0m
[6.147s] [ 55%] [32mBuilding C object CMakeFiles/clearpath_platform_msgs__rosidl_typesupport_introspection_c.dir/rosidl_typesupport_introspection_c/clearpath_platform_msgs/msg/detail/lights__type_support.c.o[0m
[6.160s] [ 56%] [32mBuilding CXX object CMakeFiles/clearpath_platform_msgs__rosidl_typesupport_introspection_cpp.dir/rosidl_typesupport_introspection_cpp/clearpath_platform_msgs/msg/detail/status__type_support.cpp.o[0m
[6.177s] [ 57%] [32mBuilding CXX object CMakeFiles/clearpath_platform_msgs__rosidl_typesupport_fastrtps_c.dir/rosidl_typesupport_fastrtps_c/clearpath_platform_msgs/msg/detail/fans__type_support_c.cpp.o[0m
[6.199s] [ 58%] [32mBuilding CXX object CMakeFiles/clearpath_platform_msgs__rosidl_typesupport_fastrtps_cpp.dir/rosidl_typesupport_fastrtps_cpp/clearpath_platform_msgs/msg/detail/dds_fastrtps/lights__type_support.cpp.o[0m
[6.212s] [ 59%] [32mBuilding C object CMakeFiles/clearpath_platform_msgs__rosidl_typesupport_introspection_c.dir/rosidl_typesupport_introspection_c/clearpath_platform_msgs/msg/detail/power__type_support.c.o[0m
[6.218s] [ 60%] [32mBuilding CXX object CMakeFiles/clearpath_platform_msgs__rosidl_typesupport_fastrtps_c.dir/rosidl_typesupport_fastrtps_c/clearpath_platform_msgs/msg/detail/feedback__type_support_c.cpp.o[0m
[6.293s] [ 61%] [32mBuilding C object CMakeFiles/clearpath_platform_msgs__rosidl_typesupport_introspection_c.dir/rosidl_typesupport_introspection_c/clearpath_platform_msgs/msg/detail/rgb__type_support.c.o[0m
[6.355s] [ 62%] [32mBuilding C object CMakeFiles/clearpath_platform_msgs__rosidl_typesupport_introspection_c.dir/rosidl_typesupport_introspection_c/clearpath_platform_msgs/msg/detail/status__type_support.c.o[0m
[6.411s] [ 63%] [32m[1mLinking CXX shared library libclearpath_platform_msgs__rosidl_typesupport_cpp.so[0m
[6.421s] [ 64%] [32mBuilding C object CMakeFiles/clearpath_platform_msgs__rosidl_typesupport_introspection_c.dir/rosidl_typesupport_introspection_c/clearpath_platform_msgs/msg/detail/stop_status__type_support.c.o[0m
[6.486s] [ 65%] [32mBuilding C object CMakeFiles/clearpath_platform_msgs__rosidl_typesupport_introspection_c.dir/rosidl_typesupport_introspection_c/clearpath_platform_msgs/srv/detail/configure_mcu__type_support.c.o[0m
[6.487s] [ 65%] Built target clearpath_platform_msgs__rosidl_typesupport_cpp
[6.503s] [ 66%] [32mBuilding CXX object CMakeFiles/clearpath_platform_msgs__rosidl_typesupport_fastrtps_c.dir/rosidl_typesupport_fastrtps_c/clearpath_platform_msgs/msg/detail/lights__type_support_c.cpp.o[0m
[6.551s] [ 67%] [32m[1mLinking C shared library libclearpath_platform_msgs__rosidl_typesupport_introspection_c.so[0m
[6.603s] [ 68%] [32mBuilding CXX object CMakeFiles/clearpath_platform_msgs__rosidl_typesupport_fastrtps_c.dir/rosidl_typesupport_fastrtps_c/clearpath_platform_msgs/msg/detail/power__type_support_c.cpp.o[0m
[6.612s] [ 68%] Built target clearpath_platform_msgs__rosidl_typesupport_introspection_c
[6.617s] [ 69%] [32mBuilding CXX object CMakeFiles/clearpath_platform_msgs__rosidl_typesupport_fastrtps_c.dir/rosidl_typesupport_fastrtps_c/clearpath_platform_msgs/msg/detail/rgb__type_support_c.cpp.o[0m
[6.626s] [ 70%] [32mBuilding CXX object CMakeFiles/clearpath_platform_msgs__rosidl_typesupport_fastrtps_cpp.dir/rosidl_typesupport_fastrtps_cpp/clearpath_platform_msgs/msg/detail/dds_fastrtps/power__type_support.cpp.o[0m
[6.703s] [ 71%] [32mBuilding CXX object CMakeFiles/clearpath_platform_msgs__rosidl_typesupport_fastrtps_c.dir/rosidl_typesupport_fastrtps_c/clearpath_platform_msgs/msg/detail/status__type_support_c.cpp.o[0m
[6.742s] [ 72%] [32mBuilding CXX object CMakeFiles/clearpath_platform_msgs__rosidl_typesupport_fastrtps_cpp.dir/rosidl_typesupport_fastrtps_cpp/clearpath_platform_msgs/msg/detail/dds_fastrtps/rgb__type_support.cpp.o[0m
[6.820s] [ 73%] [32mBuilding CXX object CMakeFiles/clearpath_platform_msgs__rosidl_typesupport_fastrtps_cpp.dir/rosidl_typesupport_fastrtps_cpp/clearpath_platform_msgs/msg/detail/dds_fastrtps/status__type_support.cpp.o[0m
[6.869s] [ 74%] [32mBuilding CXX object CMakeFiles/clearpath_platform_msgs__rosidl_typesupport_fastrtps_c.dir/rosidl_typesupport_fastrtps_c/clearpath_platform_msgs/msg/detail/stop_status__type_support_c.cpp.o[0m
[6.876s] [ 75%] [32mBuilding CXX object CMakeFiles/clearpath_platform_msgs__rosidl_typesupport_fastrtps_cpp.dir/rosidl_typesupport_fastrtps_cpp/clearpath_platform_msgs/msg/detail/dds_fastrtps/stop_status__type_support.cpp.o[0m
[6.882s] [ 76%] [32mBuilding CXX object CMakeFiles/clearpath_platform_msgs__rosidl_typesupport_introspection_cpp.dir/rosidl_typesupport_introspection_cpp/clearpath_platform_msgs/msg/detail/stop_status__type_support.cpp.o[0m
[6.947s] [ 77%] [32mBuilding CXX object CMakeFiles/clearpath_platform_msgs__rosidl_typesupport_fastrtps_cpp.dir/rosidl_typesupport_fastrtps_cpp/clearpath_platform_msgs/srv/detail/dds_fastrtps/configure_mcu__type_support.cpp.o[0m
[7.040s] [ 78%] [32mBuilding CXX object CMakeFiles/clearpath_platform_msgs__rosidl_typesupport_introspection_cpp.dir/rosidl_typesupport_introspection_cpp/clearpath_platform_msgs/srv/detail/configure_mcu__type_support.cpp.o[0m
[7.144s] [ 79%] [32mBuilding CXX object CMakeFiles/clearpath_platform_msgs__rosidl_typesupport_fastrtps_c.dir/rosidl_typesupport_fastrtps_c/clearpath_platform_msgs/srv/detail/configure_mcu__type_support_c.cpp.o[0m
[7.541s] [ 80%] [32m[1mLinking CXX shared library libclearpath_platform_msgs__rosidl_typesupport_fastrtps_cpp.so[0m
[7.616s] [ 81%] [32m[1mLinking CXX shared library libclearpath_platform_msgs__rosidl_typesupport_introspection_cpp.so[0m
[7.618s] [ 81%] Built target clearpath_platform_msgs__rosidl_typesupport_fastrtps_cpp
[7.639s] [ 82%] [32m[1mLinking CXX shared library libclearpath_platform_msgs__rosidl_typesupport_fastrtps_c.so[0m
[7.695s] [ 82%] Built target clearpath_platform_msgs__rosidl_typesupport_introspection_cpp
[7.713s] [ 82%] Built target clearpath_platform_msgs__rosidl_typesupport_fastrtps_c
[7.731s] [ 82%] Built target clearpath_platform_msgs
[7.750s] [ 83%] [34m[1mGenerating Python code for ROS interfaces[0m
[10.238s] [ 83%] Built target clearpath_platform_msgs__py
[10.259s] [ 84%] [32mBuilding C object CMakeFiles/clearpath_platform_msgs__rosidl_generator_py.dir/rosidl_generator_py/clearpath_platform_msgs/msg/_drive_feedback_s.c.o[0m
[10.259s] [ 85%] [32mBuilding C object CMakeFiles/clearpath_platform_msgs__rosidl_generator_py.dir/rosidl_generator_py/clearpath_platform_msgs/msg/_lights_s.c.o[0m
[10.261s] [ 86%] [32mBuilding C object CMakeFiles/clearpath_platform_msgs__rosidl_generator_py.dir/rosidl_generator_py/clearpath_platform_msgs/msg/_drive_s.c.o[0m
[10.261s] [ 87%] [32mBuilding C object CMakeFiles/clearpath_platform_msgs__rosidl_generator_py.dir/rosidl_generator_py/clearpath_platform_msgs/msg/_fans_s.c.o[0m
[10.262s] [ 88%] [32mBuilding C object CMakeFiles/clearpath_platform_msgs__rosidl_generator_py.dir/rosidl_generator_py/clearpath_platform_msgs/msg/_feedback_s.c.o[0m
[10.263s] [ 89%] [32mBuilding C object CMakeFiles/clearpath_platform_msgs__rosidl_generator_py.dir/rosidl_generator_py/clearpath_platform_msgs/msg/_power_s.c.o[0m
[10.263s] [ 90%] [32mBuilding C object CMakeFiles/clearpath_platform_msgs__rosidl_generator_py.dir/rosidl_generator_py/clearpath_platform_msgs/msg/_rgb_s.c.o[0m
[10.263s] [ 91%] [32mBuilding C object CMakeFiles/clearpath_platform_msgs__rosidl_generator_py.dir/rosidl_generator_py/clearpath_platform_msgs/msg/_status_s.c.o[0m
[10.264s] [ 92%] [32mBuilding C object CMakeFiles/clearpath_platform_msgs__rosidl_generator_py.dir/rosidl_generator_py/clearpath_platform_msgs/msg/_stop_status_s.c.o[0m
[10.265s] [ 93%] [32mBuilding C object CMakeFiles/clearpath_platform_msgs__rosidl_generator_py.dir/rosidl_generator_py/clearpath_platform_msgs/srv/_configure_mcu_s.c.o[0m
[10.461s] [ 94%] [32m[1mLinking C shared library rosidl_generator_py/clearpath_platform_msgs/libclearpath_platform_msgs__rosidl_generator_py.so[0m
[10.499s] [ 94%] Built target clearpath_platform_msgs__rosidl_generator_py
[10.518s] [ 96%] [32mBuilding C object CMakeFiles/clearpath_platform_msgs__rosidl_typesupport_introspection_c__pyext.dir/rosidl_generator_py/clearpath_platform_msgs/_clearpath_platform_msgs_s.ep.rosidl_typesupport_introspection_c.c.o[0m
[10.518s] [ 96%] [32mBuilding C object CMakeFiles/clearpath_platform_msgs__rosidl_typesupport_c__pyext.dir/rosidl_generator_py/clearpath_platform_msgs/_clearpath_platform_msgs_s.ep.rosidl_typesupport_c.c.o[0m
[10.518s] [ 97%] [32mBuilding C object CMakeFiles/clearpath_platform_msgs__rosidl_typesupport_fastrtps_c__pyext.dir/rosidl_generator_py/clearpath_platform_msgs/_clearpath_platform_msgs_s.ep.rosidl_typesupport_fastrtps_c.c.o[0m
[10.647s] [ 98%] [32m[1mLinking C shared library rosidl_generator_py/clearpath_platform_msgs/clearpath_platform_msgs_s__rosidl_typesupport_fastrtps_c.cpython-310-x86_64-linux-gnu.so[0m
[10.648s] [ 99%] [32m[1mLinking C shared library rosidl_generator_py/clearpath_platform_msgs/clearpath_platform_msgs_s__rosidl_typesupport_introspection_c.cpython-310-x86_64-linux-gnu.so[0m
[10.650s] [100%] [32m[1mLinking C shared library rosidl_generator_py/clearpath_platform_msgs/clearpath_platform_msgs_s__rosidl_typesupport_c.cpython-310-x86_64-linux-gnu.so[0m
[10.695s] [100%] Built target clearpath_platform_msgs__rosidl_typesupport_introspection_c__pyext
[10.696s] [100%] Built target clearpath_platform_msgs__rosidl_typesupport_c__pyext
[10.699s] [100%] Built target clearpath_platform_msgs__rosidl_typesupport_fastrtps_c__pyext
[10.712s] Invoked command in '/home/robot/debug_clear_ws/build/clearpath_platform_msgs' returned '0': CMAKE_PREFIX_PATH=${CMAKE_PREFIX_PATH}:/home/robot/debug_clear_ws/install/clearpath_config:/home/robot/debug_clear_ws~/install/clearpath_config:/opt/ros/humble /usr/bin/cmake --build /home/robot/debug_clear_ws/build/clearpath_platform_msgs -- -j12 -l12
[10.958s] Invoking command in '/home/robot/debug_clear_ws/build/clearpath_platform_msgs': CMAKE_PREFIX_PATH=${CMAKE_PREFIX_PATH}:/home/robot/debug_clear_ws/install/clearpath_config:/home/robot/debug_clear_ws~/install/clearpath_config:/opt/ros/humble /usr/bin/cmake --install /home/robot/debug_clear_ws/build/clearpath_platform_msgs
[10.965s] -- Install configuration: ""
[10.965s] -- Installing: /home/robot/debug_clear_ws/install/clearpath_platform_msgs/share/ament_index/resource_index/rosidl_interfaces/clearpath_platform_msgs
[10.966s] -- Installing: /home/robot/debug_clear_ws/install/clearpath_platform_msgs/include/clearpath_platform_msgs/clearpath_platform_msgs
[10.966s] -- Installing: /home/robot/debug_clear_ws/install/clearpath_platform_msgs/include/clearpath_platform_msgs/clearpath_platform_msgs/srv
[10.966s] -- Installing: /home/robot/debug_clear_ws/install/clearpath_platform_msgs/include/clearpath_platform_msgs/clearpath_platform_msgs/srv/configure_mcu.h
[10.966s] -- Installing: /home/robot/debug_clear_ws/install/clearpath_platform_msgs/include/clearpath_platform_msgs/clearpath_platform_msgs/srv/detail
[10.966s] -- Installing: /home/robot/debug_clear_ws/install/clearpath_platform_msgs/include/clearpath_platform_msgs/clearpath_platform_msgs/srv/detail/configure_mcu__struct.h
[10.966s] -- Installing: /home/robot/debug_clear_ws/install/clearpath_platform_msgs/include/clearpath_platform_msgs/clearpath_platform_msgs/srv/detail/configure_mcu__type_support.h
[10.966s] -- Installing: /home/robot/debug_clear_ws/install/clearpath_platform_msgs/include/clearpath_platform_msgs/clearpath_platform_msgs/srv/detail/configure_mcu__functions.h
[10.966s] -- Installing: /home/robot/debug_clear_ws/install/clearpath_platform_msgs/include/clearpath_platform_msgs/clearpath_platform_msgs/srv/detail/configure_mcu__functions.c
[10.967s] -- Installing: /home/robot/debug_clear_ws/install/clearpath_platform_msgs/include/clearpath_platform_msgs/clearpath_platform_msgs/msg
[10.967s] -- Installing: /home/robot/debug_clear_ws/install/clearpath_platform_msgs/include/clearpath_platform_msgs/clearpath_platform_msgs/msg/power.h
[10.967s] -- Installing: /home/robot/debug_clear_ws/install/clearpath_platform_msgs/include/clearpath_platform_msgs/clearpath_platform_msgs/msg/rgb.h
[10.967s] -- Installing: /home/robot/debug_clear_ws/install/clearpath_platform_msgs/include/clearpath_platform_msgs/clearpath_platform_msgs/msg/detail
[10.967s] -- Installing: /home/robot/debug_clear_ws/install/clearpath_platform_msgs/include/clearpath_platform_msgs/clearpath_platform_msgs/msg/detail/rgb__struct.h
[10.967s] -- Installing: /home/robot/debug_clear_ws/install/clearpath_platform_msgs/include/clearpath_platform_msgs/clearpath_platform_msgs/msg/detail/drive__struct.h
[10.967s] -- Installing: /home/robot/debug_clear_ws/install/clearpath_platform_msgs/include/clearpath_platform_msgs/clearpath_platform_msgs/msg/detail/drive_feedback__functions.c
[10.967s] -- Installing: /home/robot/debug_clear_ws/install/clearpath_platform_msgs/include/clearpath_platform_msgs/clearpath_platform_msgs/msg/detail/feedback__functions.c
[10.967s] -- Installing: /home/robot/debug_clear_ws/install/clearpath_platform_msgs/include/clearpath_platform_msgs/clearpath_platform_msgs/msg/detail/stop_status__functions.c
[10.968s] -- Installing: /home/robot/debug_clear_ws/install/clearpath_platform_msgs/include/clearpath_platform_msgs/clearpath_platform_msgs/msg/detail/stop_status__struct.h
[10.968s] -- Installing: /home/robot/debug_clear_ws/install/clearpath_platform_msgs/include/clearpath_platform_msgs/clearpath_platform_msgs/msg/detail/power__functions.h
[10.968s] -- Installing: /home/robot/debug_clear_ws/install/clearpath_platform_msgs/include/clearpath_platform_msgs/clearpath_platform_msgs/msg/detail/drive__type_support.h
[10.968s] -- Installing: /home/robot/debug_clear_ws/install/clearpath_platform_msgs/include/clearpath_platform_msgs/clearpath_platform_msgs/msg/detail/stop_status__type_support.h
[10.968s] -- Installing: /home/robot/debug_clear_ws/install/clearpath_platform_msgs/include/clearpath_platform_msgs/clearpath_platform_msgs/msg/detail/stop_status__functions.h
[10.968s] -- Installing: /home/robot/debug_clear_ws/install/clearpath_platform_msgs/include/clearpath_platform_msgs/clearpath_platform_msgs/msg/detail/drive_feedback__functions.h
[10.968s] -- Installing: /home/robot/debug_clear_ws/install/clearpath_platform_msgs/include/clearpath_platform_msgs/clearpath_platform_msgs/msg/detail/rgb__functions.h
[10.968s] -- Installing: /home/robot/debug_clear_ws/install/clearpath_platform_msgs/include/clearpath_platform_msgs/clearpath_platform_msgs/msg/detail/fans__struct.h
[10.969s] -- Installing: /home/robot/debug_clear_ws/install/clearpath_platform_msgs/include/clearpath_platform_msgs/clearpath_platform_msgs/msg/detail/lights__functions.c
[10.969s] -- Installing: /home/robot/debug_clear_ws/install/clearpath_platform_msgs/include/clearpath_platform_msgs/clearpath_platform_msgs/msg/detail/drive_feedback__type_support.h
[10.969s] -- Installing: /home/robot/debug_clear_ws/install/clearpath_platform_msgs/include/clearpath_platform_msgs/clearpath_platform_msgs/msg/detail/drive_feedback__struct.h
[10.969s] -- Installing: /home/robot/debug_clear_ws/install/clearpath_platform_msgs/include/clearpath_platform_msgs/clearpath_platform_msgs/msg/detail/rgb__functions.c
[10.969s] -- Installing: /home/robot/debug_clear_ws/install/clearpath_platform_msgs/include/clearpath_platform_msgs/clearpath_platform_msgs/msg/detail/rgb__type_support.h
[10.969s] -- Installing: /home/robot/debug_clear_ws/install/clearpath_platform_msgs/include/clearpath_platform_msgs/clearpath_platform_msgs/msg/detail/feedback__type_support.h
[10.969s] -- Installing: /home/robot/debug_clear_ws/install/clearpath_platform_msgs/include/clearpath_platform_msgs/clearpath_platform_msgs/msg/detail/fans__functions.h
[10.970s] -- Installing: /home/robot/debug_clear_ws/install/clearpath_platform_msgs/include/clearpath_platform_msgs/clearpath_platform_msgs/msg/detail/feedback__struct.h
[10.970s] -- Installing: /home/robot/debug_clear_ws/install/clearpath_platform_msgs/include/clearpath_platform_msgs/clearpath_platform_msgs/msg/detail/drive__functions.c
[10.970s] -- Installing: /home/robot/debug_clear_ws/install/clearpath_platform_msgs/include/clearpath_platform_msgs/clearpath_platform_msgs/msg/detail/power__struct.h
[10.970s] -- Installing: /home/robot/debug_clear_ws/install/clearpath_platform_msgs/include/clearpath_platform_msgs/clearpath_platform_msgs/msg/detail/power__functions.c
[10.970s] -- Installing: /home/robot/debug_clear_ws/install/clearpath_platform_msgs/include/clearpath_platform_msgs/clearpath_platform_msgs/msg/detail/lights__type_support.h
[10.970s] -- Installing: /home/robot/debug_clear_ws/install/clearpath_platform_msgs/include/clearpath_platform_msgs/clearpath_platform_msgs/msg/detail/status__functions.h
[10.970s] -- Installing: /home/robot/debug_clear_ws/install/clearpath_platform_msgs/include/clearpath_platform_msgs/clearpath_platform_msgs/msg/detail/status__type_support.h
[10.971s] -- Installing: /home/robot/debug_clear_ws/install/clearpath_platform_msgs/include/clearpath_platform_msgs/clearpath_platform_msgs/msg/detail/fans__type_support.h
[10.971s] -- Installing: /home/robot/debug_clear_ws/install/clearpath_platform_msgs/include/clearpath_platform_msgs/clearpath_platform_msgs/msg/detail/drive__functions.h
[10.971s] -- Installing: /home/robot/debug_clear_ws/install/clearpath_platform_msgs/include/clearpath_platform_msgs/clearpath_platform_msgs/msg/detail/feedback__functions.h
[10.971s] -- Installing: /home/robot/debug_clear_ws/install/clearpath_platform_msgs/include/clearpath_platform_msgs/clearpath_platform_msgs/msg/detail/lights__functions.h
[10.971s] -- Installing: /home/robot/debug_clear_ws/install/clearpath_platform_msgs/include/clearpath_platform_msgs/clearpath_platform_msgs/msg/detail/power__type_support.h
[10.971s] -- Installing: /home/robot/debug_clear_ws/install/clearpath_platform_msgs/include/clearpath_platform_msgs/clearpath_platform_msgs/msg/detail/status__struct.h
[10.971s] -- Installing: /home/robot/debug_clear_ws/install/clearpath_platform_msgs/include/clearpath_platform_msgs/clearpath_platform_msgs/msg/detail/lights__struct.h
[10.971s] -- Installing: /home/robot/debug_clear_ws/install/clearpath_platform_msgs/include/clearpath_platform_msgs/clearpath_platform_msgs/msg/detail/status__functions.c
[10.972s] -- Installing: /home/robot/debug_clear_ws/install/clearpath_platform_msgs/include/clearpath_platform_msgs/clearpath_platform_msgs/msg/detail/fans__functions.c
[10.972s] -- Installing: /home/robot/debug_clear_ws/install/clearpath_platform_msgs/include/clearpath_platform_msgs/clearpath_platform_msgs/msg/rosidl_generator_c__visibility_control.h
[10.972s] -- Installing: /home/robot/debug_clear_ws/install/clearpath_platform_msgs/include/clearpath_platform_msgs/clearpath_platform_msgs/msg/fans.h
[10.972s] -- Installing: /home/robot/debug_clear_ws/install/clearpath_platform_msgs/include/clearpath_platform_msgs/clearpath_platform_msgs/msg/lights.h
[10.972s] -- Installing: /home/robot/debug_clear_ws/install/clearpath_platform_msgs/include/clearpath_platform_msgs/clearpath_platform_msgs/msg/status.h
[10.972s] -- Installing: /home/robot/debug_clear_ws/install/clearpath_platform_msgs/include/clearpath_platform_msgs/clearpath_platform_msgs/msg/feedback.h
[10.972s] -- Installing: /home/robot/debug_clear_ws/install/clearpath_platform_msgs/include/clearpath_platform_msgs/clearpath_platform_msgs/msg/drive.h
[10.972s] -- Installing: /home/robot/debug_clear_ws/install/clearpath_platform_msgs/include/clearpath_platform_msgs/clearpath_platform_msgs/msg/stop_status.h
[10.972s] -- Installing: /home/robot/debug_clear_ws/install/clearpath_platform_msgs/include/clearpath_platform_msgs/clearpath_platform_msgs/msg/drive_feedback.h
[10.973s] -- Installing: /home/robot/debug_clear_ws/install/clearpath_platform_msgs/share/clearpath_platform_msgs/environment/library_path.sh
[10.973s] -- Installing: /home/robot/debug_clear_ws/install/clearpath_platform_msgs/share/clearpath_platform_msgs/environment/library_path.dsv
[10.973s] -- Installing: /home/robot/debug_clear_ws/install/clearpath_platform_msgs/lib/libclearpath_platform_msgs__rosidl_generator_c.so
[10.974s] -- Set runtime path of "/home/robot/debug_clear_ws/install/clearpath_platform_msgs/lib/libclearpath_platform_msgs__rosidl_generator_c.so" to ""
[10.974s] -- Up-to-date: /home/robot/debug_clear_ws/install/clearpath_platform_msgs/include/clearpath_platform_msgs/clearpath_platform_msgs
[10.974s] -- Up-to-date: /home/robot/debug_clear_ws/install/clearpath_platform_msgs/include/clearpath_platform_msgs/clearpath_platform_msgs/srv
[10.974s] -- Up-to-date: /home/robot/debug_clear_ws/install/clearpath_platform_msgs/include/clearpath_platform_msgs/clearpath_platform_msgs/srv/detail
[10.974s] -- Installing: /home/robot/debug_clear_ws/install/clearpath_platform_msgs/include/clearpath_platform_msgs/clearpath_platform_msgs/srv/detail/configure_mcu__rosidl_typesupport_fastrtps_c.h
[10.974s] -- Up-to-date: /home/robot/debug_clear_ws/install/clearpath_platform_msgs/include/clearpath_platform_msgs/clearpath_platform_msgs/msg
[10.974s] -- Installing: /home/robot/debug_clear_ws/install/clearpath_platform_msgs/include/clearpath_platform_msgs/clearpath_platform_msgs/msg/rosidl_typesupport_fastrtps_c__visibility_control.h
[10.974s] -- Up-to-date: /home/robot/debug_clear_ws/install/clearpath_platform_msgs/include/clearpath_platform_msgs/clearpath_platform_msgs/msg/detail
[10.974s] -- Installing: /home/robot/debug_clear_ws/install/clearpath_platform_msgs/include/clearpath_platform_msgs/clearpath_platform_msgs/msg/detail/status__rosidl_typesupport_fastrtps_c.h
[10.975s] -- Installing: /home/robot/debug_clear_ws/install/clearpath_platform_msgs/include/clearpath_platform_msgs/clearpath_platform_msgs/msg/detail/fans__rosidl_typesupport_fastrtps_c.h
[10.975s] -- Installing: /home/robot/debug_clear_ws/install/clearpath_platform_msgs/include/clearpath_platform_msgs/clearpath_platform_msgs/msg/detail/lights__rosidl_typesupport_fastrtps_c.h
[10.975s] -- Installing: /home/robot/debug_clear_ws/install/clearpath_platform_msgs/include/clearpath_platform_msgs/clearpath_platform_msgs/msg/detail/power__rosidl_typesupport_fastrtps_c.h
[10.975s] -- Installing: /home/robot/debug_clear_ws/install/clearpath_platform_msgs/include/clearpath_platform_msgs/clearpath_platform_msgs/msg/detail/feedback__rosidl_typesupport_fastrtps_c.h
[10.975s] -- Installing: /home/robot/debug_clear_ws/install/clearpath_platform_msgs/include/clearpath_platform_msgs/clearpath_platform_msgs/msg/detail/stop_status__rosidl_typesupport_fastrtps_c.h
[10.975s] -- Installing: /home/robot/debug_clear_ws/install/clearpath_platform_msgs/include/clearpath_platform_msgs/clearpath_platform_msgs/msg/detail/rgb__rosidl_typesupport_fastrtps_c.h
[10.975s] -- Installing: /home/robot/debug_clear_ws/install/clearpath_platform_msgs/include/clearpath_platform_msgs/clearpath_platform_msgs/msg/detail/drive__rosidl_typesupport_fastrtps_c.h
[10.975s] -- Installing: /home/robot/debug_clear_ws/install/clearpath_platform_msgs/include/clearpath_platform_msgs/clearpath_platform_msgs/msg/detail/drive_feedback__rosidl_typesupport_fastrtps_c.h
[10.975s] -- Installing: /home/robot/debug_clear_ws/install/clearpath_platform_msgs/lib/libclearpath_platform_msgs__rosidl_typesupport_fastrtps_c.so
[10.976s] -- Set runtime path of "/home/robot/debug_clear_ws/install/clearpath_platform_msgs/lib/libclearpath_platform_msgs__rosidl_typesupport_fastrtps_c.so" to ""
[10.976s] -- Up-to-date: /home/robot/debug_clear_ws/install/clearpath_platform_msgs/include/clearpath_platform_msgs/clearpath_platform_msgs
[10.976s] -- Up-to-date: /home/robot/debug_clear_ws/install/clearpath_platform_msgs/include/clearpath_platform_msgs/clearpath_platform_msgs/srv
[10.976s] -- Up-to-date: /home/robot/debug_clear_ws/install/clearpath_platform_msgs/include/clearpath_platform_msgs/clearpath_platform_msgs/srv/detail
[10.976s] -- Installing: /home/robot/debug_clear_ws/install/clearpath_platform_msgs/include/clearpath_platform_msgs/clearpath_platform_msgs/srv/detail/configure_mcu__traits.hpp
[10.976s] -- Installing: /home/robot/debug_clear_ws/install/clearpath_platform_msgs/include/clearpath_platform_msgs/clearpath_platform_msgs/srv/detail/configure_mcu__struct.hpp
[10.976s] -- Installing: /home/robot/debug_clear_ws/install/clearpath_platform_msgs/include/clearpath_platform_msgs/clearpath_platform_msgs/srv/detail/configure_mcu__builder.hpp
[10.976s] -- Installing: /home/robot/debug_clear_ws/install/clearpath_platform_msgs/include/clearpath_platform_msgs/clearpath_platform_msgs/srv/configure_mcu.hpp
[10.976s] -- Up-to-date: /home/robot/debug_clear_ws/install/clearpath_platform_msgs/include/clearpath_platform_msgs/clearpath_platform_msgs/msg
[10.976s] -- Installing: /home/robot/debug_clear_ws/install/clearpath_platform_msgs/include/clearpath_platform_msgs/clearpath_platform_msgs/msg/rgb.hpp
[10.977s] -- Installing: /home/robot/debug_clear_ws/install/clearpath_platform_msgs/include/clearpath_platform_msgs/clearpath_platform_msgs/msg/feedback.hpp
[10.977s] -- Up-to-date: /home/robot/debug_clear_ws/install/clearpath_platform_msgs/include/clearpath_platform_msgs/clearpath_platform_msgs/msg/detail
[10.977s] -- Installing: /home/robot/debug_clear_ws/install/clearpath_platform_msgs/include/clearpath_platform_msgs/clearpath_platform_msgs/msg/detail/rgb__builder.hpp
[10.977s] -- Installing: /home/robot/debug_clear_ws/install/clearpath_platform_msgs/include/clearpath_platform_msgs/clearpath_platform_msgs/msg/detail/fans__traits.hpp
[10.977s] -- Installing: /home/robot/debug_clear_ws/install/clearpath_platform_msgs/include/clearpath_platform_msgs/clearpath_platform_msgs/msg/detail/rgb__traits.hpp
[10.977s] -- Installing: /home/robot/debug_clear_ws/install/clearpath_platform_msgs/include/clearpath_platform_msgs/clearpath_platform_msgs/msg/detail/drive_feedback__traits.hpp
[10.977s] -- Installing: /home/robot/debug_clear_ws/install/clearpath_platform_msgs/include/clearpath_platform_msgs/clearpath_platform_msgs/msg/detail/power__traits.hpp
[10.977s] -- Installing: /home/robot/debug_clear_ws/install/clearpath_platform_msgs/include/clearpath_platform_msgs/clearpath_platform_msgs/msg/detail/rgb__struct.hpp
[10.978s] -- Installing: /home/robot/debug_clear_ws/install/clearpath_platform_msgs/include/clearpath_platform_msgs/clearpath_platform_msgs/msg/detail/status__traits.hpp
[10.978s] -- Installing: /home/robot/debug_clear_ws/install/clearpath_platform_msgs/include/clearpath_platform_msgs/clearpath_platform_msgs/msg/detail/drive__traits.hpp
[10.978s] -- Installing: /home/robot/debug_clear_ws/install/clearpath_platform_msgs/include/clearpath_platform_msgs/clearpath_platform_msgs/msg/detail/feedback__struct.hpp
[10.978s] -- Installing: /home/robot/debug_clear_ws/install/clearpath_platform_msgs/include/clearpath_platform_msgs/clearpath_platform_msgs/msg/detail/stop_status__builder.hpp
[10.978s] -- Installing: /home/robot/debug_clear_ws/install/clearpath_platform_msgs/include/clearpath_platform_msgs/clearpath_platform_msgs/msg/detail/fans__struct.hpp
[10.978s] -- Installing: /home/robot/debug_clear_ws/install/clearpath_platform_msgs/include/clearpath_platform_msgs/clearpath_platform_msgs/msg/detail/stop_status__struct.hpp
[10.978s] -- Installing: /home/robot/debug_clear_ws/install/clearpath_platform_msgs/include/clearpath_platform_msgs/clearpath_platform_msgs/msg/detail/fans__builder.hpp
[10.978s] -- Installing: /home/robot/debug_clear_ws/install/clearpath_platform_msgs/include/clearpath_platform_msgs/clearpath_platform_msgs/msg/detail/feedback__builder.hpp
[10.979s] -- Installing: /home/robot/debug_clear_ws/install/clearpath_platform_msgs/include/clearpath_platform_msgs/clearpath_platform_msgs/msg/detail/drive__builder.hpp
[10.979s] -- Installing: /home/robot/debug_clear_ws/install/clearpath_platform_msgs/include/clearpath_platform_msgs/clearpath_platform_msgs/msg/detail/status__builder.hpp
[10.979s] -- Installing: /home/robot/debug_clear_ws/install/clearpath_platform_msgs/include/clearpath_platform_msgs/clearpath_platform_msgs/msg/detail/stop_status__traits.hpp
[10.979s] -- Installing: /home/robot/debug_clear_ws/install/clearpath_platform_msgs/include/clearpath_platform_msgs/clearpath_platform_msgs/msg/detail/status__struct.hpp
[10.979s] -- Installing: /home/robot/debug_clear_ws/install/clearpath_platform_msgs/include/clearpath_platform_msgs/clearpath_platform_msgs/msg/detail/drive_feedback__struct.hpp
[10.979s] -- Installing: /home/robot/debug_clear_ws/install/clearpath_platform_msgs/include/clearpath_platform_msgs/clearpath_platform_msgs/msg/detail/drive_feedback__builder.hpp
[10.979s] -- Installing: /home/robot/debug_clear_ws/install/clearpath_platform_msgs/include/clearpath_platform_msgs/clearpath_platform_msgs/msg/detail/drive__struct.hpp
[10.980s] -- Installing: /home/robot/debug_clear_ws/install/clearpath_platform_msgs/include/clearpath_platform_msgs/clearpath_platform_msgs/msg/detail/power__struct.hpp
[10.980s] -- Installing: /home/robot/debug_clear_ws/install/clearpath_platform_msgs/include/clearpath_platform_msgs/clearpath_platform_msgs/msg/detail/feedback__traits.hpp
[10.980s] -- Installing: /home/robot/debug_clear_ws/install/clearpath_platform_msgs/include/clearpath_platform_msgs/clearpath_platform_msgs/msg/detail/lights__struct.hpp
[10.980s] -- Installing: /home/robot/debug_clear_ws/install/clearpath_platform_msgs/include/clearpath_platform_msgs/clearpath_platform_msgs/msg/detail/lights__traits.hpp
[10.980s] -- Installing: /home/robot/debug_clear_ws/install/clearpath_platform_msgs/include/clearpath_platform_msgs/clearpath_platform_msgs/msg/detail/power__builder.hpp
[10.980s] -- Installing: /home/robot/debug_clear_ws/install/clearpath_platform_msgs/include/clearpath_platform_msgs/clearpath_platform_msgs/msg/detail/lights__builder.hpp
[10.980s] -- Installing: /home/robot/debug_clear_ws/install/clearpath_platform_msgs/include/clearpath_platform_msgs/clearpath_platform_msgs/msg/status.hpp
[10.980s] -- Installing: /home/robot/debug_clear_ws/install/clearpath_platform_msgs/include/clearpath_platform_msgs/clearpath_platform_msgs/msg/power.hpp
[10.981s] -- Installing: /home/robot/debug_clear_ws/install/clearpath_platform_msgs/include/clearpath_platform_msgs/clearpath_platform_msgs/msg/lights.hpp
[10.981s] -- Installing: /home/robot/debug_clear_ws/install/clearpath_platform_msgs/include/clearpath_platform_msgs/clearpath_platform_msgs/msg/fans.hpp
[10.981s] -- Installing: /home/robot/debug_clear_ws/install/clearpath_platform_msgs/include/clearpath_platform_msgs/clearpath_platform_msgs/msg/drive.hpp
[10.981s] -- Installing: /home/robot/debug_clear_ws/install/clearpath_platform_msgs/include/clearpath_platform_msgs/clearpath_platform_msgs/msg/stop_status.hpp
[10.981s] -- Installing: /home/robot/debug_clear_ws/install/clearpath_platform_msgs/include/clearpath_platform_msgs/clearpath_platform_msgs/msg/drive_feedback.hpp
[10.981s] -- Up-to-date: /home/robot/debug_clear_ws/install/clearpath_platform_msgs/include/clearpath_platform_msgs/clearpath_platform_msgs
[10.981s] -- Up-to-date: /home/robot/debug_clear_ws/install/clearpath_platform_msgs/include/clearpath_platform_msgs/clearpath_platform_msgs/srv
[10.982s] -- Up-to-date: /home/robot/debug_clear_ws/install/clearpath_platform_msgs/include/clearpath_platform_msgs/clearpath_platform_msgs/srv/detail
[10.982s] -- Installing: /home/robot/debug_clear_ws/install/clearpath_platform_msgs/include/clearpath_platform_msgs/clearpath_platform_msgs/srv/detail/configure_mcu__rosidl_typesupport_fastrtps_cpp.hpp
[10.982s] -- Installing: /home/robot/debug_clear_ws/install/clearpath_platform_msgs/include/clearpath_platform_msgs/clearpath_platform_msgs/srv/detail/dds_fastrtps
[10.982s] -- Up-to-date: /home/robot/debug_clear_ws/install/clearpath_platform_msgs/include/clearpath_platform_msgs/clearpath_platform_msgs/msg
[10.982s] -- Up-to-date: /home/robot/debug_clear_ws/install/clearpath_platform_msgs/include/clearpath_platform_msgs/clearpath_platform_msgs/msg/detail
[10.982s] -- Installing: /home/robot/debug_clear_ws/install/clearpath_platform_msgs/include/clearpath_platform_msgs/clearpath_platform_msgs/msg/detail/status__rosidl_typesupport_fastrtps_cpp.hpp
[10.982s] -- Installing: /home/robot/debug_clear_ws/install/clearpath_platform_msgs/include/clearpath_platform_msgs/clearpath_platform_msgs/msg/detail/stop_status__rosidl_typesupport_fastrtps_cpp.hpp
[10.982s] -- Installing: /home/robot/debug_clear_ws/install/clearpath_platform_msgs/include/clearpath_platform_msgs/clearpath_platform_msgs/msg/detail/rgb__rosidl_typesupport_fastrtps_cpp.hpp
[10.982s] -- Installing: /home/robot/debug_clear_ws/install/clearpath_platform_msgs/include/clearpath_platform_msgs/clearpath_platform_msgs/msg/detail/fans__rosidl_typesupport_fastrtps_cpp.hpp
[10.983s] -- Installing: /home/robot/debug_clear_ws/install/clearpath_platform_msgs/include/clearpath_platform_msgs/clearpath_platform_msgs/msg/detail/power__rosidl_typesupport_fastrtps_cpp.hpp
[10.983s] -- Installing: /home/robot/debug_clear_ws/install/clearpath_platform_msgs/include/clearpath_platform_msgs/clearpath_platform_msgs/msg/detail/lights__rosidl_typesupport_fastrtps_cpp.hpp
[10.983s] -- Installing: /home/robot/debug_clear_ws/install/clearpath_platform_msgs/include/clearpath_platform_msgs/clearpath_platform_msgs/msg/detail/feedback__rosidl_typesupport_fastrtps_cpp.hpp
[10.983s] -- Installing: /home/robot/debug_clear_ws/install/clearpath_platform_msgs/include/clearpath_platform_msgs/clearpath_platform_msgs/msg/detail/drive_feedback__rosidl_typesupport_fastrtps_cpp.hpp
[10.983s] -- Installing: /home/robot/debug_clear_ws/install/clearpath_platform_msgs/include/clearpath_platform_msgs/clearpath_platform_msgs/msg/detail/drive__rosidl_typesupport_fastrtps_cpp.hpp
[10.983s] -- Installing: /home/robot/debug_clear_ws/install/clearpath_platform_msgs/include/clearpath_platform_msgs/clearpath_platform_msgs/msg/detail/dds_fastrtps
[10.983s] -- Installing: /home/robot/debug_clear_ws/install/clearpath_platform_msgs/include/clearpath_platform_msgs/clearpath_platform_msgs/msg/rosidl_typesupport_fastrtps_cpp__visibility_control.h
[10.983s] -- Installing: /home/robot/debug_clear_ws/install/clearpath_platform_msgs/lib/libclearpath_platform_msgs__rosidl_typesupport_fastrtps_cpp.so
[10.984s] -- Set runtime path of "/home/robot/debug_clear_ws/install/clearpath_platform_msgs/lib/libclearpath_platform_msgs__rosidl_typesupport_fastrtps_cpp.so" to ""
[10.984s] -- Up-to-date: /home/robot/debug_clear_ws/install/clearpath_platform_msgs/include/clearpath_platform_msgs/clearpath_platform_msgs
[10.984s] -- Up-to-date: /home/robot/debug_clear_ws/install/clearpath_platform_msgs/include/clearpath_platform_msgs/clearpath_platform_msgs/srv
[10.984s] -- Up-to-date: /home/robot/debug_clear_ws/install/clearpath_platform_msgs/include/clearpath_platform_msgs/clearpath_platform_msgs/srv/detail
[10.984s] -- Installing: /home/robot/debug_clear_ws/install/clearpath_platform_msgs/include/clearpath_platform_msgs/clearpath_platform_msgs/srv/detail/configure_mcu__type_support.c
[10.984s] -- Installing: /home/robot/debug_clear_ws/install/clearpath_platform_msgs/include/clearpath_platform_msgs/clearpath_platform_msgs/srv/detail/configure_mcu__rosidl_typesupport_introspection_c.h
[10.984s] -- Up-to-date: /home/robot/debug_clear_ws/install/clearpath_platform_msgs/include/clearpath_platform_msgs/clearpath_platform_msgs/msg
[10.984s] -- Installing: /home/robot/debug_clear_ws/install/clearpath_platform_msgs/include/clearpath_platform_msgs/clearpath_platform_msgs/msg/rosidl_typesupport_introspection_c__visibility_control.h
[10.984s] -- Up-to-date: /home/robot/debug_clear_ws/install/clearpath_platform_msgs/include/clearpath_platform_msgs/clearpath_platform_msgs/msg/detail
[10.984s] -- Installing: /home/robot/debug_clear_ws/install/clearpath_platform_msgs/include/clearpath_platform_msgs/clearpath_platform_msgs/msg/detail/feedback__type_support.c
[10.985s] -- Installing: /home/robot/debug_clear_ws/install/clearpath_platform_msgs/include/clearpath_platform_msgs/clearpath_platform_msgs/msg/detail/status__rosidl_typesupport_introspection_c.h
[10.985s] -- Installing: /home/robot/debug_clear_ws/install/clearpath_platform_msgs/include/clearpath_platform_msgs/clearpath_platform_msgs/msg/detail/fans__rosidl_typesupport_introspection_c.h
[10.985s] -- Installing: /home/robot/debug_clear_ws/install/clearpath_platform_msgs/include/clearpath_platform_msgs/clearpath_platform_msgs/msg/detail/drive__type_support.c
[10.985s] -- Installing: /home/robot/debug_clear_ws/install/clearpath_platform_msgs/include/clearpath_platform_msgs/clearpath_platform_msgs/msg/detail/rgb__rosidl_typesupport_introspection_c.h
[10.985s] -- Installing: /home/robot/debug_clear_ws/install/clearpath_platform_msgs/include/clearpath_platform_msgs/clearpath_platform_msgs/msg/detail/stop_status__rosidl_typesupport_introspection_c.h
[10.985s] -- Installing: /home/robot/debug_clear_ws/install/clearpath_platform_msgs/include/clearpath_platform_msgs/clearpath_platform_msgs/msg/detail/power__rosidl_typesupport_introspection_c.h
[10.985s] -- Installing: /home/robot/debug_clear_ws/install/clearpath_platform_msgs/include/clearpath_platform_msgs/clearpath_platform_msgs/msg/detail/drive_feedback__type_support.c
[10.985s] -- Installing: /home/robot/debug_clear_ws/install/clearpath_platform_msgs/include/clearpath_platform_msgs/clearpath_platform_msgs/msg/detail/lights__rosidl_typesupport_introspection_c.h
[10.985s] -- Installing: /home/robot/debug_clear_ws/install/clearpath_platform_msgs/include/clearpath_platform_msgs/clearpath_platform_msgs/msg/detail/stop_status__type_support.c
[10.985s] -- Installing: /home/robot/debug_clear_ws/install/clearpath_platform_msgs/include/clearpath_platform_msgs/clearpath_platform_msgs/msg/detail/lights__type_support.c
[10.986s] -- Installing: /home/robot/debug_clear_ws/install/clearpath_platform_msgs/include/clearpath_platform_msgs/clearpath_platform_msgs/msg/detail/status__type_support.c
[10.986s] -- Installing: /home/robot/debug_clear_ws/install/clearpath_platform_msgs/include/clearpath_platform_msgs/clearpath_platform_msgs/msg/detail/rgb__type_support.c
[10.986s] -- Installing: /home/robot/debug_clear_ws/install/clearpath_platform_msgs/include/clearpath_platform_msgs/clearpath_platform_msgs/msg/detail/drive_feedback__rosidl_typesupport_introspection_c.h
[10.986s] -- Installing: /home/robot/debug_clear_ws/install/clearpath_platform_msgs/include/clearpath_platform_msgs/clearpath_platform_msgs/msg/detail/feedback__rosidl_typesupport_introspection_c.h
[10.986s] -- Installing: /home/robot/debug_clear_ws/install/clearpath_platform_msgs/include/clearpath_platform_msgs/clearpath_platform_msgs/msg/detail/drive__rosidl_typesupport_introspection_c.h
[10.986s] -- Installing: /home/robot/debug_clear_ws/install/clearpath_platform_msgs/include/clearpath_platform_msgs/clearpath_platform_msgs/msg/detail/power__type_support.c
[10.986s] -- Installing: /home/robot/debug_clear_ws/install/clearpath_platform_msgs/include/clearpath_platform_msgs/clearpath_platform_msgs/msg/detail/fans__type_support.c
[10.986s] -- Installing: /home/robot/debug_clear_ws/install/clearpath_platform_msgs/lib/libclearpath_platform_msgs__rosidl_typesupport_introspection_c.so
[10.987s] -- Set runtime path of "/home/robot/debug_clear_ws/install/clearpath_platform_msgs/lib/libclearpath_platform_msgs__rosidl_typesupport_introspection_c.so" to ""
[10.987s] -- Installing: /home/robot/debug_clear_ws/install/clearpath_platform_msgs/lib/libclearpath_platform_msgs__rosidl_typesupport_c.so
[10.988s] -- Set runtime path of "/home/robot/debug_clear_ws/install/clearpath_platform_msgs/lib/libclearpath_platform_msgs__rosidl_typesupport_c.so" to ""
[10.988s] -- Up-to-date: /home/robot/debug_clear_ws/install/clearpath_platform_msgs/include/clearpath_platform_msgs/clearpath_platform_msgs
[10.988s] -- Up-to-date: /home/robot/debug_clear_ws/install/clearpath_platform_msgs/include/clearpath_platform_msgs/clearpath_platform_msgs/srv
[10.988s] -- Up-to-date: /home/robot/debug_clear_ws/install/clearpath_platform_msgs/include/clearpath_platform_msgs/clearpath_platform_msgs/srv/detail
[10.988s] -- Installing: /home/robot/debug_clear_ws/install/clearpath_platform_msgs/include/clearpath_platform_msgs/clearpath_platform_msgs/srv/detail/configure_mcu__type_support.cpp
[10.988s] -- Installing: /home/robot/debug_clear_ws/install/clearpath_platform_msgs/include/clearpath_platform_msgs/clearpath_platform_msgs/srv/detail/configure_mcu__rosidl_typesupport_introspection_cpp.hpp
[10.988s] -- Up-to-date: /home/robot/debug_clear_ws/install/clearpath_platform_msgs/include/clearpath_platform_msgs/clearpath_platform_msgs/msg
[10.988s] -- Up-to-date: /home/robot/debug_clear_ws/install/clearpath_platform_msgs/include/clearpath_platform_msgs/clearpath_platform_msgs/msg/detail
[10.988s] -- Installing: /home/robot/debug_clear_ws/install/clearpath_platform_msgs/include/clearpath_platform_msgs/clearpath_platform_msgs/msg/detail/drive_feedback__type_support.cpp
[10.988s] -- Installing: /home/robot/debug_clear_ws/install/clearpath_platform_msgs/include/clearpath_platform_msgs/clearpath_platform_msgs/msg/detail/drive_feedback__rosidl_typesupport_introspection_cpp.hpp
[10.989s] -- Installing: /home/robot/debug_clear_ws/install/clearpath_platform_msgs/include/clearpath_platform_msgs/clearpath_platform_msgs/msg/detail/stop_status__type_support.cpp
[10.989s] -- Installing: /home/robot/debug_clear_ws/install/clearpath_platform_msgs/include/clearpath_platform_msgs/clearpath_platform_msgs/msg/detail/drive__type_support.cpp
[10.989s] -- Installing: /home/robot/debug_clear_ws/install/clearpath_platform_msgs/include/clearpath_platform_msgs/clearpath_platform_msgs/msg/detail/fans__type_support.cpp
[10.989s] -- Installing: /home/robot/debug_clear_ws/install/clearpath_platform_msgs/include/clearpath_platform_msgs/clearpath_platform_msgs/msg/detail/drive__rosidl_typesupport_introspection_cpp.hpp
[10.989s] -- Installing: /home/robot/debug_clear_ws/install/clearpath_platform_msgs/include/clearpath_platform_msgs/clearpath_platform_msgs/msg/detail/rgb__type_support.cpp
[10.989s] -- Installing: /home/robot/debug_clear_ws/install/clearpath_platform_msgs/include/clearpath_platform_msgs/clearpath_platform_msgs/msg/detail/lights__type_support.cpp
[10.989s] -- Installing: /home/robot/debug_clear_ws/install/clearpath_platform_msgs/include/clearpath_platform_msgs/clearpath_platform_msgs/msg/detail/status__rosidl_typesupport_introspection_cpp.hpp
[10.989s] -- Installing: /home/robot/debug_clear_ws/install/clearpath_platform_msgs/include/clearpath_platform_msgs/clearpath_platform_msgs/msg/detail/lights__rosidl_typesupport_introspection_cpp.hpp
[10.989s] -- Installing: /home/robot/debug_clear_ws/install/clearpath_platform_msgs/include/clearpath_platform_msgs/clearpath_platform_msgs/msg/detail/power__type_support.cpp
[10.989s] -- Installing: /home/robot/debug_clear_ws/install/clearpath_platform_msgs/include/clearpath_platform_msgs/clearpath_platform_msgs/msg/detail/stop_status__rosidl_typesupport_introspection_cpp.hpp
[10.989s] -- Installing: /home/robot/debug_clear_ws/install/clearpath_platform_msgs/include/clearpath_platform_msgs/clearpath_platform_msgs/msg/detail/status__type_support.cpp
[10.989s] -- Installing: /home/robot/debug_clear_ws/install/clearpath_platform_msgs/include/clearpath_platform_msgs/clearpath_platform_msgs/msg/detail/feedback__rosidl_typesupport_introspection_cpp.hpp
[10.990s] -- Installing: /home/robot/debug_clear_ws/install/clearpath_platform_msgs/include/clearpath_platform_msgs/clearpath_platform_msgs/msg/detail/rgb__rosidl_typesupport_introspection_cpp.hpp
[10.990s] -- Installing: /home/robot/debug_clear_ws/install/clearpath_platform_msgs/include/clearpath_platform_msgs/clearpath_platform_msgs/msg/detail/fans__rosidl_typesupport_introspection_cpp.hpp
[10.990s] -- Installing: /home/robot/debug_clear_ws/install/clearpath_platform_msgs/include/clearpath_platform_msgs/clearpath_platform_msgs/msg/detail/power__rosidl_typesupport_introspection_cpp.hpp
[10.990s] -- Installing: /home/robot/debug_clear_ws/install/clearpath_platform_msgs/include/clearpath_platform_msgs/clearpath_platform_msgs/msg/detail/feedback__type_support.cpp
[10.990s] -- Installing: /home/robot/debug_clear_ws/install/clearpath_platform_msgs/lib/libclearpath_platform_msgs__rosidl_typesupport_introspection_cpp.so
[10.991s] -- Set runtime path of "/home/robot/debug_clear_ws/install/clearpath_platform_msgs/lib/libclearpath_platform_msgs__rosidl_typesupport_introspection_cpp.so" to ""
[10.991s] -- Installing: /home/robot/debug_clear_ws/install/clearpath_platform_msgs/lib/libclearpath_platform_msgs__rosidl_typesupport_cpp.so
[10.991s] -- Set runtime path of "/home/robot/debug_clear_ws/install/clearpath_platform_msgs/lib/libclearpath_platform_msgs__rosidl_typesupport_cpp.so" to ""
[10.991s] -- Installing: /home/robot/debug_clear_ws/install/clearpath_platform_msgs/share/clearpath_platform_msgs/environment/pythonpath.sh
[10.991s] -- Installing: /home/robot/debug_clear_ws/install/clearpath_platform_msgs/share/clearpath_platform_msgs/environment/pythonpath.dsv
[10.991s] -- Installing: /home/robot/debug_clear_ws/install/clearpath_platform_msgs/local/lib/python3.10/dist-packages/clearpath_platform_msgs-0.3.0-py3.10.egg-info
[10.991s] -- Installing: /home/robot/debug_clear_ws/install/clearpath_platform_msgs/local/lib/python3.10/dist-packages/clearpath_platform_msgs-0.3.0-py3.10.egg-info/SOURCES.txt
[10.991s] -- Installing: /home/robot/debug_clear_ws/install/clearpath_platform_msgs/local/lib/python3.10/dist-packages/clearpath_platform_msgs-0.3.0-py3.10.egg-info/dependency_links.txt
[10.992s] -- Installing: /home/robot/debug_clear_ws/install/clearpath_platform_msgs/local/lib/python3.10/dist-packages/clearpath_platform_msgs-0.3.0-py3.10.egg-info/top_level.txt
[10.992s] -- Installing: /home/robot/debug_clear_ws/install/clearpath_platform_msgs/local/lib/python3.10/dist-packages/clearpath_platform_msgs-0.3.0-py3.10.egg-info/PKG-INFO
[10.992s] -- Installing: /home/robot/debug_clear_ws/install/clearpath_platform_msgs/local/lib/python3.10/dist-packages/clearpath_platform_msgs
[10.992s] -- Installing: /home/robot/debug_clear_ws/install/clearpath_platform_msgs/local/lib/python3.10/dist-packages/clearpath_platform_msgs/_clearpath_platform_msgs_s.ep.rosidl_typesupport_c.c
[10.992s] -- Installing: /home/robot/debug_clear_ws/install/clearpath_platform_msgs/local/lib/python3.10/dist-packages/clearpath_platform_msgs/_clearpath_platform_msgs_s.ep.rosidl_typesupport_fastrtps_c.c
[10.992s] -- Installing: /home/robot/debug_clear_ws/install/clearpath_platform_msgs/local/lib/python3.10/dist-packages/clearpath_platform_msgs/srv
[10.992s] -- Installing: /home/robot/debug_clear_ws/install/clearpath_platform_msgs/local/lib/python3.10/dist-packages/clearpath_platform_msgs/srv/_configure_mcu.py
[10.992s] -- Installing: /home/robot/debug_clear_ws/install/clearpath_platform_msgs/local/lib/python3.10/dist-packages/clearpath_platform_msgs/srv/__init__.py
[10.992s] -- Installing: /home/robot/debug_clear_ws/install/clearpath_platform_msgs/local/lib/python3.10/dist-packages/clearpath_platform_msgs/srv/_configure_mcu_s.c
[10.993s] -- Installing: /home/robot/debug_clear_ws/install/clearpath_platform_msgs/local/lib/python3.10/dist-packages/clearpath_platform_msgs/libclearpath_platform_msgs__rosidl_generator_py.so
[10.993s] -- Installing: /home/robot/debug_clear_ws/install/clearpath_platform_msgs/local/lib/python3.10/dist-packages/clearpath_platform_msgs/clearpath_platform_msgs_s__rosidl_typesupport_c.cpython-310-x86_64-linux-gnu.so
[10.993s] -- Installing: /home/robot/debug_clear_ws/install/clearpath_platform_msgs/local/lib/python3.10/dist-packages/clearpath_platform_msgs/__init__.py
[10.993s] -- Installing: /home/robot/debug_clear_ws/install/clearpath_platform_msgs/local/lib/python3.10/dist-packages/clearpath_platform_msgs/_clearpath_platform_msgs_s.ep.rosidl_typesupport_introspection_c.c
[10.993s] -- Installing: /home/robot/debug_clear_ws/install/clearpath_platform_msgs/local/lib/python3.10/dist-packages/clearpath_platform_msgs/clearpath_platform_msgs_s__rosidl_typesupport_fastrtps_c.cpython-310-x86_64-linux-gnu.so
[10.993s] -- Installing: /home/robot/debug_clear_ws/install/clearpath_platform_msgs/local/lib/python3.10/dist-packages/clearpath_platform_msgs/msg
[10.993s] -- Installing: /home/robot/debug_clear_ws/install/clearpath_platform_msgs/local/lib/python3.10/dist-packages/clearpath_platform_msgs/msg/_feedback.py
[10.993s] -- Installing: /home/robot/debug_clear_ws/install/clearpath_platform_msgs/local/lib/python3.10/dist-packages/clearpath_platform_msgs/msg/_lights.py
[10.994s] -- Installing: /home/robot/debug_clear_ws/install/clearpath_platform_msgs/local/lib/python3.10/dist-packages/clearpath_platform_msgs/msg/_rgb_s.c
[10.994s] -- Installing: /home/robot/debug_clear_ws/install/clearpath_platform_msgs/local/lib/python3.10/dist-packages/clearpath_platform_msgs/msg/_lights_s.c
[10.994s] -- Installing: /home/robot/debug_clear_ws/install/clearpath_platform_msgs/local/lib/python3.10/dist-packages/clearpath_platform_msgs/msg/_stop_status.py
[10.994s] -- Installing: /home/robot/debug_clear_ws/install/clearpath_platform_msgs/local/lib/python3.10/dist-packages/clearpath_platform_msgs/msg/_fans_s.c
[10.994s] -- Installing: /home/robot/debug_clear_ws/install/clearpath_platform_msgs/local/lib/python3.10/dist-packages/clearpath_platform_msgs/msg/_status_s.c
[10.994s] -- Installing: /home/robot/debug_clear_ws/install/clearpath_platform_msgs/local/lib/python3.10/dist-packages/clearpath_platform_msgs/msg/_power.py
[10.994s] -- Installing: /home/robot/debug_clear_ws/install/clearpath_platform_msgs/local/lib/python3.10/dist-packages/clearpath_platform_msgs/msg/_drive_feedback_s.c
[10.994s] -- Installing: /home/robot/debug_clear_ws/install/clearpath_platform_msgs/local/lib/python3.10/dist-packages/clearpath_platform_msgs/msg/_stop_status_s.c
[10.994s] -- Installing: /home/robot/debug_clear_ws/install/clearpath_platform_msgs/local/lib/python3.10/dist-packages/clearpath_platform_msgs/msg/_drive_feedback.py
[10.994s] -- Installing: /home/robot/debug_clear_ws/install/clearpath_platform_msgs/local/lib/python3.10/dist-packages/clearpath_platform_msgs/msg/_fans.py
[10.995s] -- Installing: /home/robot/debug_clear_ws/install/clearpath_platform_msgs/local/lib/python3.10/dist-packages/clearpath_platform_msgs/msg/_feedback_s.c
[10.995s] -- Installing: /home/robot/debug_clear_ws/install/clearpath_platform_msgs/local/lib/python3.10/dist-packages/clearpath_platform_msgs/msg/_power_s.c
[10.995s] -- Installing: /home/robot/debug_clear_ws/install/clearpath_platform_msgs/local/lib/python3.10/dist-packages/clearpath_platform_msgs/msg/__init__.py
[10.995s] -- Installing: /home/robot/debug_clear_ws/install/clearpath_platform_msgs/local/lib/python3.10/dist-packages/clearpath_platform_msgs/msg/_drive_s.c
[10.995s] -- Installing: /home/robot/debug_clear_ws/install/clearpath_platform_msgs/local/lib/python3.10/dist-packages/clearpath_platform_msgs/msg/_drive.py
[10.995s] -- Installing: /home/robot/debug_clear_ws/install/clearpath_platform_msgs/local/lib/python3.10/dist-packages/clearpath_platform_msgs/msg/_rgb.py
[10.995s] -- Installing: /home/robot/debug_clear_ws/install/clearpath_platform_msgs/local/lib/python3.10/dist-packages/clearpath_platform_msgs/msg/_status.py
[10.995s] -- Installing: /home/robot/debug_clear_ws/install/clearpath_platform_msgs/local/lib/python3.10/dist-packages/clearpath_platform_msgs/clearpath_platform_msgs_s__rosidl_typesupport_introspection_c.cpython-310-x86_64-linux-gnu.so
[11.037s] Listing '/home/robot/debug_clear_ws/install/clearpath_platform_msgs/local/lib/python3.10/dist-packages/clearpath_platform_msgs'...
[11.037s] Compiling '/home/robot/debug_clear_ws/install/clearpath_platform_msgs/local/lib/python3.10/dist-packages/clearpath_platform_msgs/__init__.py'...
[11.037s] Listing '/home/robot/debug_clear_ws/install/clearpath_platform_msgs/local/lib/python3.10/dist-packages/clearpath_platform_msgs/msg'...
[11.037s] Compiling '/home/robot/debug_clear_ws/install/clearpath_platform_msgs/local/lib/python3.10/dist-packages/clearpath_platform_msgs/msg/__init__.py'...
[11.037s] Compiling '/home/robot/debug_clear_ws/install/clearpath_platform_msgs/local/lib/python3.10/dist-packages/clearpath_platform_msgs/msg/_drive.py'...
[11.037s] Compiling '/home/robot/debug_clear_ws/install/clearpath_platform_msgs/local/lib/python3.10/dist-packages/clearpath_platform_msgs/msg/_drive_feedback.py'...
[11.037s] Compiling '/home/robot/debug_clear_ws/install/clearpath_platform_msgs/local/lib/python3.10/dist-packages/clearpath_platform_msgs/msg/_fans.py'...
[11.037s] Compiling '/home/robot/debug_clear_ws/install/clearpath_platform_msgs/local/lib/python3.10/dist-packages/clearpath_platform_msgs/msg/_feedback.py'...
[11.037s] Compiling '/home/robot/debug_clear_ws/install/clearpath_platform_msgs/local/lib/python3.10/dist-packages/clearpath_platform_msgs/msg/_lights.py'...
[11.037s] Compiling '/home/robot/debug_clear_ws/install/clearpath_platform_msgs/local/lib/python3.10/dist-packages/clearpath_platform_msgs/msg/_power.py'...
[11.037s] Compiling '/home/robot/debug_clear_ws/install/clearpath_platform_msgs/local/lib/python3.10/dist-packages/clearpath_platform_msgs/msg/_rgb.py'...
[11.037s] Compiling '/home/robot/debug_clear_ws/install/clearpath_platform_msgs/local/lib/python3.10/dist-packages/clearpath_platform_msgs/msg/_status.py'...
[11.037s] Compiling '/home/robot/debug_clear_ws/install/clearpath_platform_msgs/local/lib/python3.10/dist-packages/clearpath_platform_msgs/msg/_stop_status.py'...
[11.037s] Listing '/home/robot/debug_clear_ws/install/clearpath_platform_msgs/local/lib/python3.10/dist-packages/clearpath_platform_msgs/srv'...
[11.037s] Compiling '/home/robot/debug_clear_ws/install/clearpath_platform_msgs/local/lib/python3.10/dist-packages/clearpath_platform_msgs/srv/__init__.py'...
[11.037s] Compiling '/home/robot/debug_clear_ws/install/clearpath_platform_msgs/local/lib/python3.10/dist-packages/clearpath_platform_msgs/srv/_configure_mcu.py'...
[11.041s] -- Installing: /home/robot/debug_clear_ws/install/clearpath_platform_msgs/local/lib/python3.10/dist-packages/clearpath_platform_msgs/clearpath_platform_msgs_s__rosidl_typesupport_fastrtps_c.cpython-310-x86_64-linux-gnu.so
[11.041s] -- Set runtime path of "/home/robot/debug_clear_ws/install/clearpath_platform_msgs/local/lib/python3.10/dist-packages/clearpath_platform_msgs/clearpath_platform_msgs_s__rosidl_typesupport_fastrtps_c.cpython-310-x86_64-linux-gnu.so" to ""
[11.042s] -- Installing: /home/robot/debug_clear_ws/install/clearpath_platform_msgs/local/lib/python3.10/dist-packages/clearpath_platform_msgs/clearpath_platform_msgs_s__rosidl_typesupport_introspection_c.cpython-310-x86_64-linux-gnu.so
[11.042s] -- Set runtime path of "/home/robot/debug_clear_ws/install/clearpath_platform_msgs/local/lib/python3.10/dist-packages/clearpath_platform_msgs/clearpath_platform_msgs_s__rosidl_typesupport_introspection_c.cpython-310-x86_64-linux-gnu.so" to ""
[11.042s] -- Installing: /home/robot/debug_clear_ws/install/clearpath_platform_msgs/local/lib/python3.10/dist-packages/clearpath_platform_msgs/clearpath_platform_msgs_s__rosidl_typesupport_c.cpython-310-x86_64-linux-gnu.so
[11.043s] -- Set runtime path of "/home/robot/debug_clear_ws/install/clearpath_platform_msgs/local/lib/python3.10/dist-packages/clearpath_platform_msgs/clearpath_platform_msgs_s__rosidl_typesupport_c.cpython-310-x86_64-linux-gnu.so" to ""
[11.043s] -- Installing: /home/robot/debug_clear_ws/install/clearpath_platform_msgs/lib/libclearpath_platform_msgs__rosidl_generator_py.so
[11.043s] -- Set runtime path of "/home/robot/debug_clear_ws/install/clearpath_platform_msgs/lib/libclearpath_platform_msgs__rosidl_generator_py.so" to ""
[11.043s] -- Installing: /home/robot/debug_clear_ws/install/clearpath_platform_msgs/share/clearpath_platform_msgs/msg/Drive.idl
[11.043s] -- Installing: /home/robot/debug_clear_ws/install/clearpath_platform_msgs/share/clearpath_platform_msgs/msg/DriveFeedback.idl
[11.043s] -- Installing: /home/robot/debug_clear_ws/install/clearpath_platform_msgs/share/clearpath_platform_msgs/msg/Fans.idl
[11.044s] -- Installing: /home/robot/debug_clear_ws/install/clearpath_platform_msgs/share/clearpath_platform_msgs/msg/Feedback.idl
[11.044s] -- Installing: /home/robot/debug_clear_ws/install/clearpath_platform_msgs/share/clearpath_platform_msgs/msg/Lights.idl
[11.044s] -- Installing: /home/robot/debug_clear_ws/install/clearpath_platform_msgs/share/clearpath_platform_msgs/msg/Power.idl
[11.044s] -- Installing: /home/robot/debug_clear_ws/install/clearpath_platform_msgs/share/clearpath_platform_msgs/msg/RGB.idl
[11.044s] -- Installing: /home/robot/debug_clear_ws/install/clearpath_platform_msgs/share/clearpath_platform_msgs/msg/Status.idl
[11.044s] -- Installing: /home/robot/debug_clear_ws/install/clearpath_platform_msgs/share/clearpath_platform_msgs/msg/StopStatus.idl
[11.044s] -- Installing: /home/robot/debug_clear_ws/install/clearpath_platform_msgs/share/clearpath_platform_msgs/srv/ConfigureMcu.idl
[11.044s] -- Installing: /home/robot/debug_clear_ws/install/clearpath_platform_msgs/share/clearpath_platform_msgs/msg/Drive.msg
[11.045s] -- Installing: /home/robot/debug_clear_ws/install/clearpath_platform_msgs/share/clearpath_platform_msgs/msg/DriveFeedback.msg
[11.045s] -- Installing: /home/robot/debug_clear_ws/install/clearpath_platform_msgs/share/clearpath_platform_msgs/msg/Fans.msg
[11.045s] -- Installing: /home/robot/debug_clear_ws/install/clearpath_platform_msgs/share/clearpath_platform_msgs/msg/Feedback.msg
[11.045s] -- Installing: /home/robot/debug_clear_ws/install/clearpath_platform_msgs/share/clearpath_platform_msgs/msg/Lights.msg
[11.045s] -- Installing: /home/robot/debug_clear_ws/install/clearpath_platform_msgs/share/clearpath_platform_msgs/msg/Power.msg
[11.045s] -- Installing: /home/robot/debug_clear_ws/install/clearpath_platform_msgs/share/clearpath_platform_msgs/msg/RGB.msg
[11.045s] -- Installing: /home/robot/debug_clear_ws/install/clearpath_platform_msgs/share/clearpath_platform_msgs/msg/Status.msg
[11.045s] -- Installing: /home/robot/debug_clear_ws/install/clearpath_platform_msgs/share/clearpath_platform_msgs/msg/StopStatus.msg
[11.046s] -- Installing: /home/robot/debug_clear_ws/install/clearpath_platform_msgs/share/clearpath_platform_msgs/srv/ConfigureMcu.srv
[11.046s] -- Installing: /home/robot/debug_clear_ws/install/clearpath_platform_msgs/share/clearpath_platform_msgs/srv/ConfigureMcu_Request.msg
[11.046s] -- Installing: /home/robot/debug_clear_ws/install/clearpath_platform_msgs/share/clearpath_platform_msgs/srv/ConfigureMcu_Response.msg
[11.046s] -- Installing: /home/robot/debug_clear_ws/install/clearpath_platform_msgs/share/ament_index/resource_index/package_run_dependencies/clearpath_platform_msgs
[11.046s] -- Installing: /home/robot/debug_clear_ws/install/clearpath_platform_msgs/share/ament_index/resource_index/parent_prefix_path/clearpath_platform_msgs
[11.046s] -- Installing: /home/robot/debug_clear_ws/install/clearpath_platform_msgs/share/clearpath_platform_msgs/environment/ament_prefix_path.sh
[11.046s] -- Installing: /home/robot/debug_clear_ws/install/clearpath_platform_msgs/share/clearpath_platform_msgs/environment/ament_prefix_path.dsv
[11.047s] -- Installing: /home/robot/debug_clear_ws/install/clearpath_platform_msgs/share/clearpath_platform_msgs/environment/path.sh
[11.047s] -- Installing: /home/robot/debug_clear_ws/install/clearpath_platform_msgs/share/clearpath_platform_msgs/environment/path.dsv
[11.047s] -- Installing: /home/robot/debug_clear_ws/install/clearpath_platform_msgs/share/clearpath_platform_msgs/local_setup.bash
[11.047s] -- Installing: /home/robot/debug_clear_ws/install/clearpath_platform_msgs/share/clearpath_platform_msgs/local_setup.sh
[11.047s] -- Installing: /home/robot/debug_clear_ws/install/clearpath_platform_msgs/share/clearpath_platform_msgs/local_setup.zsh
[11.047s] -- Installing: /home/robot/debug_clear_ws/install/clearpath_platform_msgs/share/clearpath_platform_msgs/local_setup.dsv
[11.047s] -- Installing: /home/robot/debug_clear_ws/install/clearpath_platform_msgs/share/clearpath_platform_msgs/package.dsv
[11.048s] -- Installing: /home/robot/debug_clear_ws/install/clearpath_platform_msgs/share/ament_index/resource_index/packages/clearpath_platform_msgs
[11.048s] -- Installing: /home/robot/debug_clear_ws/install/clearpath_platform_msgs/share/clearpath_platform_msgs/cmake/export_clearpath_platform_msgs__rosidl_generator_cExport.cmake
[11.048s] -- Installing: /home/robot/debug_clear_ws/install/clearpath_platform_msgs/share/clearpath_platform_msgs/cmake/export_clearpath_platform_msgs__rosidl_generator_cExport-noconfig.cmake
[11.049s] -- Installing: /home/robot/debug_clear_ws/install/clearpath_platform_msgs/share/clearpath_platform_msgs/cmake/export_clearpath_platform_msgs__rosidl_typesupport_fastrtps_cExport.cmake
[11.049s] -- Installing: /home/robot/debug_clear_ws/install/clearpath_platform_msgs/share/clearpath_platform_msgs/cmake/export_clearpath_platform_msgs__rosidl_typesupport_fastrtps_cExport-noconfig.cmake
[11.049s] -- Installing: /home/robot/debug_clear_ws/install/clearpath_platform_msgs/share/clearpath_platform_msgs/cmake/export_clearpath_platform_msgs__rosidl_generator_cppExport.cmake
[11.049s] -- Installing: /home/robot/debug_clear_ws/install/clearpath_platform_msgs/share/clearpath_platform_msgs/cmake/export_clearpath_platform_msgs__rosidl_typesupport_fastrtps_cppExport.cmake
[11.049s] -- Installing: /home/robot/debug_clear_ws/install/clearpath_platform_msgs/share/clearpath_platform_msgs/cmake/export_clearpath_platform_msgs__rosidl_typesupport_fastrtps_cppExport-noconfig.cmake
[11.049s] -- Installing: /home/robot/debug_clear_ws/install/clearpath_platform_msgs/share/clearpath_platform_msgs/cmake/clearpath_platform_msgs__rosidl_typesupport_introspection_cExport.cmake
[11.050s] -- Installing: /home/robot/debug_clear_ws/install/clearpath_platform_msgs/share/clearpath_platform_msgs/cmake/clearpath_platform_msgs__rosidl_typesupport_introspection_cExport-noconfig.cmake
[11.050s] -- Installing: /home/robot/debug_clear_ws/install/clearpath_platform_msgs/share/clearpath_platform_msgs/cmake/clearpath_platform_msgs__rosidl_typesupport_cExport.cmake
[11.050s] -- Installing: /home/robot/debug_clear_ws/install/clearpath_platform_msgs/share/clearpath_platform_msgs/cmake/clearpath_platform_msgs__rosidl_typesupport_cExport-noconfig.cmake
[11.050s] -- Installing: /home/robot/debug_clear_ws/install/clearpath_platform_msgs/share/clearpath_platform_msgs/cmake/clearpath_platform_msgs__rosidl_typesupport_introspection_cppExport.cmake
[11.050s] -- Installing: /home/robot/debug_clear_ws/install/clearpath_platform_msgs/share/clearpath_platform_msgs/cmake/clearpath_platform_msgs__rosidl_typesupport_introspection_cppExport-noconfig.cmake
[11.050s] -- Installing: /home/robot/debug_clear_ws/install/clearpath_platform_msgs/share/clearpath_platform_msgs/cmake/clearpath_platform_msgs__rosidl_typesupport_cppExport.cmake
[11.051s] -- Installing: /home/robot/debug_clear_ws/install/clearpath_platform_msgs/share/clearpath_platform_msgs/cmake/clearpath_platform_msgs__rosidl_typesupport_cppExport-noconfig.cmake
[11.051s] -- Installing: /home/robot/debug_clear_ws/install/clearpath_platform_msgs/share/clearpath_platform_msgs/cmake/export_clearpath_platform_msgs__rosidl_generator_pyExport.cmake
[11.051s] -- Installing: /home/robot/debug_clear_ws/install/clearpath_platform_msgs/share/clearpath_platform_msgs/cmake/export_clearpath_platform_msgs__rosidl_generator_pyExport-noconfig.cmake
[11.051s] -- Installing: /home/robot/debug_clear_ws/install/clearpath_platform_msgs/share/clearpath_platform_msgs/cmake/rosidl_cmake-extras.cmake
[11.051s] -- Installing: /home/robot/debug_clear_ws/install/clearpath_platform_msgs/share/clearpath_platform_msgs/cmake/ament_cmake_export_dependencies-extras.cmake
[11.051s] -- Installing: /home/robot/debug_clear_ws/install/clearpath_platform_msgs/share/clearpath_platform_msgs/cmake/ament_cmake_export_include_directories-extras.cmake
[11.051s] -- Installing: /home/robot/debug_clear_ws/install/clearpath_platform_msgs/share/clearpath_platform_msgs/cmake/ament_cmake_export_libraries-extras.cmake
[11.052s] -- Installing: /home/robot/debug_clear_ws/install/clearpath_platform_msgs/share/clearpath_platform_msgs/cmake/ament_cmake_export_targets-extras.cmake
[11.052s] -- Installing: /home/robot/debug_clear_ws/install/clearpath_platform_msgs/share/clearpath_platform_msgs/cmake/rosidl_cmake_export_typesupport_targets-extras.cmake
[11.052s] -- Installing: /home/robot/debug_clear_ws/install/clearpath_platform_msgs/share/clearpath_platform_msgs/cmake/rosidl_cmake_export_typesupport_libraries-extras.cmake
[11.052s] -- Installing: /home/robot/debug_clear_ws/install/clearpath_platform_msgs/share/clearpath_platform_msgs/cmake/clearpath_platform_msgsConfig.cmake
[11.052s] -- Installing: /home/robot/debug_clear_ws/install/clearpath_platform_msgs/share/clearpath_platform_msgs/cmake/clearpath_platform_msgsConfig-version.cmake
[11.052s] -- Installing: /home/robot/debug_clear_ws/install/clearpath_platform_msgs/share/clearpath_platform_msgs/package.xml
[11.055s] Invoked command in '/home/robot/debug_clear_ws/build/clearpath_platform_msgs' returned '0': CMAKE_PREFIX_PATH=${CMAKE_PREFIX_PATH}:/home/robot/debug_clear_ws/install/clearpath_config:/home/robot/debug_clear_ws~/install/clearpath_config:/opt/ros/humble /usr/bin/cmake --install /home/robot/debug_clear_ws/build/clearpath_platform_msgs
