[0.412s] Invoking command in '/home/dimash/debug_clear_ws/build/yolo_msgs': CMAKE_PREFIX_PATH=${CMAKE_PREFIX_PATH}:/home/dimash/debug_clear_ws/install/yolo_ros:/home/dimash/debug_clear_ws/install/person_movement:/home/dimash/debug_clear_ws/install/clearpath_config:/opt/ros/humble /usr/bin/cmake --build /home/dimash/debug_clear_ws/build/yolo_msgs -- -j8 -l8
[0.626s] [  0%] Built target yolo_msgs__cpp
[0.626s] [ 12%] Built target yolo_msgs__rosidl_generator_c
[0.626s] [ 12%] Built target ament_cmake_python_copy_yolo_msgs
[0.642s] [ 24%] Built target yolo_msgs__rosidl_typesupport_introspection_c
[0.642s] [ 36%] Built target yolo_msgs__rosidl_typesupport_introspection_cpp
[0.643s] [ 48%] Built target yolo_msgs__rosidl_typesupport_cpp
[0.643s] [ 60%] Built target yolo_msgs__rosidl_typesupport_fastrtps_cpp
[0.643s] [ 72%] Built target yolo_msgs__rosidl_typesupport_fastrtps_c
[0.643s] [ 84%] Built target yolo_msgs__rosidl_typesupport_c
[0.652s] [ 84%] Built target yolo_msgs
[0.688s] [ 85%] Built target yolo_msgs__py
[0.727s] [ 96%] Built target yolo_msgs__rosidl_generator_py
[0.760s] [ 98%] Built target yolo_msgs__rosidl_typesupport_fastrtps_c__pyext
[0.760s] [ 99%] Built target yolo_msgs__rosidl_typesupport_introspection_c__pyext
[0.761s] [100%] Built target yolo_msgs__rosidl_typesupport_c__pyext
[1.063s] running egg_info
[1.065s] writing yolo_msgs.egg-info/PKG-INFO
[1.065s] writing dependency_links to yolo_msgs.egg-info/dependency_links.txt
[1.065s] writing top-level names to yolo_msgs.egg-info/top_level.txt
[1.069s] reading manifest file 'yolo_msgs.egg-info/SOURCES.txt'
[1.070s] writing manifest file 'yolo_msgs.egg-info/SOURCES.txt'
[1.116s] [100%] Built target ament_cmake_python_build_yolo_msgs_egg
[1.269s] Invoked command in '/home/dimash/debug_clear_ws/build/yolo_msgs' returned '0': CMAKE_PREFIX_PATH=${CMAKE_PREFIX_PATH}:/home/dimash/debug_clear_ws/install/yolo_ros:/home/dimash/debug_clear_ws/install/person_movement:/home/dimash/debug_clear_ws/install/clearpath_config:/opt/ros/humble /usr/bin/cmake --build /home/dimash/debug_clear_ws/build/yolo_msgs -- -j8 -l8
[1.271s] Invoking command in '/home/dimash/debug_clear_ws/build/yolo_msgs': CMAKE_PREFIX_PATH=${CMAKE_PREFIX_PATH}:/home/dimash/debug_clear_ws/install/yolo_ros:/home/dimash/debug_clear_ws/install/person_movement:/home/dimash/debug_clear_ws/install/clearpath_config:/opt/ros/humble /usr/bin/cmake --install /home/dimash/debug_clear_ws/build/yolo_msgs
[1.306s] -- Install configuration: ""
[1.307s] -- Up-to-date: /home/dimash/debug_clear_ws/install/yolo_msgs/share/ament_index/resource_index/rosidl_interfaces/yolo_msgs
[1.307s] -- Up-to-date: /home/dimash/debug_clear_ws/install/yolo_msgs/include/yolo_msgs/yolo_msgs
[1.307s] -- Up-to-date: /home/dimash/debug_clear_ws/install/yolo_msgs/include/yolo_msgs/yolo_msgs/srv
[1.307s] -- Up-to-date: /home/dimash/debug_clear_ws/install/yolo_msgs/include/yolo_msgs/yolo_msgs/srv/detail
[1.307s] -- Up-to-date: /home/dimash/debug_clear_ws/install/yolo_msgs/include/yolo_msgs/yolo_msgs/srv/detail/set_classes__functions.c
[1.307s] -- Up-to-date: /home/dimash/debug_clear_ws/install/yolo_msgs/include/yolo_msgs/yolo_msgs/srv/detail/set_classes__struct.h
[1.307s] -- Up-to-date: /home/dimash/debug_clear_ws/install/yolo_msgs/include/yolo_msgs/yolo_msgs/srv/detail/set_classes__type_support.h
[1.308s] -- Up-to-date: /home/dimash/debug_clear_ws/install/yolo_msgs/include/yolo_msgs/yolo_msgs/srv/detail/set_classes__functions.h
[1.310s] -- Up-to-date: /home/dimash/debug_clear_ws/install/yolo_msgs/include/yolo_msgs/yolo_msgs/srv/set_classes.h
[1.310s] -- Up-to-date: /home/dimash/debug_clear_ws/install/yolo_msgs/include/yolo_msgs/yolo_msgs/msg
[1.311s] -- Up-to-date: /home/dimash/debug_clear_ws/install/yolo_msgs/include/yolo_msgs/yolo_msgs/msg/detail
[1.311s] -- Up-to-date: /home/dimash/debug_clear_ws/install/yolo_msgs/include/yolo_msgs/yolo_msgs/msg/detail/key_point3_d_array__type_support.h
[1.311s] -- Up-to-date: /home/dimash/debug_clear_ws/install/yolo_msgs/include/yolo_msgs/yolo_msgs/msg/detail/key_point2_d__functions.h
[1.311s] -- Up-to-date: /home/dimash/debug_clear_ws/install/yolo_msgs/include/yolo_msgs/yolo_msgs/msg/detail/detection__type_support.h
[1.311s] -- Up-to-date: /home/dimash/debug_clear_ws/install/yolo_msgs/include/yolo_msgs/yolo_msgs/msg/detail/pose2_d__functions.h
[1.311s] -- Up-to-date: /home/dimash/debug_clear_ws/install/yolo_msgs/include/yolo_msgs/yolo_msgs/msg/detail/vector2__type_support.h
[1.311s] -- Up-to-date: /home/dimash/debug_clear_ws/install/yolo_msgs/include/yolo_msgs/yolo_msgs/msg/detail/bounding_box2_d__functions.c
[1.311s] -- Up-to-date: /home/dimash/debug_clear_ws/install/yolo_msgs/include/yolo_msgs/yolo_msgs/msg/detail/key_point2_d_array__struct.h
[1.311s] -- Up-to-date: /home/dimash/debug_clear_ws/install/yolo_msgs/include/yolo_msgs/yolo_msgs/msg/detail/mask__functions.c
[1.312s] -- Up-to-date: /home/dimash/debug_clear_ws/install/yolo_msgs/include/yolo_msgs/yolo_msgs/msg/detail/key_point3_d_array__struct.h
[1.312s] -- Up-to-date: /home/dimash/debug_clear_ws/install/yolo_msgs/include/yolo_msgs/yolo_msgs/msg/detail/bounding_box3_d__functions.h
[1.314s] -- Up-to-date: /home/dimash/debug_clear_ws/install/yolo_msgs/include/yolo_msgs/yolo_msgs/msg/detail/vector2__functions.h
[1.314s] -- Up-to-date: /home/dimash/debug_clear_ws/install/yolo_msgs/include/yolo_msgs/yolo_msgs/msg/detail/detection_array__type_support.h
[1.314s] -- Up-to-date: /home/dimash/debug_clear_ws/install/yolo_msgs/include/yolo_msgs/yolo_msgs/msg/detail/pose2_d__struct.h
[1.314s] -- Up-to-date: /home/dimash/debug_clear_ws/install/yolo_msgs/include/yolo_msgs/yolo_msgs/msg/detail/key_point2_d__type_support.h
[1.314s] -- Up-to-date: /home/dimash/debug_clear_ws/install/yolo_msgs/include/yolo_msgs/yolo_msgs/msg/detail/pose2_d__functions.c
[1.314s] -- Up-to-date: /home/dimash/debug_clear_ws/install/yolo_msgs/include/yolo_msgs/yolo_msgs/msg/detail/key_point3_d__functions.c
[1.314s] -- Up-to-date: /home/dimash/debug_clear_ws/install/yolo_msgs/include/yolo_msgs/yolo_msgs/msg/detail/key_point2_d_array__type_support.h
[1.314s] -- Up-to-date: /home/dimash/debug_clear_ws/install/yolo_msgs/include/yolo_msgs/yolo_msgs/msg/detail/bounding_box3_d__functions.c
[1.315s] -- Up-to-date: /home/dimash/debug_clear_ws/install/yolo_msgs/include/yolo_msgs/yolo_msgs/msg/detail/key_point2_d_array__functions.c
[1.315s] -- Up-to-date: /home/dimash/debug_clear_ws/install/yolo_msgs/include/yolo_msgs/yolo_msgs/msg/detail/key_point2_d_array__functions.h
[1.315s] -- Up-to-date: /home/dimash/debug_clear_ws/install/yolo_msgs/include/yolo_msgs/yolo_msgs/msg/detail/vector2__struct.h
[1.315s] -- Up-to-date: /home/dimash/debug_clear_ws/install/yolo_msgs/include/yolo_msgs/yolo_msgs/msg/detail/mask__type_support.h
[1.315s] -- Up-to-date: /home/dimash/debug_clear_ws/install/yolo_msgs/include/yolo_msgs/yolo_msgs/msg/detail/point2_d__type_support.h
[1.315s] -- Up-to-date: /home/dimash/debug_clear_ws/install/yolo_msgs/include/yolo_msgs/yolo_msgs/msg/detail/bounding_box3_d__type_support.h
[1.315s] -- Up-to-date: /home/dimash/debug_clear_ws/install/yolo_msgs/include/yolo_msgs/yolo_msgs/msg/detail/key_point3_d__functions.h
[1.315s] -- Up-to-date: /home/dimash/debug_clear_ws/install/yolo_msgs/include/yolo_msgs/yolo_msgs/msg/detail/mask__struct.h
[1.315s] -- Up-to-date: /home/dimash/debug_clear_ws/install/yolo_msgs/include/yolo_msgs/yolo_msgs/msg/detail/mask__functions.h
[1.315s] -- Up-to-date: /home/dimash/debug_clear_ws/install/yolo_msgs/include/yolo_msgs/yolo_msgs/msg/detail/detection_array__functions.c
[1.315s] -- Up-to-date: /home/dimash/debug_clear_ws/install/yolo_msgs/include/yolo_msgs/yolo_msgs/msg/detail/detection__functions.h
[1.316s] -- Up-to-date: /home/dimash/debug_clear_ws/install/yolo_msgs/include/yolo_msgs/yolo_msgs/msg/detail/detection_array__struct.h
[1.316s] -- Up-to-date: /home/dimash/debug_clear_ws/install/yolo_msgs/include/yolo_msgs/yolo_msgs/msg/detail/key_point2_d__functions.c
[1.316s] -- Up-to-date: /home/dimash/debug_clear_ws/install/yolo_msgs/include/yolo_msgs/yolo_msgs/msg/detail/vector2__functions.c
[1.316s] -- Up-to-date: /home/dimash/debug_clear_ws/install/yolo_msgs/include/yolo_msgs/yolo_msgs/msg/detail/key_point2_d__struct.h
[1.316s] -- Up-to-date: /home/dimash/debug_clear_ws/install/yolo_msgs/include/yolo_msgs/yolo_msgs/msg/detail/detection_array__functions.h
[1.316s] -- Up-to-date: /home/dimash/debug_clear_ws/install/yolo_msgs/include/yolo_msgs/yolo_msgs/msg/detail/key_point3_d_array__functions.h
[1.316s] -- Up-to-date: /home/dimash/debug_clear_ws/install/yolo_msgs/include/yolo_msgs/yolo_msgs/msg/detail/key_point3_d__struct.h
[1.316s] -- Up-to-date: /home/dimash/debug_clear_ws/install/yolo_msgs/include/yolo_msgs/yolo_msgs/msg/detail/bounding_box3_d__struct.h
[1.316s] -- Up-to-date: /home/dimash/debug_clear_ws/install/yolo_msgs/include/yolo_msgs/yolo_msgs/msg/detail/bounding_box2_d__type_support.h
[1.316s] -- Up-to-date: /home/dimash/debug_clear_ws/install/yolo_msgs/include/yolo_msgs/yolo_msgs/msg/detail/point2_d__functions.c
[1.317s] -- Up-to-date: /home/dimash/debug_clear_ws/install/yolo_msgs/include/yolo_msgs/yolo_msgs/msg/detail/point2_d__struct.h
[1.317s] -- Up-to-date: /home/dimash/debug_clear_ws/install/yolo_msgs/include/yolo_msgs/yolo_msgs/msg/detail/key_point3_d__type_support.h
[1.317s] -- Up-to-date: /home/dimash/debug_clear_ws/install/yolo_msgs/include/yolo_msgs/yolo_msgs/msg/detail/bounding_box2_d__struct.h
[1.317s] -- Up-to-date: /home/dimash/debug_clear_ws/install/yolo_msgs/include/yolo_msgs/yolo_msgs/msg/detail/point2_d__functions.h
[1.317s] -- Up-to-date: /home/dimash/debug_clear_ws/install/yolo_msgs/include/yolo_msgs/yolo_msgs/msg/detail/key_point3_d_array__functions.c
[1.317s] -- Up-to-date: /home/dimash/debug_clear_ws/install/yolo_msgs/include/yolo_msgs/yolo_msgs/msg/detail/pose2_d__type_support.h
[1.317s] -- Up-to-date: /home/dimash/debug_clear_ws/install/yolo_msgs/include/yolo_msgs/yolo_msgs/msg/detail/bounding_box2_d__functions.h
[1.317s] -- Up-to-date: /home/dimash/debug_clear_ws/install/yolo_msgs/include/yolo_msgs/yolo_msgs/msg/detail/detection__functions.c
[1.317s] -- Up-to-date: /home/dimash/debug_clear_ws/install/yolo_msgs/include/yolo_msgs/yolo_msgs/msg/detail/detection__struct.h
[1.317s] -- Up-to-date: /home/dimash/debug_clear_ws/install/yolo_msgs/include/yolo_msgs/yolo_msgs/msg/vector2.h
[1.317s] -- Up-to-date: /home/dimash/debug_clear_ws/install/yolo_msgs/include/yolo_msgs/yolo_msgs/msg/key_point3_d_array.h
[1.318s] -- Up-to-date: /home/dimash/debug_clear_ws/install/yolo_msgs/include/yolo_msgs/yolo_msgs/msg/rosidl_generator_c__visibility_control.h
[1.321s] -- Up-to-date: /home/dimash/debug_clear_ws/install/yolo_msgs/include/yolo_msgs/yolo_msgs/msg/bounding_box3_d.h
[1.322s] -- Up-to-date: /home/dimash/debug_clear_ws/install/yolo_msgs/include/yolo_msgs/yolo_msgs/msg/detection_array.h
[1.322s] -- Up-to-date: /home/dimash/debug_clear_ws/install/yolo_msgs/include/yolo_msgs/yolo_msgs/msg/mask.h
[1.323s] -- Up-to-date: /home/dimash/debug_clear_ws/install/yolo_msgs/include/yolo_msgs/yolo_msgs/msg/pose2_d.h
[1.323s] -- Up-to-date: /home/dimash/debug_clear_ws/install/yolo_msgs/include/yolo_msgs/yolo_msgs/msg/point2_d.h
[1.323s] -- Up-to-date: /home/dimash/debug_clear_ws/install/yolo_msgs/include/yolo_msgs/yolo_msgs/msg/detection.h
[1.323s] -- Up-to-date: /home/dimash/debug_clear_ws/install/yolo_msgs/include/yolo_msgs/yolo_msgs/msg/bounding_box2_d.h
[1.323s] -- Up-to-date: /home/dimash/debug_clear_ws/install/yolo_msgs/include/yolo_msgs/yolo_msgs/msg/key_point2_d.h
[1.324s] -- Up-to-date: /home/dimash/debug_clear_ws/install/yolo_msgs/include/yolo_msgs/yolo_msgs/msg/key_point3_d.h
[1.324s] -- Up-to-date: /home/dimash/debug_clear_ws/install/yolo_msgs/include/yolo_msgs/yolo_msgs/msg/key_point2_d_array.h
[1.324s] -- Up-to-date: /home/dimash/debug_clear_ws/install/yolo_msgs/share/yolo_msgs/environment/library_path.sh
[1.324s] -- Up-to-date: /home/dimash/debug_clear_ws/install/yolo_msgs/share/yolo_msgs/environment/library_path.dsv
[1.324s] -- Up-to-date: /home/dimash/debug_clear_ws/install/yolo_msgs/lib/libyolo_msgs__rosidl_generator_c.so
[1.324s] -- Up-to-date: /home/dimash/debug_clear_ws/install/yolo_msgs/include/yolo_msgs/yolo_msgs
[1.324s] -- Up-to-date: /home/dimash/debug_clear_ws/install/yolo_msgs/include/yolo_msgs/yolo_msgs/srv
[1.324s] -- Up-to-date: /home/dimash/debug_clear_ws/install/yolo_msgs/include/yolo_msgs/yolo_msgs/srv/detail
[1.324s] -- Up-to-date: /home/dimash/debug_clear_ws/install/yolo_msgs/include/yolo_msgs/yolo_msgs/srv/detail/set_classes__rosidl_typesupport_fastrtps_c.h
[1.324s] -- Up-to-date: /home/dimash/debug_clear_ws/install/yolo_msgs/include/yolo_msgs/yolo_msgs/msg
[1.324s] -- Up-to-date: /home/dimash/debug_clear_ws/install/yolo_msgs/include/yolo_msgs/yolo_msgs/msg/detail
[1.325s] -- Up-to-date: /home/dimash/debug_clear_ws/install/yolo_msgs/include/yolo_msgs/yolo_msgs/msg/detail/bounding_box3_d__rosidl_typesupport_fastrtps_c.h
[1.325s] -- Up-to-date: /home/dimash/debug_clear_ws/install/yolo_msgs/include/yolo_msgs/yolo_msgs/msg/detail/mask__rosidl_typesupport_fastrtps_c.h
[1.325s] -- Up-to-date: /home/dimash/debug_clear_ws/install/yolo_msgs/include/yolo_msgs/yolo_msgs/msg/detail/key_point3_d__rosidl_typesupport_fastrtps_c.h
[1.325s] -- Up-to-date: /home/dimash/debug_clear_ws/install/yolo_msgs/include/yolo_msgs/yolo_msgs/msg/detail/key_point2_d_array__rosidl_typesupport_fastrtps_c.h
[1.325s] -- Up-to-date: /home/dimash/debug_clear_ws/install/yolo_msgs/include/yolo_msgs/yolo_msgs/msg/detail/key_point3_d_array__rosidl_typesupport_fastrtps_c.h
[1.325s] -- Up-to-date: /home/dimash/debug_clear_ws/install/yolo_msgs/include/yolo_msgs/yolo_msgs/msg/detail/vector2__rosidl_typesupport_fastrtps_c.h
[1.325s] -- Up-to-date: /home/dimash/debug_clear_ws/install/yolo_msgs/include/yolo_msgs/yolo_msgs/msg/detail/pose2_d__rosidl_typesupport_fastrtps_c.h
[1.325s] -- Up-to-date: /home/dimash/debug_clear_ws/install/yolo_msgs/include/yolo_msgs/yolo_msgs/msg/detail/key_point2_d__rosidl_typesupport_fastrtps_c.h
[1.325s] -- Up-to-date: /home/dimash/debug_clear_ws/install/yolo_msgs/include/yolo_msgs/yolo_msgs/msg/detail/detection_array__rosidl_typesupport_fastrtps_c.h
[1.325s] -- Up-to-date: /home/dimash/debug_clear_ws/install/yolo_msgs/include/yolo_msgs/yolo_msgs/msg/detail/bounding_box2_d__rosidl_typesupport_fastrtps_c.h
[1.325s] -- Up-to-date: /home/dimash/debug_clear_ws/install/yolo_msgs/include/yolo_msgs/yolo_msgs/msg/detail/point2_d__rosidl_typesupport_fastrtps_c.h
[1.326s] -- Up-to-date: /home/dimash/debug_clear_ws/install/yolo_msgs/include/yolo_msgs/yolo_msgs/msg/detail/detection__rosidl_typesupport_fastrtps_c.h
[1.326s] -- Up-to-date: /home/dimash/debug_clear_ws/install/yolo_msgs/include/yolo_msgs/yolo_msgs/msg/rosidl_typesupport_fastrtps_c__visibility_control.h
[1.326s] -- Up-to-date: /home/dimash/debug_clear_ws/install/yolo_msgs/lib/libyolo_msgs__rosidl_typesupport_fastrtps_c.so
[1.326s] -- Up-to-date: /home/dimash/debug_clear_ws/install/yolo_msgs/include/yolo_msgs/yolo_msgs
[1.326s] -- Up-to-date: /home/dimash/debug_clear_ws/install/yolo_msgs/include/yolo_msgs/yolo_msgs/srv
[1.326s] -- Up-to-date: /home/dimash/debug_clear_ws/install/yolo_msgs/include/yolo_msgs/yolo_msgs/srv/detail
[1.326s] -- Up-to-date: /home/dimash/debug_clear_ws/install/yolo_msgs/include/yolo_msgs/yolo_msgs/srv/detail/set_classes__type_support.c
[1.326s] -- Up-to-date: /home/dimash/debug_clear_ws/install/yolo_msgs/include/yolo_msgs/yolo_msgs/srv/detail/set_classes__rosidl_typesupport_introspection_c.h
[1.326s] -- Up-to-date: /home/dimash/debug_clear_ws/install/yolo_msgs/include/yolo_msgs/yolo_msgs/msg
[1.326s] -- Up-to-date: /home/dimash/debug_clear_ws/install/yolo_msgs/include/yolo_msgs/yolo_msgs/msg/detail
[1.326s] -- Up-to-date: /home/dimash/debug_clear_ws/install/yolo_msgs/include/yolo_msgs/yolo_msgs/msg/detail/key_point2_d__type_support.c
[1.331s] -- Up-to-date: /home/dimash/debug_clear_ws/install/yolo_msgs/include/yolo_msgs/yolo_msgs/msg/detail/vector2__rosidl_typesupport_introspection_c.h
[1.331s] -- Up-to-date: /home/dimash/debug_clear_ws/install/yolo_msgs/include/yolo_msgs/yolo_msgs/msg/detail/detection__type_support.c
[1.331s] -- Up-to-date: /home/dimash/debug_clear_ws/install/yolo_msgs/include/yolo_msgs/yolo_msgs/msg/detail/detection_array__type_support.c
[1.331s] -- Up-to-date: /home/dimash/debug_clear_ws/install/yolo_msgs/include/yolo_msgs/yolo_msgs/msg/detail/pose2_d__type_support.c
[1.331s] -- Up-to-date: /home/dimash/debug_clear_ws/install/yolo_msgs/include/yolo_msgs/yolo_msgs/msg/detail/key_point3_d__type_support.c
[1.331s] -- Up-to-date: /home/dimash/debug_clear_ws/install/yolo_msgs/include/yolo_msgs/yolo_msgs/msg/detail/detection_array__rosidl_typesupport_introspection_c.h
[1.332s] -- Up-to-date: /home/dimash/debug_clear_ws/install/yolo_msgs/include/yolo_msgs/yolo_msgs/msg/detail/mask__type_support.c
[1.332s] -- Up-to-date: /home/dimash/debug_clear_ws/install/yolo_msgs/include/yolo_msgs/yolo_msgs/msg/detail/key_point3_d__rosidl_typesupport_introspection_c.h
[1.332s] -- Up-to-date: /home/dimash/debug_clear_ws/install/yolo_msgs/include/yolo_msgs/yolo_msgs/msg/detail/bounding_box2_d__type_support.c
[1.332s] -- Up-to-date: /home/dimash/debug_clear_ws/install/yolo_msgs/include/yolo_msgs/yolo_msgs/msg/detail/vector2__type_support.c
[1.332s] -- Up-to-date: /home/dimash/debug_clear_ws/install/yolo_msgs/include/yolo_msgs/yolo_msgs/msg/detail/detection__rosidl_typesupport_introspection_c.h
[1.332s] -- Up-to-date: /home/dimash/debug_clear_ws/install/yolo_msgs/include/yolo_msgs/yolo_msgs/msg/detail/key_point2_d__rosidl_typesupport_introspection_c.h
[1.332s] -- Up-to-date: /home/dimash/debug_clear_ws/install/yolo_msgs/include/yolo_msgs/yolo_msgs/msg/detail/point2_d__type_support.c
[1.332s] -- Up-to-date: /home/dimash/debug_clear_ws/install/yolo_msgs/include/yolo_msgs/yolo_msgs/msg/detail/key_point2_d_array__type_support.c
[1.332s] -- Up-to-date: /home/dimash/debug_clear_ws/install/yolo_msgs/include/yolo_msgs/yolo_msgs/msg/detail/bounding_box3_d__rosidl_typesupport_introspection_c.h
[1.332s] -- Up-to-date: /home/dimash/debug_clear_ws/install/yolo_msgs/include/yolo_msgs/yolo_msgs/msg/detail/mask__rosidl_typesupport_introspection_c.h
[1.332s] -- Up-to-date: /home/dimash/debug_clear_ws/install/yolo_msgs/include/yolo_msgs/yolo_msgs/msg/detail/bounding_box2_d__rosidl_typesupport_introspection_c.h
[1.333s] -- Up-to-date: /home/dimash/debug_clear_ws/install/yolo_msgs/include/yolo_msgs/yolo_msgs/msg/detail/key_point3_d_array__type_support.c
[1.333s] -- Up-to-date: /home/dimash/debug_clear_ws/install/yolo_msgs/include/yolo_msgs/yolo_msgs/msg/detail/key_point3_d_array__rosidl_typesupport_introspection_c.h
[1.333s] -- Up-to-date: /home/dimash/debug_clear_ws/install/yolo_msgs/include/yolo_msgs/yolo_msgs/msg/detail/bounding_box3_d__type_support.c
[1.333s] -- Up-to-date: /home/dimash/debug_clear_ws/install/yolo_msgs/include/yolo_msgs/yolo_msgs/msg/detail/point2_d__rosidl_typesupport_introspection_c.h
[1.333s] -- Up-to-date: /home/dimash/debug_clear_ws/install/yolo_msgs/include/yolo_msgs/yolo_msgs/msg/detail/pose2_d__rosidl_typesupport_introspection_c.h
[1.333s] -- Up-to-date: /home/dimash/debug_clear_ws/install/yolo_msgs/include/yolo_msgs/yolo_msgs/msg/detail/key_point2_d_array__rosidl_typesupport_introspection_c.h
[1.333s] -- Up-to-date: /home/dimash/debug_clear_ws/install/yolo_msgs/include/yolo_msgs/yolo_msgs/msg/rosidl_typesupport_introspection_c__visibility_control.h
[1.333s] -- Up-to-date: /home/dimash/debug_clear_ws/install/yolo_msgs/lib/libyolo_msgs__rosidl_typesupport_introspection_c.so
[1.333s] -- Up-to-date: /home/dimash/debug_clear_ws/install/yolo_msgs/lib/libyolo_msgs__rosidl_typesupport_c.so
[1.333s] -- Up-to-date: /home/dimash/debug_clear_ws/install/yolo_msgs/include/yolo_msgs/yolo_msgs
[1.333s] -- Up-to-date: /home/dimash/debug_clear_ws/install/yolo_msgs/include/yolo_msgs/yolo_msgs/srv
[1.334s] -- Up-to-date: /home/dimash/debug_clear_ws/install/yolo_msgs/include/yolo_msgs/yolo_msgs/srv/detail
[1.334s] -- Up-to-date: /home/dimash/debug_clear_ws/install/yolo_msgs/include/yolo_msgs/yolo_msgs/srv/detail/set_classes__builder.hpp
[1.334s] -- Up-to-date: /home/dimash/debug_clear_ws/install/yolo_msgs/include/yolo_msgs/yolo_msgs/srv/detail/set_classes__traits.hpp
[1.334s] -- Up-to-date: /home/dimash/debug_clear_ws/install/yolo_msgs/include/yolo_msgs/yolo_msgs/srv/detail/set_classes__type_support.hpp
[1.334s] -- Up-to-date: /home/dimash/debug_clear_ws/install/yolo_msgs/include/yolo_msgs/yolo_msgs/srv/detail/set_classes__struct.hpp
[1.334s] -- Up-to-date: /home/dimash/debug_clear_ws/install/yolo_msgs/include/yolo_msgs/yolo_msgs/srv/set_classes.hpp
[1.334s] -- Up-to-date: /home/dimash/debug_clear_ws/install/yolo_msgs/include/yolo_msgs/yolo_msgs/msg
[1.334s] -- Up-to-date: /home/dimash/debug_clear_ws/install/yolo_msgs/include/yolo_msgs/yolo_msgs/msg/detail
[1.334s] -- Up-to-date: /home/dimash/debug_clear_ws/install/yolo_msgs/include/yolo_msgs/yolo_msgs/msg/detail/pose2_d__traits.hpp
[1.334s] -- Up-to-date: /home/dimash/debug_clear_ws/install/yolo_msgs/include/yolo_msgs/yolo_msgs/msg/detail/key_point3_d_array__builder.hpp
[1.334s] -- Up-to-date: /home/dimash/debug_clear_ws/install/yolo_msgs/include/yolo_msgs/yolo_msgs/msg/detail/key_point2_d_array__traits.hpp
[1.335s] -- Up-to-date: /home/dimash/debug_clear_ws/install/yolo_msgs/include/yolo_msgs/yolo_msgs/msg/detail/point2_d__builder.hpp
[1.336s] -- Up-to-date: /home/dimash/debug_clear_ws/install/yolo_msgs/include/yolo_msgs/yolo_msgs/msg/detail/detection__struct.hpp
[1.336s] -- Up-to-date: /home/dimash/debug_clear_ws/install/yolo_msgs/include/yolo_msgs/yolo_msgs/msg/detail/bounding_box2_d__struct.hpp
[1.336s] -- Up-to-date: /home/dimash/debug_clear_ws/install/yolo_msgs/include/yolo_msgs/yolo_msgs/msg/detail/mask__type_support.hpp
[1.336s] -- Up-to-date: /home/dimash/debug_clear_ws/install/yolo_msgs/include/yolo_msgs/yolo_msgs/msg/detail/key_point2_d__type_support.hpp
[1.336s] -- Up-to-date: /home/dimash/debug_clear_ws/install/yolo_msgs/include/yolo_msgs/yolo_msgs/msg/detail/detection_array__traits.hpp
[1.336s] -- Up-to-date: /home/dimash/debug_clear_ws/install/yolo_msgs/include/yolo_msgs/yolo_msgs/msg/detail/bounding_box2_d__type_support.hpp
[1.336s] -- Up-to-date: /home/dimash/debug_clear_ws/install/yolo_msgs/include/yolo_msgs/yolo_msgs/msg/detail/mask__traits.hpp
[1.337s] -- Up-to-date: /home/dimash/debug_clear_ws/install/yolo_msgs/include/yolo_msgs/yolo_msgs/msg/detail/detection_array__builder.hpp
[1.337s] -- Up-to-date: /home/dimash/debug_clear_ws/install/yolo_msgs/include/yolo_msgs/yolo_msgs/msg/detail/vector2__struct.hpp
[1.337s] -- Up-to-date: /home/dimash/debug_clear_ws/install/yolo_msgs/include/yolo_msgs/yolo_msgs/msg/detail/detection__type_support.hpp
[1.337s] -- Up-to-date: /home/dimash/debug_clear_ws/install/yolo_msgs/include/yolo_msgs/yolo_msgs/msg/detail/bounding_box3_d__type_support.hpp
[1.337s] -- Up-to-date: /home/dimash/debug_clear_ws/install/yolo_msgs/include/yolo_msgs/yolo_msgs/msg/detail/mask__builder.hpp
[1.337s] -- Up-to-date: /home/dimash/debug_clear_ws/install/yolo_msgs/include/yolo_msgs/yolo_msgs/msg/detail/key_point2_d__builder.hpp
[1.337s] -- Up-to-date: /home/dimash/debug_clear_ws/install/yolo_msgs/include/yolo_msgs/yolo_msgs/msg/detail/key_point3_d__type_support.hpp
[1.337s] -- Up-to-date: /home/dimash/debug_clear_ws/install/yolo_msgs/include/yolo_msgs/yolo_msgs/msg/detail/point2_d__struct.hpp
[1.337s] -- Up-to-date: /home/dimash/debug_clear_ws/install/yolo_msgs/include/yolo_msgs/yolo_msgs/msg/detail/detection_array__struct.hpp
[1.337s] -- Up-to-date: /home/dimash/debug_clear_ws/install/yolo_msgs/include/yolo_msgs/yolo_msgs/msg/detail/pose2_d__builder.hpp
[1.337s] -- Up-to-date: /home/dimash/debug_clear_ws/install/yolo_msgs/include/yolo_msgs/yolo_msgs/msg/detail/key_point2_d__struct.hpp
[1.341s] -- Up-to-date: /home/dimash/debug_clear_ws/install/yolo_msgs/include/yolo_msgs/yolo_msgs/msg/detail/key_point2_d__traits.hpp
[1.341s] -- Up-to-date: /home/dimash/debug_clear_ws/install/yolo_msgs/include/yolo_msgs/yolo_msgs/msg/detail/point2_d__traits.hpp
[1.341s] -- Up-to-date: /home/dimash/debug_clear_ws/install/yolo_msgs/include/yolo_msgs/yolo_msgs/msg/detail/key_point2_d_array__struct.hpp
[1.341s] -- Up-to-date: /home/dimash/debug_clear_ws/install/yolo_msgs/include/yolo_msgs/yolo_msgs/msg/detail/bounding_box2_d__builder.hpp
[1.341s] -- Up-to-date: /home/dimash/debug_clear_ws/install/yolo_msgs/include/yolo_msgs/yolo_msgs/msg/detail/mask__struct.hpp
[1.341s] -- Up-to-date: /home/dimash/debug_clear_ws/install/yolo_msgs/include/yolo_msgs/yolo_msgs/msg/detail/pose2_d__type_support.hpp
[1.341s] -- Up-to-date: /home/dimash/debug_clear_ws/install/yolo_msgs/include/yolo_msgs/yolo_msgs/msg/detail/detection__traits.hpp
[1.342s] -- Up-to-date: /home/dimash/debug_clear_ws/install/yolo_msgs/include/yolo_msgs/yolo_msgs/msg/detail/key_point3_d__traits.hpp
[1.342s] -- Up-to-date: /home/dimash/debug_clear_ws/install/yolo_msgs/include/yolo_msgs/yolo_msgs/msg/detail/key_point3_d__builder.hpp
[1.342s] -- Up-to-date: /home/dimash/debug_clear_ws/install/yolo_msgs/include/yolo_msgs/yolo_msgs/msg/detail/vector2__type_support.hpp
[1.342s] -- Up-to-date: /home/dimash/debug_clear_ws/install/yolo_msgs/include/yolo_msgs/yolo_msgs/msg/detail/key_point3_d_array__struct.hpp
[1.342s] -- Up-to-date: /home/dimash/debug_clear_ws/install/yolo_msgs/include/yolo_msgs/yolo_msgs/msg/detail/point2_d__type_support.hpp
[1.342s] -- Up-to-date: /home/dimash/debug_clear_ws/install/yolo_msgs/include/yolo_msgs/yolo_msgs/msg/detail/key_point3_d__struct.hpp
[1.342s] -- Up-to-date: /home/dimash/debug_clear_ws/install/yolo_msgs/include/yolo_msgs/yolo_msgs/msg/detail/vector2__builder.hpp
[1.342s] -- Up-to-date: /home/dimash/debug_clear_ws/install/yolo_msgs/include/yolo_msgs/yolo_msgs/msg/detail/key_point3_d_array__type_support.hpp
[1.342s] -- Up-to-date: /home/dimash/debug_clear_ws/install/yolo_msgs/include/yolo_msgs/yolo_msgs/msg/detail/key_point2_d_array__builder.hpp
[1.342s] -- Up-to-date: /home/dimash/debug_clear_ws/install/yolo_msgs/include/yolo_msgs/yolo_msgs/msg/detail/detection__builder.hpp
[1.342s] -- Up-to-date: /home/dimash/debug_clear_ws/install/yolo_msgs/include/yolo_msgs/yolo_msgs/msg/detail/vector2__traits.hpp
[1.343s] -- Up-to-date: /home/dimash/debug_clear_ws/install/yolo_msgs/include/yolo_msgs/yolo_msgs/msg/detail/key_point2_d_array__type_support.hpp
[1.343s] -- Up-to-date: /home/dimash/debug_clear_ws/install/yolo_msgs/include/yolo_msgs/yolo_msgs/msg/detail/bounding_box3_d__builder.hpp
[1.343s] -- Up-to-date: /home/dimash/debug_clear_ws/install/yolo_msgs/include/yolo_msgs/yolo_msgs/msg/detail/detection_array__type_support.hpp
[1.343s] -- Up-to-date: /home/dimash/debug_clear_ws/install/yolo_msgs/include/yolo_msgs/yolo_msgs/msg/detail/bounding_box3_d__struct.hpp
[1.343s] -- Up-to-date: /home/dimash/debug_clear_ws/install/yolo_msgs/include/yolo_msgs/yolo_msgs/msg/detail/bounding_box2_d__traits.hpp
[1.343s] -- Up-to-date: /home/dimash/debug_clear_ws/install/yolo_msgs/include/yolo_msgs/yolo_msgs/msg/detail/pose2_d__struct.hpp
[1.343s] -- Up-to-date: /home/dimash/debug_clear_ws/install/yolo_msgs/include/yolo_msgs/yolo_msgs/msg/detail/bounding_box3_d__traits.hpp
[1.343s] -- Up-to-date: /home/dimash/debug_clear_ws/install/yolo_msgs/include/yolo_msgs/yolo_msgs/msg/detail/key_point3_d_array__traits.hpp
[1.343s] -- Up-to-date: /home/dimash/debug_clear_ws/install/yolo_msgs/include/yolo_msgs/yolo_msgs/msg/key_point2_d_array.hpp
[1.343s] -- Up-to-date: /home/dimash/debug_clear_ws/install/yolo_msgs/include/yolo_msgs/yolo_msgs/msg/bounding_box2_d.hpp
[1.343s] -- Up-to-date: /home/dimash/debug_clear_ws/install/yolo_msgs/include/yolo_msgs/yolo_msgs/msg/detection.hpp
[1.344s] -- Up-to-date: /home/dimash/debug_clear_ws/install/yolo_msgs/include/yolo_msgs/yolo_msgs/msg/vector2.hpp
[1.344s] -- Up-to-date: /home/dimash/debug_clear_ws/install/yolo_msgs/include/yolo_msgs/yolo_msgs/msg/key_point3_d.hpp
[1.344s] -- Up-to-date: /home/dimash/debug_clear_ws/install/yolo_msgs/include/yolo_msgs/yolo_msgs/msg/point2_d.hpp
[1.344s] -- Up-to-date: /home/dimash/debug_clear_ws/install/yolo_msgs/include/yolo_msgs/yolo_msgs/msg/pose2_d.hpp
[1.344s] -- Up-to-date: /home/dimash/debug_clear_ws/install/yolo_msgs/include/yolo_msgs/yolo_msgs/msg/rosidl_generator_cpp__visibility_control.hpp
[1.349s] -- Up-to-date: /home/dimash/debug_clear_ws/install/yolo_msgs/include/yolo_msgs/yolo_msgs/msg/bounding_box3_d.hpp
[1.349s] -- Up-to-date: /home/dimash/debug_clear_ws/install/yolo_msgs/include/yolo_msgs/yolo_msgs/msg/detection_array.hpp
[1.349s] -- Up-to-date: /home/dimash/debug_clear_ws/install/yolo_msgs/include/yolo_msgs/yolo_msgs/msg/key_point2_d.hpp
[1.349s] -- Up-to-date: /home/dimash/debug_clear_ws/install/yolo_msgs/include/yolo_msgs/yolo_msgs/msg/key_point3_d_array.hpp
[1.349s] -- Up-to-date: /home/dimash/debug_clear_ws/install/yolo_msgs/include/yolo_msgs/yolo_msgs/msg/mask.hpp
[1.349s] -- Up-to-date: /home/dimash/debug_clear_ws/install/yolo_msgs/include/yolo_msgs/yolo_msgs
[1.349s] -- Up-to-date: /home/dimash/debug_clear_ws/install/yolo_msgs/include/yolo_msgs/yolo_msgs/srv
[1.350s] -- Up-to-date: /home/dimash/debug_clear_ws/install/yolo_msgs/include/yolo_msgs/yolo_msgs/srv/detail
[1.350s] -- Up-to-date: /home/dimash/debug_clear_ws/install/yolo_msgs/include/yolo_msgs/yolo_msgs/srv/detail/set_classes__rosidl_typesupport_fastrtps_cpp.hpp
[1.350s] -- Up-to-date: /home/dimash/debug_clear_ws/install/yolo_msgs/include/yolo_msgs/yolo_msgs/srv/detail/dds_fastrtps
[1.350s] -- Up-to-date: /home/dimash/debug_clear_ws/install/yolo_msgs/include/yolo_msgs/yolo_msgs/msg
[1.350s] -- Up-to-date: /home/dimash/debug_clear_ws/install/yolo_msgs/include/yolo_msgs/yolo_msgs/msg/rosidl_typesupport_fastrtps_cpp__visibility_control.h
[1.350s] -- Up-to-date: /home/dimash/debug_clear_ws/install/yolo_msgs/include/yolo_msgs/yolo_msgs/msg/detail
[1.350s] -- Up-to-date: /home/dimash/debug_clear_ws/install/yolo_msgs/include/yolo_msgs/yolo_msgs/msg/detail/point2_d__rosidl_typesupport_fastrtps_cpp.hpp
[1.350s] -- Up-to-date: /home/dimash/debug_clear_ws/install/yolo_msgs/include/yolo_msgs/yolo_msgs/msg/detail/detection_array__rosidl_typesupport_fastrtps_cpp.hpp
[1.350s] -- Up-to-date: /home/dimash/debug_clear_ws/install/yolo_msgs/include/yolo_msgs/yolo_msgs/msg/detail/key_point3_d__rosidl_typesupport_fastrtps_cpp.hpp
[1.350s] -- Up-to-date: /home/dimash/debug_clear_ws/install/yolo_msgs/include/yolo_msgs/yolo_msgs/msg/detail/pose2_d__rosidl_typesupport_fastrtps_cpp.hpp
[1.350s] -- Up-to-date: /home/dimash/debug_clear_ws/install/yolo_msgs/include/yolo_msgs/yolo_msgs/msg/detail/key_point3_d_array__rosidl_typesupport_fastrtps_cpp.hpp
[1.351s] -- Up-to-date: /home/dimash/debug_clear_ws/install/yolo_msgs/include/yolo_msgs/yolo_msgs/msg/detail/bounding_box3_d__rosidl_typesupport_fastrtps_cpp.hpp
[1.351s] -- Up-to-date: /home/dimash/debug_clear_ws/install/yolo_msgs/include/yolo_msgs/yolo_msgs/msg/detail/detection__rosidl_typesupport_fastrtps_cpp.hpp
[1.351s] -- Up-to-date: /home/dimash/debug_clear_ws/install/yolo_msgs/include/yolo_msgs/yolo_msgs/msg/detail/key_point2_d__rosidl_typesupport_fastrtps_cpp.hpp
[1.351s] -- Up-to-date: /home/dimash/debug_clear_ws/install/yolo_msgs/include/yolo_msgs/yolo_msgs/msg/detail/key_point2_d_array__rosidl_typesupport_fastrtps_cpp.hpp
[1.351s] -- Up-to-date: /home/dimash/debug_clear_ws/install/yolo_msgs/include/yolo_msgs/yolo_msgs/msg/detail/bounding_box2_d__rosidl_typesupport_fastrtps_cpp.hpp
[1.351s] -- Up-to-date: /home/dimash/debug_clear_ws/install/yolo_msgs/include/yolo_msgs/yolo_msgs/msg/detail/mask__rosidl_typesupport_fastrtps_cpp.hpp
[1.351s] -- Up-to-date: /home/dimash/debug_clear_ws/install/yolo_msgs/include/yolo_msgs/yolo_msgs/msg/detail/dds_fastrtps
[1.351s] -- Up-to-date: /home/dimash/debug_clear_ws/install/yolo_msgs/include/yolo_msgs/yolo_msgs/msg/detail/vector2__rosidl_typesupport_fastrtps_cpp.hpp
[1.351s] -- Up-to-date: /home/dimash/debug_clear_ws/install/yolo_msgs/lib/libyolo_msgs__rosidl_typesupport_fastrtps_cpp.so
[1.351s] -- Up-to-date: /home/dimash/debug_clear_ws/install/yolo_msgs/include/yolo_msgs/yolo_msgs
[1.351s] -- Up-to-date: /home/dimash/debug_clear_ws/install/yolo_msgs/include/yolo_msgs/yolo_msgs/srv
[1.352s] -- Up-to-date: /home/dimash/debug_clear_ws/install/yolo_msgs/include/yolo_msgs/yolo_msgs/srv/detail
[1.352s] -- Up-to-date: /home/dimash/debug_clear_ws/install/yolo_msgs/include/yolo_msgs/yolo_msgs/srv/detail/set_classes__rosidl_typesupport_introspection_cpp.hpp
[1.352s] -- Up-to-date: /home/dimash/debug_clear_ws/install/yolo_msgs/include/yolo_msgs/yolo_msgs/srv/detail/set_classes__type_support.cpp
[1.352s] -- Up-to-date: /home/dimash/debug_clear_ws/install/yolo_msgs/include/yolo_msgs/yolo_msgs/msg
[1.352s] -- Up-to-date: /home/dimash/debug_clear_ws/install/yolo_msgs/include/yolo_msgs/yolo_msgs/msg/detail
[1.352s] -- Up-to-date: /home/dimash/debug_clear_ws/install/yolo_msgs/include/yolo_msgs/yolo_msgs/msg/detail/mask__rosidl_typesupport_introspection_cpp.hpp
[1.352s] -- Up-to-date: /home/dimash/debug_clear_ws/install/yolo_msgs/include/yolo_msgs/yolo_msgs/msg/detail/point2_d__rosidl_typesupport_introspection_cpp.hpp
[1.352s] -- Up-to-date: /home/dimash/debug_clear_ws/install/yolo_msgs/include/yolo_msgs/yolo_msgs/msg/detail/detection_array__rosidl_typesupport_introspection_cpp.hpp
[1.352s] -- Up-to-date: /home/dimash/debug_clear_ws/install/yolo_msgs/include/yolo_msgs/yolo_msgs/msg/detail/key_point3_d_array__rosidl_typesupport_introspection_cpp.hpp
[1.352s] -- Up-to-date: /home/dimash/debug_clear_ws/install/yolo_msgs/include/yolo_msgs/yolo_msgs/msg/detail/bounding_box2_d__rosidl_typesupport_introspection_cpp.hpp
[1.352s] -- Up-to-date: /home/dimash/debug_clear_ws/install/yolo_msgs/include/yolo_msgs/yolo_msgs/msg/detail/vector2__type_support.cpp
[1.352s] -- Up-to-date: /home/dimash/debug_clear_ws/install/yolo_msgs/include/yolo_msgs/yolo_msgs/msg/detail/pose2_d__rosidl_typesupport_introspection_cpp.hpp
[1.356s] -- Up-to-date: /home/dimash/debug_clear_ws/install/yolo_msgs/include/yolo_msgs/yolo_msgs/msg/detail/bounding_box2_d__type_support.cpp
[1.356s] -- Up-to-date: /home/dimash/debug_clear_ws/install/yolo_msgs/include/yolo_msgs/yolo_msgs/msg/detail/key_point2_d__rosidl_typesupport_introspection_cpp.hpp
[1.356s] -- Up-to-date: /home/dimash/debug_clear_ws/install/yolo_msgs/include/yolo_msgs/yolo_msgs/msg/detail/mask__type_support.cpp
[1.356s] -- Up-to-date: /home/dimash/debug_clear_ws/install/yolo_msgs/include/yolo_msgs/yolo_msgs/msg/detail/bounding_box3_d__type_support.cpp
[1.356s] -- Up-to-date: /home/dimash/debug_clear_ws/install/yolo_msgs/include/yolo_msgs/yolo_msgs/msg/detail/detection__rosidl_typesupport_introspection_cpp.hpp
[1.357s] -- Up-to-date: /home/dimash/debug_clear_ws/install/yolo_msgs/include/yolo_msgs/yolo_msgs/msg/detail/key_point3_d__rosidl_typesupport_introspection_cpp.hpp
[1.357s] -- Up-to-date: /home/dimash/debug_clear_ws/install/yolo_msgs/include/yolo_msgs/yolo_msgs/msg/detail/detection_array__type_support.cpp
[1.357s] -- Up-to-date: /home/dimash/debug_clear_ws/install/yolo_msgs/include/yolo_msgs/yolo_msgs/msg/detail/bounding_box3_d__rosidl_typesupport_introspection_cpp.hpp
[1.357s] -- Up-to-date: /home/dimash/debug_clear_ws/install/yolo_msgs/include/yolo_msgs/yolo_msgs/msg/detail/key_point3_d__type_support.cpp
[1.357s] -- Up-to-date: /home/dimash/debug_clear_ws/install/yolo_msgs/include/yolo_msgs/yolo_msgs/msg/detail/key_point2_d__type_support.cpp
[1.357s] -- Up-to-date: /home/dimash/debug_clear_ws/install/yolo_msgs/include/yolo_msgs/yolo_msgs/msg/detail/key_point2_d_array__rosidl_typesupport_introspection_cpp.hpp
[1.357s] -- Up-to-date: /home/dimash/debug_clear_ws/install/yolo_msgs/include/yolo_msgs/yolo_msgs/msg/detail/key_point2_d_array__type_support.cpp
[1.357s] -- Up-to-date: /home/dimash/debug_clear_ws/install/yolo_msgs/include/yolo_msgs/yolo_msgs/msg/detail/point2_d__type_support.cpp
[1.357s] -- Up-to-date: /home/dimash/debug_clear_ws/install/yolo_msgs/include/yolo_msgs/yolo_msgs/msg/detail/key_point3_d_array__type_support.cpp
[1.357s] -- Up-to-date: /home/dimash/debug_clear_ws/install/yolo_msgs/include/yolo_msgs/yolo_msgs/msg/detail/vector2__rosidl_typesupport_introspection_cpp.hpp
[1.357s] -- Up-to-date: /home/dimash/debug_clear_ws/install/yolo_msgs/include/yolo_msgs/yolo_msgs/msg/detail/detection__type_support.cpp
[1.358s] -- Up-to-date: /home/dimash/debug_clear_ws/install/yolo_msgs/include/yolo_msgs/yolo_msgs/msg/detail/pose2_d__type_support.cpp
[1.358s] -- Up-to-date: /home/dimash/debug_clear_ws/install/yolo_msgs/lib/libyolo_msgs__rosidl_typesupport_introspection_cpp.so
[1.358s] -- Up-to-date: /home/dimash/debug_clear_ws/install/yolo_msgs/lib/libyolo_msgs__rosidl_typesupport_cpp.so
[1.358s] -- Up-to-date: /home/dimash/debug_clear_ws/install/yolo_msgs/share/yolo_msgs/environment/pythonpath.sh
[1.359s] -- Up-to-date: /home/dimash/debug_clear_ws/install/yolo_msgs/share/yolo_msgs/environment/pythonpath.dsv
[1.359s] -- Up-to-date: /home/dimash/debug_clear_ws/install/yolo_msgs/local/lib/python3.10/dist-packages/yolo_msgs-4.0.1-py3.10.egg-info
[1.359s] -- Installing: /home/dimash/debug_clear_ws/install/yolo_msgs/local/lib/python3.10/dist-packages/yolo_msgs-4.0.1-py3.10.egg-info/PKG-INFO
[1.359s] -- Installing: /home/dimash/debug_clear_ws/install/yolo_msgs/local/lib/python3.10/dist-packages/yolo_msgs-4.0.1-py3.10.egg-info/SOURCES.txt
[1.359s] -- Installing: /home/dimash/debug_clear_ws/install/yolo_msgs/local/lib/python3.10/dist-packages/yolo_msgs-4.0.1-py3.10.egg-info/dependency_links.txt
[1.359s] -- Installing: /home/dimash/debug_clear_ws/install/yolo_msgs/local/lib/python3.10/dist-packages/yolo_msgs-4.0.1-py3.10.egg-info/top_level.txt
[1.359s] -- Up-to-date: /home/dimash/debug_clear_ws/install/yolo_msgs/local/lib/python3.10/dist-packages/yolo_msgs
[1.359s] -- Up-to-date: /home/dimash/debug_clear_ws/install/yolo_msgs/local/lib/python3.10/dist-packages/yolo_msgs/_yolo_msgs_s.ep.rosidl_typesupport_introspection_c.c
[1.359s] -- Up-to-date: /home/dimash/debug_clear_ws/install/yolo_msgs/local/lib/python3.10/dist-packages/yolo_msgs/__init__.py
[1.359s] -- Up-to-date: /home/dimash/debug_clear_ws/install/yolo_msgs/local/lib/python3.10/dist-packages/yolo_msgs/srv
[1.359s] -- Up-to-date: /home/dimash/debug_clear_ws/install/yolo_msgs/local/lib/python3.10/dist-packages/yolo_msgs/srv/__init__.py
[1.360s] -- Up-to-date: /home/dimash/debug_clear_ws/install/yolo_msgs/local/lib/python3.10/dist-packages/yolo_msgs/srv/_set_classes_s.c
[1.360s] -- Up-to-date: /home/dimash/debug_clear_ws/install/yolo_msgs/local/lib/python3.10/dist-packages/yolo_msgs/srv/_set_classes.py
[1.361s] -- Up-to-date: /home/dimash/debug_clear_ws/install/yolo_msgs/local/lib/python3.10/dist-packages/yolo_msgs/libyolo_msgs__rosidl_generator_py.so
[1.361s] -- Up-to-date: /home/dimash/debug_clear_ws/install/yolo_msgs/local/lib/python3.10/dist-packages/yolo_msgs/_yolo_msgs_s.ep.rosidl_typesupport_c.c
[1.361s] -- Up-to-date: /home/dimash/debug_clear_ws/install/yolo_msgs/local/lib/python3.10/dist-packages/yolo_msgs/msg
[1.361s] -- Up-to-date: /home/dimash/debug_clear_ws/install/yolo_msgs/local/lib/python3.10/dist-packages/yolo_msgs/msg/_point2_d.py
[1.361s] -- Up-to-date: /home/dimash/debug_clear_ws/install/yolo_msgs/local/lib/python3.10/dist-packages/yolo_msgs/msg/_key_point3_d.py
[1.361s] -- Up-to-date: /home/dimash/debug_clear_ws/install/yolo_msgs/local/lib/python3.10/dist-packages/yolo_msgs/msg/__init__.py
[1.361s] -- Up-to-date: /home/dimash/debug_clear_ws/install/yolo_msgs/local/lib/python3.10/dist-packages/yolo_msgs/msg/_bounding_box2_d.py
[1.361s] -- Up-to-date: /home/dimash/debug_clear_ws/install/yolo_msgs/local/lib/python3.10/dist-packages/yolo_msgs/msg/_key_point2_d_array_s.c
[1.361s] -- Up-to-date: /home/dimash/debug_clear_ws/install/yolo_msgs/local/lib/python3.10/dist-packages/yolo_msgs/msg/_bounding_box2_d_s.c
[1.361s] -- Up-to-date: /home/dimash/debug_clear_ws/install/yolo_msgs/local/lib/python3.10/dist-packages/yolo_msgs/msg/_key_point2_d_s.c
[1.361s] -- Up-to-date: /home/dimash/debug_clear_ws/install/yolo_msgs/local/lib/python3.10/dist-packages/yolo_msgs/msg/_mask_s.c
[1.362s] -- Up-to-date: /home/dimash/debug_clear_ws/install/yolo_msgs/local/lib/python3.10/dist-packages/yolo_msgs/msg/_detection_s.c
[1.362s] -- Up-to-date: /home/dimash/debug_clear_ws/install/yolo_msgs/local/lib/python3.10/dist-packages/yolo_msgs/msg/_point2_d_s.c
[1.362s] -- Up-to-date: /home/dimash/debug_clear_ws/install/yolo_msgs/local/lib/python3.10/dist-packages/yolo_msgs/msg/_pose2_d_s.c
[1.362s] -- Up-to-date: /home/dimash/debug_clear_ws/install/yolo_msgs/local/lib/python3.10/dist-packages/yolo_msgs/msg/_key_point3_d_array.py
[1.362s] -- Up-to-date: /home/dimash/debug_clear_ws/install/yolo_msgs/local/lib/python3.10/dist-packages/yolo_msgs/msg/_mask.py
[1.363s] -- Up-to-date: /home/dimash/debug_clear_ws/install/yolo_msgs/local/lib/python3.10/dist-packages/yolo_msgs/msg/_key_point3_d_array_s.c
[1.371s] -- Up-to-date: /home/dimash/debug_clear_ws/install/yolo_msgs/local/lib/python3.10/dist-packages/yolo_msgs/msg/_key_point2_d.py
[1.371s] -- Up-to-date: /home/dimash/debug_clear_ws/install/yolo_msgs/local/lib/python3.10/dist-packages/yolo_msgs/msg/_vector2_s.c
[1.371s] -- Up-to-date: /home/dimash/debug_clear_ws/install/yolo_msgs/local/lib/python3.10/dist-packages/yolo_msgs/msg/_bounding_box3_d.py
[1.372s] -- Up-to-date: /home/dimash/debug_clear_ws/install/yolo_msgs/local/lib/python3.10/dist-packages/yolo_msgs/msg/_vector2.py
[1.372s] -- Up-to-date: /home/dimash/debug_clear_ws/install/yolo_msgs/local/lib/python3.10/dist-packages/yolo_msgs/msg/_bounding_box3_d_s.c
[1.372s] -- Up-to-date: /home/dimash/debug_clear_ws/install/yolo_msgs/local/lib/python3.10/dist-packages/yolo_msgs/msg/_detection_array.py
[1.372s] -- Up-to-date: /home/dimash/debug_clear_ws/install/yolo_msgs/local/lib/python3.10/dist-packages/yolo_msgs/msg/_key_point3_d_s.c
[1.372s] -- Up-to-date: /home/dimash/debug_clear_ws/install/yolo_msgs/local/lib/python3.10/dist-packages/yolo_msgs/msg/_key_point2_d_array.py
[1.372s] -- Up-to-date: /home/dimash/debug_clear_ws/install/yolo_msgs/local/lib/python3.10/dist-packages/yolo_msgs/msg/_detection_array_s.c
[1.372s] -- Up-to-date: /home/dimash/debug_clear_ws/install/yolo_msgs/local/lib/python3.10/dist-packages/yolo_msgs/msg/_detection.py
[1.372s] -- Up-to-date: /home/dimash/debug_clear_ws/install/yolo_msgs/local/lib/python3.10/dist-packages/yolo_msgs/msg/_pose2_d.py
[1.372s] -- Up-to-date: /home/dimash/debug_clear_ws/install/yolo_msgs/local/lib/python3.10/dist-packages/yolo_msgs/yolo_msgs_s__rosidl_typesupport_c.cpython-310-x86_64-linux-gnu.so
[1.372s] -- Up-to-date: /home/dimash/debug_clear_ws/install/yolo_msgs/local/lib/python3.10/dist-packages/yolo_msgs/yolo_msgs_s__rosidl_typesupport_introspection_c.cpython-310-x86_64-linux-gnu.so
[1.372s] -- Up-to-date: /home/dimash/debug_clear_ws/install/yolo_msgs/local/lib/python3.10/dist-packages/yolo_msgs/_yolo_msgs_s.ep.rosidl_typesupport_fastrtps_c.c
[1.373s] -- Up-to-date: /home/dimash/debug_clear_ws/install/yolo_msgs/local/lib/python3.10/dist-packages/yolo_msgs/yolo_msgs_s__rosidl_typesupport_fastrtps_c.cpython-310-x86_64-linux-gnu.so
[1.449s] Listing '/home/dimash/debug_clear_ws/install/yolo_msgs/local/lib/python3.10/dist-packages/yolo_msgs'...
[1.449s] Listing '/home/dimash/debug_clear_ws/install/yolo_msgs/local/lib/python3.10/dist-packages/yolo_msgs/msg'...
[1.449s] Listing '/home/dimash/debug_clear_ws/install/yolo_msgs/local/lib/python3.10/dist-packages/yolo_msgs/srv'...
[1.454s] -- Up-to-date: /home/dimash/debug_clear_ws/install/yolo_msgs/local/lib/python3.10/dist-packages/yolo_msgs/yolo_msgs_s__rosidl_typesupport_fastrtps_c.cpython-310-x86_64-linux-gnu.so
[1.454s] -- Up-to-date: /home/dimash/debug_clear_ws/install/yolo_msgs/local/lib/python3.10/dist-packages/yolo_msgs/yolo_msgs_s__rosidl_typesupport_introspection_c.cpython-310-x86_64-linux-gnu.so
[1.458s] -- Up-to-date: /home/dimash/debug_clear_ws/install/yolo_msgs/local/lib/python3.10/dist-packages/yolo_msgs/yolo_msgs_s__rosidl_typesupport_c.cpython-310-x86_64-linux-gnu.so
[1.462s] -- Up-to-date: /home/dimash/debug_clear_ws/install/yolo_msgs/lib/libyolo_msgs__rosidl_generator_py.so
[1.462s] -- Up-to-date: /home/dimash/debug_clear_ws/install/yolo_msgs/share/yolo_msgs/msg/Point2D.idl
[1.462s] -- Up-to-date: /home/dimash/debug_clear_ws/install/yolo_msgs/share/yolo_msgs/msg/Vector2.idl
[1.463s] -- Up-to-date: /home/dimash/debug_clear_ws/install/yolo_msgs/share/yolo_msgs/msg/Pose2D.idl
[1.463s] -- Up-to-date: /home/dimash/debug_clear_ws/install/yolo_msgs/share/yolo_msgs/msg/BoundingBox2D.idl
[1.463s] -- Up-to-date: /home/dimash/debug_clear_ws/install/yolo_msgs/share/yolo_msgs/msg/BoundingBox3D.idl
[1.463s] -- Up-to-date: /home/dimash/debug_clear_ws/install/yolo_msgs/share/yolo_msgs/msg/Mask.idl
[1.467s] -- Up-to-date: /home/dimash/debug_clear_ws/install/yolo_msgs/share/yolo_msgs/msg/KeyPoint2D.idl
[1.467s] -- Up-to-date: /home/dimash/debug_clear_ws/install/yolo_msgs/share/yolo_msgs/msg/KeyPoint2DArray.idl
[1.467s] -- Up-to-date: /home/dimash/debug_clear_ws/install/yolo_msgs/share/yolo_msgs/msg/KeyPoint3D.idl
[1.467s] -- Up-to-date: /home/dimash/debug_clear_ws/install/yolo_msgs/share/yolo_msgs/msg/KeyPoint3DArray.idl
[1.467s] -- Up-to-date: /home/dimash/debug_clear_ws/install/yolo_msgs/share/yolo_msgs/msg/Detection.idl
[1.467s] -- Up-to-date: /home/dimash/debug_clear_ws/install/yolo_msgs/share/yolo_msgs/msg/DetectionArray.idl
[1.467s] -- Up-to-date: /home/dimash/debug_clear_ws/install/yolo_msgs/share/yolo_msgs/srv/SetClasses.idl
[1.467s] -- Up-to-date: /home/dimash/debug_clear_ws/install/yolo_msgs/share/yolo_msgs/msg/Point2D.msg
[1.468s] -- Up-to-date: /home/dimash/debug_clear_ws/install/yolo_msgs/share/yolo_msgs/msg/Vector2.msg
[1.468s] -- Up-to-date: /home/dimash/debug_clear_ws/install/yolo_msgs/share/yolo_msgs/msg/Pose2D.msg
[1.468s] -- Up-to-date: /home/dimash/debug_clear_ws/install/yolo_msgs/share/yolo_msgs/msg/BoundingBox2D.msg
[1.468s] -- Up-to-date: /home/dimash/debug_clear_ws/install/yolo_msgs/share/yolo_msgs/msg/BoundingBox3D.msg
[1.468s] -- Up-to-date: /home/dimash/debug_clear_ws/install/yolo_msgs/share/yolo_msgs/msg/Mask.msg
[1.468s] -- Up-to-date: /home/dimash/debug_clear_ws/install/yolo_msgs/share/yolo_msgs/msg/KeyPoint2D.msg
[1.468s] -- Up-to-date: /home/dimash/debug_clear_ws/install/yolo_msgs/share/yolo_msgs/msg/KeyPoint2DArray.msg
[1.468s] -- Up-to-date: /home/dimash/debug_clear_ws/install/yolo_msgs/share/yolo_msgs/msg/KeyPoint3D.msg
[1.468s] -- Up-to-date: /home/dimash/debug_clear_ws/install/yolo_msgs/share/yolo_msgs/msg/KeyPoint3DArray.msg
[1.468s] -- Up-to-date: /home/dimash/debug_clear_ws/install/yolo_msgs/share/yolo_msgs/msg/Detection.msg
[1.469s] -- Up-to-date: /home/dimash/debug_clear_ws/install/yolo_msgs/share/yolo_msgs/msg/DetectionArray.msg
[1.469s] -- Up-to-date: /home/dimash/debug_clear_ws/install/yolo_msgs/share/yolo_msgs/srv/SetClasses.srv
[1.469s] -- Up-to-date: /home/dimash/debug_clear_ws/install/yolo_msgs/share/yolo_msgs/srv/SetClasses_Request.msg
[1.469s] -- Up-to-date: /home/dimash/debug_clear_ws/install/yolo_msgs/share/yolo_msgs/srv/SetClasses_Response.msg
[1.469s] -- Up-to-date: /home/dimash/debug_clear_ws/install/yolo_msgs/share/ament_index/resource_index/package_run_dependencies/yolo_msgs
[1.469s] -- Up-to-date: /home/dimash/debug_clear_ws/install/yolo_msgs/share/ament_index/resource_index/parent_prefix_path/yolo_msgs
[1.469s] -- Up-to-date: /home/dimash/debug_clear_ws/install/yolo_msgs/share/yolo_msgs/environment/ament_prefix_path.sh
[1.469s] -- Up-to-date: /home/dimash/debug_clear_ws/install/yolo_msgs/share/yolo_msgs/environment/ament_prefix_path.dsv
[1.469s] -- Up-to-date: /home/dimash/debug_clear_ws/install/yolo_msgs/share/yolo_msgs/environment/path.sh
[1.469s] -- Up-to-date: /home/dimash/debug_clear_ws/install/yolo_msgs/share/yolo_msgs/environment/path.dsv
[1.469s] -- Up-to-date: /home/dimash/debug_clear_ws/install/yolo_msgs/share/yolo_msgs/local_setup.bash
[1.470s] -- Up-to-date: /home/dimash/debug_clear_ws/install/yolo_msgs/share/yolo_msgs/local_setup.sh
[1.470s] -- Up-to-date: /home/dimash/debug_clear_ws/install/yolo_msgs/share/yolo_msgs/local_setup.zsh
[1.470s] -- Up-to-date: /home/dimash/debug_clear_ws/install/yolo_msgs/share/yolo_msgs/local_setup.dsv
[1.470s] -- Installing: /home/dimash/debug_clear_ws/install/yolo_msgs/share/yolo_msgs/package.dsv
[1.470s] -- Up-to-date: /home/dimash/debug_clear_ws/install/yolo_msgs/share/ament_index/resource_index/packages/yolo_msgs
[1.470s] -- Up-to-date: /home/dimash/debug_clear_ws/install/yolo_msgs/share/yolo_msgs/cmake/export_yolo_msgs__rosidl_generator_cExport.cmake
[1.470s] -- Up-to-date: /home/dimash/debug_clear_ws/install/yolo_msgs/share/yolo_msgs/cmake/export_yolo_msgs__rosidl_generator_cExport-noconfig.cmake
[1.470s] -- Up-to-date: /home/dimash/debug_clear_ws/install/yolo_msgs/share/yolo_msgs/cmake/export_yolo_msgs__rosidl_typesupport_fastrtps_cExport.cmake
[1.470s] -- Up-to-date: /home/dimash/debug_clear_ws/install/yolo_msgs/share/yolo_msgs/cmake/export_yolo_msgs__rosidl_typesupport_fastrtps_cExport-noconfig.cmake
[1.470s] -- Up-to-date: /home/dimash/debug_clear_ws/install/yolo_msgs/share/yolo_msgs/cmake/yolo_msgs__rosidl_typesupport_introspection_cExport.cmake
[1.471s] -- Up-to-date: /home/dimash/debug_clear_ws/install/yolo_msgs/share/yolo_msgs/cmake/yolo_msgs__rosidl_typesupport_introspection_cExport-noconfig.cmake
[1.474s] -- Up-to-date: /home/dimash/debug_clear_ws/install/yolo_msgs/share/yolo_msgs/cmake/yolo_msgs__rosidl_typesupport_cExport.cmake
[1.474s] -- Up-to-date: /home/dimash/debug_clear_ws/install/yolo_msgs/share/yolo_msgs/cmake/yolo_msgs__rosidl_typesupport_cExport-noconfig.cmake
[1.475s] -- Up-to-date: /home/dimash/debug_clear_ws/install/yolo_msgs/share/yolo_msgs/cmake/export_yolo_msgs__rosidl_generator_cppExport.cmake
[1.475s] -- Up-to-date: /home/dimash/debug_clear_ws/install/yolo_msgs/share/yolo_msgs/cmake/export_yolo_msgs__rosidl_typesupport_fastrtps_cppExport.cmake
[1.475s] -- Up-to-date: /home/dimash/debug_clear_ws/install/yolo_msgs/share/yolo_msgs/cmake/export_yolo_msgs__rosidl_typesupport_fastrtps_cppExport-noconfig.cmake
[1.475s] -- Up-to-date: /home/dimash/debug_clear_ws/install/yolo_msgs/share/yolo_msgs/cmake/yolo_msgs__rosidl_typesupport_introspection_cppExport.cmake
[1.475s] -- Up-to-date: /home/dimash/debug_clear_ws/install/yolo_msgs/share/yolo_msgs/cmake/yolo_msgs__rosidl_typesupport_introspection_cppExport-noconfig.cmake
[1.475s] -- Up-to-date: /home/dimash/debug_clear_ws/install/yolo_msgs/share/yolo_msgs/cmake/yolo_msgs__rosidl_typesupport_cppExport.cmake
[1.475s] -- Up-to-date: /home/dimash/debug_clear_ws/install/yolo_msgs/share/yolo_msgs/cmake/yolo_msgs__rosidl_typesupport_cppExport-noconfig.cmake
[1.476s] -- Up-to-date: /home/dimash/debug_clear_ws/install/yolo_msgs/share/yolo_msgs/cmake/export_yolo_msgs__rosidl_generator_pyExport.cmake
[1.476s] -- Up-to-date: /home/dimash/debug_clear_ws/install/yolo_msgs/share/yolo_msgs/cmake/export_yolo_msgs__rosidl_generator_pyExport-noconfig.cmake
[1.476s] -- Up-to-date: /home/dimash/debug_clear_ws/install/yolo_msgs/share/yolo_msgs/cmake/rosidl_cmake-extras.cmake
[1.476s] -- Up-to-date: /home/dimash/debug_clear_ws/install/yolo_msgs/share/yolo_msgs/cmake/ament_cmake_export_dependencies-extras.cmake
[1.476s] -- Up-to-date: /home/dimash/debug_clear_ws/install/yolo_msgs/share/yolo_msgs/cmake/ament_cmake_export_include_directories-extras.cmake
[1.477s] -- Up-to-date: /home/dimash/debug_clear_ws/install/yolo_msgs/share/yolo_msgs/cmake/ament_cmake_export_libraries-extras.cmake
[1.477s] -- Up-to-date: /home/dimash/debug_clear_ws/install/yolo_msgs/share/yolo_msgs/cmake/ament_cmake_export_targets-extras.cmake
[1.477s] -- Up-to-date: /home/dimash/debug_clear_ws/install/yolo_msgs/share/yolo_msgs/cmake/rosidl_cmake_export_typesupport_targets-extras.cmake
[1.477s] -- Up-to-date: /home/dimash/debug_clear_ws/install/yolo_msgs/share/yolo_msgs/cmake/rosidl_cmake_export_typesupport_libraries-extras.cmake
[1.477s] -- Up-to-date: /home/dimash/debug_clear_ws/install/yolo_msgs/share/yolo_msgs/cmake/yolo_msgsConfig.cmake
[1.477s] -- Up-to-date: /home/dimash/debug_clear_ws/install/yolo_msgs/share/yolo_msgs/cmake/yolo_msgsConfig-version.cmake
[1.477s] -- Up-to-date: /home/dimash/debug_clear_ws/install/yolo_msgs/share/yolo_msgs/package.xml
[1.483s] Invoked command in '/home/dimash/debug_clear_ws/build/yolo_msgs' returned '0': CMAKE_PREFIX_PATH=${CMAKE_PREFIX_PATH}:/home/dimash/debug_clear_ws/install/yolo_ros:/home/dimash/debug_clear_ws/install/person_movement:/home/dimash/debug_clear_ws/install/clearpath_config:/opt/ros/humble /usr/bin/cmake --install /home/dimash/debug_clear_ws/build/yolo_msgs
