[0.588s] Invoking command in '/home/dimash/debug_clear_ws/build/yolo_msgs': CMAKE_PREFIX_PATH=${CMAKE_PREFIX_PATH}:/home/dimash/debug_clear_ws/install/yolo_ros:/home/dimash/debug_clear_ws/install/person_movement:/home/dimash/debug_clear_ws/install/clearpath_config:/opt/ros/humble /usr/bin/cmake --build /home/dimash/debug_clear_ws/build/yolo_msgs -- -j8 -l8
[0.864s] [  0%] Built target yolo_msgs__cpp
[0.893s] [ 12%] Built target yolo_msgs__rosidl_generator_c
[0.893s] [ 12%] Built target ament_cmake_python_copy_yolo_msgs
[0.893s] [ 24%] Built target yolo_msgs__rosidl_typesupport_cpp
[0.894s] [ 36%] Built target yolo_msgs__rosidl_typesupport_c
[0.894s] [ 48%] Built target yolo_msgs__rosidl_typesupport_introspection_cpp
[0.895s] [ 63%] Built target yolo_msgs__rosidl_typesupport_introspection_c
[0.895s] [ 72%] Built target yolo_msgs__rosidl_typesupport_fastrtps_cpp
[0.903s] [ 84%] Built target yolo_msgs__rosidl_typesupport_fastrtps_c
[0.946s] [ 84%] Built target yolo_msgs
[0.988s] [ 85%] Built target yolo_msgs__py
[1.044s] [ 96%] Built target yolo_msgs__rosidl_generator_py
[1.125s] [ 97%] Built target yolo_msgs__rosidl_typesupport_fastrtps_c__pyext
[1.137s] [ 98%] Built target yolo_msgs__rosidl_typesupport_c__pyext
[1.154s] [100%] Built target yolo_msgs__rosidl_typesupport_introspection_c__pyext
[1.406s] running egg_info
[1.408s] writing yolo_msgs.egg-info/PKG-INFO
[1.408s] writing dependency_links to yolo_msgs.egg-info/dependency_links.txt
[1.408s] writing top-level names to yolo_msgs.egg-info/top_level.txt
[1.412s] reading manifest file 'yolo_msgs.egg-info/SOURCES.txt'
[1.413s] writing manifest file 'yolo_msgs.egg-info/SOURCES.txt'
[1.448s] [100%] Built target ament_cmake_python_build_yolo_msgs_egg
[1.648s] Invoked command in '/home/dimash/debug_clear_ws/build/yolo_msgs' returned '0': CMAKE_PREFIX_PATH=${CMAKE_PREFIX_PATH}:/home/dimash/debug_clear_ws/install/yolo_ros:/home/dimash/debug_clear_ws/install/person_movement:/home/dimash/debug_clear_ws/install/clearpath_config:/opt/ros/humble /usr/bin/cmake --build /home/dimash/debug_clear_ws/build/yolo_msgs -- -j8 -l8
[1.662s] Invoking command in '/home/dimash/debug_clear_ws/build/yolo_msgs': CMAKE_PREFIX_PATH=${CMAKE_PREFIX_PATH}:/home/dimash/debug_clear_ws/install/yolo_ros:/home/dimash/debug_clear_ws/install/person_movement:/home/dimash/debug_clear_ws/install/clearpath_config:/opt/ros/humble /usr/bin/cmake --install /home/dimash/debug_clear_ws/build/yolo_msgs
[1.709s] -- Install configuration: ""
[1.709s] -- Up-to-date: /home/dimash/debug_clear_ws/install/yolo_msgs/share/ament_index/resource_index/rosidl_interfaces/yolo_msgs
[1.709s] -- Up-to-date: /home/dimash/debug_clear_ws/install/yolo_msgs/include/yolo_msgs/yolo_msgs
[1.709s] -- Up-to-date: /home/dimash/debug_clear_ws/install/yolo_msgs/include/yolo_msgs/yolo_msgs/srv
[1.709s] -- Up-to-date: /home/dimash/debug_clear_ws/install/yolo_msgs/include/yolo_msgs/yolo_msgs/srv/detail
[1.709s] -- Up-to-date: /home/dimash/debug_clear_ws/install/yolo_msgs/include/yolo_msgs/yolo_msgs/srv/detail/set_classes__functions.c
[1.709s] -- Up-to-date: /home/dimash/debug_clear_ws/install/yolo_msgs/include/yolo_msgs/yolo_msgs/srv/detail/set_classes__struct.h
[1.710s] -- Up-to-date: /home/dimash/debug_clear_ws/install/yolo_msgs/include/yolo_msgs/yolo_msgs/srv/detail/set_classes__type_support.h
[1.710s] -- Up-to-date: /home/dimash/debug_clear_ws/install/yolo_msgs/include/yolo_msgs/yolo_msgs/srv/detail/set_classes__functions.h
[1.710s] -- Up-to-date: /home/dimash/debug_clear_ws/install/yolo_msgs/include/yolo_msgs/yolo_msgs/srv/set_classes.h
[1.716s] -- Up-to-date: /home/dimash/debug_clear_ws/install/yolo_msgs/include/yolo_msgs/yolo_msgs/msg
[1.720s] -- Up-to-date: /home/dimash/debug_clear_ws/install/yolo_msgs/include/yolo_msgs/yolo_msgs/msg/detail
[1.720s] -- Up-to-date: /home/dimash/debug_clear_ws/install/yolo_msgs/include/yolo_msgs/yolo_msgs/msg/detail/key_point3_d_array__type_support.h
[1.720s] -- Up-to-date: /home/dimash/debug_clear_ws/install/yolo_msgs/include/yolo_msgs/yolo_msgs/msg/detail/key_point2_d__functions.h
[1.721s] -- Up-to-date: /home/dimash/debug_clear_ws/install/yolo_msgs/include/yolo_msgs/yolo_msgs/msg/detail/detection__type_support.h
[1.721s] -- Up-to-date: /home/dimash/debug_clear_ws/install/yolo_msgs/include/yolo_msgs/yolo_msgs/msg/detail/pose2_d__functions.h
[1.721s] -- Up-to-date: /home/dimash/debug_clear_ws/install/yolo_msgs/include/yolo_msgs/yolo_msgs/msg/detail/vector2__type_support.h
[1.721s] -- Up-to-date: /home/dimash/debug_clear_ws/install/yolo_msgs/include/yolo_msgs/yolo_msgs/msg/detail/bounding_box2_d__functions.c
[1.721s] -- Up-to-date: /home/dimash/debug_clear_ws/install/yolo_msgs/include/yolo_msgs/yolo_msgs/msg/detail/key_point2_d_array__struct.h
[1.721s] -- Up-to-date: /home/dimash/debug_clear_ws/install/yolo_msgs/include/yolo_msgs/yolo_msgs/msg/detail/mask__functions.c
[1.722s] -- Up-to-date: /home/dimash/debug_clear_ws/install/yolo_msgs/include/yolo_msgs/yolo_msgs/msg/detail/key_point3_d_array__struct.h
[1.722s] -- Up-to-date: /home/dimash/debug_clear_ws/install/yolo_msgs/include/yolo_msgs/yolo_msgs/msg/detail/bounding_box3_d__functions.h
[1.722s] -- Up-to-date: /home/dimash/debug_clear_ws/install/yolo_msgs/include/yolo_msgs/yolo_msgs/msg/detail/vector2__functions.h
[1.722s] -- Up-to-date: /home/dimash/debug_clear_ws/install/yolo_msgs/include/yolo_msgs/yolo_msgs/msg/detail/detection_array__type_support.h
[1.722s] -- Up-to-date: /home/dimash/debug_clear_ws/install/yolo_msgs/include/yolo_msgs/yolo_msgs/msg/detail/pose2_d__struct.h
[1.722s] -- Up-to-date: /home/dimash/debug_clear_ws/install/yolo_msgs/include/yolo_msgs/yolo_msgs/msg/detail/key_point2_d__type_support.h
[1.722s] -- Up-to-date: /home/dimash/debug_clear_ws/install/yolo_msgs/include/yolo_msgs/yolo_msgs/msg/detail/pose2_d__functions.c
[1.723s] -- Up-to-date: /home/dimash/debug_clear_ws/install/yolo_msgs/include/yolo_msgs/yolo_msgs/msg/detail/key_point3_d__functions.c
[1.723s] -- Up-to-date: /home/dimash/debug_clear_ws/install/yolo_msgs/include/yolo_msgs/yolo_msgs/msg/detail/key_point2_d_array__type_support.h
[1.723s] -- Up-to-date: /home/dimash/debug_clear_ws/install/yolo_msgs/include/yolo_msgs/yolo_msgs/msg/detail/bounding_box3_d__functions.c
[1.723s] -- Up-to-date: /home/dimash/debug_clear_ws/install/yolo_msgs/include/yolo_msgs/yolo_msgs/msg/detail/key_point2_d_array__functions.c
[1.723s] -- Up-to-date: /home/dimash/debug_clear_ws/install/yolo_msgs/include/yolo_msgs/yolo_msgs/msg/detail/key_point2_d_array__functions.h
[1.723s] -- Up-to-date: /home/dimash/debug_clear_ws/install/yolo_msgs/include/yolo_msgs/yolo_msgs/msg/detail/vector2__struct.h
[1.723s] -- Up-to-date: /home/dimash/debug_clear_ws/install/yolo_msgs/include/yolo_msgs/yolo_msgs/msg/detail/mask__type_support.h
[1.723s] -- Up-to-date: /home/dimash/debug_clear_ws/install/yolo_msgs/include/yolo_msgs/yolo_msgs/msg/detail/point2_d__type_support.h
[1.724s] -- Up-to-date: /home/dimash/debug_clear_ws/install/yolo_msgs/include/yolo_msgs/yolo_msgs/msg/detail/bounding_box3_d__type_support.h
[1.724s] -- Up-to-date: /home/dimash/debug_clear_ws/install/yolo_msgs/include/yolo_msgs/yolo_msgs/msg/detail/key_point3_d__functions.h
[1.724s] -- Up-to-date: /home/dimash/debug_clear_ws/install/yolo_msgs/include/yolo_msgs/yolo_msgs/msg/detail/mask__struct.h
[1.725s] -- Up-to-date: /home/dimash/debug_clear_ws/install/yolo_msgs/include/yolo_msgs/yolo_msgs/msg/detail/mask__functions.h
[1.729s] -- Up-to-date: /home/dimash/debug_clear_ws/install/yolo_msgs/include/yolo_msgs/yolo_msgs/msg/detail/detection_array__functions.c
[1.729s] -- Up-to-date: /home/dimash/debug_clear_ws/install/yolo_msgs/include/yolo_msgs/yolo_msgs/msg/detail/detection__functions.h
[1.730s] -- Up-to-date: /home/dimash/debug_clear_ws/install/yolo_msgs/include/yolo_msgs/yolo_msgs/msg/detail/detection_array__struct.h
[1.730s] -- Up-to-date: /home/dimash/debug_clear_ws/install/yolo_msgs/include/yolo_msgs/yolo_msgs/msg/detail/key_point2_d__functions.c
[1.730s] -- Up-to-date: /home/dimash/debug_clear_ws/install/yolo_msgs/include/yolo_msgs/yolo_msgs/msg/detail/vector2__functions.c
[1.730s] -- Up-to-date: /home/dimash/debug_clear_ws/install/yolo_msgs/include/yolo_msgs/yolo_msgs/msg/detail/key_point2_d__struct.h
[1.730s] -- Up-to-date: /home/dimash/debug_clear_ws/install/yolo_msgs/include/yolo_msgs/yolo_msgs/msg/detail/detection_array__functions.h
[1.730s] -- Up-to-date: /home/dimash/debug_clear_ws/install/yolo_msgs/include/yolo_msgs/yolo_msgs/msg/detail/key_point3_d_array__functions.h
[1.730s] -- Up-to-date: /home/dimash/debug_clear_ws/install/yolo_msgs/include/yolo_msgs/yolo_msgs/msg/detail/key_point3_d__struct.h
[1.731s] -- Up-to-date: /home/dimash/debug_clear_ws/install/yolo_msgs/include/yolo_msgs/yolo_msgs/msg/detail/bounding_box3_d__struct.h
[1.731s] -- Up-to-date: /home/dimash/debug_clear_ws/install/yolo_msgs/include/yolo_msgs/yolo_msgs/msg/detail/bounding_box2_d__type_support.h
[1.731s] -- Up-to-date: /home/dimash/debug_clear_ws/install/yolo_msgs/include/yolo_msgs/yolo_msgs/msg/detail/point2_d__functions.c
[1.731s] -- Up-to-date: /home/dimash/debug_clear_ws/install/yolo_msgs/include/yolo_msgs/yolo_msgs/msg/detail/point2_d__struct.h
[1.731s] -- Up-to-date: /home/dimash/debug_clear_ws/install/yolo_msgs/include/yolo_msgs/yolo_msgs/msg/detail/key_point3_d__type_support.h
[1.731s] -- Up-to-date: /home/dimash/debug_clear_ws/install/yolo_msgs/include/yolo_msgs/yolo_msgs/msg/detail/bounding_box2_d__struct.h
[1.731s] -- Up-to-date: /home/dimash/debug_clear_ws/install/yolo_msgs/include/yolo_msgs/yolo_msgs/msg/detail/point2_d__functions.h
[1.731s] -- Up-to-date: /home/dimash/debug_clear_ws/install/yolo_msgs/include/yolo_msgs/yolo_msgs/msg/detail/key_point3_d_array__functions.c
[1.732s] -- Up-to-date: /home/dimash/debug_clear_ws/install/yolo_msgs/include/yolo_msgs/yolo_msgs/msg/detail/pose2_d__type_support.h
[1.732s] -- Up-to-date: /home/dimash/debug_clear_ws/install/yolo_msgs/include/yolo_msgs/yolo_msgs/msg/detail/bounding_box2_d__functions.h
[1.732s] -- Up-to-date: /home/dimash/debug_clear_ws/install/yolo_msgs/include/yolo_msgs/yolo_msgs/msg/detail/detection__functions.c
[1.732s] -- Up-to-date: /home/dimash/debug_clear_ws/install/yolo_msgs/include/yolo_msgs/yolo_msgs/msg/detail/detection__struct.h
[1.732s] -- Up-to-date: /home/dimash/debug_clear_ws/install/yolo_msgs/include/yolo_msgs/yolo_msgs/msg/vector2.h
[1.732s] -- Up-to-date: /home/dimash/debug_clear_ws/install/yolo_msgs/include/yolo_msgs/yolo_msgs/msg/key_point3_d_array.h
[1.732s] -- Up-to-date: /home/dimash/debug_clear_ws/install/yolo_msgs/include/yolo_msgs/yolo_msgs/msg/rosidl_generator_c__visibility_control.h
[1.733s] -- Up-to-date: /home/dimash/debug_clear_ws/install/yolo_msgs/include/yolo_msgs/yolo_msgs/msg/bounding_box3_d.h
[1.733s] -- Up-to-date: /home/dimash/debug_clear_ws/install/yolo_msgs/include/yolo_msgs/yolo_msgs/msg/detection_array.h
[1.733s] -- Up-to-date: /home/dimash/debug_clear_ws/install/yolo_msgs/include/yolo_msgs/yolo_msgs/msg/mask.h
[1.733s] -- Up-to-date: /home/dimash/debug_clear_ws/install/yolo_msgs/include/yolo_msgs/yolo_msgs/msg/pose2_d.h
[1.737s] -- Up-to-date: /home/dimash/debug_clear_ws/install/yolo_msgs/include/yolo_msgs/yolo_msgs/msg/point2_d.h
[1.738s] -- Up-to-date: /home/dimash/debug_clear_ws/install/yolo_msgs/include/yolo_msgs/yolo_msgs/msg/detection.h
[1.738s] -- Up-to-date: /home/dimash/debug_clear_ws/install/yolo_msgs/include/yolo_msgs/yolo_msgs/msg/bounding_box2_d.h
[1.738s] -- Up-to-date: /home/dimash/debug_clear_ws/install/yolo_msgs/include/yolo_msgs/yolo_msgs/msg/key_point2_d.h
[1.738s] -- Up-to-date: /home/dimash/debug_clear_ws/install/yolo_msgs/include/yolo_msgs/yolo_msgs/msg/key_point3_d.h
[1.738s] -- Up-to-date: /home/dimash/debug_clear_ws/install/yolo_msgs/include/yolo_msgs/yolo_msgs/msg/key_point2_d_array.h
[1.738s] -- Up-to-date: /home/dimash/debug_clear_ws/install/yolo_msgs/share/yolo_msgs/environment/library_path.sh
[1.738s] -- Up-to-date: /home/dimash/debug_clear_ws/install/yolo_msgs/share/yolo_msgs/environment/library_path.dsv
[1.738s] -- Up-to-date: /home/dimash/debug_clear_ws/install/yolo_msgs/lib/libyolo_msgs__rosidl_generator_c.so
[1.739s] -- Up-to-date: /home/dimash/debug_clear_ws/install/yolo_msgs/include/yolo_msgs/yolo_msgs
[1.739s] -- Up-to-date: /home/dimash/debug_clear_ws/install/yolo_msgs/include/yolo_msgs/yolo_msgs/srv
[1.739s] -- Up-to-date: /home/dimash/debug_clear_ws/install/yolo_msgs/include/yolo_msgs/yolo_msgs/srv/detail
[1.739s] -- Up-to-date: /home/dimash/debug_clear_ws/install/yolo_msgs/include/yolo_msgs/yolo_msgs/srv/detail/set_classes__rosidl_typesupport_fastrtps_c.h
[1.739s] -- Up-to-date: /home/dimash/debug_clear_ws/install/yolo_msgs/include/yolo_msgs/yolo_msgs/msg
[1.739s] -- Up-to-date: /home/dimash/debug_clear_ws/install/yolo_msgs/include/yolo_msgs/yolo_msgs/msg/detail
[1.739s] -- Up-to-date: /home/dimash/debug_clear_ws/install/yolo_msgs/include/yolo_msgs/yolo_msgs/msg/detail/bounding_box3_d__rosidl_typesupport_fastrtps_c.h
[1.740s] -- Up-to-date: /home/dimash/debug_clear_ws/install/yolo_msgs/include/yolo_msgs/yolo_msgs/msg/detail/mask__rosidl_typesupport_fastrtps_c.h
[1.740s] -- Up-to-date: /home/dimash/debug_clear_ws/install/yolo_msgs/include/yolo_msgs/yolo_msgs/msg/detail/key_point3_d__rosidl_typesupport_fastrtps_c.h
[1.740s] -- Up-to-date: /home/dimash/debug_clear_ws/install/yolo_msgs/include/yolo_msgs/yolo_msgs/msg/detail/key_point2_d_array__rosidl_typesupport_fastrtps_c.h
[1.740s] -- Up-to-date: /home/dimash/debug_clear_ws/install/yolo_msgs/include/yolo_msgs/yolo_msgs/msg/detail/key_point3_d_array__rosidl_typesupport_fastrtps_c.h
[1.740s] -- Up-to-date: /home/dimash/debug_clear_ws/install/yolo_msgs/include/yolo_msgs/yolo_msgs/msg/detail/vector2__rosidl_typesupport_fastrtps_c.h
[1.740s] -- Up-to-date: /home/dimash/debug_clear_ws/install/yolo_msgs/include/yolo_msgs/yolo_msgs/msg/detail/pose2_d__rosidl_typesupport_fastrtps_c.h
[1.740s] -- Up-to-date: /home/dimash/debug_clear_ws/install/yolo_msgs/include/yolo_msgs/yolo_msgs/msg/detail/key_point2_d__rosidl_typesupport_fastrtps_c.h
[1.741s] -- Up-to-date: /home/dimash/debug_clear_ws/install/yolo_msgs/include/yolo_msgs/yolo_msgs/msg/detail/detection_array__rosidl_typesupport_fastrtps_c.h
[1.741s] -- Up-to-date: /home/dimash/debug_clear_ws/install/yolo_msgs/include/yolo_msgs/yolo_msgs/msg/detail/bounding_box2_d__rosidl_typesupport_fastrtps_c.h
[1.741s] -- Up-to-date: /home/dimash/debug_clear_ws/install/yolo_msgs/include/yolo_msgs/yolo_msgs/msg/detail/point2_d__rosidl_typesupport_fastrtps_c.h
[1.741s] -- Up-to-date: /home/dimash/debug_clear_ws/install/yolo_msgs/include/yolo_msgs/yolo_msgs/msg/detail/detection__rosidl_typesupport_fastrtps_c.h
[1.745s] -- Up-to-date: /home/dimash/debug_clear_ws/install/yolo_msgs/include/yolo_msgs/yolo_msgs/msg/rosidl_typesupport_fastrtps_c__visibility_control.h
[1.745s] -- Up-to-date: /home/dimash/debug_clear_ws/install/yolo_msgs/lib/libyolo_msgs__rosidl_typesupport_fastrtps_c.so
[1.745s] -- Up-to-date: /home/dimash/debug_clear_ws/install/yolo_msgs/include/yolo_msgs/yolo_msgs
[1.746s] -- Up-to-date: /home/dimash/debug_clear_ws/install/yolo_msgs/include/yolo_msgs/yolo_msgs/srv
[1.746s] -- Up-to-date: /home/dimash/debug_clear_ws/install/yolo_msgs/include/yolo_msgs/yolo_msgs/srv/detail
[1.746s] -- Up-to-date: /home/dimash/debug_clear_ws/install/yolo_msgs/include/yolo_msgs/yolo_msgs/srv/detail/set_classes__type_support.c
[1.746s] -- Up-to-date: /home/dimash/debug_clear_ws/install/yolo_msgs/include/yolo_msgs/yolo_msgs/srv/detail/set_classes__rosidl_typesupport_introspection_c.h
[1.746s] -- Up-to-date: /home/dimash/debug_clear_ws/install/yolo_msgs/include/yolo_msgs/yolo_msgs/msg
[1.746s] -- Up-to-date: /home/dimash/debug_clear_ws/install/yolo_msgs/include/yolo_msgs/yolo_msgs/msg/detail
[1.746s] -- Up-to-date: /home/dimash/debug_clear_ws/install/yolo_msgs/include/yolo_msgs/yolo_msgs/msg/detail/key_point2_d__type_support.c
[1.747s] -- Up-to-date: /home/dimash/debug_clear_ws/install/yolo_msgs/include/yolo_msgs/yolo_msgs/msg/detail/vector2__rosidl_typesupport_introspection_c.h
[1.747s] -- Up-to-date: /home/dimash/debug_clear_ws/install/yolo_msgs/include/yolo_msgs/yolo_msgs/msg/detail/detection__type_support.c
[1.747s] -- Up-to-date: /home/dimash/debug_clear_ws/install/yolo_msgs/include/yolo_msgs/yolo_msgs/msg/detail/detection_array__type_support.c
[1.747s] -- Up-to-date: /home/dimash/debug_clear_ws/install/yolo_msgs/include/yolo_msgs/yolo_msgs/msg/detail/pose2_d__type_support.c
[1.747s] -- Up-to-date: /home/dimash/debug_clear_ws/install/yolo_msgs/include/yolo_msgs/yolo_msgs/msg/detail/key_point3_d__type_support.c
[1.747s] -- Up-to-date: /home/dimash/debug_clear_ws/install/yolo_msgs/include/yolo_msgs/yolo_msgs/msg/detail/detection_array__rosidl_typesupport_introspection_c.h
[1.747s] -- Up-to-date: /home/dimash/debug_clear_ws/install/yolo_msgs/include/yolo_msgs/yolo_msgs/msg/detail/mask__type_support.c
[1.748s] -- Up-to-date: /home/dimash/debug_clear_ws/install/yolo_msgs/include/yolo_msgs/yolo_msgs/msg/detail/key_point3_d__rosidl_typesupport_introspection_c.h
[1.748s] -- Up-to-date: /home/dimash/debug_clear_ws/install/yolo_msgs/include/yolo_msgs/yolo_msgs/msg/detail/bounding_box2_d__type_support.c
[1.748s] -- Up-to-date: /home/dimash/debug_clear_ws/install/yolo_msgs/include/yolo_msgs/yolo_msgs/msg/detail/vector2__type_support.c
[1.748s] -- Up-to-date: /home/dimash/debug_clear_ws/install/yolo_msgs/include/yolo_msgs/yolo_msgs/msg/detail/detection__rosidl_typesupport_introspection_c.h
[1.748s] -- Up-to-date: /home/dimash/debug_clear_ws/install/yolo_msgs/include/yolo_msgs/yolo_msgs/msg/detail/key_point2_d__rosidl_typesupport_introspection_c.h
[1.748s] -- Up-to-date: /home/dimash/debug_clear_ws/install/yolo_msgs/include/yolo_msgs/yolo_msgs/msg/detail/point2_d__type_support.c
[1.748s] -- Up-to-date: /home/dimash/debug_clear_ws/install/yolo_msgs/include/yolo_msgs/yolo_msgs/msg/detail/key_point2_d_array__type_support.c
[1.748s] -- Up-to-date: /home/dimash/debug_clear_ws/install/yolo_msgs/include/yolo_msgs/yolo_msgs/msg/detail/bounding_box3_d__rosidl_typesupport_introspection_c.h
[1.749s] -- Up-to-date: /home/dimash/debug_clear_ws/install/yolo_msgs/include/yolo_msgs/yolo_msgs/msg/detail/mask__rosidl_typesupport_introspection_c.h
[1.749s] -- Up-to-date: /home/dimash/debug_clear_ws/install/yolo_msgs/include/yolo_msgs/yolo_msgs/msg/detail/bounding_box2_d__rosidl_typesupport_introspection_c.h
[1.750s] -- Up-to-date: /home/dimash/debug_clear_ws/install/yolo_msgs/include/yolo_msgs/yolo_msgs/msg/detail/key_point3_d_array__type_support.c
[1.750s] -- Up-to-date: /home/dimash/debug_clear_ws/install/yolo_msgs/include/yolo_msgs/yolo_msgs/msg/detail/key_point3_d_array__rosidl_typesupport_introspection_c.h
[1.750s] -- Up-to-date: /home/dimash/debug_clear_ws/install/yolo_msgs/include/yolo_msgs/yolo_msgs/msg/detail/bounding_box3_d__type_support.c
[1.755s] -- Up-to-date: /home/dimash/debug_clear_ws/install/yolo_msgs/include/yolo_msgs/yolo_msgs/msg/detail/point2_d__rosidl_typesupport_introspection_c.h
[1.755s] -- Up-to-date: /home/dimash/debug_clear_ws/install/yolo_msgs/include/yolo_msgs/yolo_msgs/msg/detail/pose2_d__rosidl_typesupport_introspection_c.h
[1.755s] -- Up-to-date: /home/dimash/debug_clear_ws/install/yolo_msgs/include/yolo_msgs/yolo_msgs/msg/detail/key_point2_d_array__rosidl_typesupport_introspection_c.h
[1.755s] -- Up-to-date: /home/dimash/debug_clear_ws/install/yolo_msgs/include/yolo_msgs/yolo_msgs/msg/rosidl_typesupport_introspection_c__visibility_control.h
[1.755s] -- Up-to-date: /home/dimash/debug_clear_ws/install/yolo_msgs/lib/libyolo_msgs__rosidl_typesupport_introspection_c.so
[1.756s] -- Up-to-date: /home/dimash/debug_clear_ws/install/yolo_msgs/lib/libyolo_msgs__rosidl_typesupport_c.so
[1.756s] -- Up-to-date: /home/dimash/debug_clear_ws/install/yolo_msgs/include/yolo_msgs/yolo_msgs
[1.756s] -- Up-to-date: /home/dimash/debug_clear_ws/install/yolo_msgs/include/yolo_msgs/yolo_msgs/srv
[1.756s] -- Up-to-date: /home/dimash/debug_clear_ws/install/yolo_msgs/include/yolo_msgs/yolo_msgs/srv/detail
[1.756s] -- Up-to-date: /home/dimash/debug_clear_ws/install/yolo_msgs/include/yolo_msgs/yolo_msgs/srv/detail/set_classes__builder.hpp
[1.756s] -- Up-to-date: /home/dimash/debug_clear_ws/install/yolo_msgs/include/yolo_msgs/yolo_msgs/srv/detail/set_classes__traits.hpp
[1.756s] -- Up-to-date: /home/dimash/debug_clear_ws/install/yolo_msgs/include/yolo_msgs/yolo_msgs/srv/detail/set_classes__type_support.hpp
[1.757s] -- Up-to-date: /home/dimash/debug_clear_ws/install/yolo_msgs/include/yolo_msgs/yolo_msgs/srv/detail/set_classes__struct.hpp
[1.757s] -- Up-to-date: /home/dimash/debug_clear_ws/install/yolo_msgs/include/yolo_msgs/yolo_msgs/srv/set_classes.hpp
[1.757s] -- Up-to-date: /home/dimash/debug_clear_ws/install/yolo_msgs/include/yolo_msgs/yolo_msgs/msg
[1.757s] -- Up-to-date: /home/dimash/debug_clear_ws/install/yolo_msgs/include/yolo_msgs/yolo_msgs/msg/detail
[1.757s] -- Up-to-date: /home/dimash/debug_clear_ws/install/yolo_msgs/include/yolo_msgs/yolo_msgs/msg/detail/pose2_d__traits.hpp
[1.757s] -- Up-to-date: /home/dimash/debug_clear_ws/install/yolo_msgs/include/yolo_msgs/yolo_msgs/msg/detail/key_point3_d_array__builder.hpp
[1.757s] -- Up-to-date: /home/dimash/debug_clear_ws/install/yolo_msgs/include/yolo_msgs/yolo_msgs/msg/detail/key_point2_d_array__traits.hpp
[1.757s] -- Up-to-date: /home/dimash/debug_clear_ws/install/yolo_msgs/include/yolo_msgs/yolo_msgs/msg/detail/point2_d__builder.hpp
[1.758s] -- Up-to-date: /home/dimash/debug_clear_ws/install/yolo_msgs/include/yolo_msgs/yolo_msgs/msg/detail/detection__struct.hpp
[1.758s] -- Up-to-date: /home/dimash/debug_clear_ws/install/yolo_msgs/include/yolo_msgs/yolo_msgs/msg/detail/bounding_box2_d__struct.hpp
[1.758s] -- Up-to-date: /home/dimash/debug_clear_ws/install/yolo_msgs/include/yolo_msgs/yolo_msgs/msg/detail/mask__type_support.hpp
[1.762s] -- Up-to-date: /home/dimash/debug_clear_ws/install/yolo_msgs/include/yolo_msgs/yolo_msgs/msg/detail/key_point2_d__type_support.hpp
[1.762s] -- Up-to-date: /home/dimash/debug_clear_ws/install/yolo_msgs/include/yolo_msgs/yolo_msgs/msg/detail/detection_array__traits.hpp
[1.762s] -- Up-to-date: /home/dimash/debug_clear_ws/install/yolo_msgs/include/yolo_msgs/yolo_msgs/msg/detail/bounding_box2_d__type_support.hpp
[1.763s] -- Up-to-date: /home/dimash/debug_clear_ws/install/yolo_msgs/include/yolo_msgs/yolo_msgs/msg/detail/mask__traits.hpp
[1.763s] -- Up-to-date: /home/dimash/debug_clear_ws/install/yolo_msgs/include/yolo_msgs/yolo_msgs/msg/detail/detection_array__builder.hpp
[1.763s] -- Up-to-date: /home/dimash/debug_clear_ws/install/yolo_msgs/include/yolo_msgs/yolo_msgs/msg/detail/vector2__struct.hpp
[1.763s] -- Up-to-date: /home/dimash/debug_clear_ws/install/yolo_msgs/include/yolo_msgs/yolo_msgs/msg/detail/detection__type_support.hpp
[1.763s] -- Up-to-date: /home/dimash/debug_clear_ws/install/yolo_msgs/include/yolo_msgs/yolo_msgs/msg/detail/bounding_box3_d__type_support.hpp
[1.763s] -- Up-to-date: /home/dimash/debug_clear_ws/install/yolo_msgs/include/yolo_msgs/yolo_msgs/msg/detail/mask__builder.hpp
[1.763s] -- Up-to-date: /home/dimash/debug_clear_ws/install/yolo_msgs/include/yolo_msgs/yolo_msgs/msg/detail/key_point2_d__builder.hpp
[1.764s] -- Up-to-date: /home/dimash/debug_clear_ws/install/yolo_msgs/include/yolo_msgs/yolo_msgs/msg/detail/key_point3_d__type_support.hpp
[1.764s] -- Up-to-date: /home/dimash/debug_clear_ws/install/yolo_msgs/include/yolo_msgs/yolo_msgs/msg/detail/point2_d__struct.hpp
[1.764s] -- Up-to-date: /home/dimash/debug_clear_ws/install/yolo_msgs/include/yolo_msgs/yolo_msgs/msg/detail/detection_array__struct.hpp
[1.764s] -- Up-to-date: /home/dimash/debug_clear_ws/install/yolo_msgs/include/yolo_msgs/yolo_msgs/msg/detail/pose2_d__builder.hpp
[1.764s] -- Up-to-date: /home/dimash/debug_clear_ws/install/yolo_msgs/include/yolo_msgs/yolo_msgs/msg/detail/key_point2_d__struct.hpp
[1.764s] -- Up-to-date: /home/dimash/debug_clear_ws/install/yolo_msgs/include/yolo_msgs/yolo_msgs/msg/detail/key_point2_d__traits.hpp
[1.764s] -- Up-to-date: /home/dimash/debug_clear_ws/install/yolo_msgs/include/yolo_msgs/yolo_msgs/msg/detail/point2_d__traits.hpp
[1.765s] -- Up-to-date: /home/dimash/debug_clear_ws/install/yolo_msgs/include/yolo_msgs/yolo_msgs/msg/detail/key_point2_d_array__struct.hpp
[1.765s] -- Up-to-date: /home/dimash/debug_clear_ws/install/yolo_msgs/include/yolo_msgs/yolo_msgs/msg/detail/bounding_box2_d__builder.hpp
[1.765s] -- Up-to-date: /home/dimash/debug_clear_ws/install/yolo_msgs/include/yolo_msgs/yolo_msgs/msg/detail/mask__struct.hpp
[1.765s] -- Up-to-date: /home/dimash/debug_clear_ws/install/yolo_msgs/include/yolo_msgs/yolo_msgs/msg/detail/pose2_d__type_support.hpp
[1.765s] -- Up-to-date: /home/dimash/debug_clear_ws/install/yolo_msgs/include/yolo_msgs/yolo_msgs/msg/detail/detection__traits.hpp
[1.765s] -- Up-to-date: /home/dimash/debug_clear_ws/install/yolo_msgs/include/yolo_msgs/yolo_msgs/msg/detail/key_point3_d__traits.hpp
[1.765s] -- Up-to-date: /home/dimash/debug_clear_ws/install/yolo_msgs/include/yolo_msgs/yolo_msgs/msg/detail/key_point3_d__builder.hpp
[1.765s] -- Up-to-date: /home/dimash/debug_clear_ws/install/yolo_msgs/include/yolo_msgs/yolo_msgs/msg/detail/vector2__type_support.hpp
[1.766s] -- Up-to-date: /home/dimash/debug_clear_ws/install/yolo_msgs/include/yolo_msgs/yolo_msgs/msg/detail/key_point3_d_array__struct.hpp
[1.766s] -- Up-to-date: /home/dimash/debug_clear_ws/install/yolo_msgs/include/yolo_msgs/yolo_msgs/msg/detail/point2_d__type_support.hpp
[1.766s] -- Up-to-date: /home/dimash/debug_clear_ws/install/yolo_msgs/include/yolo_msgs/yolo_msgs/msg/detail/key_point3_d__struct.hpp
[1.770s] -- Up-to-date: /home/dimash/debug_clear_ws/install/yolo_msgs/include/yolo_msgs/yolo_msgs/msg/detail/vector2__builder.hpp
[1.770s] -- Up-to-date: /home/dimash/debug_clear_ws/install/yolo_msgs/include/yolo_msgs/yolo_msgs/msg/detail/key_point3_d_array__type_support.hpp
[1.770s] -- Up-to-date: /home/dimash/debug_clear_ws/install/yolo_msgs/include/yolo_msgs/yolo_msgs/msg/detail/key_point2_d_array__builder.hpp
[1.771s] -- Up-to-date: /home/dimash/debug_clear_ws/install/yolo_msgs/include/yolo_msgs/yolo_msgs/msg/detail/detection__builder.hpp
[1.771s] -- Up-to-date: /home/dimash/debug_clear_ws/install/yolo_msgs/include/yolo_msgs/yolo_msgs/msg/detail/vector2__traits.hpp
[1.771s] -- Up-to-date: /home/dimash/debug_clear_ws/install/yolo_msgs/include/yolo_msgs/yolo_msgs/msg/detail/key_point2_d_array__type_support.hpp
[1.771s] -- Up-to-date: /home/dimash/debug_clear_ws/install/yolo_msgs/include/yolo_msgs/yolo_msgs/msg/detail/bounding_box3_d__builder.hpp
[1.771s] -- Up-to-date: /home/dimash/debug_clear_ws/install/yolo_msgs/include/yolo_msgs/yolo_msgs/msg/detail/detection_array__type_support.hpp
[1.771s] -- Up-to-date: /home/dimash/debug_clear_ws/install/yolo_msgs/include/yolo_msgs/yolo_msgs/msg/detail/bounding_box3_d__struct.hpp
[1.771s] -- Up-to-date: /home/dimash/debug_clear_ws/install/yolo_msgs/include/yolo_msgs/yolo_msgs/msg/detail/bounding_box2_d__traits.hpp
[1.771s] -- Up-to-date: /home/dimash/debug_clear_ws/install/yolo_msgs/include/yolo_msgs/yolo_msgs/msg/detail/pose2_d__struct.hpp
[1.772s] -- Up-to-date: /home/dimash/debug_clear_ws/install/yolo_msgs/include/yolo_msgs/yolo_msgs/msg/detail/bounding_box3_d__traits.hpp
[1.772s] -- Up-to-date: /home/dimash/debug_clear_ws/install/yolo_msgs/include/yolo_msgs/yolo_msgs/msg/detail/key_point3_d_array__traits.hpp
[1.772s] -- Up-to-date: /home/dimash/debug_clear_ws/install/yolo_msgs/include/yolo_msgs/yolo_msgs/msg/key_point2_d_array.hpp
[1.772s] -- Up-to-date: /home/dimash/debug_clear_ws/install/yolo_msgs/include/yolo_msgs/yolo_msgs/msg/bounding_box2_d.hpp
[1.772s] -- Up-to-date: /home/dimash/debug_clear_ws/install/yolo_msgs/include/yolo_msgs/yolo_msgs/msg/detection.hpp
[1.772s] -- Up-to-date: /home/dimash/debug_clear_ws/install/yolo_msgs/include/yolo_msgs/yolo_msgs/msg/vector2.hpp
[1.772s] -- Up-to-date: /home/dimash/debug_clear_ws/install/yolo_msgs/include/yolo_msgs/yolo_msgs/msg/key_point3_d.hpp
[1.773s] -- Up-to-date: /home/dimash/debug_clear_ws/install/yolo_msgs/include/yolo_msgs/yolo_msgs/msg/point2_d.hpp
[1.773s] -- Up-to-date: /home/dimash/debug_clear_ws/install/yolo_msgs/include/yolo_msgs/yolo_msgs/msg/pose2_d.hpp
[1.773s] -- Up-to-date: /home/dimash/debug_clear_ws/install/yolo_msgs/include/yolo_msgs/yolo_msgs/msg/rosidl_generator_cpp__visibility_control.hpp
[1.773s] -- Up-to-date: /home/dimash/debug_clear_ws/install/yolo_msgs/include/yolo_msgs/yolo_msgs/msg/bounding_box3_d.hpp
[1.773s] -- Up-to-date: /home/dimash/debug_clear_ws/install/yolo_msgs/include/yolo_msgs/yolo_msgs/msg/detection_array.hpp
[1.773s] -- Up-to-date: /home/dimash/debug_clear_ws/install/yolo_msgs/include/yolo_msgs/yolo_msgs/msg/key_point2_d.hpp
[1.773s] -- Up-to-date: /home/dimash/debug_clear_ws/install/yolo_msgs/include/yolo_msgs/yolo_msgs/msg/key_point3_d_array.hpp
[1.774s] -- Up-to-date: /home/dimash/debug_clear_ws/install/yolo_msgs/include/yolo_msgs/yolo_msgs/msg/mask.hpp
[1.774s] -- Up-to-date: /home/dimash/debug_clear_ws/install/yolo_msgs/include/yolo_msgs/yolo_msgs
[1.774s] -- Up-to-date: /home/dimash/debug_clear_ws/install/yolo_msgs/include/yolo_msgs/yolo_msgs/srv
[1.774s] -- Up-to-date: /home/dimash/debug_clear_ws/install/yolo_msgs/include/yolo_msgs/yolo_msgs/srv/detail
[1.774s] -- Up-to-date: /home/dimash/debug_clear_ws/install/yolo_msgs/include/yolo_msgs/yolo_msgs/srv/detail/set_classes__rosidl_typesupport_fastrtps_cpp.hpp
[1.774s] -- Up-to-date: /home/dimash/debug_clear_ws/install/yolo_msgs/include/yolo_msgs/yolo_msgs/srv/detail/dds_fastrtps
[1.775s] -- Up-to-date: /home/dimash/debug_clear_ws/install/yolo_msgs/include/yolo_msgs/yolo_msgs/msg
[1.775s] -- Up-to-date: /home/dimash/debug_clear_ws/install/yolo_msgs/include/yolo_msgs/yolo_msgs/msg/rosidl_typesupport_fastrtps_cpp__visibility_control.h
[1.775s] -- Up-to-date: /home/dimash/debug_clear_ws/install/yolo_msgs/include/yolo_msgs/yolo_msgs/msg/detail
[1.775s] -- Up-to-date: /home/dimash/debug_clear_ws/install/yolo_msgs/include/yolo_msgs/yolo_msgs/msg/detail/point2_d__rosidl_typesupport_fastrtps_cpp.hpp
[1.775s] -- Up-to-date: /home/dimash/debug_clear_ws/install/yolo_msgs/include/yolo_msgs/yolo_msgs/msg/detail/detection_array__rosidl_typesupport_fastrtps_cpp.hpp
[1.775s] -- Up-to-date: /home/dimash/debug_clear_ws/install/yolo_msgs/include/yolo_msgs/yolo_msgs/msg/detail/key_point3_d__rosidl_typesupport_fastrtps_cpp.hpp
[1.775s] -- Up-to-date: /home/dimash/debug_clear_ws/install/yolo_msgs/include/yolo_msgs/yolo_msgs/msg/detail/pose2_d__rosidl_typesupport_fastrtps_cpp.hpp
[1.776s] -- Up-to-date: /home/dimash/debug_clear_ws/install/yolo_msgs/include/yolo_msgs/yolo_msgs/msg/detail/key_point3_d_array__rosidl_typesupport_fastrtps_cpp.hpp
[1.776s] -- Up-to-date: /home/dimash/debug_clear_ws/install/yolo_msgs/include/yolo_msgs/yolo_msgs/msg/detail/bounding_box3_d__rosidl_typesupport_fastrtps_cpp.hpp
[1.776s] -- Up-to-date: /home/dimash/debug_clear_ws/install/yolo_msgs/include/yolo_msgs/yolo_msgs/msg/detail/detection__rosidl_typesupport_fastrtps_cpp.hpp
[1.776s] -- Up-to-date: /home/dimash/debug_clear_ws/install/yolo_msgs/include/yolo_msgs/yolo_msgs/msg/detail/key_point2_d__rosidl_typesupport_fastrtps_cpp.hpp
[1.776s] -- Up-to-date: /home/dimash/debug_clear_ws/install/yolo_msgs/include/yolo_msgs/yolo_msgs/msg/detail/key_point2_d_array__rosidl_typesupport_fastrtps_cpp.hpp
[1.776s] -- Up-to-date: /home/dimash/debug_clear_ws/install/yolo_msgs/include/yolo_msgs/yolo_msgs/msg/detail/bounding_box2_d__rosidl_typesupport_fastrtps_cpp.hpp
[1.776s] -- Up-to-date: /home/dimash/debug_clear_ws/install/yolo_msgs/include/yolo_msgs/yolo_msgs/msg/detail/mask__rosidl_typesupport_fastrtps_cpp.hpp
[1.776s] -- Up-to-date: /home/dimash/debug_clear_ws/install/yolo_msgs/include/yolo_msgs/yolo_msgs/msg/detail/dds_fastrtps
[1.777s] -- Up-to-date: /home/dimash/debug_clear_ws/install/yolo_msgs/include/yolo_msgs/yolo_msgs/msg/detail/vector2__rosidl_typesupport_fastrtps_cpp.hpp
[1.777s] -- Up-to-date: /home/dimash/debug_clear_ws/install/yolo_msgs/lib/libyolo_msgs__rosidl_typesupport_fastrtps_cpp.so
[1.777s] -- Up-to-date: /home/dimash/debug_clear_ws/install/yolo_msgs/include/yolo_msgs/yolo_msgs
[1.777s] -- Up-to-date: /home/dimash/debug_clear_ws/install/yolo_msgs/include/yolo_msgs/yolo_msgs/srv
[1.777s] -- Up-to-date: /home/dimash/debug_clear_ws/install/yolo_msgs/include/yolo_msgs/yolo_msgs/srv/detail
[1.777s] -- Up-to-date: /home/dimash/debug_clear_ws/install/yolo_msgs/include/yolo_msgs/yolo_msgs/srv/detail/set_classes__rosidl_typesupport_introspection_cpp.hpp
[1.777s] -- Up-to-date: /home/dimash/debug_clear_ws/install/yolo_msgs/include/yolo_msgs/yolo_msgs/srv/detail/set_classes__type_support.cpp
[1.778s] -- Up-to-date: /home/dimash/debug_clear_ws/install/yolo_msgs/include/yolo_msgs/yolo_msgs/msg
[1.778s] -- Up-to-date: /home/dimash/debug_clear_ws/install/yolo_msgs/include/yolo_msgs/yolo_msgs/msg/detail
[1.778s] -- Up-to-date: /home/dimash/debug_clear_ws/install/yolo_msgs/include/yolo_msgs/yolo_msgs/msg/detail/mask__rosidl_typesupport_introspection_cpp.hpp
[1.782s] -- Up-to-date: /home/dimash/debug_clear_ws/install/yolo_msgs/include/yolo_msgs/yolo_msgs/msg/detail/point2_d__rosidl_typesupport_introspection_cpp.hpp
[1.789s] -- Up-to-date: /home/dimash/debug_clear_ws/install/yolo_msgs/include/yolo_msgs/yolo_msgs/msg/detail/detection_array__rosidl_typesupport_introspection_cpp.hpp
[1.789s] -- Up-to-date: /home/dimash/debug_clear_ws/install/yolo_msgs/include/yolo_msgs/yolo_msgs/msg/detail/key_point3_d_array__rosidl_typesupport_introspection_cpp.hpp
[1.790s] -- Up-to-date: /home/dimash/debug_clear_ws/install/yolo_msgs/include/yolo_msgs/yolo_msgs/msg/detail/bounding_box2_d__rosidl_typesupport_introspection_cpp.hpp
[1.790s] -- Up-to-date: /home/dimash/debug_clear_ws/install/yolo_msgs/include/yolo_msgs/yolo_msgs/msg/detail/vector2__type_support.cpp
[1.790s] -- Up-to-date: /home/dimash/debug_clear_ws/install/yolo_msgs/include/yolo_msgs/yolo_msgs/msg/detail/pose2_d__rosidl_typesupport_introspection_cpp.hpp
[1.790s] -- Up-to-date: /home/dimash/debug_clear_ws/install/yolo_msgs/include/yolo_msgs/yolo_msgs/msg/detail/bounding_box2_d__type_support.cpp
[1.790s] -- Up-to-date: /home/dimash/debug_clear_ws/install/yolo_msgs/include/yolo_msgs/yolo_msgs/msg/detail/key_point2_d__rosidl_typesupport_introspection_cpp.hpp
[1.790s] -- Up-to-date: /home/dimash/debug_clear_ws/install/yolo_msgs/include/yolo_msgs/yolo_msgs/msg/detail/mask__type_support.cpp
[1.790s] -- Up-to-date: /home/dimash/debug_clear_ws/install/yolo_msgs/include/yolo_msgs/yolo_msgs/msg/detail/bounding_box3_d__type_support.cpp
[1.791s] -- Up-to-date: /home/dimash/debug_clear_ws/install/yolo_msgs/include/yolo_msgs/yolo_msgs/msg/detail/detection__rosidl_typesupport_introspection_cpp.hpp
[1.791s] -- Up-to-date: /home/dimash/debug_clear_ws/install/yolo_msgs/include/yolo_msgs/yolo_msgs/msg/detail/key_point3_d__rosidl_typesupport_introspection_cpp.hpp
[1.791s] -- Up-to-date: /home/dimash/debug_clear_ws/install/yolo_msgs/include/yolo_msgs/yolo_msgs/msg/detail/detection_array__type_support.cpp
[1.791s] -- Up-to-date: /home/dimash/debug_clear_ws/install/yolo_msgs/include/yolo_msgs/yolo_msgs/msg/detail/bounding_box3_d__rosidl_typesupport_introspection_cpp.hpp
[1.791s] -- Up-to-date: /home/dimash/debug_clear_ws/install/yolo_msgs/include/yolo_msgs/yolo_msgs/msg/detail/key_point3_d__type_support.cpp
[1.791s] -- Up-to-date: /home/dimash/debug_clear_ws/install/yolo_msgs/include/yolo_msgs/yolo_msgs/msg/detail/key_point2_d__type_support.cpp
[1.791s] -- Up-to-date: /home/dimash/debug_clear_ws/install/yolo_msgs/include/yolo_msgs/yolo_msgs/msg/detail/key_point2_d_array__rosidl_typesupport_introspection_cpp.hpp
[1.791s] -- Up-to-date: /home/dimash/debug_clear_ws/install/yolo_msgs/include/yolo_msgs/yolo_msgs/msg/detail/key_point2_d_array__type_support.cpp
[1.792s] -- Up-to-date: /home/dimash/debug_clear_ws/install/yolo_msgs/include/yolo_msgs/yolo_msgs/msg/detail/point2_d__type_support.cpp
[1.792s] -- Up-to-date: /home/dimash/debug_clear_ws/install/yolo_msgs/include/yolo_msgs/yolo_msgs/msg/detail/key_point3_d_array__type_support.cpp
[1.792s] -- Up-to-date: /home/dimash/debug_clear_ws/install/yolo_msgs/include/yolo_msgs/yolo_msgs/msg/detail/vector2__rosidl_typesupport_introspection_cpp.hpp
[1.792s] -- Up-to-date: /home/dimash/debug_clear_ws/install/yolo_msgs/include/yolo_msgs/yolo_msgs/msg/detail/detection__type_support.cpp
[1.792s] -- Up-to-date: /home/dimash/debug_clear_ws/install/yolo_msgs/include/yolo_msgs/yolo_msgs/msg/detail/pose2_d__type_support.cpp
[1.792s] -- Up-to-date: /home/dimash/debug_clear_ws/install/yolo_msgs/lib/libyolo_msgs__rosidl_typesupport_introspection_cpp.so
[1.792s] -- Up-to-date: /home/dimash/debug_clear_ws/install/yolo_msgs/lib/libyolo_msgs__rosidl_typesupport_cpp.so
[1.793s] -- Up-to-date: /home/dimash/debug_clear_ws/install/yolo_msgs/share/yolo_msgs/environment/pythonpath.sh
[1.793s] -- Up-to-date: /home/dimash/debug_clear_ws/install/yolo_msgs/share/yolo_msgs/environment/pythonpath.dsv
[1.793s] -- Up-to-date: /home/dimash/debug_clear_ws/install/yolo_msgs/local/lib/python3.10/dist-packages/yolo_msgs-4.0.1-py3.10.egg-info
[1.793s] -- Installing: /home/dimash/debug_clear_ws/install/yolo_msgs/local/lib/python3.10/dist-packages/yolo_msgs-4.0.1-py3.10.egg-info/PKG-INFO
[1.793s] -- Installing: /home/dimash/debug_clear_ws/install/yolo_msgs/local/lib/python3.10/dist-packages/yolo_msgs-4.0.1-py3.10.egg-info/SOURCES.txt
[1.793s] -- Installing: /home/dimash/debug_clear_ws/install/yolo_msgs/local/lib/python3.10/dist-packages/yolo_msgs-4.0.1-py3.10.egg-info/dependency_links.txt
[1.793s] -- Installing: /home/dimash/debug_clear_ws/install/yolo_msgs/local/lib/python3.10/dist-packages/yolo_msgs-4.0.1-py3.10.egg-info/top_level.txt
[1.794s] -- Up-to-date: /home/dimash/debug_clear_ws/install/yolo_msgs/local/lib/python3.10/dist-packages/yolo_msgs
[1.794s] -- Up-to-date: /home/dimash/debug_clear_ws/install/yolo_msgs/local/lib/python3.10/dist-packages/yolo_msgs/_yolo_msgs_s.ep.rosidl_typesupport_introspection_c.c
[1.794s] -- Up-to-date: /home/dimash/debug_clear_ws/install/yolo_msgs/local/lib/python3.10/dist-packages/yolo_msgs/__init__.py
[1.794s] -- Up-to-date: /home/dimash/debug_clear_ws/install/yolo_msgs/local/lib/python3.10/dist-packages/yolo_msgs/srv
[1.794s] -- Up-to-date: /home/dimash/debug_clear_ws/install/yolo_msgs/local/lib/python3.10/dist-packages/yolo_msgs/srv/__init__.py
[1.794s] -- Up-to-date: /home/dimash/debug_clear_ws/install/yolo_msgs/local/lib/python3.10/dist-packages/yolo_msgs/srv/_set_classes_s.c
[1.794s] -- Up-to-date: /home/dimash/debug_clear_ws/install/yolo_msgs/local/lib/python3.10/dist-packages/yolo_msgs/srv/_set_classes.py
[1.795s] -- Up-to-date: /home/dimash/debug_clear_ws/install/yolo_msgs/local/lib/python3.10/dist-packages/yolo_msgs/libyolo_msgs__rosidl_generator_py.so
[1.795s] -- Up-to-date: /home/dimash/debug_clear_ws/install/yolo_msgs/local/lib/python3.10/dist-packages/yolo_msgs/_yolo_msgs_s.ep.rosidl_typesupport_c.c
[1.795s] -- Up-to-date: /home/dimash/debug_clear_ws/install/yolo_msgs/local/lib/python3.10/dist-packages/yolo_msgs/msg
[1.795s] -- Up-to-date: /home/dimash/debug_clear_ws/install/yolo_msgs/local/lib/python3.10/dist-packages/yolo_msgs/msg/_point2_d.py
[1.795s] -- Up-to-date: /home/dimash/debug_clear_ws/install/yolo_msgs/local/lib/python3.10/dist-packages/yolo_msgs/msg/_key_point3_d.py
[1.795s] -- Up-to-date: /home/dimash/debug_clear_ws/install/yolo_msgs/local/lib/python3.10/dist-packages/yolo_msgs/msg/__init__.py
[1.795s] -- Up-to-date: /home/dimash/debug_clear_ws/install/yolo_msgs/local/lib/python3.10/dist-packages/yolo_msgs/msg/_bounding_box2_d.py
[1.796s] -- Up-to-date: /home/dimash/debug_clear_ws/install/yolo_msgs/local/lib/python3.10/dist-packages/yolo_msgs/msg/_key_point2_d_array_s.c
[1.803s] -- Up-to-date: /home/dimash/debug_clear_ws/install/yolo_msgs/local/lib/python3.10/dist-packages/yolo_msgs/msg/_bounding_box2_d_s.c
[1.803s] -- Up-to-date: /home/dimash/debug_clear_ws/install/yolo_msgs/local/lib/python3.10/dist-packages/yolo_msgs/msg/_key_point2_d_s.c
[1.803s] -- Up-to-date: /home/dimash/debug_clear_ws/install/yolo_msgs/local/lib/python3.10/dist-packages/yolo_msgs/msg/_mask_s.c
[1.803s] -- Up-to-date: /home/dimash/debug_clear_ws/install/yolo_msgs/local/lib/python3.10/dist-packages/yolo_msgs/msg/_detection_s.c
[1.804s] -- Up-to-date: /home/dimash/debug_clear_ws/install/yolo_msgs/local/lib/python3.10/dist-packages/yolo_msgs/msg/_point2_d_s.c
[1.804s] -- Up-to-date: /home/dimash/debug_clear_ws/install/yolo_msgs/local/lib/python3.10/dist-packages/yolo_msgs/msg/_pose2_d_s.c
[1.804s] -- Up-to-date: /home/dimash/debug_clear_ws/install/yolo_msgs/local/lib/python3.10/dist-packages/yolo_msgs/msg/_key_point3_d_array.py
[1.804s] -- Up-to-date: /home/dimash/debug_clear_ws/install/yolo_msgs/local/lib/python3.10/dist-packages/yolo_msgs/msg/_mask.py
[1.804s] -- Up-to-date: /home/dimash/debug_clear_ws/install/yolo_msgs/local/lib/python3.10/dist-packages/yolo_msgs/msg/_key_point3_d_array_s.c
[1.805s] -- Up-to-date: /home/dimash/debug_clear_ws/install/yolo_msgs/local/lib/python3.10/dist-packages/yolo_msgs/msg/_key_point2_d.py
[1.805s] -- Up-to-date: /home/dimash/debug_clear_ws/install/yolo_msgs/local/lib/python3.10/dist-packages/yolo_msgs/msg/_vector2_s.c
[1.805s] -- Up-to-date: /home/dimash/debug_clear_ws/install/yolo_msgs/local/lib/python3.10/dist-packages/yolo_msgs/msg/_bounding_box3_d.py
[1.805s] -- Up-to-date: /home/dimash/debug_clear_ws/install/yolo_msgs/local/lib/python3.10/dist-packages/yolo_msgs/msg/_vector2.py
[1.806s] -- Up-to-date: /home/dimash/debug_clear_ws/install/yolo_msgs/local/lib/python3.10/dist-packages/yolo_msgs/msg/_bounding_box3_d_s.c
[1.806s] -- Up-to-date: /home/dimash/debug_clear_ws/install/yolo_msgs/local/lib/python3.10/dist-packages/yolo_msgs/msg/_detection_array.py
[1.806s] -- Up-to-date: /home/dimash/debug_clear_ws/install/yolo_msgs/local/lib/python3.10/dist-packages/yolo_msgs/msg/_key_point3_d_s.c
[1.807s] -- Up-to-date: /home/dimash/debug_clear_ws/install/yolo_msgs/local/lib/python3.10/dist-packages/yolo_msgs/msg/_key_point2_d_array.py
[1.808s] -- Up-to-date: /home/dimash/debug_clear_ws/install/yolo_msgs/local/lib/python3.10/dist-packages/yolo_msgs/msg/_detection_array_s.c
[1.808s] -- Up-to-date: /home/dimash/debug_clear_ws/install/yolo_msgs/local/lib/python3.10/dist-packages/yolo_msgs/msg/_detection.py
[1.808s] -- Up-to-date: /home/dimash/debug_clear_ws/install/yolo_msgs/local/lib/python3.10/dist-packages/yolo_msgs/msg/_pose2_d.py
[1.808s] -- Up-to-date: /home/dimash/debug_clear_ws/install/yolo_msgs/local/lib/python3.10/dist-packages/yolo_msgs/yolo_msgs_s__rosidl_typesupport_c.cpython-310-x86_64-linux-gnu.so
[1.808s] -- Up-to-date: /home/dimash/debug_clear_ws/install/yolo_msgs/local/lib/python3.10/dist-packages/yolo_msgs/yolo_msgs_s__rosidl_typesupport_introspection_c.cpython-310-x86_64-linux-gnu.so
[1.808s] -- Up-to-date: /home/dimash/debug_clear_ws/install/yolo_msgs/local/lib/python3.10/dist-packages/yolo_msgs/_yolo_msgs_s.ep.rosidl_typesupport_fastrtps_c.c
[1.809s] -- Up-to-date: /home/dimash/debug_clear_ws/install/yolo_msgs/local/lib/python3.10/dist-packages/yolo_msgs/yolo_msgs_s__rosidl_typesupport_fastrtps_c.cpython-310-x86_64-linux-gnu.so
[1.812s] Listing '/home/dimash/debug_clear_ws/install/yolo_msgs/local/lib/python3.10/dist-packages/yolo_msgs'...
[1.813s] Listing '/home/dimash/debug_clear_ws/install/yolo_msgs/local/lib/python3.10/dist-packages/yolo_msgs/msg'...
[1.813s] Listing '/home/dimash/debug_clear_ws/install/yolo_msgs/local/lib/python3.10/dist-packages/yolo_msgs/srv'...
[1.822s] -- Up-to-date: /home/dimash/debug_clear_ws/install/yolo_msgs/local/lib/python3.10/dist-packages/yolo_msgs/yolo_msgs_s__rosidl_typesupport_fastrtps_c.cpython-310-x86_64-linux-gnu.so
[1.822s] -- Up-to-date: /home/dimash/debug_clear_ws/install/yolo_msgs/local/lib/python3.10/dist-packages/yolo_msgs/yolo_msgs_s__rosidl_typesupport_introspection_c.cpython-310-x86_64-linux-gnu.so
[1.822s] -- Up-to-date: /home/dimash/debug_clear_ws/install/yolo_msgs/local/lib/python3.10/dist-packages/yolo_msgs/yolo_msgs_s__rosidl_typesupport_c.cpython-310-x86_64-linux-gnu.so
[1.822s] -- Up-to-date: /home/dimash/debug_clear_ws/install/yolo_msgs/lib/libyolo_msgs__rosidl_generator_py.so
[1.824s] -- Up-to-date: /home/dimash/debug_clear_ws/install/yolo_msgs/share/yolo_msgs/msg/Point2D.idl
[1.824s] -- Up-to-date: /home/dimash/debug_clear_ws/install/yolo_msgs/share/yolo_msgs/msg/Vector2.idl
[1.824s] -- Up-to-date: /home/dimash/debug_clear_ws/install/yolo_msgs/share/yolo_msgs/msg/Pose2D.idl
[1.826s] -- Up-to-date: /home/dimash/debug_clear_ws/install/yolo_msgs/share/yolo_msgs/msg/BoundingBox2D.idl
[1.827s] -- Up-to-date: /home/dimash/debug_clear_ws/install/yolo_msgs/share/yolo_msgs/msg/BoundingBox3D.idl
[1.828s] -- Up-to-date: /home/dimash/debug_clear_ws/install/yolo_msgs/share/yolo_msgs/msg/Mask.idl
[1.828s] -- Up-to-date: /home/dimash/debug_clear_ws/install/yolo_msgs/share/yolo_msgs/msg/KeyPoint2D.idl
[1.829s] -- Up-to-date: /home/dimash/debug_clear_ws/install/yolo_msgs/share/yolo_msgs/msg/KeyPoint2DArray.idl
[1.831s] -- Up-to-date: /home/dimash/debug_clear_ws/install/yolo_msgs/share/yolo_msgs/msg/KeyPoint3D.idl
[1.831s] -- Up-to-date: /home/dimash/debug_clear_ws/install/yolo_msgs/share/yolo_msgs/msg/KeyPoint3DArray.idl
[1.832s] -- Up-to-date: /home/dimash/debug_clear_ws/install/yolo_msgs/share/yolo_msgs/msg/Detection.idl
[1.832s] -- Up-to-date: /home/dimash/debug_clear_ws/install/yolo_msgs/share/yolo_msgs/msg/DetectionArray.idl
[1.832s] -- Up-to-date: /home/dimash/debug_clear_ws/install/yolo_msgs/share/yolo_msgs/srv/SetClasses.idl
[1.832s] -- Up-to-date: /home/dimash/debug_clear_ws/install/yolo_msgs/share/yolo_msgs/msg/Point2D.msg
[1.833s] -- Up-to-date: /home/dimash/debug_clear_ws/install/yolo_msgs/share/yolo_msgs/msg/Vector2.msg
[1.833s] -- Up-to-date: /home/dimash/debug_clear_ws/install/yolo_msgs/share/yolo_msgs/msg/Pose2D.msg
[1.833s] -- Up-to-date: /home/dimash/debug_clear_ws/install/yolo_msgs/share/yolo_msgs/msg/BoundingBox2D.msg
[1.834s] -- Up-to-date: /home/dimash/debug_clear_ws/install/yolo_msgs/share/yolo_msgs/msg/BoundingBox3D.msg
[1.834s] -- Up-to-date: /home/dimash/debug_clear_ws/install/yolo_msgs/share/yolo_msgs/msg/Mask.msg
[1.834s] -- Up-to-date: /home/dimash/debug_clear_ws/install/yolo_msgs/share/yolo_msgs/msg/KeyPoint2D.msg
[1.834s] -- Up-to-date: /home/dimash/debug_clear_ws/install/yolo_msgs/share/yolo_msgs/msg/KeyPoint2DArray.msg
[1.834s] -- Up-to-date: /home/dimash/debug_clear_ws/install/yolo_msgs/share/yolo_msgs/msg/KeyPoint3D.msg
[1.835s] -- Up-to-date: /home/dimash/debug_clear_ws/install/yolo_msgs/share/yolo_msgs/msg/KeyPoint3DArray.msg
[1.835s] -- Up-to-date: /home/dimash/debug_clear_ws/install/yolo_msgs/share/yolo_msgs/msg/Detection.msg
[1.835s] -- Up-to-date: /home/dimash/debug_clear_ws/install/yolo_msgs/share/yolo_msgs/msg/DetectionArray.msg
[1.835s] -- Up-to-date: /home/dimash/debug_clear_ws/install/yolo_msgs/share/yolo_msgs/srv/SetClasses.srv
[1.835s] -- Up-to-date: /home/dimash/debug_clear_ws/install/yolo_msgs/share/yolo_msgs/srv/SetClasses_Request.msg
[1.835s] -- Up-to-date: /home/dimash/debug_clear_ws/install/yolo_msgs/share/yolo_msgs/srv/SetClasses_Response.msg
[1.835s] -- Up-to-date: /home/dimash/debug_clear_ws/install/yolo_msgs/share/ament_index/resource_index/package_run_dependencies/yolo_msgs
[1.835s] -- Up-to-date: /home/dimash/debug_clear_ws/install/yolo_msgs/share/ament_index/resource_index/parent_prefix_path/yolo_msgs
[1.836s] -- Up-to-date: /home/dimash/debug_clear_ws/install/yolo_msgs/share/yolo_msgs/environment/ament_prefix_path.sh
[1.836s] -- Up-to-date: /home/dimash/debug_clear_ws/install/yolo_msgs/share/yolo_msgs/environment/ament_prefix_path.dsv
[1.836s] -- Up-to-date: /home/dimash/debug_clear_ws/install/yolo_msgs/share/yolo_msgs/environment/path.sh
[1.836s] -- Up-to-date: /home/dimash/debug_clear_ws/install/yolo_msgs/share/yolo_msgs/environment/path.dsv
[1.836s] -- Up-to-date: /home/dimash/debug_clear_ws/install/yolo_msgs/share/yolo_msgs/local_setup.bash
[1.836s] -- Up-to-date: /home/dimash/debug_clear_ws/install/yolo_msgs/share/yolo_msgs/local_setup.sh
[1.836s] -- Up-to-date: /home/dimash/debug_clear_ws/install/yolo_msgs/share/yolo_msgs/local_setup.zsh
[1.837s] -- Up-to-date: /home/dimash/debug_clear_ws/install/yolo_msgs/share/yolo_msgs/local_setup.dsv
[1.837s] -- Installing: /home/dimash/debug_clear_ws/install/yolo_msgs/share/yolo_msgs/package.dsv
[1.837s] -- Up-to-date: /home/dimash/debug_clear_ws/install/yolo_msgs/share/ament_index/resource_index/packages/yolo_msgs
[1.837s] -- Up-to-date: /home/dimash/debug_clear_ws/install/yolo_msgs/share/yolo_msgs/cmake/export_yolo_msgs__rosidl_generator_cExport.cmake
[1.837s] -- Up-to-date: /home/dimash/debug_clear_ws/install/yolo_msgs/share/yolo_msgs/cmake/export_yolo_msgs__rosidl_generator_cExport-noconfig.cmake
[1.845s] -- Up-to-date: /home/dimash/debug_clear_ws/install/yolo_msgs/share/yolo_msgs/cmake/export_yolo_msgs__rosidl_typesupport_fastrtps_cExport.cmake
[1.845s] -- Up-to-date: /home/dimash/debug_clear_ws/install/yolo_msgs/share/yolo_msgs/cmake/export_yolo_msgs__rosidl_typesupport_fastrtps_cExport-noconfig.cmake
[1.845s] -- Up-to-date: /home/dimash/debug_clear_ws/install/yolo_msgs/share/yolo_msgs/cmake/yolo_msgs__rosidl_typesupport_introspection_cExport.cmake
[1.845s] -- Up-to-date: /home/dimash/debug_clear_ws/install/yolo_msgs/share/yolo_msgs/cmake/yolo_msgs__rosidl_typesupport_introspection_cExport-noconfig.cmake
[1.845s] -- Up-to-date: /home/dimash/debug_clear_ws/install/yolo_msgs/share/yolo_msgs/cmake/yolo_msgs__rosidl_typesupport_cExport.cmake
[1.845s] -- Up-to-date: /home/dimash/debug_clear_ws/install/yolo_msgs/share/yolo_msgs/cmake/yolo_msgs__rosidl_typesupport_cExport-noconfig.cmake
[1.846s] -- Up-to-date: /home/dimash/debug_clear_ws/install/yolo_msgs/share/yolo_msgs/cmake/export_yolo_msgs__rosidl_generator_cppExport.cmake
[1.846s] -- Up-to-date: /home/dimash/debug_clear_ws/install/yolo_msgs/share/yolo_msgs/cmake/export_yolo_msgs__rosidl_typesupport_fastrtps_cppExport.cmake
[1.846s] -- Up-to-date: /home/dimash/debug_clear_ws/install/yolo_msgs/share/yolo_msgs/cmake/export_yolo_msgs__rosidl_typesupport_fastrtps_cppExport-noconfig.cmake
[1.846s] -- Up-to-date: /home/dimash/debug_clear_ws/install/yolo_msgs/share/yolo_msgs/cmake/yolo_msgs__rosidl_typesupport_introspection_cppExport.cmake
[1.846s] -- Up-to-date: /home/dimash/debug_clear_ws/install/yolo_msgs/share/yolo_msgs/cmake/yolo_msgs__rosidl_typesupport_introspection_cppExport-noconfig.cmake
[1.846s] -- Up-to-date: /home/dimash/debug_clear_ws/install/yolo_msgs/share/yolo_msgs/cmake/yolo_msgs__rosidl_typesupport_cppExport.cmake
[1.846s] -- Up-to-date: /home/dimash/debug_clear_ws/install/yolo_msgs/share/yolo_msgs/cmake/yolo_msgs__rosidl_typesupport_cppExport-noconfig.cmake
[1.847s] -- Up-to-date: /home/dimash/debug_clear_ws/install/yolo_msgs/share/yolo_msgs/cmake/export_yolo_msgs__rosidl_generator_pyExport.cmake
[1.847s] -- Up-to-date: /home/dimash/debug_clear_ws/install/yolo_msgs/share/yolo_msgs/cmake/export_yolo_msgs__rosidl_generator_pyExport-noconfig.cmake
[1.847s] -- Up-to-date: /home/dimash/debug_clear_ws/install/yolo_msgs/share/yolo_msgs/cmake/rosidl_cmake-extras.cmake
[1.847s] -- Up-to-date: /home/dimash/debug_clear_ws/install/yolo_msgs/share/yolo_msgs/cmake/ament_cmake_export_dependencies-extras.cmake
[1.847s] -- Up-to-date: /home/dimash/debug_clear_ws/install/yolo_msgs/share/yolo_msgs/cmake/ament_cmake_export_include_directories-extras.cmake
[1.847s] -- Up-to-date: /home/dimash/debug_clear_ws/install/yolo_msgs/share/yolo_msgs/cmake/ament_cmake_export_libraries-extras.cmake
[1.847s] -- Up-to-date: /home/dimash/debug_clear_ws/install/yolo_msgs/share/yolo_msgs/cmake/ament_cmake_export_targets-extras.cmake
[1.848s] -- Up-to-date: /home/dimash/debug_clear_ws/install/yolo_msgs/share/yolo_msgs/cmake/rosidl_cmake_export_typesupport_targets-extras.cmake
[1.848s] -- Up-to-date: /home/dimash/debug_clear_ws/install/yolo_msgs/share/yolo_msgs/cmake/rosidl_cmake_export_typesupport_libraries-extras.cmake
[1.848s] -- Up-to-date: /home/dimash/debug_clear_ws/install/yolo_msgs/share/yolo_msgs/cmake/yolo_msgsConfig.cmake
[1.848s] -- Up-to-date: /home/dimash/debug_clear_ws/install/yolo_msgs/share/yolo_msgs/cmake/yolo_msgsConfig-version.cmake
[1.848s] -- Up-to-date: /home/dimash/debug_clear_ws/install/yolo_msgs/share/yolo_msgs/package.xml
[1.902s] Invoked command in '/home/dimash/debug_clear_ws/build/yolo_msgs' returned '0': CMAKE_PREFIX_PATH=${CMAKE_PREFIX_PATH}:/home/dimash/debug_clear_ws/install/yolo_ros:/home/dimash/debug_clear_ws/install/person_movement:/home/dimash/debug_clear_ws/install/clearpath_config:/opt/ros/humble /usr/bin/cmake --install /home/dimash/debug_clear_ws/build/yolo_msgs
