[0.082s] Invoking command in '/home/dimash/debug_clear_ws/build/point_cloud_debug': CMAKE_PREFIX_PATH=${CMAKE_PREFIX_PATH}:/home/dimash/debug_clear_ws/install/yolo_ros:/home/dimash/debug_clear_ws/install/clearpath_config:/opt/ros/humble /usr/bin/cmake /home/dimash/debug_clear_ws/src/point_cloud_debug -DCMAKE_INSTALL_PREFIX=/home/dimash/debug_clear_ws/install/point_cloud_debug
[0.185s] -- The C compiler identification is GNU 11.4.0
[0.269s] -- The CXX compiler identification is GNU 11.4.0
[0.274s] -- Detecting C compiler ABI info
[0.378s] -- Detecting C compiler ABI info - done
[0.403s] -- Check for working C compiler: /usr/bin/cc - skipped
[0.404s] -- Detecting C compile features
[0.405s] -- Detecting C compile features - done
[0.410s] -- Detecting CXX compiler ABI info
[0.536s] -- Detecting CXX compiler ABI info - done
[0.567s] -- Check for working CXX compiler: /usr/bin/c++ - skipped
[0.568s] -- Detecting CXX compile features
[0.576s] -- Detecting CXX compile features - done
[0.580s] -- Found ament_cmake: 1.3.11 (/opt/ros/humble/share/ament_cmake/cmake)
[0.918s] -- Found Python3: /usr/bin/python3 (found version "3.10.12") found components: Interpreter 
[1.070s] -- Found rclcpp: 16.0.11 (/opt/ros/humble/share/rclcpp/cmake)
[1.153s] -- Found rosidl_generator_c: 3.1.6 (/opt/ros/humble/share/rosidl_generator_c/cmake)
[1.164s] -- Found rosidl_adapter: 3.1.6 (/opt/ros/humble/share/rosidl_adapter/cmake)
[1.180s] -- Found rosidl_generator_cpp: 3.1.6 (/opt/ros/humble/share/rosidl_generator_cpp/cmake)
[1.201s] -- Using all available rosidl_typesupport_c: rosidl_typesupport_fastrtps_c;rosidl_typesupport_introspection_c
[1.223s] -- Using all available rosidl_typesupport_cpp: rosidl_typesupport_fastrtps_cpp;rosidl_typesupport_introspection_cpp
[1.291s] -- Found rmw_implementation_cmake: 6.1.2 (/opt/ros/humble/share/rmw_implementation_cmake/cmake)
[1.296s] -- Found rmw_fastrtps_cpp: 6.2.7 (/opt/ros/humble/share/rmw_fastrtps_cpp/cmake)
[1.422s] -- Found OpenSSL: /usr/lib/x86_64-linux-gnu/libcrypto.so (found version "3.0.2")  
[1.461s] -- Found FastRTPS: /opt/ros/humble/include  
[1.513s] -- Using RMW implementation 'rmw_fastrtps_cpp' as default
[1.528s] -- Looking for pthread.h
[1.629s] -- Looking for pthread.h - found
[1.630s] -- Performing Test CMAKE_HAVE_LIBC_PTHREAD
[1.737s] -- Performing Test CMAKE_HAVE_LIBC_PTHREAD - Success
[1.738s] -- Found Threads: TRUE  
[1.850s] -- Found sensor_msgs: 4.2.4 (/opt/ros/humble/share/sensor_msgs/cmake)
[1.914s] -- Found ament_lint_auto: 0.12.11 (/opt/ros/humble/share/ament_lint_auto/cmake)
[2.064s] -- Added test 'copyright' to check source files copyright and LICENSE
[2.064s] -- Added test 'cppcheck' to perform static code analysis on C / C++ code
[2.064s] -- Configured cppcheck include dirs: 
[2.064s] -- Configured cppcheck exclude dirs and/or files: 
[2.065s] -- Added test 'cpplint' to check C / C++ code against the Google style
[2.065s] -- Configured cpplint exclude dirs and/or files: 
[2.067s] -- Added test 'lint_cmake' to check CMake code style
[2.069s] -- Added test 'uncrustify' to check C / C++ code style
[2.069s] -- Configured uncrustify additional arguments: 
[2.070s] -- Added test 'xmllint' to check XML markup files
[2.075s] -- Configuring done
[2.088s] -- Generating done
[2.094s] -- Build files have been written to: /home/dimash/debug_clear_ws/build/point_cloud_debug
[2.108s] Invoked command in '/home/dimash/debug_clear_ws/build/point_cloud_debug' returned '0': CMAKE_PREFIX_PATH=${CMAKE_PREFIX_PATH}:/home/dimash/debug_clear_ws/install/yolo_ros:/home/dimash/debug_clear_ws/install/clearpath_config:/opt/ros/humble /usr/bin/cmake /home/dimash/debug_clear_ws/src/point_cloud_debug -DCMAKE_INSTALL_PREFIX=/home/dimash/debug_clear_ws/install/point_cloud_debug
[2.110s] Invoking command in '/home/dimash/debug_clear_ws/build/point_cloud_debug': CMAKE_PREFIX_PATH=${CMAKE_PREFIX_PATH}:/home/dimash/debug_clear_ws/install/yolo_ros:/home/dimash/debug_clear_ws/install/clearpath_config:/opt/ros/humble /usr/bin/cmake --build /home/dimash/debug_clear_ws/build/point_cloud_debug -- -j8 -l8
[2.177s] [ 50%] [32mBuilding CXX object CMakeFiles/point_cloud_debug_node.dir/src/point_cloud_debug_node.cpp.o[0m
[24.255s] [100%] [32m[1mLinking CXX executable point_cloud_debug_node[0m
[24.802s] [100%] Built target point_cloud_debug_node
[24.845s] Invoked command in '/home/dimash/debug_clear_ws/build/point_cloud_debug' returned '0': CMAKE_PREFIX_PATH=${CMAKE_PREFIX_PATH}:/home/dimash/debug_clear_ws/install/yolo_ros:/home/dimash/debug_clear_ws/install/clearpath_config:/opt/ros/humble /usr/bin/cmake --build /home/dimash/debug_clear_ws/build/point_cloud_debug -- -j8 -l8
[24.845s] Invoking command in '/home/dimash/debug_clear_ws/build/point_cloud_debug': CMAKE_PREFIX_PATH=${CMAKE_PREFIX_PATH}:/home/dimash/debug_clear_ws/install/yolo_ros:/home/dimash/debug_clear_ws/install/clearpath_config:/opt/ros/humble /usr/bin/cmake --install /home/dimash/debug_clear_ws/build/point_cloud_debug
[24.855s] -- Install configuration: ""
[24.856s] -- Installing: /home/dimash/debug_clear_ws/install/point_cloud_debug/lib/point_cloud_debug/point_cloud_debug_node
[24.859s] -- Set runtime path of "/home/dimash/debug_clear_ws/install/point_cloud_debug/lib/point_cloud_debug/point_cloud_debug_node" to ""
[24.859s] -- Installing: /home/dimash/debug_clear_ws/install/point_cloud_debug/share/ament_index/resource_index/package_run_dependencies/point_cloud_debug
[24.859s] -- Installing: /home/dimash/debug_clear_ws/install/point_cloud_debug/share/ament_index/resource_index/parent_prefix_path/point_cloud_debug
[24.859s] -- Installing: /home/dimash/debug_clear_ws/install/point_cloud_debug/share/point_cloud_debug/environment/ament_prefix_path.sh
[24.860s] -- Installing: /home/dimash/debug_clear_ws/install/point_cloud_debug/share/point_cloud_debug/environment/ament_prefix_path.dsv
[24.860s] -- Installing: /home/dimash/debug_clear_ws/install/point_cloud_debug/share/point_cloud_debug/environment/path.sh
[24.860s] -- Installing: /home/dimash/debug_clear_ws/install/point_cloud_debug/share/point_cloud_debug/environment/path.dsv
[24.860s] -- Installing: /home/dimash/debug_clear_ws/install/point_cloud_debug/share/point_cloud_debug/local_setup.bash
[24.860s] -- Installing: /home/dimash/debug_clear_ws/install/point_cloud_debug/share/point_cloud_debug/local_setup.sh
[24.860s] -- Installing: /home/dimash/debug_clear_ws/install/point_cloud_debug/share/point_cloud_debug/local_setup.zsh
[24.861s] -- Installing: /home/dimash/debug_clear_ws/install/point_cloud_debug/share/point_cloud_debug/local_setup.dsv
[24.861s] -- Installing: /home/dimash/debug_clear_ws/install/point_cloud_debug/share/point_cloud_debug/package.dsv
[24.861s] -- Installing: /home/dimash/debug_clear_ws/install/point_cloud_debug/share/ament_index/resource_index/packages/point_cloud_debug
[24.861s] -- Installing: /home/dimash/debug_clear_ws/install/point_cloud_debug/share/point_cloud_debug/cmake/point_cloud_debugConfig.cmake
[24.867s] -- Installing: /home/dimash/debug_clear_ws/install/point_cloud_debug/share/point_cloud_debug/cmake/point_cloud_debugConfig-version.cmake
[24.867s] -- Installing: /home/dimash/debug_clear_ws/install/point_cloud_debug/share/point_cloud_debug/package.xml
[24.867s] Invoked command in '/home/dimash/debug_clear_ws/build/point_cloud_debug' returned '0': CMAKE_PREFIX_PATH=${CMAKE_PREFIX_PATH}:/home/dimash/debug_clear_ws/install/yolo_ros:/home/dimash/debug_clear_ws/install/clearpath_config:/opt/ros/humble /usr/bin/cmake --install /home/dimash/debug_clear_ws/build/point_cloud_debug
