[ 10%] [32mBuilding CXX object CMakeFiles/mpc_low_plugin.dir/src/mpc_controller.cpp.o[0m
[01m[K/home/dimash/debug_clear_ws/src/mpc_low/src/mpc_controller.cpp:[m[K In member function ‘[01m[Kvirtual geometry_msgs::msg::TwistStamped mpc_low::MPCController::computeVelocityCommands(const PoseStamped&, const Twist&, nav2_core::GoalChecker*)[m[K’:
[01m[K/home/dimash/debug_clear_ws/src/mpc_low/src/mpc_controller.cpp:424:24:[m[K [01;31m[Kerror: [m[Kno match for ‘[01m[Koperator<<[m[K’ (operand types are ‘[01m[Kstd::ofstream[m[K’ {aka ‘[01m[Kstd::basic_ofstream<char>[m[K’} and ‘[01m[Krclcpp::Time[m[K’)
  424 |         [32m[Kgoal_data_csv_[m[K [01;31m[K<<[m[K [34m[Kclock_->now()[m[K<<","<< current_position[0] << ","
      |         [32m[K~~~~~~~~~~~~~~[m[K [01;31m[K^~[m[K [34m[K~~~~~~~~~~~~~[m[K
      |         [32m[K|[m[K                            [34m[K|[m[K
      |         [32m[K|[m[K                            [34m[Krclcpp::Time[m[K
      |         [32m[Kstd::ofstream {aka std::basic_ofstream<char>}[m[K
In file included from [01m[K/usr/include/c++/11/istream:39[m[K,
                 from [01m[K/usr/include/c++/11/sstream:38[m[K,
                 from [01m[K/opt/ros/humble/include/rcl_interfaces/rcl_interfaces/msg/detail/list_parameters_result__traits.hpp:10[m[K,
                 from [01m[K/opt/ros/humble/include/rcl_interfaces/rcl_interfaces/msg/list_parameters_result.hpp:9[m[K,
                 from [01m[K/opt/ros/humble/include/rclcpp_lifecycle/rclcpp_lifecycle/lifecycle_node.hpp:50[m[K,
                 from [01m[K/opt/ros/humble/include/nav2_costmap_2d/nav2_costmap_2d/costmap_2d_publisher.hpp:46[m[K,
                 from [01m[K/opt/ros/humble/include/nav2_costmap_2d/nav2_costmap_2d/costmap_2d_ros.hpp:48[m[K,
                 from [01m[K/opt/ros/humble/include/nav2_core/controller.hpp:42[m[K,
                 from [01m[K/home/dimash/debug_clear_ws/src/mpc_low/include/mpc_controller.hpp:7[m[K,
                 from [01m[K/home/dimash/debug_clear_ws/src/mpc_low/src/mpc_controller.cpp:2[m[K:
[01m[K/usr/include/c++/11/ostream:108:7:[m[K [01;36m[Knote: [m[Kcandidate: ‘[01m[Kstd::basic_ostream<_CharT, _Traits>::__ostream_type& std::basic_ostream<_CharT, _Traits>::operator<<(std::basic_ostream<_CharT, _Traits>::__ostream_type& (*)(std::basic_ostream<_CharT, _Traits>::__ostream_type&)) [with _CharT = char; _Traits = std::char_traits<char>; std::basic_ostream<_CharT, _Traits>::__ostream_type = std::basic_ostream<char>][m[K’
  108 |       [01;36m[Koperator[m[K<<(__ostream_type& (*__pf)(__ostream_type&))
      |       [01;36m[K^~~~~~~~[m[K
[01m[K/usr/include/c++/11/ostream:108:36:[m[K [01;36m[Knote: [m[K  no known conversion for argument 1 from ‘[01m[Krclcpp::Time[m[K’ to ‘[01m[Kstd::basic_ostream<char>::__ostream_type& (*)(std::basic_ostream<char>::__ostream_type&)[m[K’ {aka ‘[01m[Kstd::basic_ostream<char>& (*)(std::basic_ostream<char>&)[m[K’}
  108 |       operator<<([01;36m[K__ostream_type& (*__pf)(__ostream_type&)[m[K)
      |                  [01;36m[K~~~~~~~~~~~~~~~~~~^~~~~~~~~~~~~~~~~~~~~~[m[K
[01m[K/usr/include/c++/11/ostream:117:7:[m[K [01;36m[Knote: [m[Kcandidate: ‘[01m[Kstd::basic_ostream<_CharT, _Traits>::__ostream_type& std::basic_ostream<_CharT, _Traits>::operator<<(std::basic_ostream<_CharT, _Traits>::__ios_type& (*)(std::basic_ostream<_CharT, _Traits>::__ios_type&)) [with _CharT = char; _Traits = std::char_traits<char>; std::basic_ostream<_CharT, _Traits>::__ostream_type = std::basic_ostream<char>; std::basic_ostream<_CharT, _Traits>::__ios_type = std::basic_ios<char>][m[K’
  117 |       [01;36m[Koperator[m[K<<(__ios_type& (*__pf)(__ios_type&))
      |       [01;36m[K^~~~~~~~[m[K
[01m[K/usr/include/c++/11/ostream:117:32:[m[K [01;36m[Knote: [m[K  no known conversion for argument 1 from ‘[01m[Krclcpp::Time[m[K’ to ‘[01m[Kstd::basic_ostream<char>::__ios_type& (*)(std::basic_ostream<char>::__ios_type&)[m[K’ {aka ‘[01m[Kstd::basic_ios<char>& (*)(std::basic_ios<char>&)[m[K’}
  117 |       operator<<([01;36m[K__ios_type& (*__pf)(__ios_type&)[m[K)
      |                  [01;36m[K~~~~~~~~~~~~~~^~~~~~~~~~~~~~~~~~[m[K
[01m[K/usr/include/c++/11/ostream:127:7:[m[K [01;36m[Knote: [m[Kcandidate: ‘[01m[Kstd::basic_ostream<_CharT, _Traits>::__ostream_type& std::basic_ostream<_CharT, _Traits>::operator<<(std::ios_base& (*)(std::ios_base&)) [with _CharT = char; _Traits = std::char_traits<char>; std::basic_ostream<_CharT, _Traits>::__ostream_type = std::basic_ostream<char>][m[K’
  127 |       [01;36m[Koperator[m[K<<(ios_base& (*__pf) (ios_base&))
      |       [01;36m[K^~~~~~~~[m[K
[01m[K/usr/include/c++/11/ostream:127:30:[m[K [01;36m[Knote: [m[K  no known conversion for argument 1 from ‘[01m[Krclcpp::Time[m[K’ to ‘[01m[Kstd::ios_base& (*)(std::ios_base&)[m[K’
  127 |       operator<<([01;36m[Kios_base& (*__pf) (ios_base&)[m[K)
      |                  [01;36m[K~~~~~~~~~~~~^~~~~~~~~~~~~~~~~[m[K
[01m[K/usr/include/c++/11/ostream:166:7:[m[K [01;36m[Knote: [m[Kcandidate: ‘[01m[Kstd::basic_ostream<_CharT, _Traits>::__ostream_type& std::basic_ostream<_CharT, _Traits>::operator<<(long int) [with _CharT = char; _Traits = std::char_traits<char>; std::basic_ostream<_CharT, _Traits>::__ostream_type = std::basic_ostream<char>][m[K’
  166 |       [01;36m[Koperator[m[K<<(long __n)
      |       [01;36m[K^~~~~~~~[m[K
[01m[K/usr/include/c++/11/ostream:166:23:[m[K [01;36m[Knote: [m[K  no known conversion for argument 1 from ‘[01m[Krclcpp::Time[m[K’ to ‘[01m[Klong int[m[K’
  166 |       operator<<([01;36m[Klong __n[m[K)
      |                  [01;36m[K~~~~~^~~[m[K
[01m[K/usr/include/c++/11/ostream:170:7:[m[K [01;36m[Knote: [m[Kcandidate: ‘[01m[Kstd::basic_ostream<_CharT, _Traits>::__ostream_type& std::basic_ostream<_CharT, _Traits>::operator<<(long unsigned int) [with _CharT = char; _Traits = std::char_traits<char>; std::basic_ostream<_CharT, _Traits>::__ostream_type = std::basic_ostream<char>][m[K’
  170 |       [01;36m[Koperator[m[K<<(unsigned long __n)
      |       [01;36m[K^~~~~~~~[m[K
[01m[K/usr/include/c++/11/ostream:170:32:[m[K [01;36m[Knote: [m[K  no known conversion for argument 1 from ‘[01m[Krclcpp::Time[m[K’ to ‘[01m[Klong unsigned int[m[K’
  170 |       operator<<([01;36m[Kunsigned long __n[m[K)
      |                  [01;36m[K~~~~~~~~~~~~~~^~~[m[K
[01m[K/usr/include/c++/11/ostream:174:7:[m[K [01;36m[Knote: [m[Kcandidate: ‘[01m[Kstd::basic_ostream<_CharT, _Traits>::__ostream_type& std::basic_ostream<_CharT, _Traits>::operator<<(bool) [with _CharT = char; _Traits = std::char_traits<char>; std::basic_ostream<_CharT, _Traits>::__ostream_type = std::basic_ostream<char>][m[K’
  174 |       [01;36m[Koperator[m[K<<(bool __n)
      |       [01;36m[K^~~~~~~~[m[K
[01m[K/usr/include/c++/11/ostream:174:23:[m[K [01;36m[Knote: [m[K  no known conversion for argument 1 from ‘[01m[Krclcpp::Time[m[K’ to ‘[01m[Kbool[m[K’
  174 |       operator<<([01;36m[Kbool __n[m[K)
      |                  [01;36m[K~~~~~^~~[m[K
In file included from [01m[K/usr/include/c++/11/ostream:829[m[K,
                 from [01m[K/usr/include/c++/11/istream:39[m[K,
                 from [01m[K/usr/include/c++/11/sstream:38[m[K,
                 from [01m[K/opt/ros/humble/include/rcl_interfaces/rcl_interfaces/msg/detail/list_parameters_result__traits.hpp:10[m[K,
                 from [01m[K/opt/ros/humble/include/rcl_interfaces/rcl_interfaces/msg/list_parameters_result.hpp:9[m[K,
                 from [01m[K/opt/ros/humble/include/rclcpp_lifecycle/rclcpp_lifecycle/lifecycle_node.hpp:50[m[K,
                 from [01m[K/opt/ros/humble/include/nav2_costmap_2d/nav2_costmap_2d/costmap_2d_publisher.hpp:46[m[K,
                 from [01m[K/opt/ros/humble/include/nav2_costmap_2d/nav2_costmap_2d/costmap_2d_ros.hpp:48[m[K,
                 from [01m[K/opt/ros/humble/include/nav2_core/controller.hpp:42[m[K,
                 from [01m[K/home/dimash/debug_clear_ws/src/mpc_low/include/mpc_controller.hpp:7[m[K,
                 from [01m[K/home/dimash/debug_clear_ws/src/mpc_low/src/mpc_controller.cpp:2[m[K:
[01m[K/usr/include/c++/11/bits/ostream.tcc:91:5:[m[K [01;36m[Knote: [m[Kcandidate: ‘[01m[Kstd::basic_ostream<_Ch, _Tr>& std::basic_ostream<_CharT, _Traits>::operator<<(short int) [with _CharT = char; _Traits = std::char_traits<char>][m[K’
   91 |     [01;36m[Kbasic_ostream<_CharT, _Traits>[m[K::
      |     [01;36m[K^~~~~~~~~~~~~~~~~~~~~~~~~~~~~~[m[K
[01m[K/usr/include/c++/11/bits/ostream.tcc:92:22:[m[K [01;36m[Knote: [m[K  no known conversion for argument 1 from ‘[01m[Krclcpp::Time[m[K’ to ‘[01m[Kshort int[m[K’
   92 |     operator<<([01;36m[Kshort __n[m[K)
      |                [01;36m[K~~~~~~^~~[m[K
In file included from [01m[K/usr/include/c++/11/istream:39[m[K,
                 from [01m[K/usr/include/c++/11/sstream:38[m[K,
                 from [01m[K/opt/ros/humble/include/rcl_interfaces/rcl_interfaces/msg/detail/list_parameters_result__traits.hpp:10[m[K,
                 from [01m[K/opt/ros/humble/include/rcl_interfaces/rcl_interfaces/msg/list_parameters_result.hpp:9[m[K,
                 from [01m[K/opt/ros/humble/include/rclcpp_lifecycle/rclcpp_lifecycle/lifecycle_node.hpp:50[m[K,
                 from [01m[K/opt/ros/humble/include/nav2_costmap_2d/nav2_costmap_2d/costmap_2d_publisher.hpp:46[m[K,
                 from [01m[K/opt/ros/humble/include/nav2_costmap_2d/nav2_costmap_2d/costmap_2d_ros.hpp:48[m[K,
                 from [01m[K/opt/ros/humble/include/nav2_core/controller.hpp:42[m[K,
                 from [01m[K/home/dimash/debug_clear_ws/src/mpc_low/include/mpc_controller.hpp:7[m[K,
                 from [01m[K/home/dimash/debug_clear_ws/src/mpc_low/src/mpc_controller.cpp:2[m[K:
[01m[K/usr/include/c++/11/ostream:181:7:[m[K [01;36m[Knote: [m[Kcandidate: ‘[01m[Kstd::basic_ostream<_CharT, _Traits>::__ostream_type& std::basic_ostream<_CharT, _Traits>::operator<<(short unsigned int) [with _CharT = char; _Traits = std::char_traits<char>; std::basic_ostream<_CharT, _Traits>::__ostream_type = std::basic_ostream<char>][m[K’
  181 |       [01;36m[Koperator[m[K<<(unsigned short __n)
      |       [01;36m[K^~~~~~~~[m[K
[01m[K/usr/include/c++/11/ostream:181:33:[m[K [01;36m[Knote: [m[K  no known conversion for argument 1 from ‘[01m[Krclcpp::Time[m[K’ to ‘[01m[Kshort unsigned int[m[K’
  181 |       operator<<([01;36m[Kunsigned short __n[m[K)
      |                  [01;36m[K~~~~~~~~~~~~~~~^~~[m[K
In file included from [01m[K/usr/include/c++/11/ostream:829[m[K,
                 from [01m[K/usr/include/c++/11/istream:39[m[K,
                 from [01m[K/usr/include/c++/11/sstream:38[m[K,
                 from [01m[K/opt/ros/humble/include/rcl_interfaces/rcl_interfaces/msg/detail/list_parameters_result__traits.hpp:10[m[K,
                 from [01m[K/opt/ros/humble/include/rcl_interfaces/rcl_interfaces/msg/list_parameters_result.hpp:9[m[K,
                 from [01m[K/opt/ros/humble/include/rclcpp_lifecycle/rclcpp_lifecycle/lifecycle_node.hpp:50[m[K,
                 from [01m[K/opt/ros/humble/include/nav2_costmap_2d/nav2_costmap_2d/costmap_2d_publisher.hpp:46[m[K,
                 from [01m[K/opt/ros/humble/include/nav2_costmap_2d/nav2_costmap_2d/costmap_2d_ros.hpp:48[m[K,
                 from [01m[K/opt/ros/humble/include/nav2_core/controller.hpp:42[m[K,
                 from [01m[K/home/dimash/debug_clear_ws/src/mpc_low/include/mpc_controller.hpp:7[m[K,
                 from [01m[K/home/dimash/debug_clear_ws/src/mpc_low/src/mpc_controller.cpp:2[m[K:
[01m[K/usr/include/c++/11/bits/ostream.tcc:105:5:[m[K [01;36m[Knote: [m[Kcandidate: ‘[01m[Kstd::basic_ostream<_Ch, _Tr>& std::basic_ostream<_CharT, _Traits>::operator<<(int) [with _CharT = char; _Traits = std::char_traits<char>][m[K’
  105 |     [01;36m[Kbasic_ostream<_CharT, _Traits>[m[K::
      |     [01;36m[K^~~~~~~~~~~~~~~~~~~~~~~~~~~~~~[m[K
[01m[K/usr/include/c++/11/bits/ostream.tcc:106:20:[m[K [01;36m[Knote: [m[K  no known conversion for argument 1 from ‘[01m[Krclcpp::Time[m[K’ to ‘[01m[Kint[m[K’
  106 |     operator<<([01;36m[Kint __n[m[K)
      |                [01;36m[K~~~~^~~[m[K
In file included from [01m[K/usr/include/c++/11/istream:39[m[K,
                 from [01m[K/usr/include/c++/11/sstream:38[m[K,
                 from [01m[K/opt/ros/humble/include/rcl_interfaces/rcl_interfaces/msg/detail/list_parameters_result__traits.hpp:10[m[K,
                 from [01m[K/opt/ros/humble/include/rcl_interfaces/rcl_interfaces/msg/list_parameters_result.hpp:9[m[K,
                 from [01m[K/opt/ros/humble/include/rclcpp_lifecycle/rclcpp_lifecycle/lifecycle_node.hpp:50[m[K,
                 from [01m[K/opt/ros/humble/include/nav2_costmap_2d/nav2_costmap_2d/costmap_2d_publisher.hpp:46[m[K,
                 from [01m[K/opt/ros/humble/include/nav2_costmap_2d/nav2_costmap_2d/costmap_2d_ros.hpp:48[m[K,
                 from [01m[K/opt/ros/humble/include/nav2_core/controller.hpp:42[m[K,
                 from [01m[K/home/dimash/debug_clear_ws/src/mpc_low/include/mpc_controller.hpp:7[m[K,
                 from [01m[K/home/dimash/debug_clear_ws/src/mpc_low/src/mpc_controller.cpp:2[m[K:
[01m[K/usr/include/c++/11/ostream:192:7:[m[K [01;36m[Knote: [m[Kcandidate: ‘[01m[Kstd::basic_ostream<_CharT, _Traits>::__ostream_type& std::basic_ostream<_CharT, _Traits>::operator<<(unsigned int) [with _CharT = char; _Traits = std::char_traits<char>; std::basic_ostream<_CharT, _Traits>::__ostream_type = std::basic_ostream<char>][m[K’
  192 |       [01;36m[Koperator[m[K<<(unsigned int __n)
      |       [01;36m[K^~~~~~~~[m[K
[01m[K/usr/include/c++/11/ostream:192:31:[m[K [01;36m[Knote: [m[K  no known conversion for argument 1 from ‘[01m[Krclcpp::Time[m[K’ to ‘[01m[Kunsigned int[m[K’
  192 |       operator<<([01;36m[Kunsigned int __n[m[K)
      |                  [01;36m[K~~~~~~~~~~~~~^~~[m[K
[01m[K/usr/include/c++/11/ostream:201:7:[m[K [01;36m[Knote: [m[Kcandidate: ‘[01m[Kstd::basic_ostream<_CharT, _Traits>::__ostream_type& std::basic_ostream<_CharT, _Traits>::operator<<(long long int) [with _CharT = char; _Traits = std::char_traits<char>; std::basic_ostream<_CharT, _Traits>::__ostream_type = std::basic_ostream<char>][m[K’
  201 |       [01;36m[Koperator[m[K<<(long long __n)
      |       [01;36m[K^~~~~~~~[m[K
[01m[K/usr/include/c++/11/ostream:201:28:[m[K [01;36m[Knote: [m[K  no known conversion for argument 1 from ‘[01m[Krclcpp::Time[m[K’ to ‘[01m[Klong long int[m[K’
  201 |       operator<<([01;36m[Klong long __n[m[K)
      |                  [01;36m[K~~~~~~~~~~^~~[m[K
[01m[K/usr/include/c++/11/ostream:205:7:[m[K [01;36m[Knote: [m[Kcandidate: ‘[01m[Kstd::basic_ostream<_CharT, _Traits>::__ostream_type& std::basic_ostream<_CharT, _Traits>::operator<<(long long unsigned int) [with _CharT = char; _Traits = std::char_traits<char>; std::basic_ostream<_CharT, _Traits>::__ostream_type = std::basic_ostream<char>][m[K’
  205 |       [01;36m[Koperator[m[K<<(unsigned long long __n)
      |       [01;36m[K^~~~~~~~[m[K
[01m[K/usr/include/c++/11/ostream:205:37:[m[K [01;36m[Knote: [m[K  no known conversion for argument 1 from ‘[01m[Krclcpp::Time[m[K’ to ‘[01m[Klong long unsigned int[m[K’
  205 |       operator<<([01;36m[Kunsigned long long __n[m[K)
      |                  [01;36m[K~~~~~~~~~~~~~~~~~~~^~~[m[K
[01m[K/usr/include/c++/11/ostream:220:7:[m[K [01;36m[Knote: [m[Kcandidate: ‘[01m[Kstd::basic_ostream<_CharT, _Traits>::__ostream_type& std::basic_ostream<_CharT, _Traits>::operator<<(double) [with _CharT = char; _Traits = std::char_traits<char>; std::basic_ostream<_CharT, _Traits>::__ostream_type = std::basic_ostream<char>][m[K’
  220 |       [01;36m[Koperator[m[K<<(double __f)
      |       [01;36m[K^~~~~~~~[m[K
[01m[K/usr/include/c++/11/ostream:220:25:[m[K [01;36m[Knote: [m[K  no known conversion for argument 1 from ‘[01m[Krclcpp::Time[m[K’ to ‘[01m[Kdouble[m[K’
  220 |       operator<<([01;36m[Kdouble __f[m[K)
      |                  [01;36m[K~~~~~~~^~~[m[K
[01m[K/usr/include/c++/11/ostream:224:7:[m[K [01;36m[Knote: [m[Kcandidate: ‘[01m[Kstd::basic_ostream<_CharT, _Traits>::__ostream_type& std::basic_ostream<_CharT, _Traits>::operator<<(float) [with _CharT = char; _Traits = std::char_traits<char>; std::basic_ostream<_CharT, _Traits>::__ostream_type = std::basic_ostream<char>][m[K’
  224 |       [01;36m[Koperator[m[K<<(float __f)
      |       [01;36m[K^~~~~~~~[m[K
[01m[K/usr/include/c++/11/ostream:224:24:[m[K [01;36m[Knote: [m[K  no known conversion for argument 1 from ‘[01m[Krclcpp::Time[m[K’ to ‘[01m[Kfloat[m[K’
  224 |       operator<<([01;36m[Kfloat __f[m[K)
      |                  [01;36m[K~~~~~~^~~[m[K
[01m[K/usr/include/c++/11/ostream:232:7:[m[K [01;36m[Knote: [m[Kcandidate: ‘[01m[Kstd::basic_ostream<_CharT, _Traits>::__ostream_type& std::basic_ostream<_CharT, _Traits>::operator<<(long double) [with _CharT = char; _Traits = std::char_traits<char>; std::basic_ostream<_CharT, _Traits>::__ostream_type = std::basic_ostream<char>][m[K’
  232 |       [01;36m[Koperator[m[K<<(long double __f)
      |       [01;36m[K^~~~~~~~[m[K
[01m[K/usr/include/c++/11/ostream:232:30:[m[K [01;36m[Knote: [m[K  no known conversion for argument 1 from ‘[01m[Krclcpp::Time[m[K’ to ‘[01m[Klong double[m[K’
  232 |       operator<<([01;36m[Klong double __f[m[K)
      |                  [01;36m[K~~~~~~~~~~~~^~~[m[K
[01m[K/usr/include/c++/11/ostream:245:7:[m[K [01;36m[Knote: [m[Kcandidate: ‘[01m[Kstd::basic_ostream<_CharT, _Traits>::__ostream_type& std::basic_ostream<_CharT, _Traits>::operator<<(const void*) [with _CharT = char; _Traits = std::char_traits<char>; std::basic_ostream<_CharT, _Traits>::__ostream_type = std::basic_ostream<char>][m[K’
  245 |       [01;36m[Koperator[m[K<<(const void* __p)
      |       [01;36m[K^~~~~~~~[m[K
[01m[K/usr/include/c++/11/ostream:245:30:[m[K [01;36m[Knote: [m[K  no known conversion for argument 1 from ‘[01m[Krclcpp::Time[m[K’ to ‘[01m[Kconst void*[m[K’
  245 |       operator<<([01;36m[Kconst void* __p[m[K)
      |                  [01;36m[K~~~~~~~~~~~~^~~[m[K
[01m[K/usr/include/c++/11/ostream:250:7:[m[K [01;36m[Knote: [m[Kcandidate: ‘[01m[Kstd::basic_ostream<_CharT, _Traits>::__ostream_type& std::basic_ostream<_CharT, _Traits>::operator<<(std::nullptr_t) [with _CharT = char; _Traits = std::char_traits<char>; std::basic_ostream<_CharT, _Traits>::__ostream_type = std::basic_ostream<char>; std::nullptr_t = std::nullptr_t][m[K’
  250 |       [01;36m[Koperator[m[K<<(nullptr_t)
      |       [01;36m[K^~~~~~~~[m[K
[01m[K/usr/include/c++/11/ostream:250:18:[m[K [01;36m[Knote: [m[K  no known conversion for argument 1 from ‘[01m[Krclcpp::Time[m[K’ to ‘[01m[Kstd::nullptr_t[m[K’
  250 |       operator<<([01;36m[Knullptr_t[m[K)
      |                  [01;36m[K^~~~~~~~~[m[K
In file included from [01m[K/usr/include/c++/11/ostream:829[m[K,
                 from [01m[K/usr/include/c++/11/istream:39[m[K,
                 from [01m[K/usr/include/c++/11/sstream:38[m[K,
                 from [01m[K/opt/ros/humble/include/rcl_interfaces/rcl_interfaces/msg/detail/list_parameters_result__traits.hpp:10[m[K,
                 from [01m[K/opt/ros/humble/include/rcl_interfaces/rcl_interfaces/msg/list_parameters_result.hpp:9[m[K,
                 from [01m[K/opt/ros/humble/include/rclcpp_lifecycle/rclcpp_lifecycle/lifecycle_node.hpp:50[m[K,
                 from [01m[K/opt/ros/humble/include/nav2_costmap_2d/nav2_costmap_2d/costmap_2d_publisher.hpp:46[m[K,
                 from [01m[K/opt/ros/humble/include/nav2_costmap_2d/nav2_costmap_2d/costmap_2d_ros.hpp:48[m[K,
                 from [01m[K/opt/ros/humble/include/nav2_core/controller.hpp:42[m[K,
                 from [01m[K/home/dimash/debug_clear_ws/src/mpc_low/include/mpc_controller.hpp:7[m[K,
                 from [01m[K/home/dimash/debug_clear_ws/src/mpc_low/src/mpc_controller.cpp:2[m[K:
[01m[K/usr/include/c++/11/bits/ostream.tcc:119:5:[m[K [01;36m[Knote: [m[Kcandidate: ‘[01m[Kstd::basic_ostream<_Ch, _Tr>& std::basic_ostream<_CharT, _Traits>::operator<<(std::basic_ostream<_CharT, _Traits>::__streambuf_type*) [with _CharT = char; _Traits = std::char_traits<char>; std::basic_ostream<_CharT, _Traits>::__streambuf_type = std::basic_streambuf<char>][m[K’
  119 |     [01;36m[Kbasic_ostream<_CharT, _Traits>[m[K::
      |     [01;36m[K^~~~~~~~~~~~~~~~~~~~~~~~~~~~~~[m[K
[01m[K/usr/include/c++/11/bits/ostream.tcc:120:34:[m[K [01;36m[Knote: [m[K  no known conversion for argument 1 from ‘[01m[Krclcpp::Time[m[K’ to ‘[01m[Kstd::basic_ostream<char>::__streambuf_type*[m[K’ {aka ‘[01m[Kstd::basic_streambuf<char>*[m[K’}
  120 |     operator<<([01;36m[K__streambuf_type* __sbin[m[K)
      |                [01;36m[K~~~~~~~~~~~~~~~~~~^~~~~~[m[K
In file included from [01m[K/usr/include/c++/11/regex:63[m[K,
                 from [01m[K/opt/ros/humble/include/pluginlib/pluginlib/impl/split.hpp:33[m[K,
                 from [01m[K/opt/ros/humble/include/pluginlib/pluginlib/class_loader_imp.hpp:60[m[K,
                 from [01m[K/opt/ros/humble/include/pluginlib/pluginlib/class_loader.hpp:334[m[K,
                 from [01m[K/opt/ros/humble/include/nav2_costmap_2d/nav2_costmap_2d/costmap_2d_ros.hpp:54[m[K,
                 from [01m[K/opt/ros/humble/include/nav2_core/controller.hpp:42[m[K,
                 from [01m[K/home/dimash/debug_clear_ws/src/mpc_low/include/mpc_controller.hpp:7[m[K,
                 from [01m[K/home/dimash/debug_clear_ws/src/mpc_low/src/mpc_controller.cpp:2[m[K:
[01m[K/usr/include/c++/11/bits/regex.h:1671:5:[m[K [01;36m[Knote: [m[Kcandidate: ‘[01m[Ktemplate<class _Ch_type, class _Ch_traits, class _Bi_iter> std::basic_ostream<_Ch, _Tr>& std::__cxx11::operator<<(std::basic_ostream<_Ch, _Tr>&, const std::__cxx11::sub_match<_Bi_iter>&)[m[K’
 1671 |     [01;36m[Koperator[m[K<<(basic_ostream<_Ch_type, _Ch_traits>& __os,
      |     [01;36m[K^~~~~~~~[m[K
[01m[K/usr/include/c++/11/bits/regex.h:1671:5:[m[K [01;36m[Knote: [m[K  template argument deduction/substitution failed:
[01m[K/home/dimash/debug_clear_ws/src/mpc_low/src/mpc_controller.cpp:424:39:[m[K [01;36m[Knote: [m[K  ‘[01m[Krclcpp::Time[m[K’ is not derived from ‘[01m[Kconst std::__cxx11::sub_match<_Bi_iter>[m[K’
  424 |         goal_data_csv_ << clock_->now([01;36m[K)[m[K<<","<< current_position[0] << ","
      |                                       [01;36m[K^[m[K
In file included from [01m[K/usr/include/c++/11/memory:77[m[K,
                 from [01m[K/home/dimash/debug_clear_ws/src/mpc_low/include/mpc_controller.hpp:4[m[K,
                 from [01m[K/home/dimash/debug_clear_ws/src/mpc_low/src/mpc_controller.cpp:2[m[K:
[01m[K/usr/include/c++/11/bits/shared_ptr.h:70:5:[m[K [01;36m[Knote: [m[Kcandidate: ‘[01m[Ktemplate<class _Ch, class _Tr, class _Tp, __gnu_cxx::_Lock_policy _Lp> std::basic_ostream<_Ch, _Tr>& std::operator<<(std::basic_ostream<_Ch, _Tr>&, const std::__shared_ptr<_Tp, _Lp>&)[m[K’
   70 |     [01;36m[Koperator[m[K<<(std::basic_ostream<_Ch, _Tr>& __os,
      |     [01;36m[K^~~~~~~~[m[K
[01m[K/usr/include/c++/11/bits/shared_ptr.h:70:5:[m[K [01;36m[Knote: [m[K  template argument deduction/substitution failed:
[01m[K/home/dimash/debug_clear_ws/src/mpc_low/src/mpc_controller.cpp:424:39:[m[K [01;36m[Knote: [m[K  ‘[01m[Krclcpp::Time[m[K’ is not derived from ‘[01m[Kconst std::__shared_ptr<_Tp, _Lp>[m[K’
  424 |         goal_data_csv_ << clock_->now([01;36m[K)[m[K<<","<< current_position[0] << ","
      |                                       [01;36m[K^[m[K
In file included from [01m[K/usr/include/c++/11/bits/basic_string.h:48[m[K,
                 from [01m[K/usr/include/c++/11/string:55[m[K,
                 from [01m[K/home/dimash/debug_clear_ws/src/mpc_low/include/mpc_controller.hpp:5[m[K,
                 from [01m[K/home/dimash/debug_clear_ws/src/mpc_low/src/mpc_controller.cpp:2[m[K:
[01m[K/usr/include/c++/11/string_view:667:5:[m[K [01;36m[Knote: [m[Kcandidate: ‘[01m[Ktemplate<class _CharT, class _Traits> std::basic_ostream<_Ch, _Tr>& std::operator<<(std::basic_ostream<_Ch, _Tr>&, std::basic_string_view<_CharT, _Traits>)[m[K’
  667 |     [01;36m[Koperator[m[K<<(basic_ostream<_CharT, _Traits>& __os,
      |     [01;36m[K^~~~~~~~[m[K
[01m[K/usr/include/c++/11/string_view:667:5:[m[K [01;36m[Knote: [m[K  template argument deduction/substitution failed:
[01m[K/home/dimash/debug_clear_ws/src/mpc_low/src/mpc_controller.cpp:424:39:[m[K [01;36m[Knote: [m[K  ‘[01m[Krclcpp::Time[m[K’ is not derived from ‘[01m[Kstd::basic_string_view<_CharT, _Traits>[m[K’
  424 |         goal_data_csv_ << clock_->now([01;36m[K)[m[K<<","<< current_position[0] << ","
      |                                       [01;36m[K^[m[K
In file included from [01m[K/usr/include/c++/11/string:55[m[K,
                 from [01m[K/home/dimash/debug_clear_ws/src/mpc_low/include/mpc_controller.hpp:5[m[K,
                 from [01m[K/home/dimash/debug_clear_ws/src/mpc_low/src/mpc_controller.cpp:2[m[K:
[01m[K/usr/include/c++/11/bits/basic_string.h:6531:5:[m[K [01;36m[Knote: [m[Kcandidate: ‘[01m[Ktemplate<class _CharT, class _Traits, class _Alloc> std::basic_ostream<_Ch, _Tr>& std::operator<<(std::basic_ostream<_Ch, _Tr>&, const std::__cxx11::basic_string<_CharT, _Traits, _Allocator>&)[m[K’
 6531 |     [01;36m[Koperator[m[K<<(basic_ostream<_CharT, _Traits>& __os,
      |     [01;36m[K^~~~~~~~[m[K
[01m[K/usr/include/c++/11/bits/basic_string.h:6531:5:[m[K [01;36m[Knote: [m[K  template argument deduction/substitution failed:
[01m[K/home/dimash/debug_clear_ws/src/mpc_low/src/mpc_controller.cpp:424:39:[m[K [01;36m[Knote: [m[K  ‘[01m[Krclcpp::Time[m[K’ is not derived from ‘[01m[Kconst std::__cxx11::basic_string<_CharT, _Traits, _Allocator>[m[K’
  424 |         goal_data_csv_ << clock_->now([01;36m[K)[m[K<<","<< current_position[0] << ","
      |                                       [01;36m[K^[m[K
In file included from [01m[K/usr/include/c++/11/bits/ios_base.h:46[m[K,
                 from [01m[K/usr/include/c++/11/ios:42[m[K,
                 from [01m[K/usr/include/c++/11/istream:38[m[K,
                 from [01m[K/usr/include/c++/11/sstream:38[m[K,
                 from [01m[K/opt/ros/humble/include/rcl_interfaces/rcl_interfaces/msg/detail/list_parameters_result__traits.hpp:10[m[K,
                 from [01m[K/opt/ros/humble/include/rcl_interfaces/rcl_interfaces/msg/list_parameters_result.hpp:9[m[K,
                 from [01m[K/opt/ros/humble/include/rclcpp_lifecycle/rclcpp_lifecycle/lifecycle_node.hpp:50[m[K,
                 from [01m[K/opt/ros/humble/include/nav2_costmap_2d/nav2_costmap_2d/costmap_2d_publisher.hpp:46[m[K,
                 from [01m[K/opt/ros/humble/include/nav2_costmap_2d/nav2_costmap_2d/costmap_2d_ros.hpp:48[m[K,
                 from [01m[K/opt/ros/humble/include/nav2_core/controller.hpp:42[m[K,
                 from [01m[K/home/dimash/debug_clear_ws/src/mpc_low/include/mpc_controller.hpp:7[m[K,
                 from [01m[K/home/dimash/debug_clear_ws/src/mpc_low/src/mpc_controller.cpp:2[m[K:
[01m[K/usr/include/c++/11/system_error:279:5:[m[K [01;36m[Knote: [m[Kcandidate: ‘[01m[Ktemplate<class _CharT, class _Traits> std::basic_ostream<_Ch, _Tr>& std::operator<<(std::basic_ostream<_Ch, _Tr>&, const std::error_code&)[m[K’
  279 |     [01;36m[Koperator[m[K<<(basic_ostream<_CharT, _Traits>& __os, const error_code& __e)
      |     [01;36m[K^~~~~~~~[m[K
[01m[K/usr/include/c++/11/system_error:279:5:[m[K [01;36m[Knote: [m[K  template argument deduction/substitution failed:
[01m[K/home/dimash/debug_clear_ws/src/mpc_low/src/mpc_controller.cpp:424:38:[m[K [01;36m[Knote: [m[K  cannot convert ‘[01m[Krclcpp::Clock::now()()[m[K’ (type ‘[01m[Krclcpp::Time[m[K’) to type ‘[01m[Kconst std::error_code&[m[K’
  424 |         goal_data_csv_ << [01;36m[Kclock_->now()[m[K<<","<< current_position[0] << ","
      |                           [01;36m[K~~~~~~~~~~~^~[m[K
In file included from [01m[K/usr/include/c++/11/istream:39[m[K,
                 from [01m[K/usr/include/c++/11/sstream:38[m[K,
                 from [01m[K/opt/ros/humble/include/rcl_interfaces/rcl_interfaces/msg/detail/list_parameters_result__traits.hpp:10[m[K,
                 from [01m[K/opt/ros/humble/include/rcl_interfaces/rcl_interfaces/msg/list_parameters_result.hpp:9[m[K,
                 from [01m[K/opt/ros/humble/include/rclcpp_lifecycle/rclcpp_lifecycle/lifecycle_node.hpp:50[m[K,
                 from [01m[K/opt/ros/humble/include/nav2_costmap_2d/nav2_costmap_2d/costmap_2d_publisher.hpp:46[m[K,
                 from [01m[K/opt/ros/humble/include/nav2_costmap_2d/nav2_costmap_2d/costmap_2d_ros.hpp:48[m[K,
                 from [01m[K/opt/ros/humble/include/nav2_core/controller.hpp:42[m[K,
                 from [01m[K/home/dimash/debug_clear_ws/src/mpc_low/include/mpc_controller.hpp:7[m[K,
                 from [01m[K/home/dimash/debug_clear_ws/src/mpc_low/src/mpc_controller.cpp:2[m[K:
[01m[K/usr/include/c++/11/ostream:513:5:[m[K [01;36m[Knote: [m[Kcandidate: ‘[01m[Ktemplate<class _CharT, class _Traits> std::basic_ostream<_Ch, _Tr>& std::operator<<(std::basic_ostream<_Ch, _Tr>&, _CharT)[m[K’
  513 |     [01;36m[Koperator[m[K<<(basic_ostream<_CharT, _Traits>& __out, _CharT __c)
      |     [01;36m[K^~~~~~~~[m[K
[01m[K/usr/include/c++/11/ostream:513:5:[m[K [01;36m[Knote: [m[K  template argument deduction/substitution failed:
[01m[K/home/dimash/debug_clear_ws/src/mpc_low/src/mpc_controller.cpp:424:39:[m[K [01;36m[Knote: [m[K  deduced conflicting types for parameter ‘[01m[K_CharT[m[K’ (‘[01m[Kchar[m[K’ and ‘[01m[Krclcpp::Time[m[K’)
  424 |         goal_data_csv_ << clock_->now([01;36m[K)[m[K<<","<< current_position[0] << ","
      |                                       [01;36m[K^[m[K
In file included from [01m[K/usr/include/c++/11/istream:39[m[K,
                 from [01m[K/usr/include/c++/11/sstream:38[m[K,
                 from [01m[K/opt/ros/humble/include/rcl_interfaces/rcl_interfaces/msg/detail/list_parameters_result__traits.hpp:10[m[K,
                 from [01m[K/opt/ros/humble/include/rcl_interfaces/rcl_interfaces/msg/list_parameters_result.hpp:9[m[K,
                 from [01m[K/opt/ros/humble/include/rclcpp_lifecycle/rclcpp_lifecycle/lifecycle_node.hpp:50[m[K,
                 from [01m[K/opt/ros/humble/include/nav2_costmap_2d/nav2_costmap_2d/costmap_2d_publisher.hpp:46[m[K,
                 from [01m[K/opt/ros/humble/include/nav2_costmap_2d/nav2_costmap_2d/costmap_2d_ros.hpp:48[m[K,
                 from [01m[K/opt/ros/humble/include/nav2_core/controller.hpp:42[m[K,
                 from [01m[K/home/dimash/debug_clear_ws/src/mpc_low/include/mpc_controller.hpp:7[m[K,
                 from [01m[K/home/dimash/debug_clear_ws/src/mpc_low/src/mpc_controller.cpp:2[m[K:
[01m[K/usr/include/c++/11/ostream:518:5:[m[K [01;36m[Knote: [m[Kcandidate: ‘[01m[Ktemplate<class _CharT, class _Traits> std::basic_ostream<_Ch, _Tr>& std::operator<<(std::basic_ostream<_Ch, _Tr>&, char)[m[K’
  518 |     [01;36m[Koperator[m[K<<(basic_ostream<_CharT, _Traits>& __out, char __c)
      |     [01;36m[K^~~~~~~~[m[K
[01m[K/usr/include/c++/11/ostream:518:5:[m[K [01;36m[Knote: [m[K  template argument deduction/substitution failed:
[01m[K/home/dimash/debug_clear_ws/src/mpc_low/src/mpc_controller.cpp:424:38:[m[K [01;36m[Knote: [m[K  cannot convert ‘[01m[Krclcpp::Clock::now()()[m[K’ (type ‘[01m[Krclcpp::Time[m[K’) to type ‘[01m[Kchar[m[K’
  424 |         goal_data_csv_ << [01;36m[Kclock_->now()[m[K<<","<< current_position[0] << ","
      |                           [01;36m[K~~~~~~~~~~~^~[m[K
In file included from [01m[K/usr/include/c++/11/istream:39[m[K,
                 from [01m[K/usr/include/c++/11/sstream:38[m[K,
                 from [01m[K/opt/ros/humble/include/rcl_interfaces/rcl_interfaces/msg/detail/list_parameters_result__traits.hpp:10[m[K,
                 from [01m[K/opt/ros/humble/include/rcl_interfaces/rcl_interfaces/msg/list_parameters_result.hpp:9[m[K,
                 from [01m[K/opt/ros/humble/include/rclcpp_lifecycle/rclcpp_lifecycle/lifecycle_node.hpp:50[m[K,
                 from [01m[K/opt/ros/humble/include/nav2_costmap_2d/nav2_costmap_2d/costmap_2d_publisher.hpp:46[m[K,
                 from [01m[K/opt/ros/humble/include/nav2_costmap_2d/nav2_costmap_2d/costmap_2d_ros.hpp:48[m[K,
                 from [01m[K/opt/ros/humble/include/nav2_core/controller.hpp:42[m[K,
                 from [01m[K/home/dimash/debug_clear_ws/src/mpc_low/include/mpc_controller.hpp:7[m[K,
                 from [01m[K/home/dimash/debug_clear_ws/src/mpc_low/src/mpc_controller.cpp:2[m[K:
[01m[K/usr/include/c++/11/ostream:524:5:[m[K [01;36m[Knote: [m[Kcandidate: ‘[01m[Ktemplate<class _Traits> std::basic_ostream<char, _Traits>& std::operator<<(std::basic_ostream<char, _Traits>&, char)[m[K’
  524 |     [01;36m[Koperator[m[K<<(basic_ostream<char, _Traits>& __out, char __c)
      |     [01;36m[K^~~~~~~~[m[K
[01m[K/usr/include/c++/11/ostream:524:5:[m[K [01;36m[Knote: [m[K  template argument deduction/substitution failed:
[01m[K/home/dimash/debug_clear_ws/src/mpc_low/src/mpc_controller.cpp:424:38:[m[K [01;36m[Knote: [m[K  cannot convert ‘[01m[Krclcpp::Clock::now()()[m[K’ (type ‘[01m[Krclcpp::Time[m[K’) to type ‘[01m[Kchar[m[K’
  424 |         goal_data_csv_ << [01;36m[Kclock_->now()[m[K<<","<< current_position[0] << ","
      |                           [01;36m[K~~~~~~~~~~~^~[m[K
In file included from [01m[K/usr/include/c++/11/istream:39[m[K,
                 from [01m[K/usr/include/c++/11/sstream:38[m[K,
                 from [01m[K/opt/ros/humble/include/rcl_interfaces/rcl_interfaces/msg/detail/list_parameters_result__traits.hpp:10[m[K,
                 from [01m[K/opt/ros/humble/include/rcl_interfaces/rcl_interfaces/msg/list_parameters_result.hpp:9[m[K,
                 from [01m[K/opt/ros/humble/include/rclcpp_lifecycle/rclcpp_lifecycle/lifecycle_node.hpp:50[m[K,
                 from [01m[K/opt/ros/humble/include/nav2_costmap_2d/nav2_costmap_2d/costmap_2d_publisher.hpp:46[m[K,
                 from [01m[K/opt/ros/humble/include/nav2_costmap_2d/nav2_costmap_2d/costmap_2d_ros.hpp:48[m[K,
                 from [01m[K/opt/ros/humble/include/nav2_core/controller.hpp:42[m[K,
                 from [01m[K/home/dimash/debug_clear_ws/src/mpc_low/include/mpc_controller.hpp:7[m[K,
                 from [01m[K/home/dimash/debug_clear_ws/src/mpc_low/src/mpc_controller.cpp:2[m[K:
[01m[K/usr/include/c++/11/ostream:530:5:[m[K [01;36m[Knote: [m[Kcandidate: ‘[01m[Ktemplate<class _Traits> std::basic_ostream<char, _Traits>& std::operator<<(std::basic_ostream<char, _Traits>&, signed char)[m[K’
  530 |     [01;36m[Koperator[m[K<<(basic_ostream<char, _Traits>& __out, signed char __c)
      |     [01;36m[K^~~~~~~~[m[K
[01m[K/usr/include/c++/11/ostream:530:5:[m[K [01;36m[Knote: [m[K  template argument deduction/substitution failed:
[01m[K/home/dimash/debug_clear_ws/src/mpc_low/src/mpc_controller.cpp:424:38:[m[K [01;36m[Knote: [m[K  cannot convert ‘[01m[Krclcpp::Clock::now()()[m[K’ (type ‘[01m[Krclcpp::Time[m[K’) to type ‘[01m[Ksigned char[m[K’
  424 |         goal_data_csv_ << [01;36m[Kclock_->now()[m[K<<","<< current_position[0] << ","
      |                           [01;36m[K~~~~~~~~~~~^~[m[K
In file included from [01m[K/usr/include/c++/11/istream:39[m[K,
                 from [01m[K/usr/include/c++/11/sstream:38[m[K,
                 from [01m[K/opt/ros/humble/include/rcl_interfaces/rcl_interfaces/msg/detail/list_parameters_result__traits.hpp:10[m[K,
                 from [01m[K/opt/ros/humble/include/rcl_interfaces/rcl_interfaces/msg/list_parameters_result.hpp:9[m[K,
                 from [01m[K/opt/ros/humble/include/rclcpp_lifecycle/rclcpp_lifecycle/lifecycle_node.hpp:50[m[K,
                 from [01m[K/opt/ros/humble/include/nav2_costmap_2d/nav2_costmap_2d/costmap_2d_publisher.hpp:46[m[K,
                 from [01m[K/opt/ros/humble/include/nav2_costmap_2d/nav2_costmap_2d/costmap_2d_ros.hpp:48[m[K,
                 from [01m[K/opt/ros/humble/include/nav2_core/controller.hpp:42[m[K,
                 from [01m[K/home/dimash/debug_clear_ws/src/mpc_low/include/mpc_controller.hpp:7[m[K,
                 from [01m[K/home/dimash/debug_clear_ws/src/mpc_low/src/mpc_controller.cpp:2[m[K:
[01m[K/usr/include/c++/11/ostream:535:5:[m[K [01;36m[Knote: [m[Kcandidate: ‘[01m[Ktemplate<class _Traits> std::basic_ostream<char, _Traits>& std::operator<<(std::basic_ostream<char, _Traits>&, unsigned char)[m[K’
  535 |     [01;36m[Koperator[m[K<<(basic_ostream<char, _Traits>& __out, unsigned char __c)
      |     [01;36m[K^~~~~~~~[m[K
[01m[K/usr/include/c++/11/ostream:535:5:[m[K [01;36m[Knote: [m[K  template argument deduction/substitution failed:
[01m[K/home/dimash/debug_clear_ws/src/mpc_low/src/mpc_controller.cpp:424:38:[m[K [01;36m[Knote: [m[K  cannot convert ‘[01m[Krclcpp::Clock::now()()[m[K’ (type ‘[01m[Krclcpp::Time[m[K’) to type ‘[01m[Kunsigned char[m[K’
  424 |         goal_data_csv_ << [01;36m[Kclock_->now()[m[K<<","<< current_position[0] << ","
      |                           [01;36m[K~~~~~~~~~~~^~[m[K
In file included from [01m[K/usr/include/c++/11/istream:39[m[K,
                 from [01m[K/usr/include/c++/11/sstream:38[m[K,
                 from [01m[K/opt/ros/humble/include/rcl_interfaces/rcl_interfaces/msg/detail/list_parameters_result__traits.hpp:10[m[K,
                 from [01m[K/opt/ros/humble/include/rcl_interfaces/rcl_interfaces/msg/list_parameters_result.hpp:9[m[K,
                 from [01m[K/opt/ros/humble/include/rclcpp_lifecycle/rclcpp_lifecycle/lifecycle_node.hpp:50[m[K,
                 from [01m[K/opt/ros/humble/include/nav2_costmap_2d/nav2_costmap_2d/costmap_2d_publisher.hpp:46[m[K,
                 from [01m[K/opt/ros/humble/include/nav2_costmap_2d/nav2_costmap_2d/costmap_2d_ros.hpp:48[m[K,
                 from [01m[K/opt/ros/humble/include/nav2_core/controller.hpp:42[m[K,
                 from [01m[K/home/dimash/debug_clear_ws/src/mpc_low/include/mpc_controller.hpp:7[m[K,
                 from [01m[K/home/dimash/debug_clear_ws/src/mpc_low/src/mpc_controller.cpp:2[m[K:
[01m[K/usr/include/c++/11/ostream:594:5:[m[K [01;36m[Knote: [m[Kcandidate: ‘[01m[Ktemplate<class _CharT, class _Traits> std::basic_ostream<_Ch, _Tr>& std::operator<<(std::basic_ostream<_Ch, _Tr>&, const _CharT*)[m[K’
  594 |     [01;36m[Koperator[m[K<<(basic_ostream<_CharT, _Traits>& __out, const _CharT* __s)
      |     [01;36m[K^~~~~~~~[m[K
[01m[K/usr/include/c++/11/ostream:594:5:[m[K [01;36m[Knote: [m[K  template argument deduction/substitution failed:
[01m[K/home/dimash/debug_clear_ws/src/mpc_low/src/mpc_controller.cpp:424:39:[m[K [01;36m[Knote: [m[K  mismatched types ‘[01m[Kconst _CharT*[m[K’ and ‘[01m[Krclcpp::Time[m[K’
  424 |         goal_data_csv_ << clock_->now([01;36m[K)[m[K<<","<< current_position[0] << ","
      |                                       [01;36m[K^[m[K
In file included from [01m[K/usr/include/c++/11/ostream:829[m[K,
                 from [01m[K/usr/include/c++/11/istream:39[m[K,
                 from [01m[K/usr/include/c++/11/sstream:38[m[K,
                 from [01m[K/opt/ros/humble/include/rcl_interfaces/rcl_interfaces/msg/detail/list_parameters_result__traits.hpp:10[m[K,
                 from [01m[K/opt/ros/humble/include/rcl_interfaces/rcl_interfaces/msg/list_parameters_result.hpp:9[m[K,
                 from [01m[K/opt/ros/humble/include/rclcpp_lifecycle/rclcpp_lifecycle/lifecycle_node.hpp:50[m[K,
                 from [01m[K/opt/ros/humble/include/nav2_costmap_2d/nav2_costmap_2d/costmap_2d_publisher.hpp:46[m[K,
                 from [01m[K/opt/ros/humble/include/nav2_costmap_2d/nav2_costmap_2d/costmap_2d_ros.hpp:48[m[K,
                 from [01m[K/opt/ros/humble/include/nav2_core/controller.hpp:42[m[K,
                 from [01m[K/home/dimash/debug_clear_ws/src/mpc_low/include/mpc_controller.hpp:7[m[K,
                 from [01m[K/home/dimash/debug_clear_ws/src/mpc_low/src/mpc_controller.cpp:2[m[K:
[01m[K/usr/include/c++/11/bits/ostream.tcc:321:5:[m[K [01;36m[Knote: [m[Kcandidate: ‘[01m[Ktemplate<class _CharT, class _Traits> std::basic_ostream<_Ch, _Tr>& std::operator<<(std::basic_ostream<_Ch, _Tr>&, const char*)[m[K’
  321 |     [01;36m[Koperator[m[K<<(basic_ostream<_CharT, _Traits>& __out, const char* __s)
      |     [01;36m[K^~~~~~~~[m[K
[01m[K/usr/include/c++/11/bits/ostream.tcc:321:5:[m[K [01;36m[Knote: [m[K  template argument deduction/substitution failed:
[01m[K/home/dimash/debug_clear_ws/src/mpc_low/src/mpc_controller.cpp:424:38:[m[K [01;36m[Knote: [m[K  cannot convert ‘[01m[Krclcpp::Clock::now()()[m[K’ (type ‘[01m[Krclcpp::Time[m[K’) to type ‘[01m[Kconst char*[m[K’
  424 |         goal_data_csv_ << [01;36m[Kclock_->now()[m[K<<","<< current_position[0] << ","
      |                           [01;36m[K~~~~~~~~~~~^~[m[K
In file included from [01m[K/usr/include/c++/11/istream:39[m[K,
                 from [01m[K/usr/include/c++/11/sstream:38[m[K,
                 from [01m[K/opt/ros/humble/include/rcl_interfaces/rcl_interfaces/msg/detail/list_parameters_result__traits.hpp:10[m[K,
                 from [01m[K/opt/ros/humble/include/rcl_interfaces/rcl_interfaces/msg/list_parameters_result.hpp:9[m[K,
                 from [01m[K/opt/ros/humble/include/rclcpp_lifecycle/rclcpp_lifecycle/lifecycle_node.hpp:50[m[K,
                 from [01m[K/opt/ros/humble/include/nav2_costmap_2d/nav2_costmap_2d/costmap_2d_publisher.hpp:46[m[K,
                 from [01m[K/opt/ros/humble/include/nav2_costmap_2d/nav2_costmap_2d/costmap_2d_ros.hpp:48[m[K,
                 from [01m[K/opt/ros/humble/include/nav2_core/controller.hpp:42[m[K,
                 from [01m[K/home/dimash/debug_clear_ws/src/mpc_low/include/mpc_controller.hpp:7[m[K,
                 from [01m[K/home/dimash/debug_clear_ws/src/mpc_low/src/mpc_controller.cpp:2[m[K:
[01m[K/usr/include/c++/11/ostream:611:5:[m[K [01;36m[Knote: [m[Kcandidate: ‘[01m[Ktemplate<class _Traits> std::basic_ostream<char, _Traits>& std::operator<<(std::basic_ostream<char, _Traits>&, const char*)[m[K’
  611 |     [01;36m[Koperator[m[K<<(basic_ostream<char, _Traits>& __out, const char* __s)
      |     [01;36m[K^~~~~~~~[m[K
[01m[K/usr/include/c++/11/ostream:611:5:[m[K [01;36m[Knote: [m[K  template argument deduction/substitution failed:
[01m[K/home/dimash/debug_clear_ws/src/mpc_low/src/mpc_controller.cpp:424:38:[m[K [01;36m[Knote: [m[K  cannot convert ‘[01m[Krclcpp::Clock::now()()[m[K’ (type ‘[01m[Krclcpp::Time[m[K’) to type ‘[01m[Kconst char*[m[K’
  424 |         goal_data_csv_ << [01;36m[Kclock_->now()[m[K<<","<< current_position[0] << ","
      |                           [01;36m[K~~~~~~~~~~~^~[m[K
In file included from [01m[K/usr/include/c++/11/istream:39[m[K,
                 from [01m[K/usr/include/c++/11/sstream:38[m[K,
                 from [01m[K/opt/ros/humble/include/rcl_interfaces/rcl_interfaces/msg/detail/list_parameters_result__traits.hpp:10[m[K,
                 from [01m[K/opt/ros/humble/include/rcl_interfaces/rcl_interfaces/msg/list_parameters_result.hpp:9[m[K,
                 from [01m[K/opt/ros/humble/include/rclcpp_lifecycle/rclcpp_lifecycle/lifecycle_node.hpp:50[m[K,
                 from [01m[K/opt/ros/humble/include/nav2_costmap_2d/nav2_costmap_2d/costmap_2d_publisher.hpp:46[m[K,
                 from [01m[K/opt/ros/humble/include/nav2_costmap_2d/nav2_costmap_2d/costmap_2d_ros.hpp:48[m[K,
                 from [01m[K/opt/ros/humble/include/nav2_core/controller.hpp:42[m[K,
                 from [01m[K/home/dimash/debug_clear_ws/src/mpc_low/include/mpc_controller.hpp:7[m[K,
                 from [01m[K/home/dimash/debug_clear_ws/src/mpc_low/src/mpc_controller.cpp:2[m[K:
[01m[K/usr/include/c++/11/ostream:624:5:[m[K [01;36m[Knote: [m[Kcandidate: ‘[01m[Ktemplate<class _Traits> std::basic_ostream<char, _Traits>& std::operator<<(std::basic_ostream<char, _Traits>&, const signed char*)[m[K’
  624 |     [01;36m[Koperator[m[K<<(basic_ostream<char, _Traits>& __out, const signed char* __s)
      |     [01;36m[K^~~~~~~~[m[K
[01m[K/usr/include/c++/11/ostream:624:5:[m[K [01;36m[Knote: [m[K  template argument deduction/substitution failed:
[01m[K/home/dimash/debug_clear_ws/src/mpc_low/src/mpc_controller.cpp:424:38:[m[K [01;36m[Knote: [m[K  cannot convert ‘[01m[Krclcpp::Clock::now()()[m[K’ (type ‘[01m[Krclcpp::Time[m[K’) to type ‘[01m[Kconst signed char*[m[K’
  424 |         goal_data_csv_ << [01;36m[Kclock_->now()[m[K<<","<< current_position[0] << ","
      |                           [01;36m[K~~~~~~~~~~~^~[m[K
In file included from [01m[K/usr/include/c++/11/istream:39[m[K,
                 from [01m[K/usr/include/c++/11/sstream:38[m[K,
                 from [01m[K/opt/ros/humble/include/rcl_interfaces/rcl_interfaces/msg/detail/list_parameters_result__traits.hpp:10[m[K,
                 from [01m[K/opt/ros/humble/include/rcl_interfaces/rcl_interfaces/msg/list_parameters_result.hpp:9[m[K,
                 from [01m[K/opt/ros/humble/include/rclcpp_lifecycle/rclcpp_lifecycle/lifecycle_node.hpp:50[m[K,
                 from [01m[K/opt/ros/humble/include/nav2_costmap_2d/nav2_costmap_2d/costmap_2d_publisher.hpp:46[m[K,
                 from [01m[K/opt/ros/humble/include/nav2_costmap_2d/nav2_costmap_2d/costmap_2d_ros.hpp:48[m[K,
                 from [01m[K/opt/ros/humble/include/nav2_core/controller.hpp:42[m[K,
                 from [01m[K/home/dimash/debug_clear_ws/src/mpc_low/include/mpc_controller.hpp:7[m[K,
                 from [01m[K/home/dimash/debug_clear_ws/src/mpc_low/src/mpc_controller.cpp:2[m[K:
[01m[K/usr/include/c++/11/ostream:629:5:[m[K [01;36m[Knote: [m[Kcandidate: ‘[01m[Ktemplate<class _Traits> std::basic_ostream<char, _Traits>& std::operator<<(std::basic_ostream<char, _Traits>&, const unsigned char*)[m[K’
  629 |     [01;36m[Koperator[m[K<<(basic_ostream<char, _Traits>& __out, const unsigned char* __s)
      |     [01;36m[K^~~~~~~~[m[K
[01m[K/usr/include/c++/11/ostream:629:5:[m[K [01;36m[Knote: [m[K  template argument deduction/substitution failed:
[01m[K/home/dimash/debug_clear_ws/src/mpc_low/src/mpc_controller.cpp:424:38:[m[K [01;36m[Knote: [m[K  cannot convert ‘[01m[Krclcpp::Clock::now()()[m[K’ (type ‘[01m[Krclcpp::Time[m[K’) to type ‘[01m[Kconst unsigned char*[m[K’
  424 |         goal_data_csv_ << [01;36m[Kclock_->now()[m[K<<","<< current_position[0] << ","
      |                           [01;36m[K~~~~~~~~~~~^~[m[K
In file included from [01m[K/usr/include/c++/11/istream:39[m[K,
                 from [01m[K/usr/include/c++/11/sstream:38[m[K,
                 from [01m[K/opt/ros/humble/include/rcl_interfaces/rcl_interfaces/msg/detail/list_parameters_result__traits.hpp:10[m[K,
                 from [01m[K/opt/ros/humble/include/rcl_interfaces/rcl_interfaces/msg/list_parameters_result.hpp:9[m[K,
                 from [01m[K/opt/ros/humble/include/rclcpp_lifecycle/rclcpp_lifecycle/lifecycle_node.hpp:50[m[K,
                 from [01m[K/opt/ros/humble/include/nav2_costmap_2d/nav2_costmap_2d/costmap_2d_publisher.hpp:46[m[K,
                 from [01m[K/opt/ros/humble/include/nav2_costmap_2d/nav2_costmap_2d/costmap_2d_ros.hpp:48[m[K,
                 from [01m[K/opt/ros/humble/include/nav2_core/controller.hpp:42[m[K,
                 from [01m[K/home/dimash/debug_clear_ws/src/mpc_low/include/mpc_controller.hpp:7[m[K,
                 from [01m[K/home/dimash/debug_clear_ws/src/mpc_low/src/mpc_controller.cpp:2[m[K:
[01m[K/usr/include/c++/11/ostream:750:5:[m[K [01;36m[Knote: [m[Kcandidate: ‘[01m[Ktemplate<class _Ostream, class _Tp> _Ostream&& std::operator<<(_Ostream&&, const _Tp&)[m[K’
  750 |     [01;36m[Koperator[m[K<<(_Ostream&& __os, const _Tp& __x)
      |     [01;36m[K^~~~~~~~[m[K
[01m[K/usr/include/c++/11/ostream:750:5:[m[K [01;36m[Knote: [m[K  template argument deduction/substitution failed:
/usr/include/c++/11/ostream: In substitution of ‘[01m[Ktemplate<class _Ostream, class _Tp> _Ostream&& std::operator<<(_Ostream&&, const _Tp&) [with _Ostream = std::basic_ofstream<char>&; _Tp = rclcpp::Time][m[K’:
[01m[K/home/dimash/debug_clear_ws/src/mpc_low/src/mpc_controller.cpp:424:39:[m[K   required from here
[01m[K/usr/include/c++/11/ostream:750:5:[m[K [01;31m[Kerror: [m[Kno type named ‘[01m[Ktype[m[K’ in ‘[01m[Kstruct std::enable_if<false, void>[m[K’
In file included from [01m[K/opt/ros/humble/include/rosidl_runtime_cpp/rosidl_runtime_cpp/traits.hpp:19[m[K,
                 from [01m[K/opt/ros/humble/include/rcl_interfaces/rcl_interfaces/msg/detail/list_parameters_result__traits.hpp:15[m[K,
                 from [01m[K/opt/ros/humble/include/rcl_interfaces/rcl_interfaces/msg/list_parameters_result.hpp:9[m[K,
                 from [01m[K/opt/ros/humble/include/rclcpp_lifecycle/rclcpp_lifecycle/lifecycle_node.hpp:50[m[K,
                 from [01m[K/opt/ros/humble/include/nav2_costmap_2d/nav2_costmap_2d/costmap_2d_publisher.hpp:46[m[K,
                 from [01m[K/opt/ros/humble/include/nav2_costmap_2d/nav2_costmap_2d/costmap_2d_ros.hpp:48[m[K,
                 from [01m[K/opt/ros/humble/include/nav2_core/controller.hpp:42[m[K,
                 from [01m[K/home/dimash/debug_clear_ws/src/mpc_low/include/mpc_controller.hpp:7[m[K,
                 from [01m[K/home/dimash/debug_clear_ws/src/mpc_low/src/mpc_controller.cpp:2[m[K:
[01m[K/usr/include/c++/11/iomanip:79:5:[m[K [01;36m[Knote: [m[Kcandidate: ‘[01m[Ktemplate<class _CharT, class _Traits> std::basic_ostream<_Ch, _Tr>& std::operator<<(std::basic_ostream<_Ch, _Tr>&, std::_Resetiosflags)[m[K’
   79 |     [01;36m[Koperator[m[K<<(basic_ostream<_CharT, _Traits>& __os, _Resetiosflags __f)
      |     [01;36m[K^~~~~~~~[m[K
[01m[K/usr/include/c++/11/iomanip:79:5:[m[K [01;36m[Knote: [m[K  template argument deduction/substitution failed:
[01m[K/home/dimash/debug_clear_ws/src/mpc_low/src/mpc_controller.cpp:424:38:[m[K [01;36m[Knote: [m[K  cannot convert ‘[01m[Krclcpp::Clock::now()()[m[K’ (type ‘[01m[Krclcpp::Time[m[K’) to type ‘[01m[Kstd::_Resetiosflags[m[K’
  424 |         goal_data_csv_ << [01;36m[Kclock_->now()[m[K<<","<< current_position[0] << ","
      |                           [01;36m[K~~~~~~~~~~~^~[m[K
In file included from [01m[K/opt/ros/humble/include/rosidl_runtime_cpp/rosidl_runtime_cpp/traits.hpp:19[m[K,
                 from [01m[K/opt/ros/humble/include/rcl_interfaces/rcl_interfaces/msg/detail/list_parameters_result__traits.hpp:15[m[K,
                 from [01m[K/opt/ros/humble/include/rcl_interfaces/rcl_interfaces/msg/list_parameters_result.hpp:9[m[K,
                 from [01m[K/opt/ros/humble/include/rclcpp_lifecycle/rclcpp_lifecycle/lifecycle_node.hpp:50[m[K,
                 from [01m[K/opt/ros/humble/include/nav2_costmap_2d/nav2_costmap_2d/costmap_2d_publisher.hpp:46[m[K,
                 from [01m[K/opt/ros/humble/include/nav2_costmap_2d/nav2_costmap_2d/costmap_2d_ros.hpp:48[m[K,
                 from [01m[K/opt/ros/humble/include/nav2_core/controller.hpp:42[m[K,
                 from [01m[K/home/dimash/debug_clear_ws/src/mpc_low/include/mpc_controller.hpp:7[m[K,
                 from [01m[K/home/dimash/debug_clear_ws/src/mpc_low/src/mpc_controller.cpp:2[m[K:
[01m[K/usr/include/c++/11/iomanip:109:5:[m[K [01;36m[Knote: [m[Kcandidate: ‘[01m[Ktemplate<class _CharT, class _Traits> std::basic_ostream<_Ch, _Tr>& std::operator<<(std::basic_ostream<_Ch, _Tr>&, std::_Setiosflags)[m[K’
  109 |     [01;36m[Koperator[m[K<<(basic_ostream<_CharT, _Traits>& __os, _Setiosflags __f)
      |     [01;36m[K^~~~~~~~[m[K
[01m[K/usr/include/c++/11/iomanip:109:5:[m[K [01;36m[Knote: [m[K  template argument deduction/substitution failed:
[01m[K/home/dimash/debug_clear_ws/src/mpc_low/src/mpc_controller.cpp:424:38:[m[K [01;36m[Knote: [m[K  cannot convert ‘[01m[Krclcpp::Clock::now()()[m[K’ (type ‘[01m[Krclcpp::Time[m[K’) to type ‘[01m[Kstd::_Setiosflags[m[K’
  424 |         goal_data_csv_ << [01;36m[Kclock_->now()[m[K<<","<< current_position[0] << ","
      |                           [01;36m[K~~~~~~~~~~~^~[m[K
In file included from [01m[K/opt/ros/humble/include/rosidl_runtime_cpp/rosidl_runtime_cpp/traits.hpp:19[m[K,
                 from [01m[K/opt/ros/humble/include/rcl_interfaces/rcl_interfaces/msg/detail/list_parameters_result__traits.hpp:15[m[K,
                 from [01m[K/opt/ros/humble/include/rcl_interfaces/rcl_interfaces/msg/list_parameters_result.hpp:9[m[K,
                 from [01m[K/opt/ros/humble/include/rclcpp_lifecycle/rclcpp_lifecycle/lifecycle_node.hpp:50[m[K,
                 from [01m[K/opt/ros/humble/include/nav2_costmap_2d/nav2_costmap_2d/costmap_2d_publisher.hpp:46[m[K,
                 from [01m[K/opt/ros/humble/include/nav2_costmap_2d/nav2_costmap_2d/costmap_2d_ros.hpp:48[m[K,
                 from [01m[K/opt/ros/humble/include/nav2_core/controller.hpp:42[m[K,
                 from [01m[K/home/dimash/debug_clear_ws/src/mpc_low/include/mpc_controller.hpp:7[m[K,
                 from [01m[K/home/dimash/debug_clear_ws/src/mpc_low/src/mpc_controller.cpp:2[m[K:
[01m[K/usr/include/c++/11/iomanip:143:5:[m[K [01;36m[Knote: [m[Kcandidate: ‘[01m[Ktemplate<class _CharT, class _Traits> std::basic_ostream<_Ch, _Tr>& std::operator<<(std::basic_ostream<_Ch, _Tr>&, std::_Setbase)[m[K’
  143 |     [01;36m[Koperator[m[K<<(basic_ostream<_CharT, _Traits>& __os, _Setbase __f)
      |     [01;36m[K^~~~~~~~[m[K
[01m[K/usr/include/c++/11/iomanip:143:5:[m[K [01;36m[Knote: [m[K  template argument deduction/substitution failed:
[01m[K/home/dimash/debug_clear_ws/src/mpc_low/src/mpc_controller.cpp:424:38:[m[K [01;36m[Knote: [m[K  cannot convert ‘[01m[Krclcpp::Clock::now()()[m[K’ (type ‘[01m[Krclcpp::Time[m[K’) to type ‘[01m[Kstd::_Setbase[m[K’
  424 |         goal_data_csv_ << [01;36m[Kclock_->now()[m[K<<","<< current_position[0] << ","
      |                           [01;36m[K~~~~~~~~~~~^~[m[K
In file included from [01m[K/opt/ros/humble/include/rosidl_runtime_cpp/rosidl_runtime_cpp/traits.hpp:19[m[K,
                 from [01m[K/opt/ros/humble/include/rcl_interfaces/rcl_interfaces/msg/detail/list_parameters_result__traits.hpp:15[m[K,
                 from [01m[K/opt/ros/humble/include/rcl_interfaces/rcl_interfaces/msg/list_parameters_result.hpp:9[m[K,
                 from [01m[K/opt/ros/humble/include/rclcpp_lifecycle/rclcpp_lifecycle/lifecycle_node.hpp:50[m[K,
                 from [01m[K/opt/ros/humble/include/nav2_costmap_2d/nav2_costmap_2d/costmap_2d_publisher.hpp:46[m[K,
                 from [01m[K/opt/ros/humble/include/nav2_costmap_2d/nav2_costmap_2d/costmap_2d_ros.hpp:48[m[K,
                 from [01m[K/opt/ros/humble/include/nav2_core/controller.hpp:42[m[K,
                 from [01m[K/home/dimash/debug_clear_ws/src/mpc_low/include/mpc_controller.hpp:7[m[K,
                 from [01m[K/home/dimash/debug_clear_ws/src/mpc_low/src/mpc_controller.cpp:2[m[K:
[01m[K/usr/include/c++/11/iomanip:178:5:[m[K [01;36m[Knote: [m[Kcandidate: ‘[01m[Ktemplate<class _CharT, class _Traits> std::basic_ostream<_Ch, _Tr>& std::operator<<(std::basic_ostream<_Ch, _Tr>&, std::_Setfill<_CharT>)[m[K’
  178 |     [01;36m[Koperator[m[K<<(basic_ostream<_CharT, _Traits>& __os, _Setfill<_CharT> __f)
      |     [01;36m[K^~~~~~~~[m[K
[01m[K/usr/include/c++/11/iomanip:178:5:[m[K [01;36m[Knote: [m[K  template argument deduction/substitution failed:
[01m[K/home/dimash/debug_clear_ws/src/mpc_low/src/mpc_controller.cpp:424:39:[m[K [01;36m[Knote: [m[K  ‘[01m[Krclcpp::Time[m[K’ is not derived from ‘[01m[Kstd::_Setfill<_CharT>[m[K’
  424 |         goal_data_csv_ << clock_->now([01;36m[K)[m[K<<","<< current_position[0] << ","
      |                                       [01;36m[K^[m[K
In file included from [01m[K/opt/ros/humble/include/rosidl_runtime_cpp/rosidl_runtime_cpp/traits.hpp:19[m[K,
                 from [01m[K/opt/ros/humble/include/rcl_interfaces/rcl_interfaces/msg/detail/list_parameters_result__traits.hpp:15[m[K,
                 from [01m[K/opt/ros/humble/include/rcl_interfaces/rcl_interfaces/msg/list_parameters_result.hpp:9[m[K,
                 from [01m[K/opt/ros/humble/include/rclcpp_lifecycle/rclcpp_lifecycle/lifecycle_node.hpp:50[m[K,
                 from [01m[K/opt/ros/humble/include/nav2_costmap_2d/nav2_costmap_2d/costmap_2d_publisher.hpp:46[m[K,
                 from [01m[K/opt/ros/humble/include/nav2_costmap_2d/nav2_costmap_2d/costmap_2d_ros.hpp:48[m[K,
                 from [01m[K/opt/ros/humble/include/nav2_core/controller.hpp:42[m[K,
                 from [01m[K/home/dimash/debug_clear_ws/src/mpc_low/include/mpc_controller.hpp:7[m[K,
                 from [01m[K/home/dimash/debug_clear_ws/src/mpc_low/src/mpc_controller.cpp:2[m[K:
[01m[K/usr/include/c++/11/iomanip:208:5:[m[K [01;36m[Knote: [m[Kcandidate: ‘[01m[Ktemplate<class _CharT, class _Traits> std::basic_ostream<_Ch, _Tr>& std::operator<<(std::basic_ostream<_Ch, _Tr>&, std::_Setprecision)[m[K’
  208 |     [01;36m[Koperator[m[K<<(basic_ostream<_CharT, _Traits>& __os, _Setprecision __f)
      |     [01;36m[K^~~~~~~~[m[K
[01m[K/usr/include/c++/11/iomanip:208:5:[m[K [01;36m[Knote: [m[K  template argument deduction/substitution failed:
[01m[K/home/dimash/debug_clear_ws/src/mpc_low/src/mpc_controller.cpp:424:38:[m[K [01;36m[Knote: [m[K  cannot convert ‘[01m[Krclcpp::Clock::now()()[m[K’ (type ‘[01m[Krclcpp::Time[m[K’) to type ‘[01m[Kstd::_Setprecision[m[K’
  424 |         goal_data_csv_ << [01;36m[Kclock_->now()[m[K<<","<< current_position[0] << ","
      |                           [01;36m[K~~~~~~~~~~~^~[m[K
In file included from [01m[K/opt/ros/humble/include/rosidl_runtime_cpp/rosidl_runtime_cpp/traits.hpp:19[m[K,
                 from [01m[K/opt/ros/humble/include/rcl_interfaces/rcl_interfaces/msg/detail/list_parameters_result__traits.hpp:15[m[K,
                 from [01m[K/opt/ros/humble/include/rcl_interfaces/rcl_interfaces/msg/list_parameters_result.hpp:9[m[K,
                 from [01m[K/opt/ros/humble/include/rclcpp_lifecycle/rclcpp_lifecycle/lifecycle_node.hpp:50[m[K,
                 from [01m[K/opt/ros/humble/include/nav2_costmap_2d/nav2_costmap_2d/costmap_2d_publisher.hpp:46[m[K,
                 from [01m[K/opt/ros/humble/include/nav2_costmap_2d/nav2_costmap_2d/costmap_2d_ros.hpp:48[m[K,
                 from [01m[K/opt/ros/humble/include/nav2_core/controller.hpp:42[m[K,
                 from [01m[K/home/dimash/debug_clear_ws/src/mpc_low/include/mpc_controller.hpp:7[m[K,
                 from [01m[K/home/dimash/debug_clear_ws/src/mpc_low/src/mpc_controller.cpp:2[m[K:
[01m[K/usr/include/c++/11/iomanip:238:5:[m[K [01;36m[Knote: [m[Kcandidate: ‘[01m[Ktemplate<class _CharT, class _Traits> std::basic_ostream<_Ch, _Tr>& std::operator<<(std::basic_ostream<_Ch, _Tr>&, std::_Setw)[m[K’
  238 |     [01;36m[Koperator[m[K<<(basic_ostream<_CharT, _Traits>& __os, _Setw __f)
      |     [01;36m[K^~~~~~~~[m[K
[01m[K/usr/include/c++/11/iomanip:238:5:[m[K [01;36m[Knote: [m[K  template argument deduction/substitution failed:
[01m[K/home/dimash/debug_clear_ws/src/mpc_low/src/mpc_controller.cpp:424:38:[m[K [01;36m[Knote: [m[K  cannot convert ‘[01m[Krclcpp::Clock::now()()[m[K’ (type ‘[01m[Krclcpp::Time[m[K’) to type ‘[01m[Kstd::_Setw[m[K’
  424 |         goal_data_csv_ << [01;36m[Kclock_->now()[m[K<<","<< current_position[0] << ","
      |                           [01;36m[K~~~~~~~~~~~^~[m[K
In file included from [01m[K/opt/ros/humble/include/rosidl_runtime_cpp/rosidl_runtime_cpp/traits.hpp:19[m[K,
                 from [01m[K/opt/ros/humble/include/rcl_interfaces/rcl_interfaces/msg/detail/list_parameters_result__traits.hpp:15[m[K,
                 from [01m[K/opt/ros/humble/include/rcl_interfaces/rcl_interfaces/msg/list_parameters_result.hpp:9[m[K,
                 from [01m[K/opt/ros/humble/include/rclcpp_lifecycle/rclcpp_lifecycle/lifecycle_node.hpp:50[m[K,
                 from [01m[K/opt/ros/humble/include/nav2_costmap_2d/nav2_costmap_2d/costmap_2d_publisher.hpp:46[m[K,
                 from [01m[K/opt/ros/humble/include/nav2_costmap_2d/nav2_costmap_2d/costmap_2d_ros.hpp:48[m[K,
                 from [01m[K/opt/ros/humble/include/nav2_core/controller.hpp:42[m[K,
                 from [01m[K/home/dimash/debug_clear_ws/src/mpc_low/include/mpc_controller.hpp:7[m[K,
                 from [01m[K/home/dimash/debug_clear_ws/src/mpc_low/src/mpc_controller.cpp:2[m[K:
[01m[K/usr/include/c++/11/iomanip:311:5:[m[K [01;36m[Knote: [m[Kcandidate: ‘[01m[Ktemplate<class _CharT, class _Traits, class _MoneyT> std::basic_ostream<_Ch, _Tr>& std::operator<<(std::basic_ostream<_Ch, _Tr>&, std::_Put_money<_MoneyT>)[m[K’
  311 |     [01;36m[Koperator[m[K<<(basic_ostream<_CharT, _Traits>& __os, _Put_money<_MoneyT> __f)
      |     [01;36m[K^~~~~~~~[m[K
[01m[K/usr/include/c++/11/iomanip:311:5:[m[K [01;36m[Knote: [m[K  template argument deduction/substitution failed:
[01m[K/home/dimash/debug_clear_ws/src/mpc_low/src/mpc_controller.cpp:424:39:[m[K [01;36m[Knote: [m[K  ‘[01m[Krclcpp::Time[m[K’ is not derived from ‘[01m[Kstd::_Put_money<_MoneyT>[m[K’
  424 |         goal_data_csv_ << clock_->now([01;36m[K)[m[K<<","<< current_position[0] << ","
      |                                       [01;36m[K^[m[K
In file included from [01m[K/opt/ros/humble/include/rosidl_runtime_cpp/rosidl_runtime_cpp/traits.hpp:19[m[K,
                 from [01m[K/opt/ros/humble/include/rcl_interfaces/rcl_interfaces/msg/detail/list_parameters_result__traits.hpp:15[m[K,
                 from [01m[K/opt/ros/humble/include/rcl_interfaces/rcl_interfaces/msg/list_parameters_result.hpp:9[m[K,
                 from [01m[K/opt/ros/humble/include/rclcpp_lifecycle/rclcpp_lifecycle/lifecycle_node.hpp:50[m[K,
                 from [01m[K/opt/ros/humble/include/nav2_costmap_2d/nav2_costmap_2d/costmap_2d_publisher.hpp:46[m[K,
                 from [01m[K/opt/ros/humble/include/nav2_costmap_2d/nav2_costmap_2d/costmap_2d_ros.hpp:48[m[K,
                 from [01m[K/opt/ros/humble/include/nav2_core/controller.hpp:42[m[K,
                 from [01m[K/home/dimash/debug_clear_ws/src/mpc_low/include/mpc_controller.hpp:7[m[K,
                 from [01m[K/home/dimash/debug_clear_ws/src/mpc_low/src/mpc_controller.cpp:2[m[K:
[01m[K/usr/include/c++/11/iomanip:363:5:[m[K [01;36m[Knote: [m[Kcandidate: ‘[01m[Ktemplate<class _CharT, class _Traits> std::basic_ostream<_Ch, _Tr>& std::operator<<(std::basic_ostream<_Ch, _Tr>&, std::_Put_time<_CharT>)[m[K’
  363 |     [01;36m[Koperator[m[K<<(basic_ostream<_CharT, _Traits>& __os, _Put_time<_CharT> __f)
      |     [01;36m[K^~~~~~~~[m[K
[01m[K/usr/include/c++/11/iomanip:363:5:[m[K [01;36m[Knote: [m[K  template argument deduction/substitution failed:
[01m[K/home/dimash/debug_clear_ws/src/mpc_low/src/mpc_controller.cpp:424:39:[m[K [01;36m[Knote: [m[K  ‘[01m[Krclcpp::Time[m[K’ is not derived from ‘[01m[Kstd::_Put_time<_CharT>[m[K’
  424 |         goal_data_csv_ << clock_->now([01;36m[K)[m[K<<","<< current_position[0] << ","
      |                                       [01;36m[K^[m[K
In file included from [01m[K/opt/ros/humble/include/rclcpp/rclcpp/timer.hpp:23[m[K,
                 from [01m[K/opt/ros/humble/include/rclcpp/rclcpp/callback_group.hpp:30[m[K,
                 from [01m[K/opt/ros/humble/include/rclcpp_lifecycle/rclcpp_lifecycle/lifecycle_node.hpp:55[m[K,
                 from [01m[K/opt/ros/humble/include/nav2_costmap_2d/nav2_costmap_2d/costmap_2d_publisher.hpp:46[m[K,
                 from [01m[K/opt/ros/humble/include/nav2_costmap_2d/nav2_costmap_2d/costmap_2d_ros.hpp:48[m[K,
                 from [01m[K/opt/ros/humble/include/nav2_core/controller.hpp:42[m[K,
                 from [01m[K/home/dimash/debug_clear_ws/src/mpc_low/include/mpc_controller.hpp:7[m[K,
                 from [01m[K/home/dimash/debug_clear_ws/src/mpc_low/src/mpc_controller.cpp:2[m[K:
[01m[K/usr/include/c++/11/thread:92:5:[m[K [01;36m[Knote: [m[Kcandidate: ‘[01m[Ktemplate<class _CharT, class _Traits> std::basic_ostream<_Ch, _Tr>& std::operator<<(std::basic_ostream<_Ch, _Tr>&, std::thread::id)[m[K’
   92 |     [01;36m[Koperator[m[K<<(basic_ostream<_CharT, _Traits>& __out, thread::id __id)
      |     [01;36m[K^~~~~~~~[m[K
[01m[K/usr/include/c++/11/thread:92:5:[m[K [01;36m[Knote: [m[K  template argument deduction/substitution failed:
[01m[K/home/dimash/debug_clear_ws/src/mpc_low/src/mpc_controller.cpp:424:38:[m[K [01;36m[Knote: [m[K  cannot convert ‘[01m[Krclcpp::Clock::now()()[m[K’ (type ‘[01m[Krclcpp::Time[m[K’) to type ‘[01m[Kstd::thread::id[m[K’
  424 |         goal_data_csv_ << [01;36m[Kclock_->now()[m[K<<","<< current_position[0] << ","
      |                           [01;36m[K~~~~~~~~~~~^~[m[K
In file included from [01m[K/opt/ros/humble/include/class_loader/class_loader/multi_library_class_loader.hpp:35[m[K,
                 from [01m[K/opt/ros/humble/include/pluginlib/pluginlib/class_loader.hpp:38[m[K,
                 from [01m[K/opt/ros/humble/include/nav2_costmap_2d/nav2_costmap_2d/costmap_2d_ros.hpp:54[m[K,
                 from [01m[K/opt/ros/humble/include/nav2_core/controller.hpp:42[m[K,
                 from [01m[K/home/dimash/debug_clear_ws/src/mpc_low/include/mpc_controller.hpp:7[m[K,
                 from [01m[K/home/dimash/debug_clear_ws/src/mpc_low/src/mpc_controller.cpp:2[m[K:
[01m[K/usr/include/c++/11/cstddef:126:5:[m[K [01;36m[Knote: [m[Kcandidate: ‘[01m[Ktemplate<class _IntegerType> constexpr std::__byte_op_t<_IntegerType> std::operator<<(std::byte, _IntegerType)[m[K’
  126 |     [01;36m[Koperator[m[K<<(byte __b, _IntegerType __shift) noexcept
      |     [01;36m[K^~~~~~~~[m[K
[01m[K/usr/include/c++/11/cstddef:126:5:[m[K [01;36m[Knote: [m[K  template argument deduction/substitution failed:
[01m[K/home/dimash/debug_clear_ws/src/mpc_low/src/mpc_controller.cpp:424:9:[m[K [01;36m[Knote: [m[K  cannot convert ‘[01m[K((mpc_low::MPCController*)this)->mpc_low::MPCController::goal_data_csv_[m[K’ (type ‘[01m[Kstd::ofstream[m[K’ {aka ‘[01m[Kstd::basic_ofstream<char>[m[K’}) to type ‘[01m[Kstd::byte[m[K’
  424 |         [01;36m[Kgoal_data_csv_[m[K << clock_->now()<<","<< current_position[0] << ","
      |         [01;36m[K^~~~~~~~~~~~~~[m[K
In file included from [01m[K/usr/include/c++/11/regex:39[m[K,
                 from [01m[K/opt/ros/humble/include/pluginlib/pluginlib/impl/split.hpp:33[m[K,
                 from [01m[K/opt/ros/humble/include/pluginlib/pluginlib/class_loader_imp.hpp:60[m[K,
                 from [01m[K/opt/ros/humble/include/pluginlib/pluginlib/class_loader.hpp:334[m[K,
                 from [01m[K/opt/ros/humble/include/nav2_costmap_2d/nav2_costmap_2d/costmap_2d_ros.hpp:54[m[K,
                 from [01m[K/opt/ros/humble/include/nav2_core/controller.hpp:42[m[K,
                 from [01m[K/home/dimash/debug_clear_ws/src/mpc_low/include/mpc_controller.hpp:7[m[K,
                 from [01m[K/home/dimash/debug_clear_ws/src/mpc_low/src/mpc_controller.cpp:2[m[K:
[01m[K/usr/include/c++/11/bitset:1540:5:[m[K [01;36m[Knote: [m[Kcandidate: ‘[01m[Ktemplate<class _CharT, class _Traits, long unsigned int _Nb> std::basic_ostream<_Ch, _Tr>& std::operator<<(std::basic_ostream<_Ch, _Tr>&, const std::bitset<_Nb>&)[m[K’
 1540 |     [01;36m[Koperator[m[K<<(std::basic_ostream<_CharT, _Traits>& __os,
      |     [01;36m[K^~~~~~~~[m[K
[01m[K/usr/include/c++/11/bitset:1540:5:[m[K [01;36m[Knote: [m[K  template argument deduction/substitution failed:
[01m[K/home/dimash/debug_clear_ws/src/mpc_low/src/mpc_controller.cpp:424:39:[m[K [01;36m[Knote: [m[K  ‘[01m[Krclcpp::Time[m[K’ is not derived from ‘[01m[Kconst std::bitset<_Nb>[m[K’
  424 |         goal_data_csv_ << clock_->now([01;36m[K)[m[K<<","<< current_position[0] << ","
      |                                       [01;36m[K^[m[K
In file included from [01m[K/usr/include/eigen3/Eigen/Core:50[m[K,
                 from [01m[K/usr/include/eigen3/Eigen/Dense:1[m[K,
                 from [01m[K/home/dimash/debug_clear_ws/src/mpc_low/include/acados_solver_holder.hpp:14[m[K,
                 from [01m[K/home/dimash/debug_clear_ws/src/mpc_low/include/mpc_controller.hpp:13[m[K,
                 from [01m[K/home/dimash/debug_clear_ws/src/mpc_low/src/mpc_controller.cpp:2[m[K:
[01m[K/usr/include/c++/11/complex:555:5:[m[K [01;36m[Knote: [m[Kcandidate: ‘[01m[Ktemplate<class _Tp, class _CharT, class _Traits> std::basic_ostream<_CharT, _Traits>& std::operator<<(std::basic_ostream<_CharT, _Traits>&, const std::complex<_Tp>&)[m[K’
  555 |     [01;36m[Koperator[m[K<<(basic_ostream<_CharT, _Traits>& __os, const complex<_Tp>& __x)
      |     [01;36m[K^~~~~~~~[m[K
[01m[K/usr/include/c++/11/complex:555:5:[m[K [01;36m[Knote: [m[K  template argument deduction/substitution failed:
[01m[K/home/dimash/debug_clear_ws/src/mpc_low/src/mpc_controller.cpp:424:39:[m[K [01;36m[Knote: [m[K  ‘[01m[Krclcpp::Time[m[K’ is not derived from ‘[01m[Kconst std::complex<_Tp>[m[K’
  424 |         goal_data_csv_ << clock_->now([01;36m[K)[m[K<<","<< current_position[0] << ","
      |                                       [01;36m[K^[m[K
In file included from [01m[K/opt/ros/humble/include/rclcpp/rclcpp/publisher_base.hpp:34[m[K,
                 from [01m[K/opt/ros/humble/include/rclcpp/rclcpp/callback_group.hpp:27[m[K,
                 from [01m[K/opt/ros/humble/include/rclcpp_lifecycle/rclcpp_lifecycle/lifecycle_node.hpp:55[m[K,
                 from [01m[K/opt/ros/humble/include/nav2_costmap_2d/nav2_costmap_2d/costmap_2d_publisher.hpp:46[m[K,
                 from [01m[K/opt/ros/humble/include/nav2_costmap_2d/nav2_costmap_2d/costmap_2d_ros.hpp:48[m[K,
                 from [01m[K/opt/ros/humble/include/nav2_core/controller.hpp:42[m[K,
                 from [01m[K/home/dimash/debug_clear_ws/src/mpc_low/include/mpc_controller.hpp:7[m[K,
                 from [01m[K/home/dimash/debug_clear_ws/src/mpc_low/src/mpc_controller.cpp:2[m[K:
[01m[K/opt/ros/humble/include/rclcpp/rclcpp/network_flow_endpoint.hpp:100:25:[m[K [01;36m[Knote: [m[Kcandidate: ‘[01m[Kstd::ostream& rclcpp::operator<<(std::ostream&, const rclcpp::NetworkFlowEndpoint&)[m[K’
  100 |   friend std::ostream & [01;36m[Krclcpp[m[K::operator<<(
      |                         [01;36m[K^~~~~~[m[K
[01m[K/opt/ros/humble/include/rclcpp/rclcpp/network_flow_endpoint.hpp:42:74:[m[K [01;36m[Knote: [m[K  no known conversion for argument 2 from ‘[01m[Krclcpp::Time[m[K’ to ‘[01m[Kconst rclcpp::NetworkFlowEndpoint&[m[K’
   42 | std::ostream & operator<<(std::ostream & os, [01;36m[Kconst NetworkFlowEndpoint & network_flow_endpoint[m[K);
      |                                              [01;36m[K~~~~~~~~~~~~~~~~~~~~~~~~~~~~^~~~~~~~~~~~~~~~~~~~~[m[K
In file included from [01m[K/opt/ros/humble/include/rclcpp/rclcpp/publisher_options.hpp:30[m[K,
                 from [01m[K/opt/ros/humble/include/rclcpp/rclcpp/publisher.hpp:42[m[K,
                 from [01m[K/opt/ros/humble/include/rclcpp/rclcpp/node_interfaces/node_topics_interface.hpp:29[m[K,
                 from [01m[K/opt/ros/humble/include/rclcpp/rclcpp/generic_publisher.hpp:27[m[K,
                 from [01m[K/opt/ros/humble/include/rclcpp_lifecycle/rclcpp_lifecycle/lifecycle_node.hpp:60[m[K,
                 from [01m[K/opt/ros/humble/include/nav2_costmap_2d/nav2_costmap_2d/costmap_2d_publisher.hpp:46[m[K,
                 from [01m[K/opt/ros/humble/include/nav2_costmap_2d/nav2_costmap_2d/costmap_2d_ros.hpp:48[m[K,
                 from [01m[K/opt/ros/humble/include/nav2_core/controller.hpp:42[m[K,
                 from [01m[K/home/dimash/debug_clear_ws/src/mpc_low/include/mpc_controller.hpp:7[m[K,
                 from [01m[K/home/dimash/debug_clear_ws/src/mpc_low/src/mpc_controller.cpp:2[m[K:
[01m[K/opt/ros/humble/include/rclcpp/rclcpp/qos_overriding_options.hpp:54:1:[m[K [01;36m[Knote: [m[Kcandidate: ‘[01m[Kstd::ostream& rclcpp::operator<<(std::ostream&, const rclcpp::QosPolicyKind&)[m[K’
   54 | [01;36m[Koperator[m[K<<(std::ostream & os, const QosPolicyKind & qpk);
      | [01;36m[K^~~~~~~~[m[K
[01m[K/opt/ros/humble/include/rclcpp/rclcpp/qos_overriding_options.hpp:54:53:[m[K [01;36m[Knote: [m[K  no known conversion for argument 2 from ‘[01m[Krclcpp::Time[m[K’ to ‘[01m[Kconst rclcpp::QosPolicyKind&[m[K’
   54 | operator<<(std::ostream & os, [01;36m[Kconst QosPolicyKind & qpk[m[K);
      |                               [01;36m[K~~~~~~~~~~~~~~~~~~~~~~^~~[m[K
In file included from [01m[K/opt/ros/humble/include/rclcpp/rclcpp/parameter.hpp:26[m[K,
                 from [01m[K/opt/ros/humble/include/rclcpp/rclcpp/node_options.hpp:25[m[K,
                 from [01m[K/opt/ros/humble/include/rclcpp_lifecycle/rclcpp_lifecycle/lifecycle_node.hpp:65[m[K,
                 from [01m[K/opt/ros/humble/include/nav2_costmap_2d/nav2_costmap_2d/costmap_2d_publisher.hpp:46[m[K,
                 from [01m[K/opt/ros/humble/include/nav2_costmap_2d/nav2_costmap_2d/costmap_2d_ros.hpp:48[m[K,
                 from [01m[K/opt/ros/humble/include/nav2_core/controller.hpp:42[m[K,
                 from [01m[K/home/dimash/debug_clear_ws/src/mpc_low/include/mpc_controller.hpp:7[m[K,
                 from [01m[K/home/dimash/debug_clear_ws/src/mpc_low/src/mpc_controller.cpp:2[m[K:
[01m[K/opt/ros/humble/include/rclcpp/rclcpp/parameter_value.hpp:53:1:[m[K [01;36m[Knote: [m[Kcandidate: ‘[01m[Kstd::ostream& rclcpp::operator<<(std::ostream&, rclcpp::ParameterType)[m[K’
   53 | [01;36m[Koperator[m[K<<(std::ostream & os, ParameterType type);
      | [01;36m[K^~~~~~~~[m[K
[01m[K/opt/ros/humble/include/rclcpp/rclcpp/parameter_value.hpp:53:45:[m[K [01;36m[Knote: [m[K  no known conversion for argument 2 from ‘[01m[Krclcpp::Time[m[K’ to ‘[01m[Krclcpp::ParameterType[m[K’
   53 | operator<<(std::ostream & os, [01;36m[KParameterType type[m[K);
      |                               [01;36m[K~~~~~~~~~~~~~~^~~~[m[K
In file included from [01m[K/opt/ros/humble/include/rclcpp/rclcpp/node_options.hpp:25[m[K,
                 from [01m[K/opt/ros/humble/include/rclcpp_lifecycle/rclcpp_lifecycle/lifecycle_node.hpp:65[m[K,
                 from [01m[K/opt/ros/humble/include/nav2_costmap_2d/nav2_costmap_2d/costmap_2d_publisher.hpp:46[m[K,
                 from [01m[K/opt/ros/humble/include/nav2_costmap_2d/nav2_costmap_2d/costmap_2d_ros.hpp:48[m[K,
                 from [01m[K/opt/ros/humble/include/nav2_core/controller.hpp:42[m[K,
                 from [01m[K/home/dimash/debug_clear_ws/src/mpc_low/include/mpc_controller.hpp:7[m[K,
                 from [01m[K/home/dimash/debug_clear_ws/src/mpc_low/src/mpc_controller.cpp:2[m[K:
[01m[K/opt/ros/humble/include/rclcpp/rclcpp/parameter.hpp:226:1:[m[K [01;36m[Knote: [m[Kcandidate: ‘[01m[Kstd::ostream& rclcpp::operator<<(std::ostream&, const rclcpp::Parameter&)[m[K’
  226 | [01;36m[Koperator[m[K<<(std::ostream & os, const rclcpp::Parameter & pv);
      | [01;36m[K^~~~~~~~[m[K
[01m[K/opt/ros/humble/include/rclcpp/rclcpp/parameter.hpp:226:57:[m[K [01;36m[Knote: [m[K  no known conversion for argument 2 from ‘[01m[Krclcpp::Time[m[K’ to ‘[01m[Kconst rclcpp::Parameter&[m[K’
  226 | operator<<(std::ostream & os, [01;36m[Kconst rclcpp::Parameter & pv[m[K);
      |                               [01;36m[K~~~~~~~~~~~~~~~~~~~~~~~~~~^~[m[K
[01m[K/opt/ros/humble/include/rclcpp/rclcpp/parameter.hpp:230:1:[m[K [01;36m[Knote: [m[Kcandidate: ‘[01m[Kstd::ostream& rclcpp::operator<<(std::ostream&, const std::vector<rclcpp::Parameter>&)[m[K’
  230 | [01;36m[Koperator[m[K<<(std::ostream & os, const std::vector<Parameter> & parameters);
      | [01;36m[K^~~~~~~~[m[K
[01m[K/opt/ros/humble/include/rclcpp/rclcpp/parameter.hpp:230:62:[m[K [01;36m[Knote: [m[K  no known conversion for argument 2 from ‘[01m[Krclcpp::Time[m[K’ to ‘[01m[Kconst std::vector<rclcpp::Parameter>&[m[K’
  230 | operator<<(std::ostream & os, [01;36m[Kconst std::vector<Parameter> & parameters[m[K);
      |                               [01;36m[K~~~~~~~~~~~~~~~~~~~~~~~~~~~~~~~^~~~~~~~~~[m[K
In file included from [01m[K/opt/ros/humble/include/rclcpp/rclcpp/executor.hpp:38[m[K,
                 from [01m[K/opt/ros/humble/include/rclcpp/rclcpp/executors/multi_threaded_executor.hpp:25[m[K,
                 from [01m[K/opt/ros/humble/include/rclcpp/rclcpp/executors.hpp:21[m[K,
                 from [01m[K/opt/ros/humble/include/rclcpp/rclcpp/rclcpp.hpp:155[m[K,
                 from [01m[K/opt/ros/humble/include/nav2_util/node_thread.hpp:20[m[K,
                 from [01m[K/opt/ros/humble/include/nav2_util/lifecycle_node.hpp:22[m[K,
                 from [01m[K/opt/ros/humble/include/nav2_costmap_2d/nav2_costmap_2d/costmap_2d_publisher.hpp:53[m[K,
                 from [01m[K/opt/ros/humble/include/nav2_costmap_2d/nav2_costmap_2d/costmap_2d_ros.hpp:48[m[K,
                 from [01m[K/opt/ros/humble/include/nav2_core/controller.hpp:42[m[K,
                 from [01m[K/home/dimash/debug_clear_ws/src/mpc_low/include/mpc_controller.hpp:7[m[K,
                 from [01m[K/home/dimash/debug_clear_ws/src/mpc_low/src/mpc_controller.cpp:2[m[K:
[01m[K/opt/ros/humble/include/rclcpp/rclcpp/future_return_code.hpp:38:1:[m[K [01;36m[Knote: [m[Kcandidate: ‘[01m[Kstd::ostream& rclcpp::operator<<(std::ostream&, const rclcpp::FutureReturnCode&)[m[K’
   38 | [01;36m[Koperator[m[K<<(std::ostream & os, const FutureReturnCode & future_return_code);
      | [01;36m[K^~~~~~~~[m[K
[01m[K/opt/ros/humble/include/rclcpp/rclcpp/future_return_code.hpp:38:56:[m[K [01;36m[Knote: [m[K  no known conversion for argument 2 from ‘[01m[Krclcpp::Time[m[K’ to ‘[01m[Kconst rclcpp::FutureReturnCode&[m[K’
   38 | operator<<(std::ostream & os, [01;36m[Kconst FutureReturnCode & future_return_code[m[K);
      |                               [01;36m[K~~~~~~~~~~~~~~~~~~~~~~~~~^~~~~~~~~~~~~~~~~~[m[K
[01m[K/home/dimash/debug_clear_ws/src/mpc_low/src/mpc_controller.cpp:355:12:[m[K [01;35m[Kwarning: [m[Kunused variable ‘[01m[Kresolution[m[K’ [[01;35m[K]8;;https://gcc.gnu.org/onlinedocs/gcc/Warning-Options.html#index-Wunused-variable-Wunused-variable]8;;[m[K]
  355 |     double [01;35m[Kresolution[m[K = costmap->getResolution();
      |            [01;35m[K^~~~~~~~~~[m[K
[01m[K/home/dimash/debug_clear_ws/src/mpc_low/src/mpc_controller.cpp:358:12:[m[K [01;35m[Kwarning: [m[Kunused variable ‘[01m[Korigin_x[m[K’ [[01;35m[K]8;;https://gcc.gnu.org/onlinedocs/gcc/Warning-Options.html#index-Wunused-variable-Wunused-variable]8;;[m[K]
  358 |     double [01;35m[Korigin_x[m[K = costmap->getOriginX();
      |            [01;35m[K^~~~~~~~[m[K
[01m[K/home/dimash/debug_clear_ws/src/mpc_low/src/mpc_controller.cpp:359:12:[m[K [01;35m[Kwarning: [m[Kunused variable ‘[01m[Korigin_y[m[K’ [[01;35m[K]8;;https://gcc.gnu.org/onlinedocs/gcc/Warning-Options.html#index-Wunused-variable-Wunused-variable]8;;[m[K]
  359 |     double [01;35m[Korigin_y[m[K = costmap->getOriginY();
      |            [01;35m[K^~~~~~~~[m[K
gmake[2]: *** [CMakeFiles/mpc_low_plugin.dir/build.make:76: CMakeFiles/mpc_low_plugin.dir/src/mpc_controller.cpp.o] Error 1
gmake[1]: *** [CMakeFiles/Makefile2:137: CMakeFiles/mpc_low_plugin.dir/all] Error 2
gmake: *** [Makefile:146: all] Error 2
