[0.382s] Invoking command in '/home/robot/debug_clear_ws/build/mpc_low': CMAKE_PREFIX_PATH=${CMAKE_PREFIX_PATH}:/home/robot/debug_clear_ws/install/yolo_ros:/home/robot/debug_clear_ws/install/clearpath_config:/opt/ros/humble /usr/bin/cmake --build /home/robot/debug_clear_ws/build/mpc_low -- -j12 -l12
[0.546s] [ 10%] [32mBuilding CXX object CMakeFiles/low_solver.dir/src/low_solver.cpp.o[0m
[18.565s] [ 20%] [32m[1mLinking CXX executable low_solver[0m
[20.271s] [100%] Built target low_solver
[20.281s] Invoked command in '/home/robot/debug_clear_ws/build/mpc_low' returned '0': CMAKE_PREFIX_PATH=${CMAKE_PREFIX_PATH}:/home/robot/debug_clear_ws/install/yolo_ros:/home/robot/debug_clear_ws/install/clearpath_config:/opt/ros/humble /usr/bin/cmake --build /home/robot/debug_clear_ws/build/mpc_low -- -j12 -l12
[20.282s] Invoking command in '/home/robot/debug_clear_ws/build/mpc_low': CMAKE_PREFIX_PATH=${CMAKE_PREFIX_PATH}:/home/robot/debug_clear_ws/install/yolo_ros:/home/robot/debug_clear_ws/install/clearpath_config:/opt/ros/humble /usr/bin/cmake --install /home/robot/debug_clear_ws/build/mpc_low
[20.289s] -- Install configuration: ""
[20.289s] -- Installing: /home/robot/debug_clear_ws/install/mpc_low/lib/mpc_low/low_solver
[20.298s] -- Set runtime path of "/home/robot/debug_clear_ws/install/mpc_low/lib/mpc_low/low_solver" to ""
[20.299s] -- Up-to-date: /home/robot/debug_clear_ws/install/mpc_low/share/ament_index/resource_index/package_run_dependencies/mpc_low
[20.299s] -- Up-to-date: /home/robot/debug_clear_ws/install/mpc_low/share/ament_index/resource_index/parent_prefix_path/mpc_low
[20.299s] -- Up-to-date: /home/robot/debug_clear_ws/install/mpc_low/share/mpc_low/environment/ament_prefix_path.sh
[20.299s] -- Up-to-date: /home/robot/debug_clear_ws/install/mpc_low/share/mpc_low/environment/ament_prefix_path.dsv
[20.299s] -- Up-to-date: /home/robot/debug_clear_ws/install/mpc_low/share/mpc_low/environment/path.sh
[20.299s] -- Up-to-date: /home/robot/debug_clear_ws/install/mpc_low/share/mpc_low/environment/path.dsv
[20.299s] -- Up-to-date: /home/robot/debug_clear_ws/install/mpc_low/share/mpc_low/local_setup.bash
[20.299s] -- Up-to-date: /home/robot/debug_clear_ws/install/mpc_low/share/mpc_low/local_setup.sh
[20.299s] -- Up-to-date: /home/robot/debug_clear_ws/install/mpc_low/share/mpc_low/local_setup.zsh
[20.300s] -- Up-to-date: /home/robot/debug_clear_ws/install/mpc_low/share/mpc_low/local_setup.dsv
[20.300s] -- Installing: /home/robot/debug_clear_ws/install/mpc_low/share/mpc_low/package.dsv
[20.300s] -- Up-to-date: /home/robot/debug_clear_ws/install/mpc_low/share/ament_index/resource_index/packages/mpc_low
[20.300s] -- Up-to-date: /home/robot/debug_clear_ws/install/mpc_low/share/mpc_low/cmake/mpc_lowConfig.cmake
[20.300s] -- Up-to-date: /home/robot/debug_clear_ws/install/mpc_low/share/mpc_low/cmake/mpc_lowConfig-version.cmake
[20.300s] -- Up-to-date: /home/robot/debug_clear_ws/install/mpc_low/share/mpc_low/package.xml
[20.302s] Invoked command in '/home/robot/debug_clear_ws/build/mpc_low' returned '0': CMAKE_PREFIX_PATH=${CMAKE_PREFIX_PATH}:/home/robot/debug_clear_ws/install/yolo_ros:/home/robot/debug_clear_ws/install/clearpath_config:/opt/ros/humble /usr/bin/cmake --install /home/robot/debug_clear_ws/build/mpc_low
