running egg_info
writing ../../../build/yolov8_ros/yolov8_ros.egg-info/PKG-INFO
writing dependency_links to ../../../build/yolov8_ros/yolov8_ros.egg-info/dependency_links.txt
writing entry points to ../../../build/yolov8_ros/yolov8_ros.egg-info/entry_points.txt
writing requirements to ../../../build/yolov8_ros/yolov8_ros.egg-info/requires.txt
writing top-level names to ../../../build/yolov8_ros/yolov8_ros.egg-info/top_level.txt
reading manifest file '../../../build/yolov8_ros/yolov8_ros.egg-info/SOURCES.txt'
writing manifest file '../../../build/yolov8_ros/yolov8_ros.egg-info/SOURCES.txt'
running build
running build_py
copying yolov8_ros/detect_3d_node.py -> /home/robot/debug_clear_ws/build/yolov8_ros/build/lib/yolov8_ros
copying yolov8_ros/tracking_node.py -> /home/robot/debug_clear_ws/build/yolov8_ros/build/lib/yolov8_ros
copying yolov8_ros/yolov8_node.py -> /home/robot/debug_clear_ws/build/yolov8_ros/build/lib/yolov8_ros
copying yolov8_ros/__init__.py -> /home/robot/debug_clear_ws/build/yolov8_ros/build/lib/yolov8_ros
copying yolov8_ros/debug_node.py -> /home/robot/debug_clear_ws/build/yolov8_ros/build/lib/yolov8_ros
running install
running install_lib
running install_data
copying resource/yolov8_ros -> /home/robot/debug_clear_ws/install/yolov8_ros/share/ament_index/resource_index/packages
copying package.xml -> /home/robot/debug_clear_ws/install/yolov8_ros/share/yolov8_ros
running install_egg_info
removing '/home/robot/debug_clear_ws/install/yolov8_ros/lib/python3.10/site-packages/yolov8_ros-0.0.0-py3.10.egg-info' (and everything under it)
Copying ../../../build/yolov8_ros/yolov8_ros.egg-info to /home/robot/debug_clear_ws/install/yolov8_ros/lib/python3.10/site-packages/yolov8_ros-0.0.0-py3.10.egg-info
running install_scripts
Installing debug_node script to /home/robot/debug_clear_ws/install/yolov8_ros/lib/yolov8_ros
Installing detect_3d_node script to /home/robot/debug_clear_ws/install/yolov8_ros/lib/yolov8_ros
Installing tracking_node script to /home/robot/debug_clear_ws/install/yolov8_ros/lib/yolov8_ros
Installing yolov8_node script to /home/robot/debug_clear_ws/install/yolov8_ros/lib/yolov8_ros
writing list of installed files to '/home/robot/debug_clear_ws/build/yolov8_ros/install.log'
