-- The C compiler identification is GNU 11.4.0
-- The CXX compiler identification is GNU 11.4.0
-- Detecting C compiler ABI info
-- Detecting C compiler ABI info - done
-- Check for working C compiler: /usr/bin/cc - skipped
-- Detecting C compile features
-- Detecting C compile features - done
-- Detecting CXX compiler ABI info
-- Detecting CXX compiler ABI info - done
-- Check for working CXX compiler: /usr/bin/c++ - skipped
-- Detecting CXX compile features
-- Detecting CXX compile features - done
-- Found ament_cmake: 1.3.11 (/opt/ros/humble/share/ament_cmake/cmake)
-- Found Python3: /usr/bin/python3 (found version "3.10.12") found components: Interpreter 
-- Override CMake install command with custom implementation using symlinks instead of copying resources
-- Configuring done
-- Generating done
-- Build files have been written to: /home/robot/debug_clear_ws/build/clearpath_msgs
-- Install configuration: ""
-- Execute custom install script
-- Symlinking: /home/robot/debug_clear_ws/install/clearpath_msgs/share/ament_index/resource_index/package_run_dependencies/clearpath_msgs
-- Symlinking: /home/robot/debug_clear_ws/install/clearpath_msgs/share/ament_index/resource_index/parent_prefix_path/clearpath_msgs
-- Symlinking: /home/robot/debug_clear_ws/install/clearpath_msgs/share/clearpath_msgs/environment/ament_prefix_path.sh
-- Symlinking: /home/robot/debug_clear_ws/install/clearpath_msgs/share/clearpath_msgs/environment/ament_prefix_path.dsv
-- Symlinking: /home/robot/debug_clear_ws/install/clearpath_msgs/share/clearpath_msgs/environment/path.sh
-- Symlinking: /home/robot/debug_clear_ws/install/clearpath_msgs/share/clearpath_msgs/environment/path.dsv
-- Symlinking: /home/robot/debug_clear_ws/install/clearpath_msgs/share/clearpath_msgs/local_setup.bash
-- Symlinking: /home/robot/debug_clear_ws/install/clearpath_msgs/share/clearpath_msgs/local_setup.sh
-- Symlinking: /home/robot/debug_clear_ws/install/clearpath_msgs/share/clearpath_msgs/local_setup.zsh
-- Symlinking: /home/robot/debug_clear_ws/install/clearpath_msgs/share/clearpath_msgs/local_setup.dsv
-- Symlinking: /home/robot/debug_clear_ws/install/clearpath_msgs/share/clearpath_msgs/package.dsv
-- Symlinking: /home/robot/debug_clear_ws/install/clearpath_msgs/share/ament_index/resource_index/packages/clearpath_msgs
-- Symlinking: /home/robot/debug_clear_ws/install/clearpath_msgs/share/clearpath_msgs/cmake/clearpath_msgsConfig.cmake
-- Symlinking: /home/robot/debug_clear_ws/install/clearpath_msgs/share/clearpath_msgs/cmake/clearpath_msgsConfig-version.cmake
-- Symlinking: /home/robot/debug_clear_ws/install/clearpath_msgs/share/clearpath_msgs/package.xml
