[0.998s] Invoking command in '/home/robot/debug_clear_ws/build/yolo_ros': CMAKE_PREFIX_PATH=/home/robot/debug_clear_ws/install/yolo_msgs:/home/robot/debug_clear_ws/install/yolov8_bringup:/home/robot/debug_clear_ws/install/yolov8_msgs:/home/robot/debug_clear_ws/install/yolo_bringup:/home/robot/debug_clear_ws/install/clearpath_simulator:/home/robot/debug_clear_ws/install/clearpath_gz:/home/robot/debug_clear_ws/install/clearpath_generator_gz:/home/robot/debug_clear_ws/install/clearpath_common:/home/robot/debug_clear_ws/install/clearpath_generator_common:/home/robot/debug_clear_ws/install/clearpath_description:/home/robot/debug_clear_ws/install/clearpath_sensors_description:/home/robot/debug_clear_ws/install/clearpath_platform:/home/robot/debug_clear_ws/install/clearpath_msgs:/home/robot/debug_clear_ws/install/clearpath_platform_msgs:/home/robot/debug_clear_ws/install/clearpath_platform_description:/home/robot/debug_clear_ws/install/clearpath_mounts_description:/home/robot/debug_clear_ws/install/clearpath_manipulators:/home/robot/debug_clear_ws/install/clearpath_manipulators_description:/home/robot/debug_clear_ws/install/clearpath_customization:/home/robot/debug_clear_ws/install/clearpath_control LD_LIBRARY_PATH=/home/robot/debug_clear_ws/install/yolo_msgs/lib:/home/robot/debug_clear_ws/install/yolov8_msgs/lib:/home/robot/debug_clear_ws/install/clearpath_platform/lib:/home/robot/debug_clear_ws/install/clearpath_platform_msgs/lib:/opt/ros/humble/opt/rviz_ogre_vendor/lib:/opt/ros/humble/lib/x86_64-linux-gnu:/opt/ros/humble/lib PYTHONPATH=/home/robot/debug_clear_ws/build/yolo_ros/prefix_override:/usr/lib/python3/dist-packages/colcon_core/task/python/colcon_distutils_commands:/home/robot/debug_clear_ws/install/yolo_ros/lib/python3.10/site-packages:${PYTHONPATH} /usr/bin/python3 -W ignore:setup.py install is deprecated -W ignore:easy_install command is deprecated setup.py develop --editable --build-directory /home/robot/debug_clear_ws/build/yolo_ros/build --no-deps symlink_data
[1.415s] running develop
[1.724s] running egg_info
[1.745s] creating yolo_ros.egg-info
[1.745s] writing yolo_ros.egg-info/PKG-INFO
[1.746s] writing dependency_links to yolo_ros.egg-info/dependency_links.txt
[1.746s] writing entry points to yolo_ros.egg-info/entry_points.txt
[1.746s] writing requirements to yolo_ros.egg-info/requires.txt
[1.746s] writing top-level names to yolo_ros.egg-info/top_level.txt
[1.746s] writing manifest file 'yolo_ros.egg-info/SOURCES.txt'
[1.789s] reading manifest file 'yolo_ros.egg-info/SOURCES.txt'
[1.790s] writing manifest file 'yolo_ros.egg-info/SOURCES.txt'
[1.817s] running build_ext
[1.817s] Creating /home/robot/debug_clear_ws/install/yolo_ros/lib/python3.10/site-packages/yolo-ros.egg-link (link to .)
[1.818s] Installing debug_node script to /home/robot/debug_clear_ws/install/yolo_ros/lib/yolo_ros
[1.818s] Installing detect_3d_node script to /home/robot/debug_clear_ws/install/yolo_ros/lib/yolo_ros
[1.818s] Installing tracking_node script to /home/robot/debug_clear_ws/install/yolo_ros/lib/yolo_ros
[1.818s] Installing yolo_node script to /home/robot/debug_clear_ws/install/yolo_ros/lib/yolo_ros
[1.818s] 
[1.818s] Installed /home/robot/debug_clear_ws/build/yolo_ros
[1.818s] running symlink_data
[1.819s] creating /home/robot/debug_clear_ws/install/yolo_ros/share/ament_index/resource_index/packages
[1.819s] symbolically linking /home/robot/debug_clear_ws/build/yolo_ros/resource/yolo_ros -> /home/robot/debug_clear_ws/install/yolo_ros/share/ament_index/resource_index/packages
[1.819s] symbolically linking /home/robot/debug_clear_ws/build/yolo_ros/package.xml -> /home/robot/debug_clear_ws/install/yolo_ros/share/yolo_ros
[1.845s] Invoked command in '/home/robot/debug_clear_ws/build/yolo_ros' returned '0': CMAKE_PREFIX_PATH=/home/robot/debug_clear_ws/install/yolo_msgs:/home/robot/debug_clear_ws/install/yolov8_bringup:/home/robot/debug_clear_ws/install/yolov8_msgs:/home/robot/debug_clear_ws/install/yolo_bringup:/home/robot/debug_clear_ws/install/clearpath_simulator:/home/robot/debug_clear_ws/install/clearpath_gz:/home/robot/debug_clear_ws/install/clearpath_generator_gz:/home/robot/debug_clear_ws/install/clearpath_common:/home/robot/debug_clear_ws/install/clearpath_generator_common:/home/robot/debug_clear_ws/install/clearpath_description:/home/robot/debug_clear_ws/install/clearpath_sensors_description:/home/robot/debug_clear_ws/install/clearpath_platform:/home/robot/debug_clear_ws/install/clearpath_msgs:/home/robot/debug_clear_ws/install/clearpath_platform_msgs:/home/robot/debug_clear_ws/install/clearpath_platform_description:/home/robot/debug_clear_ws/install/clearpath_mounts_description:/home/robot/debug_clear_ws/install/clearpath_manipulators:/home/robot/debug_clear_ws/install/clearpath_manipulators_description:/home/robot/debug_clear_ws/install/clearpath_customization:/home/robot/debug_clear_ws/install/clearpath_control LD_LIBRARY_PATH=/home/robot/debug_clear_ws/install/yolo_msgs/lib:/home/robot/debug_clear_ws/install/yolov8_msgs/lib:/home/robot/debug_clear_ws/install/clearpath_platform/lib:/home/robot/debug_clear_ws/install/clearpath_platform_msgs/lib:/opt/ros/humble/opt/rviz_ogre_vendor/lib:/opt/ros/humble/lib/x86_64-linux-gnu:/opt/ros/humble/lib PYTHONPATH=/home/robot/debug_clear_ws/build/yolo_ros/prefix_override:/usr/lib/python3/dist-packages/colcon_core/task/python/colcon_distutils_commands:/home/robot/debug_clear_ws/install/yolo_ros/lib/python3.10/site-packages:${PYTHONPATH} /usr/bin/python3 -W ignore:setup.py install is deprecated -W ignore:easy_install command is deprecated setup.py develop --editable --build-directory /home/robot/debug_clear_ws/build/yolo_ros/build --no-deps symlink_data
