[0.076s] Invoking command in '/home/robot/debug_clear_ws/build/clearpath_manipulators': CMAKE_PREFIX_PATH=/home/robot/debug_clear_ws/install/clearpath_manipulators_description:/home/robot/debug_clear_ws/install/yolov8_bringup:/home/robot/debug_clear_ws/install/yolov8_msgs:/home/robot/debug_clear_ws/install/clearpath_simulator:/home/robot/debug_clear_ws/install/clearpath_gz:/home/robot/debug_clear_ws/install/clearpath_generator_gz:/home/robot/debug_clear_ws/install/clearpath_common:/home/robot/debug_clear_ws/install/clearpath_generator_common:/home/robot/debug_clear_ws/install/clearpath_description:/home/robot/debug_clear_ws/install/clearpath_sensors_description:/home/robot/debug_clear_ws/install/clearpath_platform:/home/robot/debug_clear_ws/install/clearpath_msgs:/home/robot/debug_clear_ws/install/clearpath_platform_msgs:/home/robot/debug_clear_ws/install/clearpath_platform_description:/home/robot/debug_clear_ws/install/clearpath_mounts_description:/home/robot/debug_clear_ws/install/clearpath_manipulators:/home/robot/debug_clear_ws/install/clearpath_customization:/home/robot/debug_clear_ws/install/clearpath_control:/home/robot/debug_clear_ws/install/yolov8_ros:/home/robot/debug_clear_ws/install/clearpath_config:/opt/ros/humble /usr/bin/cmake --build /home/robot/debug_clear_ws/build/clearpath_manipulators -- -j12 -l12
[0.119s] Invoked command in '/home/robot/debug_clear_ws/build/clearpath_manipulators' returned '0': CMAKE_PREFIX_PATH=/home/robot/debug_clear_ws/install/clearpath_manipulators_description:/home/robot/debug_clear_ws/install/yolov8_bringup:/home/robot/debug_clear_ws/install/yolov8_msgs:/home/robot/debug_clear_ws/install/clearpath_simulator:/home/robot/debug_clear_ws/install/clearpath_gz:/home/robot/debug_clear_ws/install/clearpath_generator_gz:/home/robot/debug_clear_ws/install/clearpath_common:/home/robot/debug_clear_ws/install/clearpath_generator_common:/home/robot/debug_clear_ws/install/clearpath_description:/home/robot/debug_clear_ws/install/clearpath_sensors_description:/home/robot/debug_clear_ws/install/clearpath_platform:/home/robot/debug_clear_ws/install/clearpath_msgs:/home/robot/debug_clear_ws/install/clearpath_platform_msgs:/home/robot/debug_clear_ws/install/clearpath_platform_description:/home/robot/debug_clear_ws/install/clearpath_mounts_description:/home/robot/debug_clear_ws/install/clearpath_manipulators:/home/robot/debug_clear_ws/install/clearpath_customization:/home/robot/debug_clear_ws/install/clearpath_control:/home/robot/debug_clear_ws/install/yolov8_ros:/home/robot/debug_clear_ws/install/clearpath_config:/opt/ros/humble /usr/bin/cmake --build /home/robot/debug_clear_ws/build/clearpath_manipulators -- -j12 -l12
[0.147s] Invoking command in '/home/robot/debug_clear_ws/build/clearpath_manipulators': CMAKE_PREFIX_PATH=/home/robot/debug_clear_ws/install/clearpath_manipulators_description:/home/robot/debug_clear_ws/install/yolov8_bringup:/home/robot/debug_clear_ws/install/yolov8_msgs:/home/robot/debug_clear_ws/install/clearpath_simulator:/home/robot/debug_clear_ws/install/clearpath_gz:/home/robot/debug_clear_ws/install/clearpath_generator_gz:/home/robot/debug_clear_ws/install/clearpath_common:/home/robot/debug_clear_ws/install/clearpath_generator_common:/home/robot/debug_clear_ws/install/clearpath_description:/home/robot/debug_clear_ws/install/clearpath_sensors_description:/home/robot/debug_clear_ws/install/clearpath_platform:/home/robot/debug_clear_ws/install/clearpath_msgs:/home/robot/debug_clear_ws/install/clearpath_platform_msgs:/home/robot/debug_clear_ws/install/clearpath_platform_description:/home/robot/debug_clear_ws/install/clearpath_mounts_description:/home/robot/debug_clear_ws/install/clearpath_manipulators:/home/robot/debug_clear_ws/install/clearpath_customization:/home/robot/debug_clear_ws/install/clearpath_control:/home/robot/debug_clear_ws/install/yolov8_ros:/home/robot/debug_clear_ws/install/clearpath_config:/opt/ros/humble /usr/bin/cmake --install /home/robot/debug_clear_ws/build/clearpath_manipulators
[0.158s] -- Install configuration: ""
[0.158s] -- Up-to-date: /home/robot/debug_clear_ws/install/clearpath_manipulators/share/clearpath_manipulators/config
[0.158s] -- Up-to-date: /home/robot/debug_clear_ws/install/clearpath_manipulators/share/clearpath_manipulators/config/control.yaml
[0.159s] -- Up-to-date: /home/robot/debug_clear_ws/install/clearpath_manipulators/share/clearpath_manipulators/config/planning_scene.yaml
[0.159s] -- Up-to-date: /home/robot/debug_clear_ws/install/clearpath_manipulators/share/clearpath_manipulators/config/kinematics
[0.159s] -- Up-to-date: /home/robot/debug_clear_ws/install/clearpath_manipulators/share/clearpath_manipulators/config/kinematics/gripper.yaml
[0.159s] -- Up-to-date: /home/robot/debug_clear_ws/install/clearpath_manipulators/share/clearpath_manipulators/config/kinematics/arm.yaml
[0.159s] -- Up-to-date: /home/robot/debug_clear_ws/install/clearpath_manipulators/share/clearpath_manipulators/config/kinematics/lift.yaml
[0.159s] -- Up-to-date: /home/robot/debug_clear_ws/install/clearpath_manipulators/share/clearpath_manipulators/config/cartesian_limits.yaml
[0.159s] -- Up-to-date: /home/robot/debug_clear_ws/install/clearpath_manipulators/share/clearpath_manipulators/config/trajectory_execution.yaml
[0.159s] -- Up-to-date: /home/robot/debug_clear_ws/install/clearpath_manipulators/share/clearpath_manipulators/config/planning
[0.159s] -- Up-to-date: /home/robot/debug_clear_ws/install/clearpath_manipulators/share/clearpath_manipulators/config/planning/pilz
[0.159s] -- Up-to-date: /home/robot/debug_clear_ws/install/clearpath_manipulators/share/clearpath_manipulators/config/planning/pilz/defaults.yaml
[0.160s] -- Up-to-date: /home/robot/debug_clear_ws/install/clearpath_manipulators/share/clearpath_manipulators/config/planning/pilz/planning.yaml
[0.160s] -- Up-to-date: /home/robot/debug_clear_ws/install/clearpath_manipulators/share/clearpath_manipulators/config/planning/pipeline.yaml
[0.160s] -- Up-to-date: /home/robot/debug_clear_ws/install/clearpath_manipulators/share/clearpath_manipulators/config/planning/chomp
[0.160s] -- Up-to-date: /home/robot/debug_clear_ws/install/clearpath_manipulators/share/clearpath_manipulators/config/planning/chomp/planning.yaml
[0.160s] -- Up-to-date: /home/robot/debug_clear_ws/install/clearpath_manipulators/share/clearpath_manipulators/config/planning/_ompl
[0.160s] -- Up-to-date: /home/robot/debug_clear_ws/install/clearpath_manipulators/share/clearpath_manipulators/config/planning/_ompl/defaults.yaml
[0.160s] -- Up-to-date: /home/robot/debug_clear_ws/install/clearpath_manipulators/share/clearpath_manipulators/config/planning/_ompl/planning.yaml
[0.160s] -- Up-to-date: /home/robot/debug_clear_ws/install/clearpath_manipulators/share/clearpath_manipulators/launch
[0.161s] -- Up-to-date: /home/robot/debug_clear_ws/install/clearpath_manipulators/share/clearpath_manipulators/launch/control.launch.py
[0.161s] -- Up-to-date: /home/robot/debug_clear_ws/install/clearpath_manipulators/share/clearpath_manipulators/launch/moveit.launch.py
[0.161s] -- Up-to-date: /home/robot/debug_clear_ws/install/clearpath_manipulators/share/clearpath_manipulators/launch/manipulators.launch.py
[0.161s] -- Up-to-date: /home/robot/debug_clear_ws/install/clearpath_manipulators/share/ament_index/resource_index/package_run_dependencies/clearpath_manipulators
[0.161s] -- Up-to-date: /home/robot/debug_clear_ws/install/clearpath_manipulators/share/ament_index/resource_index/parent_prefix_path/clearpath_manipulators
[0.161s] -- Up-to-date: /home/robot/debug_clear_ws/install/clearpath_manipulators/share/clearpath_manipulators/environment/ament_prefix_path.sh
[0.161s] -- Up-to-date: /home/robot/debug_clear_ws/install/clearpath_manipulators/share/clearpath_manipulators/environment/ament_prefix_path.dsv
[0.161s] -- Up-to-date: /home/robot/debug_clear_ws/install/clearpath_manipulators/share/clearpath_manipulators/environment/path.sh
[0.162s] -- Up-to-date: /home/robot/debug_clear_ws/install/clearpath_manipulators/share/clearpath_manipulators/environment/path.dsv
[0.163s] -- Up-to-date: /home/robot/debug_clear_ws/install/clearpath_manipulators/share/clearpath_manipulators/local_setup.bash
[0.164s] -- Up-to-date: /home/robot/debug_clear_ws/install/clearpath_manipulators/share/clearpath_manipulators/local_setup.sh
[0.165s] -- Up-to-date: /home/robot/debug_clear_ws/install/clearpath_manipulators/share/clearpath_manipulators/local_setup.zsh
[0.165s] -- Up-to-date: /home/robot/debug_clear_ws/install/clearpath_manipulators/share/clearpath_manipulators/local_setup.dsv
[0.165s] -- Installing: /home/robot/debug_clear_ws/install/clearpath_manipulators/share/clearpath_manipulators/package.dsv
[0.165s] -- Up-to-date: /home/robot/debug_clear_ws/install/clearpath_manipulators/share/ament_index/resource_index/packages/clearpath_manipulators
[0.165s] -- Up-to-date: /home/robot/debug_clear_ws/install/clearpath_manipulators/share/clearpath_manipulators/cmake/clearpath_manipulatorsConfig.cmake
[0.165s] -- Up-to-date: /home/robot/debug_clear_ws/install/clearpath_manipulators/share/clearpath_manipulators/cmake/clearpath_manipulatorsConfig-version.cmake
[0.166s] -- Up-to-date: /home/robot/debug_clear_ws/install/clearpath_manipulators/share/clearpath_manipulators/package.xml
[0.168s] Invoked command in '/home/robot/debug_clear_ws/build/clearpath_manipulators' returned '0': CMAKE_PREFIX_PATH=/home/robot/debug_clear_ws/install/clearpath_manipulators_description:/home/robot/debug_clear_ws/install/yolov8_bringup:/home/robot/debug_clear_ws/install/yolov8_msgs:/home/robot/debug_clear_ws/install/clearpath_simulator:/home/robot/debug_clear_ws/install/clearpath_gz:/home/robot/debug_clear_ws/install/clearpath_generator_gz:/home/robot/debug_clear_ws/install/clearpath_common:/home/robot/debug_clear_ws/install/clearpath_generator_common:/home/robot/debug_clear_ws/install/clearpath_description:/home/robot/debug_clear_ws/install/clearpath_sensors_description:/home/robot/debug_clear_ws/install/clearpath_platform:/home/robot/debug_clear_ws/install/clearpath_msgs:/home/robot/debug_clear_ws/install/clearpath_platform_msgs:/home/robot/debug_clear_ws/install/clearpath_platform_description:/home/robot/debug_clear_ws/install/clearpath_mounts_description:/home/robot/debug_clear_ws/install/clearpath_manipulators:/home/robot/debug_clear_ws/install/clearpath_customization:/home/robot/debug_clear_ws/install/clearpath_control:/home/robot/debug_clear_ws/install/yolov8_ros:/home/robot/debug_clear_ws/install/clearpath_config:/opt/ros/humble /usr/bin/cmake --install /home/robot/debug_clear_ws/build/clearpath_manipulators
