[0.045s] Invoking command in '/home/dimash/debug_clear_ws/build/clearpath_nav2_demos': AMENT_PREFIX_PATH=/home/dimash/debug_clear_ws/install/clearpath_config:/home/dimash/debug_clear_ws/install/yolo_bringup:/home/dimash/debug_clear_ws/install/yolo_ros:/home/dimash/debug_clear_ws/install/mpc_low:/home/dimash/debug_clear_ws/install/yolo_msgs:/home/dimash/debug_clear_ws/install/point_cloud_debug:/home/dimash/debug_clear_ws/install/person_movement:/home/dimash/debug_clear_ws/install/move_model_plugin:/home/dimash/debug_clear_ws/install/clearpath_simulator:/home/dimash/debug_clear_ws/install/clearpath_gz:/home/dimash/debug_clear_ws/install/clearpath_generator_gz:/home/dimash/debug_clear_ws/install/clearpath_common:/home/dimash/debug_clear_ws/install/clearpath_generator_common:/home/dimash/debug_clear_ws/install/clearpath_description:/home/dimash/debug_clear_ws/install/clearpath_sensors_description:/home/dimash/debug_clear_ws/install/clearpath_platform:/home/dimash/debug_clear_ws/install/clearpath_msgs:/home/dimash/debug_clear_ws/install/clearpath_platform_msgs:/home/dimash/debug_clear_ws/install/clearpath_platform_description:/home/dimash/debug_clear_ws/install/clearpath_nav2_demos:/home/dimash/debug_clear_ws/install/clearpath_mounts_description:/home/dimash/debug_clear_ws/install/clearpath_manipulators:/home/dimash/debug_clear_ws/install/clearpath_manipulators_description:/home/dimash/debug_clear_ws/install/clearpath_customization:/home/dimash/debug_clear_ws/install/clearpath_control:/opt/ros/humble CMAKE_PREFIX_PATH=${CMAKE_PREFIX_PATH}:/home/dimash/debug_clear_ws/install/yolo_ros:/home/dimash/debug_clear_ws/install/person_movement:/home/dimash/debug_clear_ws/install/clearpath_config:/opt/ros/humble PYTHONPATH=/home/dimash/debug_clear_ws/install/clearpath_config/lib/python3.10/site-packages:/home/dimash/debug_clear_ws/install/yolo_ros/lib/python3.10/site-packages:/home/dimash/debug_clear_ws/install/yolo_msgs/local/lib/python3.10/dist-packages:/home/dimash/debug_clear_ws/install/person_movement/lib/python3.10/site-packages:/home/dimash/debug_clear_ws/install/clearpath_generator_gz/local/lib/python3.10/dist-packages:/home/dimash/debug_clear_ws/install/clearpath_generator_common/local/lib/python3.10/dist-packages:/home/dimash/debug_clear_ws/install/clearpath_platform_msgs/local/lib/python3.10/dist-packages:/opt/ros/humble/lib/python3.10/site-packages:/opt/ros/humble/local/lib/python3.10/dist-packages:/home/dimash/acados/lib /usr/bin/cmake --build /home/dimash/debug_clear_ws/build/clearpath_nav2_demos -- -j8 -l8
[0.293s] Invoked command in '/home/dimash/debug_clear_ws/build/clearpath_nav2_demos' returned '0': AMENT_PREFIX_PATH=/home/dimash/debug_clear_ws/install/clearpath_config:/home/dimash/debug_clear_ws/install/yolo_bringup:/home/dimash/debug_clear_ws/install/yolo_ros:/home/dimash/debug_clear_ws/install/mpc_low:/home/dimash/debug_clear_ws/install/yolo_msgs:/home/dimash/debug_clear_ws/install/point_cloud_debug:/home/dimash/debug_clear_ws/install/person_movement:/home/dimash/debug_clear_ws/install/move_model_plugin:/home/dimash/debug_clear_ws/install/clearpath_simulator:/home/dimash/debug_clear_ws/install/clearpath_gz:/home/dimash/debug_clear_ws/install/clearpath_generator_gz:/home/dimash/debug_clear_ws/install/clearpath_common:/home/dimash/debug_clear_ws/install/clearpath_generator_common:/home/dimash/debug_clear_ws/install/clearpath_description:/home/dimash/debug_clear_ws/install/clearpath_sensors_description:/home/dimash/debug_clear_ws/install/clearpath_platform:/home/dimash/debug_clear_ws/install/clearpath_msgs:/home/dimash/debug_clear_ws/install/clearpath_platform_msgs:/home/dimash/debug_clear_ws/install/clearpath_platform_description:/home/dimash/debug_clear_ws/install/clearpath_nav2_demos:/home/dimash/debug_clear_ws/install/clearpath_mounts_description:/home/dimash/debug_clear_ws/install/clearpath_manipulators:/home/dimash/debug_clear_ws/install/clearpath_manipulators_description:/home/dimash/debug_clear_ws/install/clearpath_customization:/home/dimash/debug_clear_ws/install/clearpath_control:/opt/ros/humble CMAKE_PREFIX_PATH=${CMAKE_PREFIX_PATH}:/home/dimash/debug_clear_ws/install/yolo_ros:/home/dimash/debug_clear_ws/install/person_movement:/home/dimash/debug_clear_ws/install/clearpath_config:/opt/ros/humble PYTHONPATH=/home/dimash/debug_clear_ws/install/clearpath_config/lib/python3.10/site-packages:/home/dimash/debug_clear_ws/install/yolo_ros/lib/python3.10/site-packages:/home/dimash/debug_clear_ws/install/yolo_msgs/local/lib/python3.10/dist-packages:/home/dimash/debug_clear_ws/install/person_movement/lib/python3.10/site-packages:/home/dimash/debug_clear_ws/install/clearpath_generator_gz/local/lib/python3.10/dist-packages:/home/dimash/debug_clear_ws/install/clearpath_generator_common/local/lib/python3.10/dist-packages:/home/dimash/debug_clear_ws/install/clearpath_platform_msgs/local/lib/python3.10/dist-packages:/opt/ros/humble/lib/python3.10/site-packages:/opt/ros/humble/local/lib/python3.10/dist-packages:/home/dimash/acados/lib /usr/bin/cmake --build /home/dimash/debug_clear_ws/build/clearpath_nav2_demos -- -j8 -l8
[0.303s] Invoking command in '/home/dimash/debug_clear_ws/build/clearpath_nav2_demos': AMENT_PREFIX_PATH=/home/dimash/debug_clear_ws/install/clearpath_config:/home/dimash/debug_clear_ws/install/yolo_bringup:/home/dimash/debug_clear_ws/install/yolo_ros:/home/dimash/debug_clear_ws/install/mpc_low:/home/dimash/debug_clear_ws/install/yolo_msgs:/home/dimash/debug_clear_ws/install/point_cloud_debug:/home/dimash/debug_clear_ws/install/person_movement:/home/dimash/debug_clear_ws/install/move_model_plugin:/home/dimash/debug_clear_ws/install/clearpath_simulator:/home/dimash/debug_clear_ws/install/clearpath_gz:/home/dimash/debug_clear_ws/install/clearpath_generator_gz:/home/dimash/debug_clear_ws/install/clearpath_common:/home/dimash/debug_clear_ws/install/clearpath_generator_common:/home/dimash/debug_clear_ws/install/clearpath_description:/home/dimash/debug_clear_ws/install/clearpath_sensors_description:/home/dimash/debug_clear_ws/install/clearpath_platform:/home/dimash/debug_clear_ws/install/clearpath_msgs:/home/dimash/debug_clear_ws/install/clearpath_platform_msgs:/home/dimash/debug_clear_ws/install/clearpath_platform_description:/home/dimash/debug_clear_ws/install/clearpath_nav2_demos:/home/dimash/debug_clear_ws/install/clearpath_mounts_description:/home/dimash/debug_clear_ws/install/clearpath_manipulators:/home/dimash/debug_clear_ws/install/clearpath_manipulators_description:/home/dimash/debug_clear_ws/install/clearpath_customization:/home/dimash/debug_clear_ws/install/clearpath_control:/opt/ros/humble CMAKE_PREFIX_PATH=${CMAKE_PREFIX_PATH}:/home/dimash/debug_clear_ws/install/yolo_ros:/home/dimash/debug_clear_ws/install/person_movement:/home/dimash/debug_clear_ws/install/clearpath_config:/opt/ros/humble PYTHONPATH=/home/dimash/debug_clear_ws/install/clearpath_config/lib/python3.10/site-packages:/home/dimash/debug_clear_ws/install/yolo_ros/lib/python3.10/site-packages:/home/dimash/debug_clear_ws/install/yolo_msgs/local/lib/python3.10/dist-packages:/home/dimash/debug_clear_ws/install/person_movement/lib/python3.10/site-packages:/home/dimash/debug_clear_ws/install/clearpath_generator_gz/local/lib/python3.10/dist-packages:/home/dimash/debug_clear_ws/install/clearpath_generator_common/local/lib/python3.10/dist-packages:/home/dimash/debug_clear_ws/install/clearpath_platform_msgs/local/lib/python3.10/dist-packages:/opt/ros/humble/lib/python3.10/site-packages:/opt/ros/humble/local/lib/python3.10/dist-packages:/home/dimash/acados/lib /usr/bin/cmake --install /home/dimash/debug_clear_ws/build/clearpath_nav2_demos
[0.365s] -- Install configuration: ""
[0.365s] -- Up-to-date: /home/dimash/debug_clear_ws/install/clearpath_nav2_demos/share/clearpath_nav2_demos/config
[0.365s] -- Up-to-date: /home/dimash/debug_clear_ws/install/clearpath_nav2_demos/share/clearpath_nav2_demos/config/r100
[0.365s] -- Up-to-date: /home/dimash/debug_clear_ws/install/clearpath_nav2_demos/share/clearpath_nav2_demos/config/r100/slam.yaml
[0.365s] -- Up-to-date: /home/dimash/debug_clear_ws/install/clearpath_nav2_demos/share/clearpath_nav2_demos/config/r100/nav2.yaml
[0.365s] -- Up-to-date: /home/dimash/debug_clear_ws/install/clearpath_nav2_demos/share/clearpath_nav2_demos/config/r100/localization.yaml
[0.366s] -- Up-to-date: /home/dimash/debug_clear_ws/install/clearpath_nav2_demos/share/clearpath_nav2_demos/config/j100
[0.366s] -- Up-to-date: /home/dimash/debug_clear_ws/install/clearpath_nav2_demos/share/clearpath_nav2_demos/config/j100/nav2 copy.yaml
[0.366s] -- Up-to-date: /home/dimash/debug_clear_ws/install/clearpath_nav2_demos/share/clearpath_nav2_demos/config/j100/slam.yaml
[0.366s] -- Up-to-date: /home/dimash/debug_clear_ws/install/clearpath_nav2_demos/share/clearpath_nav2_demos/config/j100/nav2.yaml
[0.366s] -- Up-to-date: /home/dimash/debug_clear_ws/install/clearpath_nav2_demos/share/clearpath_nav2_demos/config/j100/localization.yaml
[0.390s] -- Up-to-date: /home/dimash/debug_clear_ws/install/clearpath_nav2_demos/share/clearpath_nav2_demos/config/dd150
[0.391s] -- Up-to-date: /home/dimash/debug_clear_ws/install/clearpath_nav2_demos/share/clearpath_nav2_demos/config/dd150/slam.yaml
[0.392s] -- Up-to-date: /home/dimash/debug_clear_ws/install/clearpath_nav2_demos/share/clearpath_nav2_demos/config/dd150/nav2.yaml
[0.393s] -- Up-to-date: /home/dimash/debug_clear_ws/install/clearpath_nav2_demos/share/clearpath_nav2_demos/config/dd150/localization.yaml
[0.393s] -- Up-to-date: /home/dimash/debug_clear_ws/install/clearpath_nav2_demos/share/clearpath_nav2_demos/config/a200
[0.393s] -- Up-to-date: /home/dimash/debug_clear_ws/install/clearpath_nav2_demos/share/clearpath_nav2_demos/config/a200/slam.yaml
[0.393s] -- Up-to-date: /home/dimash/debug_clear_ws/install/clearpath_nav2_demos/share/clearpath_nav2_demos/config/a200/nav2.yaml
[0.393s] -- Up-to-date: /home/dimash/debug_clear_ws/install/clearpath_nav2_demos/share/clearpath_nav2_demos/config/a200/localization.yaml
[0.393s] -- Up-to-date: /home/dimash/debug_clear_ws/install/clearpath_nav2_demos/share/clearpath_nav2_demos/config/dd100
[0.393s] -- Up-to-date: /home/dimash/debug_clear_ws/install/clearpath_nav2_demos/share/clearpath_nav2_demos/config/dd100/slam.yaml
[0.393s] -- Up-to-date: /home/dimash/debug_clear_ws/install/clearpath_nav2_demos/share/clearpath_nav2_demos/config/dd100/nav2.yaml
[0.393s] -- Up-to-date: /home/dimash/debug_clear_ws/install/clearpath_nav2_demos/share/clearpath_nav2_demos/config/dd100/localization.yaml
[0.394s] -- Up-to-date: /home/dimash/debug_clear_ws/install/clearpath_nav2_demos/share/clearpath_nav2_demos/config/do100
[0.394s] -- Up-to-date: /home/dimash/debug_clear_ws/install/clearpath_nav2_demos/share/clearpath_nav2_demos/config/do100/slam.yaml
[0.394s] -- Up-to-date: /home/dimash/debug_clear_ws/install/clearpath_nav2_demos/share/clearpath_nav2_demos/config/do100/nav2.yaml
[0.394s] -- Up-to-date: /home/dimash/debug_clear_ws/install/clearpath_nav2_demos/share/clearpath_nav2_demos/config/do100/localization.yaml
[0.394s] -- Up-to-date: /home/dimash/debug_clear_ws/install/clearpath_nav2_demos/share/clearpath_nav2_demos/config/w200
[0.394s] -- Up-to-date: /home/dimash/debug_clear_ws/install/clearpath_nav2_demos/share/clearpath_nav2_demos/config/w200/slam.yaml
[0.394s] -- Up-to-date: /home/dimash/debug_clear_ws/install/clearpath_nav2_demos/share/clearpath_nav2_demos/config/w200/nav2.yaml
[0.394s] -- Up-to-date: /home/dimash/debug_clear_ws/install/clearpath_nav2_demos/share/clearpath_nav2_demos/config/w200/localization.yaml
[0.394s] -- Up-to-date: /home/dimash/debug_clear_ws/install/clearpath_nav2_demos/share/clearpath_nav2_demos/config/do150
[0.394s] -- Up-to-date: /home/dimash/debug_clear_ws/install/clearpath_nav2_demos/share/clearpath_nav2_demos/config/do150/slam.yaml
[0.395s] -- Up-to-date: /home/dimash/debug_clear_ws/install/clearpath_nav2_demos/share/clearpath_nav2_demos/config/do150/nav2.yaml
[0.395s] -- Up-to-date: /home/dimash/debug_clear_ws/install/clearpath_nav2_demos/share/clearpath_nav2_demos/config/do150/localization.yaml
[0.395s] -- Up-to-date: /home/dimash/debug_clear_ws/install/clearpath_nav2_demos/share/clearpath_nav2_demos/launch
[0.395s] -- Up-to-date: /home/dimash/debug_clear_ws/install/clearpath_nav2_demos/share/clearpath_nav2_demos/launch/localization.launch.py
[0.395s] -- Up-to-date: /home/dimash/debug_clear_ws/install/clearpath_nav2_demos/share/clearpath_nav2_demos/launch/slam.launch.py
[0.402s] -- Up-to-date: /home/dimash/debug_clear_ws/install/clearpath_nav2_demos/share/clearpath_nav2_demos/launch/nav2.launch.py
[0.403s] -- Up-to-date: /home/dimash/debug_clear_ws/install/clearpath_nav2_demos/share/clearpath_nav2_demos/maps
[0.403s] -- Up-to-date: /home/dimash/debug_clear_ws/install/clearpath_nav2_demos/share/clearpath_nav2_demos/maps/warehouse.pgm
[0.403s] -- Up-to-date: /home/dimash/debug_clear_ws/install/clearpath_nav2_demos/share/clearpath_nav2_demos/maps/warehouse.yaml
[0.403s] -- Up-to-date: /home/dimash/debug_clear_ws/install/clearpath_nav2_demos/share/ament_index/resource_index/package_run_dependencies/clearpath_nav2_demos
[0.403s] -- Up-to-date: /home/dimash/debug_clear_ws/install/clearpath_nav2_demos/share/ament_index/resource_index/parent_prefix_path/clearpath_nav2_demos
[0.403s] -- Up-to-date: /home/dimash/debug_clear_ws/install/clearpath_nav2_demos/share/clearpath_nav2_demos/environment/ament_prefix_path.sh
[0.416s] -- Up-to-date: /home/dimash/debug_clear_ws/install/clearpath_nav2_demos/share/clearpath_nav2_demos/environment/ament_prefix_path.dsv
[0.416s] -- Up-to-date: /home/dimash/debug_clear_ws/install/clearpath_nav2_demos/share/clearpath_nav2_demos/environment/path.sh
[0.416s] -- Up-to-date: /home/dimash/debug_clear_ws/install/clearpath_nav2_demos/share/clearpath_nav2_demos/environment/path.dsv
[0.417s] -- Up-to-date: /home/dimash/debug_clear_ws/install/clearpath_nav2_demos/share/clearpath_nav2_demos/local_setup.bash
[0.417s] -- Up-to-date: /home/dimash/debug_clear_ws/install/clearpath_nav2_demos/share/clearpath_nav2_demos/local_setup.sh
[0.417s] -- Up-to-date: /home/dimash/debug_clear_ws/install/clearpath_nav2_demos/share/clearpath_nav2_demos/local_setup.zsh
[0.417s] -- Up-to-date: /home/dimash/debug_clear_ws/install/clearpath_nav2_demos/share/clearpath_nav2_demos/local_setup.dsv
[0.417s] -- Installing: /home/dimash/debug_clear_ws/install/clearpath_nav2_demos/share/clearpath_nav2_demos/package.dsv
[0.417s] -- Up-to-date: /home/dimash/debug_clear_ws/install/clearpath_nav2_demos/share/ament_index/resource_index/packages/clearpath_nav2_demos
[0.417s] -- Up-to-date: /home/dimash/debug_clear_ws/install/clearpath_nav2_demos/share/clearpath_nav2_demos/cmake/clearpath_nav2_demosConfig.cmake
[0.417s] -- Up-to-date: /home/dimash/debug_clear_ws/install/clearpath_nav2_demos/share/clearpath_nav2_demos/cmake/clearpath_nav2_demosConfig-version.cmake
[0.417s] -- Up-to-date: /home/dimash/debug_clear_ws/install/clearpath_nav2_demos/share/clearpath_nav2_demos/package.xml
[0.418s] Invoked command in '/home/dimash/debug_clear_ws/build/clearpath_nav2_demos' returned '0': AMENT_PREFIX_PATH=/home/dimash/debug_clear_ws/install/clearpath_config:/home/dimash/debug_clear_ws/install/yolo_bringup:/home/dimash/debug_clear_ws/install/yolo_ros:/home/dimash/debug_clear_ws/install/mpc_low:/home/dimash/debug_clear_ws/install/yolo_msgs:/home/dimash/debug_clear_ws/install/point_cloud_debug:/home/dimash/debug_clear_ws/install/person_movement:/home/dimash/debug_clear_ws/install/move_model_plugin:/home/dimash/debug_clear_ws/install/clearpath_simulator:/home/dimash/debug_clear_ws/install/clearpath_gz:/home/dimash/debug_clear_ws/install/clearpath_generator_gz:/home/dimash/debug_clear_ws/install/clearpath_common:/home/dimash/debug_clear_ws/install/clearpath_generator_common:/home/dimash/debug_clear_ws/install/clearpath_description:/home/dimash/debug_clear_ws/install/clearpath_sensors_description:/home/dimash/debug_clear_ws/install/clearpath_platform:/home/dimash/debug_clear_ws/install/clearpath_msgs:/home/dimash/debug_clear_ws/install/clearpath_platform_msgs:/home/dimash/debug_clear_ws/install/clearpath_platform_description:/home/dimash/debug_clear_ws/install/clearpath_nav2_demos:/home/dimash/debug_clear_ws/install/clearpath_mounts_description:/home/dimash/debug_clear_ws/install/clearpath_manipulators:/home/dimash/debug_clear_ws/install/clearpath_manipulators_description:/home/dimash/debug_clear_ws/install/clearpath_customization:/home/dimash/debug_clear_ws/install/clearpath_control:/opt/ros/humble CMAKE_PREFIX_PATH=${CMAKE_PREFIX_PATH}:/home/dimash/debug_clear_ws/install/yolo_ros:/home/dimash/debug_clear_ws/install/person_movement:/home/dimash/debug_clear_ws/install/clearpath_config:/opt/ros/humble PYTHONPATH=/home/dimash/debug_clear_ws/install/clearpath_config/lib/python3.10/site-packages:/home/dimash/debug_clear_ws/install/yolo_ros/lib/python3.10/site-packages:/home/dimash/debug_clear_ws/install/yolo_msgs/local/lib/python3.10/dist-packages:/home/dimash/debug_clear_ws/install/person_movement/lib/python3.10/site-packages:/home/dimash/debug_clear_ws/install/clearpath_generator_gz/local/lib/python3.10/dist-packages:/home/dimash/debug_clear_ws/install/clearpath_generator_common/local/lib/python3.10/dist-packages:/home/dimash/debug_clear_ws/install/clearpath_platform_msgs/local/lib/python3.10/dist-packages:/opt/ros/humble/lib/python3.10/site-packages:/opt/ros/humble/local/lib/python3.10/dist-packages:/home/dimash/acados/lib /usr/bin/cmake --install /home/dimash/debug_clear_ws/build/clearpath_nav2_demos
