-- Found ament_cmake: 1.3.11 (/opt/ros/humble/share/ament_cmake/cmake)
-- Override CMake install command with custom implementation using symlinks instead of copying resources
-- Configuring done
-- Generating done
-- Build files have been written to: /home/robot/debug_clear_ws/build/clearpath_msgs
-- Install configuration: ""
-- Execute custom install script
-- Up-to-date symlink: /home/robot/debug_clear_ws/install/clearpath_msgs/share/ament_index/resource_index/package_run_dependencies/clearpath_msgs
-- Up-to-date symlink: /home/robot/debug_clear_ws/install/clearpath_msgs/share/ament_index/resource_index/parent_prefix_path/clearpath_msgs
-- Up-to-date symlink: /home/robot/debug_clear_ws/install/clearpath_msgs/share/clearpath_msgs/environment/ament_prefix_path.sh
-- Up-to-date symlink: /home/robot/debug_clear_ws/install/clearpath_msgs/share/clearpath_msgs/environment/ament_prefix_path.dsv
-- Up-to-date symlink: /home/robot/debug_clear_ws/install/clearpath_msgs/share/clearpath_msgs/environment/path.sh
-- Up-to-date symlink: /home/robot/debug_clear_ws/install/clearpath_msgs/share/clearpath_msgs/environment/path.dsv
-- Up-to-date symlink: /home/robot/debug_clear_ws/install/clearpath_msgs/share/clearpath_msgs/local_setup.bash
-- Up-to-date symlink: /home/robot/debug_clear_ws/install/clearpath_msgs/share/clearpath_msgs/local_setup.sh
-- Up-to-date symlink: /home/robot/debug_clear_ws/install/clearpath_msgs/share/clearpath_msgs/local_setup.zsh
-- Up-to-date symlink: /home/robot/debug_clear_ws/install/clearpath_msgs/share/clearpath_msgs/local_setup.dsv
-- Symlinking: /home/robot/debug_clear_ws/install/clearpath_msgs/share/clearpath_msgs/package.dsv
-- Up-to-date symlink: /home/robot/debug_clear_ws/install/clearpath_msgs/share/ament_index/resource_index/packages/clearpath_msgs
-- Up-to-date symlink: /home/robot/debug_clear_ws/install/clearpath_msgs/share/clearpath_msgs/cmake/clearpath_msgsConfig.cmake
-- Up-to-date symlink: /home/robot/debug_clear_ws/install/clearpath_msgs/share/clearpath_msgs/cmake/clearpath_msgsConfig-version.cmake
-- Up-to-date symlink: /home/robot/debug_clear_ws/install/clearpath_msgs/share/clearpath_msgs/package.xml
