[0.129s] Invoking command in '/home/dimash/debug_clear_ws/build/move_model_plugin': CMAKE_PREFIX_PATH=${CMAKE_PREFIX_PATH}:/home/dimash/debug_clear_ws/install/yolo_ros:/home/dimash/debug_clear_ws/install/clearpath_config:/opt/ros/humble /usr/bin/cmake --build /home/dimash/debug_clear_ws/build/move_model_plugin -- -j8 -l8
[0.158s] [100%] Built target move_model_plugin
[0.214s] Invoked command in '/home/dimash/debug_clear_ws/build/move_model_plugin' returned '0': CMAKE_PREFIX_PATH=${CMAKE_PREFIX_PATH}:/home/dimash/debug_clear_ws/install/yolo_ros:/home/dimash/debug_clear_ws/install/clearpath_config:/opt/ros/humble /usr/bin/cmake --build /home/dimash/debug_clear_ws/build/move_model_plugin -- -j8 -l8
[0.214s] Invoking command in '/home/dimash/debug_clear_ws/build/move_model_plugin': CMAKE_PREFIX_PATH=${CMAKE_PREFIX_PATH}:/home/dimash/debug_clear_ws/install/yolo_ros:/home/dimash/debug_clear_ws/install/clearpath_config:/opt/ros/humble /usr/bin/cmake --install /home/dimash/debug_clear_ws/build/move_model_plugin
[0.233s] -- Install configuration: ""
[0.233s] -- Up-to-date: /home/dimash/debug_clear_ws/install/move_model_plugin/lib/libmove_model_plugin.so
[0.233s] -- Up-to-date: /home/dimash/debug_clear_ws/install/move_model_plugin/share/ament_index/resource_index/package_run_dependencies/move_model_plugin
[0.233s] -- Up-to-date: /home/dimash/debug_clear_ws/install/move_model_plugin/share/ament_index/resource_index/parent_prefix_path/move_model_plugin
[0.233s] -- Up-to-date: /home/dimash/debug_clear_ws/install/move_model_plugin/share/move_model_plugin/environment/ament_prefix_path.sh
[0.233s] -- Up-to-date: /home/dimash/debug_clear_ws/install/move_model_plugin/share/move_model_plugin/environment/ament_prefix_path.dsv
[0.233s] -- Up-to-date: /home/dimash/debug_clear_ws/install/move_model_plugin/share/move_model_plugin/environment/path.sh
[0.234s] -- Up-to-date: /home/dimash/debug_clear_ws/install/move_model_plugin/share/move_model_plugin/environment/path.dsv
[0.235s] -- Up-to-date: /home/dimash/debug_clear_ws/install/move_model_plugin/share/move_model_plugin/local_setup.bash
[0.235s] -- Up-to-date: /home/dimash/debug_clear_ws/install/move_model_plugin/share/move_model_plugin/local_setup.sh
[0.235s] -- Up-to-date: /home/dimash/debug_clear_ws/install/move_model_plugin/share/move_model_plugin/local_setup.zsh
[0.235s] -- Up-to-date: /home/dimash/debug_clear_ws/install/move_model_plugin/share/move_model_plugin/local_setup.dsv
[0.235s] -- Installing: /home/dimash/debug_clear_ws/install/move_model_plugin/share/move_model_plugin/package.dsv
[0.235s] -- Up-to-date: /home/dimash/debug_clear_ws/install/move_model_plugin/share/ament_index/resource_index/packages/move_model_plugin
[0.235s] -- Up-to-date: /home/dimash/debug_clear_ws/install/move_model_plugin/share/move_model_plugin/cmake/move_model_pluginConfig.cmake
[0.235s] -- Up-to-date: /home/dimash/debug_clear_ws/install/move_model_plugin/share/move_model_plugin/cmake/move_model_pluginConfig-version.cmake
[0.235s] -- Up-to-date: /home/dimash/debug_clear_ws/install/move_model_plugin/share/move_model_plugin/package.xml
[0.329s] Invoked command in '/home/dimash/debug_clear_ws/build/move_model_plugin' returned '0': CMAKE_PREFIX_PATH=${CMAKE_PREFIX_PATH}:/home/dimash/debug_clear_ws/install/yolo_ros:/home/dimash/debug_clear_ws/install/clearpath_config:/opt/ros/humble /usr/bin/cmake --install /home/dimash/debug_clear_ws/build/move_model_plugin
