[3.676s] Invoking command in '/home/robot/debug_clear_ws/src/yolo_ros/yolo_ros': CMAKE_PREFIX_PATH=/home/robot/debug_clear_ws/install/yolo_msgs:/home/robot/debug_clear_ws/install/yolo_bringup:/home/robot/debug_clear_ws/install/clearpath_simulator:/home/robot/debug_clear_ws/install/clearpath_gz:/home/robot/debug_clear_ws/install/clearpath_generator_gz:/home/robot/debug_clear_ws/install/clearpath_common:/home/robot/debug_clear_ws/install/clearpath_generator_common:/home/robot/debug_clear_ws/install/clearpath_description:/home/robot/debug_clear_ws/install/clearpath_sensors_description:/home/robot/debug_clear_ws/install/clearpath_platform:/home/robot/debug_clear_ws/install/clearpath_msgs:/home/robot/debug_clear_ws/install/clearpath_platform_msgs:/home/robot/debug_clear_ws/install/clearpath_platform_description:/home/robot/debug_clear_ws/install/clearpath_mounts_description:/home/robot/debug_clear_ws/install/clearpath_manipulators:/home/robot/debug_clear_ws/install/clearpath_manipulators_description:/home/robot/debug_clear_ws/install/clearpath_customization:/home/robot/debug_clear_ws/install/clearpath_control PYTHONPATH=/home/robot/debug_clear_ws/build/yolo_ros/prefix_override:/usr/lib/python3/dist-packages/colcon_core/task/python/colcon_distutils_commands:/home/robot/debug_clear_ws/install/yolo_ros/lib/python3.10/site-packages:${PYTHONPATH} /usr/bin/python3 -W ignore:setup.py install is deprecated -W ignore:easy_install command is deprecated setup.py egg_info --egg-base ../../../build/yolo_ros build --build-base /home/robot/debug_clear_ws/build/yolo_ros/build install --record /home/robot/debug_clear_ws/build/yolo_ros/install.log --single-version-externally-managed install_data
[5.218s] running egg_info
[5.289s] writing ../../../build/yolo_ros/yolo_ros.egg-info/PKG-INFO
[5.289s] writing dependency_links to ../../../build/yolo_ros/yolo_ros.egg-info/dependency_links.txt
[5.290s] writing entry points to ../../../build/yolo_ros/yolo_ros.egg-info/entry_points.txt
[5.290s] writing requirements to ../../../build/yolo_ros/yolo_ros.egg-info/requires.txt
[5.291s] writing top-level names to ../../../build/yolo_ros/yolo_ros.egg-info/top_level.txt
[5.540s] reading manifest file '../../../build/yolo_ros/yolo_ros.egg-info/SOURCES.txt'
[5.542s] writing manifest file '../../../build/yolo_ros/yolo_ros.egg-info/SOURCES.txt'
[5.542s] running build
[5.542s] running build_py
[5.543s] copying yolo_ros/detect_3d_node.py -> /home/robot/debug_clear_ws/build/yolo_ros/build/lib/yolo_ros
[5.546s] copying yolo_ros/tracking_node.py -> /home/robot/debug_clear_ws/build/yolo_ros/build/lib/yolo_ros
[5.549s] copying yolo_ros/yolo_node.py -> /home/robot/debug_clear_ws/build/yolo_ros/build/lib/yolo_ros
[5.549s] copying yolo_ros/__init__.py -> /home/robot/debug_clear_ws/build/yolo_ros/build/lib/yolo_ros
[5.550s] copying yolo_ros/debug_node.py -> /home/robot/debug_clear_ws/build/yolo_ros/build/lib/yolo_ros
[5.551s] running install
[5.573s] running install_lib
[5.680s] running install_data
[5.680s] copying resource/yolo_ros -> /home/robot/debug_clear_ws/install/yolo_ros/share/ament_index/resource_index/packages
[5.681s] copying package.xml -> /home/robot/debug_clear_ws/install/yolo_ros/share/yolo_ros
[5.681s] running install_egg_info
[5.788s] removing '/home/robot/debug_clear_ws/install/yolo_ros/lib/python3.10/site-packages/yolo_ros-0.0.0-py3.10.egg-info' (and everything under it)
[5.791s] Copying ../../../build/yolo_ros/yolo_ros.egg-info to /home/robot/debug_clear_ws/install/yolo_ros/lib/python3.10/site-packages/yolo_ros-0.0.0-py3.10.egg-info
[5.795s] running install_scripts
[6.808s] Installing debug_node script to /home/robot/debug_clear_ws/install/yolo_ros/lib/yolo_ros
[6.808s] Installing detect_3d_node script to /home/robot/debug_clear_ws/install/yolo_ros/lib/yolo_ros
[6.808s] Installing tracking_node script to /home/robot/debug_clear_ws/install/yolo_ros/lib/yolo_ros
[6.808s] Installing yolo_node script to /home/robot/debug_clear_ws/install/yolo_ros/lib/yolo_ros
[6.812s] writing list of installed files to '/home/robot/debug_clear_ws/build/yolo_ros/install.log'
[6.931s] Invoked command in '/home/robot/debug_clear_ws/src/yolo_ros/yolo_ros' returned '0': CMAKE_PREFIX_PATH=/home/robot/debug_clear_ws/install/yolo_msgs:/home/robot/debug_clear_ws/install/yolo_bringup:/home/robot/debug_clear_ws/install/clearpath_simulator:/home/robot/debug_clear_ws/install/clearpath_gz:/home/robot/debug_clear_ws/install/clearpath_generator_gz:/home/robot/debug_clear_ws/install/clearpath_common:/home/robot/debug_clear_ws/install/clearpath_generator_common:/home/robot/debug_clear_ws/install/clearpath_description:/home/robot/debug_clear_ws/install/clearpath_sensors_description:/home/robot/debug_clear_ws/install/clearpath_platform:/home/robot/debug_clear_ws/install/clearpath_msgs:/home/robot/debug_clear_ws/install/clearpath_platform_msgs:/home/robot/debug_clear_ws/install/clearpath_platform_description:/home/robot/debug_clear_ws/install/clearpath_mounts_description:/home/robot/debug_clear_ws/install/clearpath_manipulators:/home/robot/debug_clear_ws/install/clearpath_manipulators_description:/home/robot/debug_clear_ws/install/clearpath_customization:/home/robot/debug_clear_ws/install/clearpath_control PYTHONPATH=/home/robot/debug_clear_ws/build/yolo_ros/prefix_override:/usr/lib/python3/dist-packages/colcon_core/task/python/colcon_distutils_commands:/home/robot/debug_clear_ws/install/yolo_ros/lib/python3.10/site-packages:${PYTHONPATH} /usr/bin/python3 -W ignore:setup.py install is deprecated -W ignore:easy_install command is deprecated setup.py egg_info --egg-base ../../../build/yolo_ros build --build-base /home/robot/debug_clear_ws/build/yolo_ros/build install --record /home/robot/debug_clear_ws/build/yolo_ros/install.log --single-version-externally-managed install_data
