[0.053s] Invoking command in '/home/dimash/debug_clear_ws/build/clearpath_description': AMENT_PREFIX_PATH=/home/dimash/debug_clear_ws/install/clearpath_sensors_description:/home/dimash/debug_clear_ws/install/clearpath_platform_description:/home/dimash/debug_clear_ws/install/clearpath_mounts_description:/home/dimash/debug_clear_ws/install/clearpath_manipulators_description:${AMENT_PREFIX_PATH} CMAKE_PREFIX_PATH=/home/dimash/debug_clear_ws/install/clearpath_sensors_description:/home/dimash/debug_clear_ws/install/clearpath_platform_description:/home/dimash/debug_clear_ws/install/clearpath_mounts_description:/home/dimash/debug_clear_ws/install/clearpath_manipulators_description:/opt/ros/humble /usr/bin/cmake --build /home/dimash/debug_clear_ws/build/clearpath_description -- -j8 -l8
[0.417s] Invoked command in '/home/dimash/debug_clear_ws/build/clearpath_description' returned '0': AMENT_PREFIX_PATH=/home/dimash/debug_clear_ws/install/clearpath_sensors_description:/home/dimash/debug_clear_ws/install/clearpath_platform_description:/home/dimash/debug_clear_ws/install/clearpath_mounts_description:/home/dimash/debug_clear_ws/install/clearpath_manipulators_description:${AMENT_PREFIX_PATH} CMAKE_PREFIX_PATH=/home/dimash/debug_clear_ws/install/clearpath_sensors_description:/home/dimash/debug_clear_ws/install/clearpath_platform_description:/home/dimash/debug_clear_ws/install/clearpath_mounts_description:/home/dimash/debug_clear_ws/install/clearpath_manipulators_description:/opt/ros/humble /usr/bin/cmake --build /home/dimash/debug_clear_ws/build/clearpath_description -- -j8 -l8
[0.419s] Invoking command in '/home/dimash/debug_clear_ws/build/clearpath_description': AMENT_PREFIX_PATH=/home/dimash/debug_clear_ws/install/clearpath_sensors_description:/home/dimash/debug_clear_ws/install/clearpath_platform_description:/home/dimash/debug_clear_ws/install/clearpath_mounts_description:/home/dimash/debug_clear_ws/install/clearpath_manipulators_description:${AMENT_PREFIX_PATH} CMAKE_PREFIX_PATH=/home/dimash/debug_clear_ws/install/clearpath_sensors_description:/home/dimash/debug_clear_ws/install/clearpath_platform_description:/home/dimash/debug_clear_ws/install/clearpath_mounts_description:/home/dimash/debug_clear_ws/install/clearpath_manipulators_description:/opt/ros/humble /usr/bin/cmake --install /home/dimash/debug_clear_ws/build/clearpath_description
[0.441s] -- Install configuration: ""
[0.441s] -- Up-to-date: /home/dimash/debug_clear_ws/install/clearpath_description/share/ament_index/resource_index/package_run_dependencies/clearpath_description
[0.441s] -- Up-to-date: /home/dimash/debug_clear_ws/install/clearpath_description/share/ament_index/resource_index/parent_prefix_path/clearpath_description
[0.442s] -- Up-to-date: /home/dimash/debug_clear_ws/install/clearpath_description/share/clearpath_description/environment/ament_prefix_path.sh
[0.445s] -- Up-to-date: /home/dimash/debug_clear_ws/install/clearpath_description/share/clearpath_description/environment/ament_prefix_path.dsv
[0.446s] -- Up-to-date: /home/dimash/debug_clear_ws/install/clearpath_description/share/clearpath_description/environment/path.sh
[0.446s] -- Up-to-date: /home/dimash/debug_clear_ws/install/clearpath_description/share/clearpath_description/environment/path.dsv
[0.446s] -- Up-to-date: /home/dimash/debug_clear_ws/install/clearpath_description/share/clearpath_description/local_setup.bash
[0.446s] -- Up-to-date: /home/dimash/debug_clear_ws/install/clearpath_description/share/clearpath_description/local_setup.sh
[0.446s] -- Up-to-date: /home/dimash/debug_clear_ws/install/clearpath_description/share/clearpath_description/local_setup.zsh
[0.446s] -- Up-to-date: /home/dimash/debug_clear_ws/install/clearpath_description/share/clearpath_description/local_setup.dsv
[0.447s] -- Installing: /home/dimash/debug_clear_ws/install/clearpath_description/share/clearpath_description/package.dsv
[0.447s] -- Up-to-date: /home/dimash/debug_clear_ws/install/clearpath_description/share/ament_index/resource_index/packages/clearpath_description
[0.447s] -- Up-to-date: /home/dimash/debug_clear_ws/install/clearpath_description/share/clearpath_description/cmake/clearpath_descriptionConfig.cmake
[0.447s] -- Up-to-date: /home/dimash/debug_clear_ws/install/clearpath_description/share/clearpath_description/cmake/clearpath_descriptionConfig-version.cmake
[0.447s] -- Up-to-date: /home/dimash/debug_clear_ws/install/clearpath_description/share/clearpath_description/package.xml
[0.540s] Invoked command in '/home/dimash/debug_clear_ws/build/clearpath_description' returned '0': AMENT_PREFIX_PATH=/home/dimash/debug_clear_ws/install/clearpath_sensors_description:/home/dimash/debug_clear_ws/install/clearpath_platform_description:/home/dimash/debug_clear_ws/install/clearpath_mounts_description:/home/dimash/debug_clear_ws/install/clearpath_manipulators_description:${AMENT_PREFIX_PATH} CMAKE_PREFIX_PATH=/home/dimash/debug_clear_ws/install/clearpath_sensors_description:/home/dimash/debug_clear_ws/install/clearpath_platform_description:/home/dimash/debug_clear_ws/install/clearpath_mounts_description:/home/dimash/debug_clear_ws/install/clearpath_manipulators_description:/opt/ros/humble /usr/bin/cmake --install /home/dimash/debug_clear_ws/build/clearpath_description
