[0.041s] Invoking command in '/home/robot/debug_clear_ws/build/clearpath_control': CMAKE_PREFIX_PATH=${CMAKE_PREFIX_PATH}:/home/robot/debug_clear_ws/install/yolov8_ros:/home/robot/debug_clear_ws/install/yolo_ros:/home/robot/debug_clear_ws/install/clearpath_config:/opt/ros/humble /usr/bin/cmake /home/robot/debug_clear_ws/src/clearpath_common/clearpath_control -DAMENT_CMAKE_SYMLINK_INSTALL=1 -DCMAKE_INSTALL_PREFIX=/home/robot/debug_clear_ws/install/clearpath_control
[0.471s] -- The C compiler identification is GNU 11.4.0
[0.471s] -- The CXX compiler identification is GNU 11.4.0
[0.471s] -- Detecting C compiler ABI info
[0.471s] -- Detecting C compiler ABI info - done
[0.472s] -- Check for working C compiler: /usr/bin/cc - skipped
[0.472s] -- Detecting C compile features
[0.472s] -- Detecting C compile features - done
[0.473s] -- Detecting CXX compiler ABI info
[0.560s] -- Detecting CXX compiler ABI info - done
[0.575s] -- Check for working CXX compiler: /usr/bin/c++ - skipped
[0.575s] -- Detecting CXX compile features
[0.576s] -- Detecting CXX compile features - done
[0.582s] -- Found ament_cmake: 1.3.11 (/opt/ros/humble/share/ament_cmake/cmake)
[1.298s] -- Found Python3: /usr/bin/python3 (found version "3.10.12") found components: Interpreter 
[1.401s] -- Override CMake install command with custom implementation using symlinks instead of copying resources
[1.585s] -- Configuring done
[1.588s] -- Generating done
[1.591s] -- Build files have been written to: /home/robot/debug_clear_ws/build/clearpath_control
[1.596s] Invoked command in '/home/robot/debug_clear_ws/build/clearpath_control' returned '0': CMAKE_PREFIX_PATH=${CMAKE_PREFIX_PATH}:/home/robot/debug_clear_ws/install/yolov8_ros:/home/robot/debug_clear_ws/install/yolo_ros:/home/robot/debug_clear_ws/install/clearpath_config:/opt/ros/humble /usr/bin/cmake /home/robot/debug_clear_ws/src/clearpath_common/clearpath_control -DAMENT_CMAKE_SYMLINK_INSTALL=1 -DCMAKE_INSTALL_PREFIX=/home/robot/debug_clear_ws/install/clearpath_control
[1.599s] Invoking command in '/home/robot/debug_clear_ws/build/clearpath_control': CMAKE_PREFIX_PATH=${CMAKE_PREFIX_PATH}:/home/robot/debug_clear_ws/install/yolov8_ros:/home/robot/debug_clear_ws/install/yolo_ros:/home/robot/debug_clear_ws/install/clearpath_config:/opt/ros/humble /usr/bin/cmake --build /home/robot/debug_clear_ws/build/clearpath_control -- -j12 -l12
[1.653s] Invoked command in '/home/robot/debug_clear_ws/build/clearpath_control' returned '0': CMAKE_PREFIX_PATH=${CMAKE_PREFIX_PATH}:/home/robot/debug_clear_ws/install/yolov8_ros:/home/robot/debug_clear_ws/install/yolo_ros:/home/robot/debug_clear_ws/install/clearpath_config:/opt/ros/humble /usr/bin/cmake --build /home/robot/debug_clear_ws/build/clearpath_control -- -j12 -l12
[1.671s] Invoking command in '/home/robot/debug_clear_ws/build/clearpath_control': CMAKE_PREFIX_PATH=${CMAKE_PREFIX_PATH}:/home/robot/debug_clear_ws/install/yolov8_ros:/home/robot/debug_clear_ws/install/yolo_ros:/home/robot/debug_clear_ws/install/clearpath_config:/opt/ros/humble /usr/bin/cmake --install /home/robot/debug_clear_ws/build/clearpath_control
[1.686s] -- Install configuration: ""
[1.687s] -- Execute custom install script
[1.689s] -- Symlinking: /home/robot/debug_clear_ws/install/clearpath_control/share/clearpath_control/config/a200/control.yaml
[1.705s] -- Symlinking: /home/robot/debug_clear_ws/install/clearpath_control/share/clearpath_control/config/a200/localization.yaml
[1.722s] -- Symlinking: /home/robot/debug_clear_ws/install/clearpath_control/share/clearpath_control/config/a200/teleop_interactive_markers.yaml
[1.738s] -- Symlinking: /home/robot/debug_clear_ws/install/clearpath_control/share/clearpath_control/config/a200/teleop_logitech.yaml
[1.756s] -- Symlinking: /home/robot/debug_clear_ws/install/clearpath_control/share/clearpath_control/config/a200/teleop_ps4.yaml
[1.769s] -- Symlinking: /home/robot/debug_clear_ws/install/clearpath_control/share/clearpath_control/config/dd100/control.yaml
[1.789s] -- Symlinking: /home/robot/debug_clear_ws/install/clearpath_control/share/clearpath_control/config/dd100/localization.yaml
[1.800s] -- Symlinking: /home/robot/debug_clear_ws/install/clearpath_control/share/clearpath_control/config/dd100/teleop_interactive_markers.yaml
[1.815s] -- Symlinking: /home/robot/debug_clear_ws/install/clearpath_control/share/clearpath_control/config/dd100/teleop_logitech.yaml
[1.831s] -- Symlinking: /home/robot/debug_clear_ws/install/clearpath_control/share/clearpath_control/config/dd100/teleop_ps4.yaml
[1.846s] -- Symlinking: /home/robot/debug_clear_ws/install/clearpath_control/share/clearpath_control/config/dd150/control.yaml
[1.864s] -- Symlinking: /home/robot/debug_clear_ws/install/clearpath_control/share/clearpath_control/config/dd150/localization.yaml
[1.877s] -- Symlinking: /home/robot/debug_clear_ws/install/clearpath_control/share/clearpath_control/config/dd150/teleop_interactive_markers.yaml
[1.890s] -- Symlinking: /home/robot/debug_clear_ws/install/clearpath_control/share/clearpath_control/config/dd150/teleop_logitech.yaml
[1.906s] -- Symlinking: /home/robot/debug_clear_ws/install/clearpath_control/share/clearpath_control/config/dd150/teleop_ps4.yaml
[1.921s] -- Symlinking: /home/robot/debug_clear_ws/install/clearpath_control/share/clearpath_control/config/do100/control.yaml
[1.935s] -- Symlinking: /home/robot/debug_clear_ws/install/clearpath_control/share/clearpath_control/config/do100/localization.yaml
[1.950s] -- Symlinking: /home/robot/debug_clear_ws/install/clearpath_control/share/clearpath_control/config/do100/teleop_interactive_markers.yaml
[1.965s] -- Symlinking: /home/robot/debug_clear_ws/install/clearpath_control/share/clearpath_control/config/do100/teleop_logitech.yaml
[1.978s] -- Symlinking: /home/robot/debug_clear_ws/install/clearpath_control/share/clearpath_control/config/do100/teleop_ps4.yaml
[1.994s] -- Symlinking: /home/robot/debug_clear_ws/install/clearpath_control/share/clearpath_control/config/do150/control.yaml
[2.007s] -- Symlinking: /home/robot/debug_clear_ws/install/clearpath_control/share/clearpath_control/config/do150/localization.yaml
[2.022s] -- Symlinking: /home/robot/debug_clear_ws/install/clearpath_control/share/clearpath_control/config/do150/teleop_interactive_markers.yaml
[2.037s] -- Symlinking: /home/robot/debug_clear_ws/install/clearpath_control/share/clearpath_control/config/do150/teleop_logitech.yaml
[2.052s] -- Symlinking: /home/robot/debug_clear_ws/install/clearpath_control/share/clearpath_control/config/do150/teleop_ps4.yaml
[2.067s] -- Symlinking: /home/robot/debug_clear_ws/install/clearpath_control/share/clearpath_control/config/generic/localization.yaml
[2.083s] -- Symlinking: /home/robot/debug_clear_ws/install/clearpath_control/share/clearpath_control/config/generic/teleop_interactive_markers.yaml
[2.098s] -- Symlinking: /home/robot/debug_clear_ws/install/clearpath_control/share/clearpath_control/config/generic/teleop_logitech.yaml
[2.113s] -- Symlinking: /home/robot/debug_clear_ws/install/clearpath_control/share/clearpath_control/config/generic/teleop_ps4.yaml
[2.128s] -- Symlinking: /home/robot/debug_clear_ws/install/clearpath_control/share/clearpath_control/config/j100/control.yaml
[2.140s] -- Symlinking: /home/robot/debug_clear_ws/install/clearpath_control/share/clearpath_control/config/j100/localization.yaml
[2.156s] -- Symlinking: /home/robot/debug_clear_ws/install/clearpath_control/share/clearpath_control/config/j100/teleop_interactive_markers.yaml
[2.170s] -- Symlinking: /home/robot/debug_clear_ws/install/clearpath_control/share/clearpath_control/config/j100/teleop_logitech.yaml
[2.184s] -- Symlinking: /home/robot/debug_clear_ws/install/clearpath_control/share/clearpath_control/config/j100/teleop_ps4.yaml
[2.199s] -- Symlinking: /home/robot/debug_clear_ws/install/clearpath_control/share/clearpath_control/config/r100/control.yaml
[2.214s] -- Symlinking: /home/robot/debug_clear_ws/install/clearpath_control/share/clearpath_control/config/r100/localization.yaml
[2.229s] -- Symlinking: /home/robot/debug_clear_ws/install/clearpath_control/share/clearpath_control/config/r100/teleop_interactive_markers.yaml
[2.242s] -- Symlinking: /home/robot/debug_clear_ws/install/clearpath_control/share/clearpath_control/config/r100/teleop_logitech.yaml
[2.257s] -- Symlinking: /home/robot/debug_clear_ws/install/clearpath_control/share/clearpath_control/config/r100/teleop_ps4.yaml
[2.271s] -- Symlinking: /home/robot/debug_clear_ws/install/clearpath_control/share/clearpath_control/config/twist_mux.yaml
[2.285s] -- Symlinking: /home/robot/debug_clear_ws/install/clearpath_control/share/clearpath_control/config/w200/control.yaml
[2.298s] -- Symlinking: /home/robot/debug_clear_ws/install/clearpath_control/share/clearpath_control/config/w200/localization.yaml
[2.313s] -- Symlinking: /home/robot/debug_clear_ws/install/clearpath_control/share/clearpath_control/config/w200/teleop_interactive_markers.yaml
[2.328s] -- Symlinking: /home/robot/debug_clear_ws/install/clearpath_control/share/clearpath_control/config/w200/teleop_logitech.yaml
[2.343s] -- Symlinking: /home/robot/debug_clear_ws/install/clearpath_control/share/clearpath_control/config/w200/teleop_ps4.yaml
[2.358s] -- Symlinking: /home/robot/debug_clear_ws/install/clearpath_control/share/clearpath_control/launch/control.launch.py
[2.376s] -- Symlinking: /home/robot/debug_clear_ws/install/clearpath_control/share/clearpath_control/launch/localization.launch.py
[2.388s] -- Symlinking: /home/robot/debug_clear_ws/install/clearpath_control/share/clearpath_control/launch/teleop_base.launch.py
[2.401s] -- Symlinking: /home/robot/debug_clear_ws/install/clearpath_control/share/clearpath_control/launch/teleop_joy.launch.py
[2.416s] -- Symlinking: /home/robot/debug_clear_ws/install/clearpath_control/share/ament_index/resource_index/package_run_dependencies/clearpath_control
[2.433s] -- Symlinking: /home/robot/debug_clear_ws/install/clearpath_control/share/ament_index/resource_index/parent_prefix_path/clearpath_control
[2.444s] -- Symlinking: /home/robot/debug_clear_ws/install/clearpath_control/share/clearpath_control/environment/ament_prefix_path.sh
[2.456s] -- Symlinking: /home/robot/debug_clear_ws/install/clearpath_control/share/clearpath_control/environment/ament_prefix_path.dsv
[2.468s] -- Symlinking: /home/robot/debug_clear_ws/install/clearpath_control/share/clearpath_control/environment/path.sh
[2.480s] -- Symlinking: /home/robot/debug_clear_ws/install/clearpath_control/share/clearpath_control/environment/path.dsv
[2.495s] -- Symlinking: /home/robot/debug_clear_ws/install/clearpath_control/share/clearpath_control/local_setup.bash
[2.510s] -- Symlinking: /home/robot/debug_clear_ws/install/clearpath_control/share/clearpath_control/local_setup.sh
[2.523s] -- Symlinking: /home/robot/debug_clear_ws/install/clearpath_control/share/clearpath_control/local_setup.zsh
[2.538s] -- Symlinking: /home/robot/debug_clear_ws/install/clearpath_control/share/clearpath_control/local_setup.dsv
[2.552s] -- Symlinking: /home/robot/debug_clear_ws/install/clearpath_control/share/clearpath_control/package.dsv
[2.565s] -- Symlinking: /home/robot/debug_clear_ws/install/clearpath_control/share/ament_index/resource_index/packages/clearpath_control
[2.579s] -- Symlinking: /home/robot/debug_clear_ws/install/clearpath_control/share/clearpath_control/cmake/clearpath_controlConfig.cmake
[2.594s] -- Symlinking: /home/robot/debug_clear_ws/install/clearpath_control/share/clearpath_control/cmake/clearpath_controlConfig-version.cmake
[2.608s] -- Symlinking: /home/robot/debug_clear_ws/install/clearpath_control/share/clearpath_control/package.xml
[2.622s] Invoked command in '/home/robot/debug_clear_ws/build/clearpath_control' returned '0': CMAKE_PREFIX_PATH=${CMAKE_PREFIX_PATH}:/home/robot/debug_clear_ws/install/yolov8_ros:/home/robot/debug_clear_ws/install/yolo_ros:/home/robot/debug_clear_ws/install/clearpath_config:/opt/ros/humble /usr/bin/cmake --install /home/robot/debug_clear_ws/build/clearpath_control
