[0.011s] Invoking command in '/home/robot/debug_clear_ws/build/mpc_low': CMAKE_PREFIX_PATH=${CMAKE_PREFIX_PATH}:/home/robot/debug_clear_ws/install/yolo_ros:/home/robot/debug_clear_ws/install/clearpath_config:/opt/ros/humble /usr/bin/cmake --build /home/robot/debug_clear_ws/build/mpc_low -- -j12 -l12
[0.062s] [ 45%] Built target mpc_solver
[0.075s] [35m[1mConsolidate compiler generated dependencies of target mpc_low[0m
[0.098s] [ 54%] [32mBuilding CXX object CMakeFiles/mpc_low.dir/src/low_solver.cpp.o[0m
[2.764s] In file included from [01m[K/home/robot/debug_clear_ws/src/mpc_low/src/low_solver.cpp:20[m[K:
[2.764s] [01m[K/home/robot/debug_clear_ws/src/mpc_low/solver/acados_solver_holder.cpp:19:7:[m[K [01;31m[Kerror: [m[Kno declaration matches ‘[01m[Kint my_NMPC_solver::solve_my_mpc(double*, double*, double*, double*, double*, double*)[m[K’
[2.764s]    19 |   int [01;31m[Kmy_NMPC_solver[m[K::solve_my_mpc(double current_robot_position[3], double costmap_data[520], double current_robot_goal[3], double tracking_goal[30], double results[8], double trajectory[33]) {
[2.764s]       |       [01;31m[K^~~~~~~~~~~~~~[m[K
[2.764s] In file included from [01m[K/home/robot/debug_clear_ws/src/mpc_low/solver/acados_solver_holder.cpp:1[m[K,
[2.764s]                  from [01m[K/home/robot/debug_clear_ws/src/mpc_low/src/low_solver.cpp:20[m[K:
[2.764s] [01m[K/home/robot/debug_clear_ws/src/mpc_low/include/acados_solver_holder.hpp:61:9:[m[K [01;36m[Knote: [m[Kcandidate is: ‘[01m[Kint my_NMPC_solver::solve_my_mpc(double*, double*, double*, double*, double*, double*, double*)[m[K’
[2.764s]    61 |     int [01;36m[Ksolve_my_mpc[m[K(double current_joint_position[7], double current_human_position[56], double current_joint_goal[7], double tracking_goal[70], double cgoal[3], double results[18], double my_weights[11]);
[2.764s]       |         [01;36m[K^~~~~~~~~~~~[m[K
[2.764s] [01m[K/home/robot/debug_clear_ws/src/mpc_low/include/acados_solver_holder.hpp:54:7:[m[K [01;36m[Knote: [m[K‘[01m[Kclass my_NMPC_solver[m[K’ defined here
[2.764s]    54 | class [01;36m[Kmy_NMPC_solver[m[K {
[2.764s]       |       [01;36m[K^~~~~~~~~~~~~~[m[K
[3.232s] [01m[K/home/robot/debug_clear_ws/src/mpc_low/src/low_solver.cpp:[m[K In member function ‘[01m[Kvoid GoalFollower::amcl_pose_callback(const ConstSharedPtr&)[m[K’:
[3.232s] [01m[K/home/robot/debug_clear_ws/src/mpc_low/src/low_solver.cpp:170:33:[m[K [01;31m[Kerror: [m[K‘[01m[KgetYaw[m[K’ is not a member of ‘[01m[Ktf2[m[K’
[3.232s]   170 |         current_pose_[2] = tf2::[01;31m[KgetYaw[m[K(q);
[3.233s]       |                                 [01;31m[K^~~~~~[m[K
[3.237s] [01m[K/home/robot/debug_clear_ws/src/mpc_low/src/low_solver.cpp:[m[K In member function ‘[01m[Kvoid GoalFollower::process_mpc_solution()[m[K’:
[3.237s] [01m[K/home/robot/debug_clear_ws/src/mpc_low/src/low_solver.cpp:223:52:[m[K [01;31m[Kerror: [m[Kno matching function for call to ‘[01m[Kmy_NMPC_solver::solve_my_mpc(std::array<double, 3>::pointer, std::array<double, 520>::pointer, std::array<double, 3>::pointer, std::array<double, 30>::pointer, double [8], double [33])[m[K’
[3.237s]   223 |         const int status = [01;31m[KmyMpcSolver.solve_my_mpc([m[K
[3.237s]       |                            [01;31m[K~~~~~~~~~~~~~~~~~~~~~~~~^[m[K
[3.237s]   224 | [01;31m[K            current_robot_position.data(),[m[K
[3.237s]       |             [01;31m[K~~~~~~~~~~~~~~~~~~~~~~~~~~~~~~[m[K          
[3.237s]   225 | [01;31m[K            transformed_costmap.data(),[m[K
[3.237s]       |             [01;31m[K~~~~~~~~~~~~~~~~~~~~~~~~~~~[m[K             
[3.238s]   226 | [01;31m[K            current_robot_goal.data(),[m[K
[3.238s]       |             [01;31m[K~~~~~~~~~~~~~~~~~~~~~~~~~~[m[K              
[3.238s]   227 | [01;31m[K            tracking_goal.data(),[m[K
[3.238s]       |             [01;31m[K~~~~~~~~~~~~~~~~~~~~~[m[K                   
[3.238s]   228 | [01;31m[K            result,[m[K
[3.238s]       |             [01;31m[K~~~~~~~[m[K                                 
[3.238s]   229 | [01;31m[K            trajectory[m[K
[3.238s]       |             [01;31m[K~~~~~~~~~~[m[K                              
[3.238s]   230 | [01;31m[K        )[m[K;
[3.238s]       |         [01;31m[K~[m[K                                           
[3.238s] In file included from [01m[K/home/robot/debug_clear_ws/src/mpc_low/solver/acados_solver_holder.cpp:1[m[K,
[3.239s]                  from [01m[K/home/robot/debug_clear_ws/src/mpc_low/src/low_solver.cpp:20[m[K:
[3.239s] [01m[K/home/robot/debug_clear_ws/src/mpc_low/include/acados_solver_holder.hpp:61:9:[m[K [01;36m[Knote: [m[Kcandidate: ‘[01m[Kint my_NMPC_solver::solve_my_mpc(double*, double*, double*, double*, double*, double*, double*)[m[K’
[3.239s]    61 |     int [01;36m[Ksolve_my_mpc[m[K(double current_joint_position[7], double current_human_position[56], double current_joint_goal[7], double tracking_goal[70], double cgoal[3], double results[18], double my_weights[11]);
[3.239s]       |         [01;36m[K^~~~~~~~~~~~[m[K
[3.239s] [01m[K/home/robot/debug_clear_ws/src/mpc_low/include/acados_solver_holder.hpp:61:9:[m[K [01;36m[Knote: [m[K  candidate expects 7 arguments, 6 provided
[8.319s] gmake[2]: *** [CMakeFiles/mpc_low.dir/build.make:76: CMakeFiles/mpc_low.dir/src/low_solver.cpp.o] Error 1
[8.319s] gmake[1]: *** [CMakeFiles/Makefile2:169: CMakeFiles/mpc_low.dir/all] Error 2
[8.319s] gmake: *** [Makefile:146: all] Error 2
[8.321s] Invoked command in '/home/robot/debug_clear_ws/build/mpc_low' returned '2': CMAKE_PREFIX_PATH=${CMAKE_PREFIX_PATH}:/home/robot/debug_clear_ws/install/yolo_ros:/home/robot/debug_clear_ws/install/clearpath_config:/opt/ros/humble /usr/bin/cmake --build /home/robot/debug_clear_ws/build/mpc_low -- -j12 -l12
