[1.350s] Invoking command in '/home/dimash/debug_clear_ws/src/person_movement': PYTHONPATH=/home/dimash/debug_clear_ws/build/person_movement/prefix_override:/usr/lib/python3/dist-packages/colcon_core/task/python/colcon_distutils_commands:/home/dimash/debug_clear_ws/install/person_movement/lib/python3.10/site-packages:${PYTHONPATH} /usr/bin/python3 -W ignore:setup.py install is deprecated -W ignore:easy_install command is deprecated setup.py egg_info --egg-base ../../build/person_movement build --build-base /home/dimash/debug_clear_ws/build/person_movement/build install --record /home/dimash/debug_clear_ws/build/person_movement/install.log --single-version-externally-managed install_data
[1.819s] running egg_info
[1.820s] writing ../../build/person_movement/person_movement.egg-info/PKG-INFO
[1.820s] writing dependency_links to ../../build/person_movement/person_movement.egg-info/dependency_links.txt
[1.822s] writing entry points to ../../build/person_movement/person_movement.egg-info/entry_points.txt
[1.822s] writing requirements to ../../build/person_movement/person_movement.egg-info/requires.txt
[1.822s] writing top-level names to ../../build/person_movement/person_movement.egg-info/top_level.txt
[1.824s] reading manifest file '../../build/person_movement/person_movement.egg-info/SOURCES.txt'
[1.824s] writing manifest file '../../build/person_movement/person_movement.egg-info/SOURCES.txt'
[1.825s] running build
[1.825s] running build_py
[1.825s] running install
[1.827s] running install_lib
[1.827s] running install_data
[1.827s] running install_egg_info
[1.830s] removing '/home/dimash/debug_clear_ws/install/person_movement/lib/python3.10/site-packages/person_movement-0.0.0-py3.10.egg-info' (and everything under it)
[1.831s] Copying ../../build/person_movement/person_movement.egg-info to /home/dimash/debug_clear_ws/install/person_movement/lib/python3.10/site-packages/person_movement-0.0.0-py3.10.egg-info
[1.831s] running install_scripts
[1.863s] Installing move_and_publish_person script to /home/dimash/debug_clear_ws/install/person_movement/lib/person_movement
[1.864s] writing list of installed files to '/home/dimash/debug_clear_ws/build/person_movement/install.log'
[1.904s] Invoked command in '/home/dimash/debug_clear_ws/src/person_movement' returned '0': PYTHONPATH=/home/dimash/debug_clear_ws/build/person_movement/prefix_override:/usr/lib/python3/dist-packages/colcon_core/task/python/colcon_distutils_commands:/home/dimash/debug_clear_ws/install/person_movement/lib/python3.10/site-packages:${PYTHONPATH} /usr/bin/python3 -W ignore:setup.py install is deprecated -W ignore:easy_install command is deprecated setup.py egg_info --egg-base ../../build/person_movement build --build-base /home/dimash/debug_clear_ws/build/person_movement/build install --record /home/dimash/debug_clear_ws/build/person_movement/install.log --single-version-externally-managed install_data
