[0.023s] Invoking command in '/home/robot/debug_clear_ws/build/clearpath_generator_gz': AMENT_PREFIX_PATH=/home/robot/debug_clear_ws/install/clearpath_generator_common:/home/robot/debug_clear_ws/install/clearpath_platform:/home/robot/debug_clear_ws/install/clearpath_manipulators:/home/robot/debug_clear_ws/install/clearpath_description:/home/robot/debug_clear_ws/install/clearpath_sensors_description:/home/robot/debug_clear_ws/install/clearpath_platform_msgs:/home/robot/debug_clear_ws/install/clearpath_platform_description:/home/robot/debug_clear_ws/install/clearpath_mounts_description:/home/robot/debug_clear_ws/install/clearpath_manipulators_description:/home/robot/debug_clear_ws/install/clearpath_control:/home/robot/debug_clear_ws/install/clearpath_config:${AMENT_PREFIX_PATH} CMAKE_PREFIX_PATH=/home/robot/debug_clear_ws/install/clearpath_generator_common:/home/robot/debug_clear_ws/install/clearpath_platform:/home/robot/debug_clear_ws/install/clearpath_manipulators:/home/robot/debug_clear_ws/install/clearpath_description:/home/robot/debug_clear_ws/install/clearpath_sensors_description:/home/robot/debug_clear_ws/install/clearpath_platform_msgs:/home/robot/debug_clear_ws/install/clearpath_platform_description:/home/robot/debug_clear_ws/install/clearpath_mounts_description:/home/robot/debug_clear_ws/install/clearpath_manipulators_description:/home/robot/debug_clear_ws/install/clearpath_control:/home/robot/debug_clear_ws/install/mpc_low:/opt/ros/humble LD_LIBRARY_PATH=/home/robot/debug_clear_ws/install/clearpath_platform/lib:/home/robot/debug_clear_ws/install/clearpath_platform_msgs/lib:${LD_LIBRARY_PATH} PYTHONPATH=/home/robot/debug_clear_ws/install/clearpath_generator_common/local/lib/python3.10/dist-packages:/home/robot/debug_clear_ws/install/clearpath_platform_msgs/local/lib/python3.10/dist-packages:/home/robot/debug_clear_ws/install/clearpath_config/lib/python3.10/site-packages:${PYTHONPATH} /usr/bin/cmake /home/robot/debug_clear_ws/src/clearpath_simulator/clearpath_generator_gz -DCMAKE_INSTALL_PREFIX=/home/robot/debug_clear_ws/install/clearpath_generator_gz
[0.081s] -- The C compiler identification is GNU 11.4.0
[0.138s] -- The CXX compiler identification is GNU 11.4.0
[0.145s] -- Detecting C compiler ABI info
[0.216s] -- Detecting C compiler ABI info - done
[0.225s] -- Check for working C compiler: /usr/bin/cc - skipped
[0.225s] -- Detecting C compile features
[0.226s] -- Detecting C compile features - done
[0.229s] -- Detecting CXX compiler ABI info
[0.313s] -- Detecting CXX compiler ABI info - done
[0.321s] -- Check for working CXX compiler: /usr/bin/c++ - skipped
[0.321s] -- Detecting CXX compile features
[0.321s] -- Detecting CXX compile features - done
[0.325s] -- Found ament_cmake: 1.3.11 (/opt/ros/humble/share/ament_cmake/cmake)
[0.706s] -- Found Python3: /usr/bin/python3 (found version "3.10.12") found components: Interpreter 
[0.895s] -- Found ament_lint_auto: 0.12.11 (/opt/ros/humble/share/ament_lint_auto/cmake)
[0.979s] -- Added test 'flake8' to check Python code syntax and style conventions
[0.979s] -- Added test 'lint_cmake' to check CMake code style
[0.980s] -- Added test 'pep257' to check Python code against some of the docstring style conventions in PEP 257
[0.982s] -- Added test 'xmllint' to check XML markup files
[0.983s] -- Configuring done
[0.987s] -- Generating done
[0.989s] -- Build files have been written to: /home/robot/debug_clear_ws/build/clearpath_generator_gz
[0.993s] Invoked command in '/home/robot/debug_clear_ws/build/clearpath_generator_gz' returned '0': AMENT_PREFIX_PATH=/home/robot/debug_clear_ws/install/clearpath_generator_common:/home/robot/debug_clear_ws/install/clearpath_platform:/home/robot/debug_clear_ws/install/clearpath_manipulators:/home/robot/debug_clear_ws/install/clearpath_description:/home/robot/debug_clear_ws/install/clearpath_sensors_description:/home/robot/debug_clear_ws/install/clearpath_platform_msgs:/home/robot/debug_clear_ws/install/clearpath_platform_description:/home/robot/debug_clear_ws/install/clearpath_mounts_description:/home/robot/debug_clear_ws/install/clearpath_manipulators_description:/home/robot/debug_clear_ws/install/clearpath_control:/home/robot/debug_clear_ws/install/clearpath_config:${AMENT_PREFIX_PATH} CMAKE_PREFIX_PATH=/home/robot/debug_clear_ws/install/clearpath_generator_common:/home/robot/debug_clear_ws/install/clearpath_platform:/home/robot/debug_clear_ws/install/clearpath_manipulators:/home/robot/debug_clear_ws/install/clearpath_description:/home/robot/debug_clear_ws/install/clearpath_sensors_description:/home/robot/debug_clear_ws/install/clearpath_platform_msgs:/home/robot/debug_clear_ws/install/clearpath_platform_description:/home/robot/debug_clear_ws/install/clearpath_mounts_description:/home/robot/debug_clear_ws/install/clearpath_manipulators_description:/home/robot/debug_clear_ws/install/clearpath_control:/home/robot/debug_clear_ws/install/mpc_low:/opt/ros/humble LD_LIBRARY_PATH=/home/robot/debug_clear_ws/install/clearpath_platform/lib:/home/robot/debug_clear_ws/install/clearpath_platform_msgs/lib:${LD_LIBRARY_PATH} PYTHONPATH=/home/robot/debug_clear_ws/install/clearpath_generator_common/local/lib/python3.10/dist-packages:/home/robot/debug_clear_ws/install/clearpath_platform_msgs/local/lib/python3.10/dist-packages:/home/robot/debug_clear_ws/install/clearpath_config/lib/python3.10/site-packages:${PYTHONPATH} /usr/bin/cmake /home/robot/debug_clear_ws/src/clearpath_simulator/clearpath_generator_gz -DCMAKE_INSTALL_PREFIX=/home/robot/debug_clear_ws/install/clearpath_generator_gz
[0.994s] Invoking command in '/home/robot/debug_clear_ws/build/clearpath_generator_gz': AMENT_PREFIX_PATH=/home/robot/debug_clear_ws/install/clearpath_generator_common:/home/robot/debug_clear_ws/install/clearpath_platform:/home/robot/debug_clear_ws/install/clearpath_manipulators:/home/robot/debug_clear_ws/install/clearpath_description:/home/robot/debug_clear_ws/install/clearpath_sensors_description:/home/robot/debug_clear_ws/install/clearpath_platform_msgs:/home/robot/debug_clear_ws/install/clearpath_platform_description:/home/robot/debug_clear_ws/install/clearpath_mounts_description:/home/robot/debug_clear_ws/install/clearpath_manipulators_description:/home/robot/debug_clear_ws/install/clearpath_control:/home/robot/debug_clear_ws/install/clearpath_config:${AMENT_PREFIX_PATH} CMAKE_PREFIX_PATH=/home/robot/debug_clear_ws/install/clearpath_generator_common:/home/robot/debug_clear_ws/install/clearpath_platform:/home/robot/debug_clear_ws/install/clearpath_manipulators:/home/robot/debug_clear_ws/install/clearpath_description:/home/robot/debug_clear_ws/install/clearpath_sensors_description:/home/robot/debug_clear_ws/install/clearpath_platform_msgs:/home/robot/debug_clear_ws/install/clearpath_platform_description:/home/robot/debug_clear_ws/install/clearpath_mounts_description:/home/robot/debug_clear_ws/install/clearpath_manipulators_description:/home/robot/debug_clear_ws/install/clearpath_control:/home/robot/debug_clear_ws/install/mpc_low:/opt/ros/humble LD_LIBRARY_PATH=/home/robot/debug_clear_ws/install/clearpath_platform/lib:/home/robot/debug_clear_ws/install/clearpath_platform_msgs/lib:${LD_LIBRARY_PATH} PYTHONPATH=/home/robot/debug_clear_ws/install/clearpath_generator_common/local/lib/python3.10/dist-packages:/home/robot/debug_clear_ws/install/clearpath_platform_msgs/local/lib/python3.10/dist-packages:/home/robot/debug_clear_ws/install/clearpath_config/lib/python3.10/site-packages:${PYTHONPATH} /usr/bin/cmake --build /home/robot/debug_clear_ws/build/clearpath_generator_gz -- -j12 -l12
[1.047s] Built target ament_cmake_python_copy_clearpath_generator_gz
[1.288s] running egg_info
[1.309s] creating clearpath_generator_gz.egg-info
[1.309s] writing clearpath_generator_gz.egg-info/PKG-INFO
[1.309s] writing dependency_links to clearpath_generator_gz.egg-info/dependency_links.txt
[1.310s] writing top-level names to clearpath_generator_gz.egg-info/top_level.txt
[1.310s] writing manifest file 'clearpath_generator_gz.egg-info/SOURCES.txt'
[1.373s] reading manifest file 'clearpath_generator_gz.egg-info/SOURCES.txt'
[1.374s] writing manifest file 'clearpath_generator_gz.egg-info/SOURCES.txt'
[1.395s] Built target ament_cmake_python_build_clearpath_generator_gz_egg
[1.405s] Invoked command in '/home/robot/debug_clear_ws/build/clearpath_generator_gz' returned '0': AMENT_PREFIX_PATH=/home/robot/debug_clear_ws/install/clearpath_generator_common:/home/robot/debug_clear_ws/install/clearpath_platform:/home/robot/debug_clear_ws/install/clearpath_manipulators:/home/robot/debug_clear_ws/install/clearpath_description:/home/robot/debug_clear_ws/install/clearpath_sensors_description:/home/robot/debug_clear_ws/install/clearpath_platform_msgs:/home/robot/debug_clear_ws/install/clearpath_platform_description:/home/robot/debug_clear_ws/install/clearpath_mounts_description:/home/robot/debug_clear_ws/install/clearpath_manipulators_description:/home/robot/debug_clear_ws/install/clearpath_control:/home/robot/debug_clear_ws/install/clearpath_config:${AMENT_PREFIX_PATH} CMAKE_PREFIX_PATH=/home/robot/debug_clear_ws/install/clearpath_generator_common:/home/robot/debug_clear_ws/install/clearpath_platform:/home/robot/debug_clear_ws/install/clearpath_manipulators:/home/robot/debug_clear_ws/install/clearpath_description:/home/robot/debug_clear_ws/install/clearpath_sensors_description:/home/robot/debug_clear_ws/install/clearpath_platform_msgs:/home/robot/debug_clear_ws/install/clearpath_platform_description:/home/robot/debug_clear_ws/install/clearpath_mounts_description:/home/robot/debug_clear_ws/install/clearpath_manipulators_description:/home/robot/debug_clear_ws/install/clearpath_control:/home/robot/debug_clear_ws/install/mpc_low:/opt/ros/humble LD_LIBRARY_PATH=/home/robot/debug_clear_ws/install/clearpath_platform/lib:/home/robot/debug_clear_ws/install/clearpath_platform_msgs/lib:${LD_LIBRARY_PATH} PYTHONPATH=/home/robot/debug_clear_ws/install/clearpath_generator_common/local/lib/python3.10/dist-packages:/home/robot/debug_clear_ws/install/clearpath_platform_msgs/local/lib/python3.10/dist-packages:/home/robot/debug_clear_ws/install/clearpath_config/lib/python3.10/site-packages:${PYTHONPATH} /usr/bin/cmake --build /home/robot/debug_clear_ws/build/clearpath_generator_gz -- -j12 -l12
[1.406s] Invoking command in '/home/robot/debug_clear_ws/build/clearpath_generator_gz': AMENT_PREFIX_PATH=/home/robot/debug_clear_ws/install/clearpath_generator_common:/home/robot/debug_clear_ws/install/clearpath_platform:/home/robot/debug_clear_ws/install/clearpath_manipulators:/home/robot/debug_clear_ws/install/clearpath_description:/home/robot/debug_clear_ws/install/clearpath_sensors_description:/home/robot/debug_clear_ws/install/clearpath_platform_msgs:/home/robot/debug_clear_ws/install/clearpath_platform_description:/home/robot/debug_clear_ws/install/clearpath_mounts_description:/home/robot/debug_clear_ws/install/clearpath_manipulators_description:/home/robot/debug_clear_ws/install/clearpath_control:/home/robot/debug_clear_ws/install/clearpath_config:${AMENT_PREFIX_PATH} CMAKE_PREFIX_PATH=/home/robot/debug_clear_ws/install/clearpath_generator_common:/home/robot/debug_clear_ws/install/clearpath_platform:/home/robot/debug_clear_ws/install/clearpath_manipulators:/home/robot/debug_clear_ws/install/clearpath_description:/home/robot/debug_clear_ws/install/clearpath_sensors_description:/home/robot/debug_clear_ws/install/clearpath_platform_msgs:/home/robot/debug_clear_ws/install/clearpath_platform_description:/home/robot/debug_clear_ws/install/clearpath_mounts_description:/home/robot/debug_clear_ws/install/clearpath_manipulators_description:/home/robot/debug_clear_ws/install/clearpath_control:/home/robot/debug_clear_ws/install/mpc_low:/opt/ros/humble LD_LIBRARY_PATH=/home/robot/debug_clear_ws/install/clearpath_platform/lib:/home/robot/debug_clear_ws/install/clearpath_platform_msgs/lib:${LD_LIBRARY_PATH} PYTHONPATH=/home/robot/debug_clear_ws/install/clearpath_generator_common/local/lib/python3.10/dist-packages:/home/robot/debug_clear_ws/install/clearpath_platform_msgs/local/lib/python3.10/dist-packages:/home/robot/debug_clear_ws/install/clearpath_config/lib/python3.10/site-packages:${PYTHONPATH} /usr/bin/cmake --install /home/robot/debug_clear_ws/build/clearpath_generator_gz
[1.412s] -- Install configuration: ""
[1.413s] -- Installing: /home/robot/debug_clear_ws/install/clearpath_generator_gz/lib/clearpath_generator_gz/generate_launch
[1.413s] -- Installing: /home/robot/debug_clear_ws/install/clearpath_generator_gz/lib/clearpath_generator_gz/generate_param
[1.413s] -- Installing: /home/robot/debug_clear_ws/install/clearpath_generator_gz/share/clearpath_generator_gz/environment/pythonpath.sh
[1.413s] -- Installing: /home/robot/debug_clear_ws/install/clearpath_generator_gz/share/clearpath_generator_gz/environment/pythonpath.dsv
[1.413s] -- Installing: /home/robot/debug_clear_ws/install/clearpath_generator_gz/local/lib/python3.10/dist-packages/clearpath_generator_gz-0.3.0-py3.10.egg-info
[1.413s] -- Installing: /home/robot/debug_clear_ws/install/clearpath_generator_gz/local/lib/python3.10/dist-packages/clearpath_generator_gz-0.3.0-py3.10.egg-info/SOURCES.txt
[1.413s] -- Installing: /home/robot/debug_clear_ws/install/clearpath_generator_gz/local/lib/python3.10/dist-packages/clearpath_generator_gz-0.3.0-py3.10.egg-info/dependency_links.txt
[1.413s] -- Installing: /home/robot/debug_clear_ws/install/clearpath_generator_gz/local/lib/python3.10/dist-packages/clearpath_generator_gz-0.3.0-py3.10.egg-info/top_level.txt
[1.414s] -- Installing: /home/robot/debug_clear_ws/install/clearpath_generator_gz/local/lib/python3.10/dist-packages/clearpath_generator_gz-0.3.0-py3.10.egg-info/PKG-INFO
[1.414s] -- Installing: /home/robot/debug_clear_ws/install/clearpath_generator_gz/local/lib/python3.10/dist-packages/clearpath_generator_gz
[1.414s] -- Installing: /home/robot/debug_clear_ws/install/clearpath_generator_gz/local/lib/python3.10/dist-packages/clearpath_generator_gz/launch
[1.414s] -- Installing: /home/robot/debug_clear_ws/install/clearpath_generator_gz/local/lib/python3.10/dist-packages/clearpath_generator_gz/launch/generate_launch
[1.414s] -- Installing: /home/robot/debug_clear_ws/install/clearpath_generator_gz/local/lib/python3.10/dist-packages/clearpath_generator_gz/launch/generator.py
[1.414s] -- Installing: /home/robot/debug_clear_ws/install/clearpath_generator_gz/local/lib/python3.10/dist-packages/clearpath_generator_gz/launch/__init__.py
[1.414s] -- Installing: /home/robot/debug_clear_ws/install/clearpath_generator_gz/local/lib/python3.10/dist-packages/clearpath_generator_gz/launch/sensors.py
[1.415s] -- Installing: /home/robot/debug_clear_ws/install/clearpath_generator_gz/local/lib/python3.10/dist-packages/clearpath_generator_gz/param
[1.415s] -- Installing: /home/robot/debug_clear_ws/install/clearpath_generator_gz/local/lib/python3.10/dist-packages/clearpath_generator_gz/param/generator.py
[1.415s] -- Installing: /home/robot/debug_clear_ws/install/clearpath_generator_gz/local/lib/python3.10/dist-packages/clearpath_generator_gz/param/__init__.py
[1.415s] -- Installing: /home/robot/debug_clear_ws/install/clearpath_generator_gz/local/lib/python3.10/dist-packages/clearpath_generator_gz/param/sensors.py
[1.415s] -- Installing: /home/robot/debug_clear_ws/install/clearpath_generator_gz/local/lib/python3.10/dist-packages/clearpath_generator_gz/param/generate_param
[1.415s] -- Installing: /home/robot/debug_clear_ws/install/clearpath_generator_gz/local/lib/python3.10/dist-packages/clearpath_generator_gz/__init__.py
[1.452s] Listing '/home/robot/debug_clear_ws/install/clearpath_generator_gz/local/lib/python3.10/dist-packages/clearpath_generator_gz'...
[1.452s] Compiling '/home/robot/debug_clear_ws/install/clearpath_generator_gz/local/lib/python3.10/dist-packages/clearpath_generator_gz/__init__.py'...
[1.452s] Listing '/home/robot/debug_clear_ws/install/clearpath_generator_gz/local/lib/python3.10/dist-packages/clearpath_generator_gz/launch'...
[1.452s] Compiling '/home/robot/debug_clear_ws/install/clearpath_generator_gz/local/lib/python3.10/dist-packages/clearpath_generator_gz/launch/__init__.py'...
[1.452s] Compiling '/home/robot/debug_clear_ws/install/clearpath_generator_gz/local/lib/python3.10/dist-packages/clearpath_generator_gz/launch/generator.py'...
[1.452s] Compiling '/home/robot/debug_clear_ws/install/clearpath_generator_gz/local/lib/python3.10/dist-packages/clearpath_generator_gz/launch/sensors.py'...
[1.452s] Listing '/home/robot/debug_clear_ws/install/clearpath_generator_gz/local/lib/python3.10/dist-packages/clearpath_generator_gz/param'...
[1.452s] Compiling '/home/robot/debug_clear_ws/install/clearpath_generator_gz/local/lib/python3.10/dist-packages/clearpath_generator_gz/param/__init__.py'...
[1.452s] Compiling '/home/robot/debug_clear_ws/install/clearpath_generator_gz/local/lib/python3.10/dist-packages/clearpath_generator_gz/param/generator.py'...
[1.452s] Compiling '/home/robot/debug_clear_ws/install/clearpath_generator_gz/local/lib/python3.10/dist-packages/clearpath_generator_gz/param/sensors.py'...
[1.456s] -- Installing: /home/robot/debug_clear_ws/install/clearpath_generator_gz/share/ament_index/resource_index/package_run_dependencies/clearpath_generator_gz
[1.457s] -- Installing: /home/robot/debug_clear_ws/install/clearpath_generator_gz/share/ament_index/resource_index/parent_prefix_path/clearpath_generator_gz
[1.457s] -- Installing: /home/robot/debug_clear_ws/install/clearpath_generator_gz/share/clearpath_generator_gz/environment/ament_prefix_path.sh
[1.457s] -- Installing: /home/robot/debug_clear_ws/install/clearpath_generator_gz/share/clearpath_generator_gz/environment/ament_prefix_path.dsv
[1.457s] -- Installing: /home/robot/debug_clear_ws/install/clearpath_generator_gz/share/clearpath_generator_gz/environment/path.sh
[1.457s] -- Installing: /home/robot/debug_clear_ws/install/clearpath_generator_gz/share/clearpath_generator_gz/environment/path.dsv
[1.457s] -- Installing: /home/robot/debug_clear_ws/install/clearpath_generator_gz/share/clearpath_generator_gz/local_setup.bash
[1.458s] -- Installing: /home/robot/debug_clear_ws/install/clearpath_generator_gz/share/clearpath_generator_gz/local_setup.sh
[1.458s] -- Installing: /home/robot/debug_clear_ws/install/clearpath_generator_gz/share/clearpath_generator_gz/local_setup.zsh
[1.458s] -- Installing: /home/robot/debug_clear_ws/install/clearpath_generator_gz/share/clearpath_generator_gz/local_setup.dsv
[1.458s] -- Installing: /home/robot/debug_clear_ws/install/clearpath_generator_gz/share/clearpath_generator_gz/package.dsv
[1.458s] -- Installing: /home/robot/debug_clear_ws/install/clearpath_generator_gz/share/ament_index/resource_index/packages/clearpath_generator_gz
[1.458s] -- Installing: /home/robot/debug_clear_ws/install/clearpath_generator_gz/share/clearpath_generator_gz/cmake/clearpath_generator_gzConfig.cmake
[1.458s] -- Installing: /home/robot/debug_clear_ws/install/clearpath_generator_gz/share/clearpath_generator_gz/cmake/clearpath_generator_gzConfig-version.cmake
[1.459s] -- Installing: /home/robot/debug_clear_ws/install/clearpath_generator_gz/share/clearpath_generator_gz/package.xml
[1.461s] Invoked command in '/home/robot/debug_clear_ws/build/clearpath_generator_gz' returned '0': AMENT_PREFIX_PATH=/home/robot/debug_clear_ws/install/clearpath_generator_common:/home/robot/debug_clear_ws/install/clearpath_platform:/home/robot/debug_clear_ws/install/clearpath_manipulators:/home/robot/debug_clear_ws/install/clearpath_description:/home/robot/debug_clear_ws/install/clearpath_sensors_description:/home/robot/debug_clear_ws/install/clearpath_platform_msgs:/home/robot/debug_clear_ws/install/clearpath_platform_description:/home/robot/debug_clear_ws/install/clearpath_mounts_description:/home/robot/debug_clear_ws/install/clearpath_manipulators_description:/home/robot/debug_clear_ws/install/clearpath_control:/home/robot/debug_clear_ws/install/clearpath_config:${AMENT_PREFIX_PATH} CMAKE_PREFIX_PATH=/home/robot/debug_clear_ws/install/clearpath_generator_common:/home/robot/debug_clear_ws/install/clearpath_platform:/home/robot/debug_clear_ws/install/clearpath_manipulators:/home/robot/debug_clear_ws/install/clearpath_description:/home/robot/debug_clear_ws/install/clearpath_sensors_description:/home/robot/debug_clear_ws/install/clearpath_platform_msgs:/home/robot/debug_clear_ws/install/clearpath_platform_description:/home/robot/debug_clear_ws/install/clearpath_mounts_description:/home/robot/debug_clear_ws/install/clearpath_manipulators_description:/home/robot/debug_clear_ws/install/clearpath_control:/home/robot/debug_clear_ws/install/mpc_low:/opt/ros/humble LD_LIBRARY_PATH=/home/robot/debug_clear_ws/install/clearpath_platform/lib:/home/robot/debug_clear_ws/install/clearpath_platform_msgs/lib:${LD_LIBRARY_PATH} PYTHONPATH=/home/robot/debug_clear_ws/install/clearpath_generator_common/local/lib/python3.10/dist-packages:/home/robot/debug_clear_ws/install/clearpath_platform_msgs/local/lib/python3.10/dist-packages:/home/robot/debug_clear_ws/install/clearpath_config/lib/python3.10/site-packages:${PYTHONPATH} /usr/bin/cmake --install /home/robot/debug_clear_ws/build/clearpath_generator_gz
