[0.040s] Invoking command in '/home/robot/debug_clear_ws/build/clearpath_mounts_description': CMAKE_PREFIX_PATH=${CMAKE_PREFIX_PATH}:/home/robot/debug_clear_ws/install/yolo_ros:/home/robot/debug_clear_ws/install/clearpath_config:/opt/ros/humble /usr/bin/cmake /home/robot/debug_clear_ws/src/clearpath_common/clearpath_mounts_description -DCMAKE_INSTALL_PREFIX=/home/robot/debug_clear_ws/install/clearpath_mounts_description
[0.469s] -- The C compiler identification is GNU 11.4.0
[0.469s] -- The CXX compiler identification is GNU 11.4.0
[0.469s] -- Detecting C compiler ABI info
[0.469s] -- Detecting C compiler ABI info - done
[0.470s] -- Check for working C compiler: /usr/bin/cc - skipped
[0.470s] -- Detecting C compile features
[0.470s] -- Detecting C compile features - done
[0.471s] -- Detecting CXX compiler ABI info
[0.476s] -- Detecting CXX compiler ABI info - done
[0.490s] -- Check for working CXX compiler: /usr/bin/c++ - skipped
[0.491s] -- Detecting CXX compile features
[0.492s] -- Detecting CXX compile features - done
[0.497s] -- Found ament_cmake: 1.3.11 (/opt/ros/humble/share/ament_cmake/cmake)
[1.223s] -- Found Python3: /usr/bin/python3 (found version "3.10.12") found components: Interpreter 
[1.502s] -- Configuring done
[1.505s] -- Generating done
[1.508s] -- Build files have been written to: /home/robot/debug_clear_ws/build/clearpath_mounts_description
[1.522s] Invoked command in '/home/robot/debug_clear_ws/build/clearpath_mounts_description' returned '0': CMAKE_PREFIX_PATH=${CMAKE_PREFIX_PATH}:/home/robot/debug_clear_ws/install/yolo_ros:/home/robot/debug_clear_ws/install/clearpath_config:/opt/ros/humble /usr/bin/cmake /home/robot/debug_clear_ws/src/clearpath_common/clearpath_mounts_description -DCMAKE_INSTALL_PREFIX=/home/robot/debug_clear_ws/install/clearpath_mounts_description
[1.524s] Invoking command in '/home/robot/debug_clear_ws/build/clearpath_mounts_description': CMAKE_PREFIX_PATH=${CMAKE_PREFIX_PATH}:/home/robot/debug_clear_ws/install/yolo_ros:/home/robot/debug_clear_ws/install/clearpath_config:/opt/ros/humble /usr/bin/cmake --build /home/robot/debug_clear_ws/build/clearpath_mounts_description -- -j12 -l12
[1.606s] Invoked command in '/home/robot/debug_clear_ws/build/clearpath_mounts_description' returned '0': CMAKE_PREFIX_PATH=${CMAKE_PREFIX_PATH}:/home/robot/debug_clear_ws/install/yolo_ros:/home/robot/debug_clear_ws/install/clearpath_config:/opt/ros/humble /usr/bin/cmake --build /home/robot/debug_clear_ws/build/clearpath_mounts_description -- -j12 -l12
[1.607s] Invoking command in '/home/robot/debug_clear_ws/build/clearpath_mounts_description': CMAKE_PREFIX_PATH=${CMAKE_PREFIX_PATH}:/home/robot/debug_clear_ws/install/yolo_ros:/home/robot/debug_clear_ws/install/clearpath_config:/opt/ros/humble /usr/bin/cmake --install /home/robot/debug_clear_ws/build/clearpath_mounts_description
[1.627s] -- Install configuration: ""
[1.628s] -- Installing: /home/robot/debug_clear_ws/install/clearpath_mounts_description/share/clearpath_mounts_description/meshes
[1.628s] -- Installing: /home/robot/debug_clear_ws/install/clearpath_mounts_description/share/clearpath_mounts_description/meshes/fath_pivot_mount_base.dae
[1.639s] -- Installing: /home/robot/debug_clear_ws/install/clearpath_mounts_description/share/clearpath_mounts_description/meshes/sick_upright.stl
[1.640s] -- Installing: /home/robot/debug_clear_ws/install/clearpath_mounts_description/share/clearpath_mounts_description/meshes/sick_inverted.dae
[1.642s] -- Installing: /home/robot/debug_clear_ws/install/clearpath_mounts_description/share/clearpath_mounts_description/meshes/pacs
[1.642s] -- Installing: /home/robot/debug_clear_ws/install/clearpath_mounts_description/share/clearpath_mounts_description/meshes/pacs/bracket_horizontal.stl
[1.643s] -- Installing: /home/robot/debug_clear_ws/install/clearpath_mounts_description/share/clearpath_mounts_description/meshes/pacs/bracket_extension_20.stl
[1.643s] -- Installing: /home/robot/debug_clear_ws/install/clearpath_mounts_description/share/clearpath_mounts_description/meshes/pacs/riser_8x7.stl
[1.644s] -- Installing: /home/robot/debug_clear_ws/install/clearpath_mounts_description/share/clearpath_mounts_description/meshes/pacs/bracket_extension_40.stl
[1.645s] -- Installing: /home/robot/debug_clear_ws/install/clearpath_mounts_description/share/clearpath_mounts_description/meshes/pacs/bracket_horizontal_large.stl
[1.645s] -- Installing: /home/robot/debug_clear_ws/install/clearpath_mounts_description/share/clearpath_mounts_description/meshes/pacs/bracket_extension_60.stl
[1.646s] -- Installing: /home/robot/debug_clear_ws/install/clearpath_mounts_description/share/clearpath_mounts_description/meshes/pacs/bracket_vertical.stl
[1.646s] -- Installing: /home/robot/debug_clear_ws/install/clearpath_mounts_description/share/clearpath_mounts_description/meshes/pacs/bracket_extension_80.stl
[1.647s] -- Installing: /home/robot/debug_clear_ws/install/clearpath_mounts_description/share/clearpath_mounts_description/meshes/pacs/riser_1x7.stl
[1.647s] -- Installing: /home/robot/debug_clear_ws/install/clearpath_mounts_description/share/clearpath_mounts_description/meshes/fath_pivot_mount.dae
[1.660s] -- Installing: /home/robot/debug_clear_ws/install/clearpath_mounts_description/share/clearpath_mounts_description/meshes/disk.stl
[1.661s] -- Installing: /home/robot/debug_clear_ws/install/clearpath_mounts_description/share/clearpath_mounts_description/urdf
[1.662s] -- Installing: /home/robot/debug_clear_ws/install/clearpath_mounts_description/share/clearpath_mounts_description/urdf/disk.urdf.xacro
[1.663s] -- Installing: /home/robot/debug_clear_ws/install/clearpath_mounts_description/share/clearpath_mounts_description/urdf/sick.urdf.xacro
[1.663s] -- Installing: /home/robot/debug_clear_ws/install/clearpath_mounts_description/share/clearpath_mounts_description/urdf/post.urdf.xacro
[1.664s] -- Installing: /home/robot/debug_clear_ws/install/clearpath_mounts_description/share/clearpath_mounts_description/urdf/pacs
[1.664s] -- Installing: /home/robot/debug_clear_ws/install/clearpath_mounts_description/share/clearpath_mounts_description/urdf/pacs/bracket.urdf.xacro
[1.664s] -- Installing: /home/robot/debug_clear_ws/install/clearpath_mounts_description/share/clearpath_mounts_description/urdf/pacs/riser_leg.urdf.xacro
[1.664s] -- Installing: /home/robot/debug_clear_ws/install/clearpath_mounts_description/share/clearpath_mounts_description/urdf/pacs/riser.urdf.xacro
[1.665s] -- Installing: /home/robot/debug_clear_ws/install/clearpath_mounts_description/share/clearpath_mounts_description/urdf/fath_pivot.urdf.xacro
[1.666s] -- Installing: /home/robot/debug_clear_ws/install/clearpath_mounts_description/share/ament_index/resource_index/package_run_dependencies/clearpath_mounts_description
[1.667s] -- Installing: /home/robot/debug_clear_ws/install/clearpath_mounts_description/share/ament_index/resource_index/parent_prefix_path/clearpath_mounts_description
[1.668s] -- Installing: /home/robot/debug_clear_ws/install/clearpath_mounts_description/share/clearpath_mounts_description/environment/ament_prefix_path.sh
[1.670s] -- Installing: /home/robot/debug_clear_ws/install/clearpath_mounts_description/share/clearpath_mounts_description/environment/ament_prefix_path.dsv
[1.670s] -- Installing: /home/robot/debug_clear_ws/install/clearpath_mounts_description/share/clearpath_mounts_description/environment/path.sh
[1.671s] -- Installing: /home/robot/debug_clear_ws/install/clearpath_mounts_description/share/clearpath_mounts_description/environment/path.dsv
[1.671s] -- Installing: /home/robot/debug_clear_ws/install/clearpath_mounts_description/share/clearpath_mounts_description/local_setup.bash
[1.671s] -- Installing: /home/robot/debug_clear_ws/install/clearpath_mounts_description/share/clearpath_mounts_description/local_setup.sh
[1.672s] -- Installing: /home/robot/debug_clear_ws/install/clearpath_mounts_description/share/clearpath_mounts_description/local_setup.zsh
[1.672s] -- Installing: /home/robot/debug_clear_ws/install/clearpath_mounts_description/share/clearpath_mounts_description/local_setup.dsv
[1.672s] -- Installing: /home/robot/debug_clear_ws/install/clearpath_mounts_description/share/clearpath_mounts_description/package.dsv
[1.673s] -- Installing: /home/robot/debug_clear_ws/install/clearpath_mounts_description/share/ament_index/resource_index/packages/clearpath_mounts_description
[1.674s] -- Installing: /home/robot/debug_clear_ws/install/clearpath_mounts_description/share/clearpath_mounts_description/cmake/clearpath_mounts_descriptionConfig.cmake
[1.675s] -- Installing: /home/robot/debug_clear_ws/install/clearpath_mounts_description/share/clearpath_mounts_description/cmake/clearpath_mounts_descriptionConfig-version.cmake
[1.675s] -- Installing: /home/robot/debug_clear_ws/install/clearpath_mounts_description/share/clearpath_mounts_description/package.xml
[1.702s] Invoked command in '/home/robot/debug_clear_ws/build/clearpath_mounts_description' returned '0': CMAKE_PREFIX_PATH=${CMAKE_PREFIX_PATH}:/home/robot/debug_clear_ws/install/yolo_ros:/home/robot/debug_clear_ws/install/clearpath_config:/opt/ros/humble /usr/bin/cmake --install /home/robot/debug_clear_ws/build/clearpath_mounts_description
