[35m[1mConsolidate compiler generated dependencies of target mpc_low_plugin[0m
[ 10%] [32mBuilding CXX object CMakeFiles/mpc_low_plugin.dir/src/mpc_controller.cpp.o[0m
[ 20%] [32m[1mLinking CXX shared library libmpc_low_plugin.so[0m
[100%] Built target mpc_low_plugin
-- Install configuration: ""
-- Up-to-date: /home/dimash/debug_clear_ws/install/mpc_low/share/mpc_low/mpc_controller_plugin.xml
-- Installing: /home/dimash/debug_clear_ws/install/mpc_low/lib/libmpc_low_plugin.so
-- Set runtime path of "/home/dimash/debug_clear_ws/install/mpc_low/lib/libmpc_low_plugin.so" to ""
-- Up-to-date: /home/dimash/debug_clear_ws/install/mpc_low/include/
-- Up-to-date: /home/dimash/debug_clear_ws/install/mpc_low/include//acados_solver_holder.hpp
-- Up-to-date: /home/dimash/debug_clear_ws/install/mpc_low/include//mpc_controller.hpp
-- Up-to-date: /home/dimash/debug_clear_ws/install/mpc_low/include//mpc_planner.hpp
-- Up-to-date: /home/dimash/debug_clear_ws/install/mpc_low/include/mpc_low/solver
-- Up-to-date: /home/dimash/debug_clear_ws/install/mpc_low/include/mpc_low/solver/acados_solver_holder.cpp
-- Up-to-date: /home/dimash/debug_clear_ws/install/mpc_low/include/mpc_low/solver/acados_solver_Jackal.c
-- Up-to-date: /home/dimash/debug_clear_ws/install/mpc_low/include/mpc_low/solver/main_sim_Jackal.c
-- Up-to-date: /home/dimash/debug_clear_ws/install/mpc_low/include/mpc_low/solver/Jackal_constraints
-- Up-to-date: /home/dimash/debug_clear_ws/install/mpc_low/include/mpc_low/solver/Jackal_constraints/Jackal_constr_h_fun_jac_uxt_zt.c
-- Up-to-date: /home/dimash/debug_clear_ws/install/mpc_low/include/mpc_low/solver/Jackal_constraints/Jackal_constr_h_fun.c
-- Up-to-date: /home/dimash/debug_clear_ws/install/mpc_low/include/mpc_low/solver/Jackal_constraints/Jackal_constr_h_fun_jac_uxt_zt.o
-- Up-to-date: /home/dimash/debug_clear_ws/install/mpc_low/include/mpc_low/solver/Jackal_constraints/Jackal_constr_h_fun.o
-- Up-to-date: /home/dimash/debug_clear_ws/install/mpc_low/include/mpc_low/solver/Jackal_constraints/Jackal_constraints.h
-- Up-to-date: /home/dimash/debug_clear_ws/install/mpc_low/include/mpc_low/solver/Makefile
-- Up-to-date: /home/dimash/debug_clear_ws/install/mpc_low/include/mpc_low/solver/acados_solver_holder copy.cpp
-- Up-to-date: /home/dimash/debug_clear_ws/install/mpc_low/include/mpc_low/solver/acados_ocp_solver_pyx.so
-- Up-to-date: /home/dimash/debug_clear_ws/install/mpc_low/include/mpc_low/solver/Jackal_model
-- Up-to-date: /home/dimash/debug_clear_ws/install/mpc_low/include/mpc_low/solver/Jackal_model/Jackal_expl_vde_forw.c
-- Up-to-date: /home/dimash/debug_clear_ws/install/mpc_low/include/mpc_low/solver/Jackal_model/Jackal_expl_vde_forw.o
-- Up-to-date: /home/dimash/debug_clear_ws/install/mpc_low/include/mpc_low/solver/Jackal_model/Jackal_expl_vde_adj.c
-- Up-to-date: /home/dimash/debug_clear_ws/install/mpc_low/include/mpc_low/solver/Jackal_model/Jackal_model.h
-- Up-to-date: /home/dimash/debug_clear_ws/install/mpc_low/include/mpc_low/solver/Jackal_model/Jackal_expl_vde_adj.o
-- Up-to-date: /home/dimash/debug_clear_ws/install/mpc_low/include/mpc_low/solver/Jackal_model/Jackal_expl_ode_fun.c
-- Up-to-date: /home/dimash/debug_clear_ws/install/mpc_low/include/mpc_low/solver/Jackal_model/Jackal_expl_ode_fun.o
-- Up-to-date: /home/dimash/debug_clear_ws/install/mpc_low/include/mpc_low/solver/main_Jackal.c
-- Up-to-date: /home/dimash/debug_clear_ws/install/mpc_low/include/mpc_low/solver/acados_sim_solver_Jackal.h
-- Up-to-date: /home/dimash/debug_clear_ws/install/mpc_low/include/mpc_low/solver/acados_sim_solver_Jackal.c
-- Up-to-date: /home/dimash/debug_clear_ws/install/mpc_low/include/mpc_low/solver/acados_solver_Jackal.o
-- Up-to-date: /home/dimash/debug_clear_ws/install/mpc_low/include/mpc_low/solver/acados_solver.pxd
-- Up-to-date: /home/dimash/debug_clear_ws/install/mpc_low/include/mpc_low/solver/libacados_ocp_solver_Jackal.so
-- Up-to-date: /home/dimash/debug_clear_ws/install/mpc_low/include/mpc_low/solver/acados_ocp_solver_pyx.o
-- Up-to-date: /home/dimash/debug_clear_ws/install/mpc_low/include/mpc_low/solver/acados_ocp_solver_pyx.c
-- Up-to-date: /home/dimash/debug_clear_ws/install/mpc_low/include/mpc_low/solver/acados_solver_Jackal.h
-- Up-to-date: /home/dimash/debug_clear_ws/install/mpc_low/share/mpc_low/mpc_controller_plugin.xml
-- Up-to-date: /home/dimash/debug_clear_ws/install/mpc_low/share/mpc_low/environment/library_path.sh
-- Up-to-date: /home/dimash/debug_clear_ws/install/mpc_low/share/mpc_low/environment/library_path.dsv
-- Up-to-date: /home/dimash/debug_clear_ws/install/mpc_low/share/ament_index/resource_index/package_run_dependencies/mpc_low
-- Up-to-date: /home/dimash/debug_clear_ws/install/mpc_low/share/ament_index/resource_index/parent_prefix_path/mpc_low
-- Up-to-date: /home/dimash/debug_clear_ws/install/mpc_low/share/mpc_low/environment/ament_prefix_path.sh
-- Up-to-date: /home/dimash/debug_clear_ws/install/mpc_low/share/mpc_low/environment/ament_prefix_path.dsv
-- Up-to-date: /home/dimash/debug_clear_ws/install/mpc_low/share/mpc_low/environment/path.sh
-- Up-to-date: /home/dimash/debug_clear_ws/install/mpc_low/share/mpc_low/environment/path.dsv
-- Up-to-date: /home/dimash/debug_clear_ws/install/mpc_low/share/mpc_low/local_setup.bash
-- Up-to-date: /home/dimash/debug_clear_ws/install/mpc_low/share/mpc_low/local_setup.sh
-- Up-to-date: /home/dimash/debug_clear_ws/install/mpc_low/share/mpc_low/local_setup.zsh
-- Up-to-date: /home/dimash/debug_clear_ws/install/mpc_low/share/mpc_low/local_setup.dsv
-- Installing: /home/dimash/debug_clear_ws/install/mpc_low/share/mpc_low/package.dsv
-- Up-to-date: /home/dimash/debug_clear_ws/install/mpc_low/share/ament_index/resource_index/packages/mpc_low
-- Up-to-date: /home/dimash/debug_clear_ws/install/mpc_low/share/ament_index/resource_index/nav2_core__pluginlib__plugin/mpc_low
-- Up-to-date: /home/dimash/debug_clear_ws/install/mpc_low/share/mpc_low/cmake/ament_cmake_export_include_directories-extras.cmake
-- Up-to-date: /home/dimash/debug_clear_ws/install/mpc_low/share/mpc_low/cmake/ament_cmake_export_libraries-extras.cmake
-- Up-to-date: /home/dimash/debug_clear_ws/install/mpc_low/share/mpc_low/cmake/ament_cmake_export_dependencies-extras.cmake
-- Up-to-date: /home/dimash/debug_clear_ws/install/mpc_low/share/mpc_low/cmake/mpc_lowConfig.cmake
-- Up-to-date: /home/dimash/debug_clear_ws/install/mpc_low/share/mpc_low/cmake/mpc_lowConfig-version.cmake
-- Up-to-date: /home/dimash/debug_clear_ws/install/mpc_low/share/mpc_low/package.xml
