[0.016s] Invoking command in '/home/robot/debug_clear_ws/build/clearpath_platform': CMAKE_PREFIX_PATH=/home/robot/debug_clear_ws/install/clearpath_platform_msgs:/home/robot/debug_clear_ws/install/clearpath_platform_description:/home/robot/debug_clear_ws/install/clearpath_control:/home/robot/debug_clear_ws/install/yolov8_bringup:/home/robot/debug_clear_ws/install/yolov8_msgs:/home/robot/debug_clear_ws/install/yolo_bringup:/home/robot/debug_clear_ws/install/yolo_msgs:/home/robot/debug_clear_ws/install/clearpath_simulator:/home/robot/debug_clear_ws/install/clearpath_gz:/home/robot/debug_clear_ws/install/clearpath_generator_gz:/home/robot/debug_clear_ws/install/clearpath_common:/home/robot/debug_clear_ws/install/clearpath_generator_common:/home/robot/debug_clear_ws/install/clearpath_description:/home/robot/debug_clear_ws/install/clearpath_sensors_description:/home/robot/debug_clear_ws/install/clearpath_platform:/home/robot/debug_clear_ws/install/clearpath_msgs:/home/robot/debug_clear_ws/install/clearpath_mounts_description:/home/robot/debug_clear_ws/install/clearpath_manipulators:/home/robot/debug_clear_ws/install/clearpath_manipulators_description:/home/robot/debug_clear_ws/install/clearpath_customization:/home/robot/debug_clear_ws/install/yolov8_ros:/home/robot/debug_clear_ws/install/yolo_ros:/home/robot/debug_clear_ws/install/clearpath_config:/opt/ros/humble LD_LIBRARY_PATH=/home/robot/debug_clear_ws/install/clearpath_platform_msgs/lib:/home/robot/debug_clear_ws/install/yolov8_msgs/lib:/home/robot/debug_clear_ws/install/yolo_msgs/lib:/home/robot/debug_clear_ws/install/clearpath_platform/lib:/opt/ros/humble/opt/rviz_ogre_vendor/lib:/opt/ros/humble/lib/x86_64-linux-gnu:/opt/ros/humble/lib /usr/bin/cmake /home/robot/debug_clear_ws/src/clearpath_common/clearpath_platform -DAMENT_CMAKE_SYMLINK_INSTALL=1 -DCMAKE_INSTALL_PREFIX=/home/robot/debug_clear_ws/install/clearpath_platform
[0.079s] -- The C compiler identification is GNU 11.4.0
[0.145s] -- The CXX compiler identification is GNU 11.4.0
[0.154s] -- Detecting C compiler ABI info
[0.224s] -- Detecting C compiler ABI info - done
[0.234s] -- Check for working C compiler: /usr/bin/cc - skipped
[0.234s] -- Detecting C compile features
[0.235s] -- Detecting C compile features - done
[0.238s] -- Detecting CXX compiler ABI info
[0.321s] -- Detecting CXX compiler ABI info - done
[0.336s] -- Check for working CXX compiler: /usr/bin/c++ - skipped
[0.337s] -- Detecting CXX compile features
[0.337s] -- Detecting CXX compile features - done
[0.343s] -- Found ament_cmake: 1.3.11 (/opt/ros/humble/share/ament_cmake/cmake)
[0.745s] -- Found Python3: /usr/bin/python3 (found version "3.10.12") found components: Interpreter 
[0.815s] -- Override CMake install command with custom implementation using symlinks instead of copying resources
[0.862s] -- Found controller_interface: 2.47.0 (/opt/ros/humble/share/controller_interface/cmake)
[0.924s] -- Found rosidl_generator_c: 3.1.6 (/opt/ros/humble/share/rosidl_generator_c/cmake)
[0.932s] -- Found rosidl_adapter: 3.1.6 (/opt/ros/humble/share/rosidl_adapter/cmake)
[0.944s] -- Found rosidl_generator_cpp: 3.1.6 (/opt/ros/humble/share/rosidl_generator_cpp/cmake)
[0.963s] -- Using all available rosidl_typesupport_c: rosidl_typesupport_fastrtps_c;rosidl_typesupport_introspection_c
[0.988s] -- Using all available rosidl_typesupport_cpp: rosidl_typesupport_fastrtps_cpp;rosidl_typesupport_introspection_cpp
[1.261s] -- Found rmw_implementation_cmake: 6.1.2 (/opt/ros/humble/share/rmw_implementation_cmake/cmake)
[1.266s] -- Found rmw_fastrtps_cpp: 6.2.7 (/opt/ros/humble/share/rmw_fastrtps_cpp/cmake)
[1.301s] -- Found TinyXML2 via Config file: TinyXML2_DIR-NOTFOUND
[1.357s] -- Found OpenSSL: /usr/lib/x86_64-linux-gnu/libcrypto.so (found version "3.0.2")  
[1.360s] -- Found TinyXML2 via Config file: TinyXML2_DIR-NOTFOUND
[1.376s] -- Found FastRTPS: /opt/ros/humble/include  
[1.379s] -- Found TinyXML2 via Config file: TinyXML2_DIR-NOTFOUND
[1.388s] -- Found TinyXML2 via Config file: TinyXML2_DIR-NOTFOUND
[1.400s] -- Using RMW implementation 'rmw_fastrtps_cpp' as default
[1.412s] -- Looking for pthread.h
[1.487s] -- Looking for pthread.h - found
[1.487s] -- Performing Test CMAKE_HAVE_LIBC_PTHREAD
[1.580s] -- Performing Test CMAKE_HAVE_LIBC_PTHREAD - Success
[1.582s] -- Found Threads: TRUE  
[1.647s] -- Found controller_manager: 2.47.0 (/opt/ros/humble/share/controller_manager/cmake)
[1.692s] -- Found clearpath_platform_msgs: 0.3.0 (/home/robot/debug_clear_ws/install/clearpath_platform_msgs/share/clearpath_platform_msgs/cmake)
[1.709s] -- Found puma_motor_msgs: 1.0.1 (/opt/ros/humble/share/puma_motor_msgs/cmake)
[1.728s] -- Found nav_msgs: 4.2.4 (/opt/ros/humble/share/nav_msgs/cmake)
[1.749s] -- Found std_srvs: 4.2.4 (/opt/ros/humble/share/std_srvs/cmake)
[1.761s] -- Found tf2: 0.25.11 (/opt/ros/humble/share/tf2/cmake)
[1.766s] -- Found tf2_ros: 0.25.11 (/opt/ros/humble/share/tf2_ros/cmake)
[1.940s] -- Configuring done
[2.049s] -- Generating done
[2.064s] -- Build files have been written to: /home/robot/debug_clear_ws/build/clearpath_platform
[2.075s] Invoked command in '/home/robot/debug_clear_ws/build/clearpath_platform' returned '0': CMAKE_PREFIX_PATH=/home/robot/debug_clear_ws/install/clearpath_platform_msgs:/home/robot/debug_clear_ws/install/clearpath_platform_description:/home/robot/debug_clear_ws/install/clearpath_control:/home/robot/debug_clear_ws/install/yolov8_bringup:/home/robot/debug_clear_ws/install/yolov8_msgs:/home/robot/debug_clear_ws/install/yolo_bringup:/home/robot/debug_clear_ws/install/yolo_msgs:/home/robot/debug_clear_ws/install/clearpath_simulator:/home/robot/debug_clear_ws/install/clearpath_gz:/home/robot/debug_clear_ws/install/clearpath_generator_gz:/home/robot/debug_clear_ws/install/clearpath_common:/home/robot/debug_clear_ws/install/clearpath_generator_common:/home/robot/debug_clear_ws/install/clearpath_description:/home/robot/debug_clear_ws/install/clearpath_sensors_description:/home/robot/debug_clear_ws/install/clearpath_platform:/home/robot/debug_clear_ws/install/clearpath_msgs:/home/robot/debug_clear_ws/install/clearpath_mounts_description:/home/robot/debug_clear_ws/install/clearpath_manipulators:/home/robot/debug_clear_ws/install/clearpath_manipulators_description:/home/robot/debug_clear_ws/install/clearpath_customization:/home/robot/debug_clear_ws/install/yolov8_ros:/home/robot/debug_clear_ws/install/yolo_ros:/home/robot/debug_clear_ws/install/clearpath_config:/opt/ros/humble LD_LIBRARY_PATH=/home/robot/debug_clear_ws/install/clearpath_platform_msgs/lib:/home/robot/debug_clear_ws/install/yolov8_msgs/lib:/home/robot/debug_clear_ws/install/yolo_msgs/lib:/home/robot/debug_clear_ws/install/clearpath_platform/lib:/opt/ros/humble/opt/rviz_ogre_vendor/lib:/opt/ros/humble/lib/x86_64-linux-gnu:/opt/ros/humble/lib /usr/bin/cmake /home/robot/debug_clear_ws/src/clearpath_common/clearpath_platform -DAMENT_CMAKE_SYMLINK_INSTALL=1 -DCMAKE_INSTALL_PREFIX=/home/robot/debug_clear_ws/install/clearpath_platform
[2.077s] Invoking command in '/home/robot/debug_clear_ws/build/clearpath_platform': CMAKE_PREFIX_PATH=/home/robot/debug_clear_ws/install/clearpath_platform_msgs:/home/robot/debug_clear_ws/install/clearpath_platform_description:/home/robot/debug_clear_ws/install/clearpath_control:/home/robot/debug_clear_ws/install/yolov8_bringup:/home/robot/debug_clear_ws/install/yolov8_msgs:/home/robot/debug_clear_ws/install/yolo_bringup:/home/robot/debug_clear_ws/install/yolo_msgs:/home/robot/debug_clear_ws/install/clearpath_simulator:/home/robot/debug_clear_ws/install/clearpath_gz:/home/robot/debug_clear_ws/install/clearpath_generator_gz:/home/robot/debug_clear_ws/install/clearpath_common:/home/robot/debug_clear_ws/install/clearpath_generator_common:/home/robot/debug_clear_ws/install/clearpath_description:/home/robot/debug_clear_ws/install/clearpath_sensors_description:/home/robot/debug_clear_ws/install/clearpath_platform:/home/robot/debug_clear_ws/install/clearpath_msgs:/home/robot/debug_clear_ws/install/clearpath_mounts_description:/home/robot/debug_clear_ws/install/clearpath_manipulators:/home/robot/debug_clear_ws/install/clearpath_manipulators_description:/home/robot/debug_clear_ws/install/clearpath_customization:/home/robot/debug_clear_ws/install/yolov8_ros:/home/robot/debug_clear_ws/install/yolo_ros:/home/robot/debug_clear_ws/install/clearpath_config:/opt/ros/humble LD_LIBRARY_PATH=/home/robot/debug_clear_ws/install/clearpath_platform_msgs/lib:/home/robot/debug_clear_ws/install/yolov8_msgs/lib:/home/robot/debug_clear_ws/install/yolo_msgs/lib:/home/robot/debug_clear_ws/install/clearpath_platform/lib:/opt/ros/humble/opt/rviz_ogre_vendor/lib:/opt/ros/humble/lib/x86_64-linux-gnu:/opt/ros/humble/lib /usr/bin/cmake --build /home/robot/debug_clear_ws/build/clearpath_platform -- -j12 -l12
[2.141s] [  3%] [32mBuilding CXX object CMakeFiles/clearpath_platform_lighting.dir/src/lighting/lighting.cpp.o[0m
[2.141s] [  6%] [32mBuilding CXX object CMakeFiles/j100_hardware.dir/src/j100/hardware.cpp.o[0m
[2.141s] [ 10%] [32mBuilding CXX object CMakeFiles/clearpath_platform_lighting.dir/src/lighting/sequence.cpp.o[0m
[2.141s] [ 13%] [32mBuilding CXX object CMakeFiles/clearpath_platform_lighting.dir/src/lighting/color.cpp.o[0m
[2.142s] [ 16%] [32mBuilding CXX object CMakeFiles/a200_hardware.dir/src/a200/hardware.cpp.o[0m
[2.142s] [ 23%] [32mBuilding CXX object CMakeFiles/a200_hardware.dir/src/a200/status.cpp.o[0m
[2.144s] [ 23%] [32mBuilding CXX object CMakeFiles/j100_hardware.dir/src/diff_drive/hardware.cpp.o[0m
[2.144s] [ 26%] [32mBuilding CXX object CMakeFiles/a200_hardware.dir/src/a200/horizon_legacy/horizon_legacy_wrapper.cpp.o[0m
[2.144s] [ 30%] [32mBuilding CXX object CMakeFiles/w200_hardware.dir/src/w200/hardware.cpp.o[0m
[2.145s] [ 33%] [32mBuilding CXX object CMakeFiles/puma_hardware.dir/src/puma/hardware.cpp.o[0m
[2.145s] [ 36%] [32mBuilding CXX object CMakeFiles/j100_hardware.dir/src/diff_drive/hardware_interface.cpp.o[0m
[2.147s] [ 40%] [32mBuilding CXX object CMakeFiles/j100_hardware.dir/src/j100/hardware_interface.cpp.o[0m
[3.060s] [ 43%] [32mBuilding CXX object CMakeFiles/puma_hardware.dir/src/puma/hardware_interface.cpp.o[0m
[3.793s] [ 46%] [32mBuilding CXX object CMakeFiles/w200_hardware.dir/src/w200/hardware_interface.cpp.o[0m
[4.549s] [ 50%] [32mBuilding CXX object CMakeFiles/a200_hardware.dir/src/a200/horizon_legacy/crc.cpp.o[0m
[4.632s] [ 53%] [32mBuilding CXX object CMakeFiles/a200_hardware.dir/src/a200/horizon_legacy/Logger.cpp.o[0m
[5.507s] [ 56%] [32mBuilding CXX object CMakeFiles/a200_hardware.dir/src/a200/horizon_legacy/Message.cpp.o[0m
[6.443s] [ 60%] [32mBuilding CXX object CMakeFiles/a200_hardware.dir/src/a200/horizon_legacy/Message_data.cpp.o[0m
[7.938s] [ 63%] [32mBuilding CXX object CMakeFiles/a200_hardware.dir/src/a200/horizon_legacy/Message_request.cpp.o[0m
[8.656s] [ 66%] [32mBuilding CXX object CMakeFiles/a200_hardware.dir/src/a200/horizon_legacy/Message_cmd.cpp.o[0m
[8.659s] [ 70%] [32mBuilding CXX object CMakeFiles/a200_hardware.dir/src/a200/horizon_legacy/Transport.cpp.o[0m
[9.453s] [ 73%] [32mBuilding CXX object CMakeFiles/a200_hardware.dir/src/a200/horizon_legacy/Number.cpp.o[0m
[9.588s] [ 76%] [32mBuilding CXX object CMakeFiles/a200_hardware.dir/src/a200/horizon_legacy/linux_serial.cpp.o[0m
[12.760s] [ 80%] [32m[1mLinking CXX shared library liba200_hardware.so[0m
[13.237s] [ 80%] Built target a200_hardware
[16.198s] [ 83%] [32m[1mLinking CXX shared library libj100_hardware.so[0m
[16.322s] [ 86%] [32m[1mLinking CXX shared library libpuma_hardware.so[0m
[16.532s] [ 90%] [32m[1mLinking CXX shared library libw200_hardware.so[0m
[17.055s] [ 90%] Built target j100_hardware
[17.172s] [ 90%] Built target puma_hardware
[17.281s] [ 90%] Built target w200_hardware
[31.703s] [ 93%] [32m[1mLinking CXX shared library libclearpath_platform_lighting.so[0m
[33.278s] [ 93%] Built target clearpath_platform_lighting
[33.297s] [ 96%] [32mBuilding CXX object CMakeFiles/lighting_node.dir/src/lighting/main.cpp.o[0m
[36.275s] [100%] [32m[1mLinking CXX executable lighting_node[0m
[36.651s] [100%] Built target lighting_node
[36.661s] Invoked command in '/home/robot/debug_clear_ws/build/clearpath_platform' returned '0': CMAKE_PREFIX_PATH=/home/robot/debug_clear_ws/install/clearpath_platform_msgs:/home/robot/debug_clear_ws/install/clearpath_platform_description:/home/robot/debug_clear_ws/install/clearpath_control:/home/robot/debug_clear_ws/install/yolov8_bringup:/home/robot/debug_clear_ws/install/yolov8_msgs:/home/robot/debug_clear_ws/install/yolo_bringup:/home/robot/debug_clear_ws/install/yolo_msgs:/home/robot/debug_clear_ws/install/clearpath_simulator:/home/robot/debug_clear_ws/install/clearpath_gz:/home/robot/debug_clear_ws/install/clearpath_generator_gz:/home/robot/debug_clear_ws/install/clearpath_common:/home/robot/debug_clear_ws/install/clearpath_generator_common:/home/robot/debug_clear_ws/install/clearpath_description:/home/robot/debug_clear_ws/install/clearpath_sensors_description:/home/robot/debug_clear_ws/install/clearpath_platform:/home/robot/debug_clear_ws/install/clearpath_msgs:/home/robot/debug_clear_ws/install/clearpath_mounts_description:/home/robot/debug_clear_ws/install/clearpath_manipulators:/home/robot/debug_clear_ws/install/clearpath_manipulators_description:/home/robot/debug_clear_ws/install/clearpath_customization:/home/robot/debug_clear_ws/install/yolov8_ros:/home/robot/debug_clear_ws/install/yolo_ros:/home/robot/debug_clear_ws/install/clearpath_config:/opt/ros/humble LD_LIBRARY_PATH=/home/robot/debug_clear_ws/install/clearpath_platform_msgs/lib:/home/robot/debug_clear_ws/install/yolov8_msgs/lib:/home/robot/debug_clear_ws/install/yolo_msgs/lib:/home/robot/debug_clear_ws/install/clearpath_platform/lib:/opt/ros/humble/opt/rviz_ogre_vendor/lib:/opt/ros/humble/lib/x86_64-linux-gnu:/opt/ros/humble/lib /usr/bin/cmake --build /home/robot/debug_clear_ws/build/clearpath_platform -- -j12 -l12
[36.663s] Invoking command in '/home/robot/debug_clear_ws/build/clearpath_platform': CMAKE_PREFIX_PATH=/home/robot/debug_clear_ws/install/clearpath_platform_msgs:/home/robot/debug_clear_ws/install/clearpath_platform_description:/home/robot/debug_clear_ws/install/clearpath_control:/home/robot/debug_clear_ws/install/yolov8_bringup:/home/robot/debug_clear_ws/install/yolov8_msgs:/home/robot/debug_clear_ws/install/yolo_bringup:/home/robot/debug_clear_ws/install/yolo_msgs:/home/robot/debug_clear_ws/install/clearpath_simulator:/home/robot/debug_clear_ws/install/clearpath_gz:/home/robot/debug_clear_ws/install/clearpath_generator_gz:/home/robot/debug_clear_ws/install/clearpath_common:/home/robot/debug_clear_ws/install/clearpath_generator_common:/home/robot/debug_clear_ws/install/clearpath_description:/home/robot/debug_clear_ws/install/clearpath_sensors_description:/home/robot/debug_clear_ws/install/clearpath_platform:/home/robot/debug_clear_ws/install/clearpath_msgs:/home/robot/debug_clear_ws/install/clearpath_mounts_description:/home/robot/debug_clear_ws/install/clearpath_manipulators:/home/robot/debug_clear_ws/install/clearpath_manipulators_description:/home/robot/debug_clear_ws/install/clearpath_customization:/home/robot/debug_clear_ws/install/yolov8_ros:/home/robot/debug_clear_ws/install/yolo_ros:/home/robot/debug_clear_ws/install/clearpath_config:/opt/ros/humble LD_LIBRARY_PATH=/home/robot/debug_clear_ws/install/clearpath_platform_msgs/lib:/home/robot/debug_clear_ws/install/yolov8_msgs/lib:/home/robot/debug_clear_ws/install/yolo_msgs/lib:/home/robot/debug_clear_ws/install/clearpath_platform/lib:/opt/ros/humble/opt/rviz_ogre_vendor/lib:/opt/ros/humble/lib/x86_64-linux-gnu:/opt/ros/humble/lib /usr/bin/cmake --install /home/robot/debug_clear_ws/build/clearpath_platform
[36.669s] -- Install configuration: ""
[36.669s] -- Execute custom install script
[36.670s] -- Symlinking: /home/robot/debug_clear_ws/install/clearpath_platform/share/clearpath_platform/src/a200/hardware.xml
[36.677s] -- Symlinking: /home/robot/debug_clear_ws/install/clearpath_platform/share/clearpath_platform/src/j100/hardware.xml
[36.685s] -- Symlinking: /home/robot/debug_clear_ws/install/clearpath_platform/share/clearpath_platform/src/w200/hardware.xml
[36.692s] -- Symlinking: /home/robot/debug_clear_ws/install/clearpath_platform/share/clearpath_platform/src/puma/hardware.xml
[36.700s] -- Symlinking: /home/robot/debug_clear_ws/install/clearpath_platform/lib/liba200_hardware.so
[36.707s] -- Symlinking: /home/robot/debug_clear_ws/install/clearpath_platform/lib/libj100_hardware.so
[36.714s] -- Symlinking: /home/robot/debug_clear_ws/install/clearpath_platform/lib/libw200_hardware.so
[36.721s] -- Symlinking: /home/robot/debug_clear_ws/install/clearpath_platform/lib/libpuma_hardware.so
[36.728s] -- Symlinking: /home/robot/debug_clear_ws/install/clearpath_platform/lib/clearpath_platform/lighting_node
[36.735s] -- Symlinking: /home/robot/debug_clear_ws/install/clearpath_platform/lib/libclearpath_platform_lighting.so
[36.743s] -- Symlinking: /home/robot/debug_clear_ws/install/clearpath_platform/include/clearpath_platform/a200/hardware.hpp
[36.750s] -- Symlinking: /home/robot/debug_clear_ws/install/clearpath_platform/include/clearpath_platform/a200/horizon_legacy/Exception.h
[36.758s] -- Symlinking: /home/robot/debug_clear_ws/install/clearpath_platform/include/clearpath_platform/a200/horizon_legacy/Logger.h
[36.766s] -- Symlinking: /home/robot/debug_clear_ws/install/clearpath_platform/include/clearpath_platform/a200/horizon_legacy/Message.h
[36.773s] -- Symlinking: /home/robot/debug_clear_ws/install/clearpath_platform/include/clearpath_platform/a200/horizon_legacy/Message_cmd.h
[36.781s] -- Symlinking: /home/robot/debug_clear_ws/install/clearpath_platform/include/clearpath_platform/a200/horizon_legacy/Message_data.h
[36.789s] -- Symlinking: /home/robot/debug_clear_ws/install/clearpath_platform/include/clearpath_platform/a200/horizon_legacy/Message_request.h
[36.797s] -- Symlinking: /home/robot/debug_clear_ws/install/clearpath_platform/include/clearpath_platform/a200/horizon_legacy/Number.h
[36.805s] -- Symlinking: /home/robot/debug_clear_ws/install/clearpath_platform/include/clearpath_platform/a200/horizon_legacy/Transport.h
[36.813s] -- Symlinking: /home/robot/debug_clear_ws/install/clearpath_platform/include/clearpath_platform/a200/horizon_legacy/clearpath.h
[36.821s] -- Symlinking: /home/robot/debug_clear_ws/install/clearpath_platform/include/clearpath_platform/a200/horizon_legacy/crc.h
[36.829s] -- Symlinking: /home/robot/debug_clear_ws/install/clearpath_platform/include/clearpath_platform/a200/horizon_legacy/horizon_legacy_wrapper.h
[36.836s] -- Symlinking: /home/robot/debug_clear_ws/install/clearpath_platform/include/clearpath_platform/a200/horizon_legacy/serial.h
[36.843s] -- Symlinking: /home/robot/debug_clear_ws/install/clearpath_platform/include/clearpath_platform/a200/status.hpp
[36.851s] -- Symlinking: /home/robot/debug_clear_ws/install/clearpath_platform/include/clearpath_platform/diff_drive/hardware.hpp
[36.858s] -- Symlinking: /home/robot/debug_clear_ws/install/clearpath_platform/include/clearpath_platform/diff_drive/hardware_interface.hpp
[36.866s] -- Symlinking: /home/robot/debug_clear_ws/install/clearpath_platform/include/clearpath_platform/j100/hardware.hpp
[36.873s] -- Symlinking: /home/robot/debug_clear_ws/install/clearpath_platform/include/clearpath_platform/j100/hardware_interface.hpp
[36.880s] -- Symlinking: /home/robot/debug_clear_ws/install/clearpath_platform/include/clearpath_platform/lighting/color.hpp
[36.888s] -- Symlinking: /home/robot/debug_clear_ws/install/clearpath_platform/include/clearpath_platform/lighting/lighting.hpp
[36.896s] -- Symlinking: /home/robot/debug_clear_ws/install/clearpath_platform/include/clearpath_platform/lighting/platform.hpp
[36.903s] -- Symlinking: /home/robot/debug_clear_ws/install/clearpath_platform/include/clearpath_platform/lighting/sequence.hpp
[36.910s] -- Symlinking: /home/robot/debug_clear_ws/install/clearpath_platform/include/clearpath_platform/puma/hardware.hpp
[36.917s] -- Symlinking: /home/robot/debug_clear_ws/install/clearpath_platform/include/clearpath_platform/puma/hardware_interface.hpp
[36.925s] -- Symlinking: /home/robot/debug_clear_ws/install/clearpath_platform/include/clearpath_platform/w200/hardware.hpp
[36.933s] -- Symlinking: /home/robot/debug_clear_ws/install/clearpath_platform/include/clearpath_platform/w200/hardware_interface.hpp
[36.939s] -- Symlinking: /home/robot/debug_clear_ws/install/clearpath_platform/share/clearpath_platform/config/imu_filter.yaml
[36.947s] -- Symlinking: /home/robot/debug_clear_ws/install/clearpath_platform/share/clearpath_platform/launch/platform.launch.py
[36.954s] -- Symlinking: /home/robot/debug_clear_ws/install/clearpath_platform/share/clearpath_platform/environment/library_path.sh
[36.962s] -- Symlinking: /home/robot/debug_clear_ws/install/clearpath_platform/share/clearpath_platform/environment/library_path.dsv
[36.970s] -- Symlinking: /home/robot/debug_clear_ws/install/clearpath_platform/share/ament_index/resource_index/package_run_dependencies/clearpath_platform
[36.977s] -- Symlinking: /home/robot/debug_clear_ws/install/clearpath_platform/share/ament_index/resource_index/parent_prefix_path/clearpath_platform
[36.985s] -- Symlinking: /home/robot/debug_clear_ws/install/clearpath_platform/share/clearpath_platform/environment/ament_prefix_path.sh
[36.993s] -- Symlinking: /home/robot/debug_clear_ws/install/clearpath_platform/share/clearpath_platform/environment/ament_prefix_path.dsv
[37.000s] -- Symlinking: /home/robot/debug_clear_ws/install/clearpath_platform/share/clearpath_platform/environment/path.sh
[37.007s] -- Symlinking: /home/robot/debug_clear_ws/install/clearpath_platform/share/clearpath_platform/environment/path.dsv
[37.014s] -- Symlinking: /home/robot/debug_clear_ws/install/clearpath_platform/share/clearpath_platform/local_setup.bash
[37.021s] -- Symlinking: /home/robot/debug_clear_ws/install/clearpath_platform/share/clearpath_platform/local_setup.sh
[37.028s] -- Symlinking: /home/robot/debug_clear_ws/install/clearpath_platform/share/clearpath_platform/local_setup.zsh
[37.035s] -- Symlinking: /home/robot/debug_clear_ws/install/clearpath_platform/share/clearpath_platform/local_setup.dsv
[37.042s] -- Symlinking: /home/robot/debug_clear_ws/install/clearpath_platform/share/clearpath_platform/package.dsv
[37.049s] -- Symlinking: /home/robot/debug_clear_ws/install/clearpath_platform/share/ament_index/resource_index/packages/clearpath_platform
[37.057s] -- Symlinking: /home/robot/debug_clear_ws/install/clearpath_platform/share/ament_index/resource_index/hardware_interface__pluginlib__plugin/clearpath_platform
[37.064s] -- Symlinking: /home/robot/debug_clear_ws/install/clearpath_platform/share/clearpath_platform/cmake/ament_cmake_export_include_directories-extras.cmake
[37.071s] -- Symlinking: /home/robot/debug_clear_ws/install/clearpath_platform/share/clearpath_platform/cmake/ament_cmake_export_libraries-extras.cmake
[37.078s] -- Symlinking: /home/robot/debug_clear_ws/install/clearpath_platform/share/clearpath_platform/cmake/ament_cmake_export_dependencies-extras.cmake
[37.086s] -- Symlinking: /home/robot/debug_clear_ws/install/clearpath_platform/share/clearpath_platform/cmake/clearpath_platformConfig.cmake
[37.094s] -- Symlinking: /home/robot/debug_clear_ws/install/clearpath_platform/share/clearpath_platform/cmake/clearpath_platformConfig-version.cmake
[37.101s] -- Symlinking: /home/robot/debug_clear_ws/install/clearpath_platform/share/clearpath_platform/package.xml
[37.110s] Invoked command in '/home/robot/debug_clear_ws/build/clearpath_platform' returned '0': CMAKE_PREFIX_PATH=/home/robot/debug_clear_ws/install/clearpath_platform_msgs:/home/robot/debug_clear_ws/install/clearpath_platform_description:/home/robot/debug_clear_ws/install/clearpath_control:/home/robot/debug_clear_ws/install/yolov8_bringup:/home/robot/debug_clear_ws/install/yolov8_msgs:/home/robot/debug_clear_ws/install/yolo_bringup:/home/robot/debug_clear_ws/install/yolo_msgs:/home/robot/debug_clear_ws/install/clearpath_simulator:/home/robot/debug_clear_ws/install/clearpath_gz:/home/robot/debug_clear_ws/install/clearpath_generator_gz:/home/robot/debug_clear_ws/install/clearpath_common:/home/robot/debug_clear_ws/install/clearpath_generator_common:/home/robot/debug_clear_ws/install/clearpath_description:/home/robot/debug_clear_ws/install/clearpath_sensors_description:/home/robot/debug_clear_ws/install/clearpath_platform:/home/robot/debug_clear_ws/install/clearpath_msgs:/home/robot/debug_clear_ws/install/clearpath_mounts_description:/home/robot/debug_clear_ws/install/clearpath_manipulators:/home/robot/debug_clear_ws/install/clearpath_manipulators_description:/home/robot/debug_clear_ws/install/clearpath_customization:/home/robot/debug_clear_ws/install/yolov8_ros:/home/robot/debug_clear_ws/install/yolo_ros:/home/robot/debug_clear_ws/install/clearpath_config:/opt/ros/humble LD_LIBRARY_PATH=/home/robot/debug_clear_ws/install/clearpath_platform_msgs/lib:/home/robot/debug_clear_ws/install/yolov8_msgs/lib:/home/robot/debug_clear_ws/install/yolo_msgs/lib:/home/robot/debug_clear_ws/install/clearpath_platform/lib:/opt/ros/humble/opt/rviz_ogre_vendor/lib:/opt/ros/humble/lib/x86_64-linux-gnu:/opt/ros/humble/lib /usr/bin/cmake --install /home/robot/debug_clear_ws/build/clearpath_platform
