[0.070s] Invoking command in '/home/dimash/debug_clear_ws/build/clearpath_platform_msgs': CMAKE_PREFIX_PATH=${CMAKE_PREFIX_PATH}:/home/dimash/debug_clear_ws/install/yolo_ros:/home/dimash/debug_clear_ws/install/person_movement:/home/dimash/debug_clear_ws/install/clearpath_config:/opt/ros/humble /usr/bin/cmake --build /home/dimash/debug_clear_ws/build/clearpath_platform_msgs -- -j8 -l8
[0.433s] [  0%] Built target clearpath_platform_msgs__cpp
[0.433s] [ 12%] Built target clearpath_platform_msgs__rosidl_generator_c
[0.433s] [ 12%] Built target ament_cmake_python_copy_clearpath_platform_msgs
[0.433s] [ 23%] Built target clearpath_platform_msgs__rosidl_typesupport_fastrtps_cpp
[0.433s] [ 35%] Built target clearpath_platform_msgs__rosidl_typesupport_introspection_cpp
[0.433s] [ 47%] Built target clearpath_platform_msgs__rosidl_typesupport_cpp
[0.434s] [ 58%] Built target clearpath_platform_msgs__rosidl_typesupport_c
[0.434s] [ 70%] Built target clearpath_platform_msgs__rosidl_typesupport_fastrtps_c
[0.434s] [ 82%] Built target clearpath_platform_msgs__rosidl_typesupport_introspection_c
[0.434s] [ 82%] Built target clearpath_platform_msgs
[0.434s] [ 83%] Built target clearpath_platform_msgs__py
[0.434s] [ 94%] Built target clearpath_platform_msgs__rosidl_generator_py
[0.434s] [ 96%] Built target clearpath_platform_msgs__rosidl_typesupport_introspection_c__pyext
[0.434s] [ 98%] Built target clearpath_platform_msgs__rosidl_typesupport_c__pyext
[0.434s] [100%] Built target clearpath_platform_msgs__rosidl_typesupport_fastrtps_c__pyext
[0.434s] running egg_info
[0.435s] writing clearpath_platform_msgs.egg-info/PKG-INFO
[0.435s] writing dependency_links to clearpath_platform_msgs.egg-info/dependency_links.txt
[0.435s] writing top-level names to clearpath_platform_msgs.egg-info/top_level.txt
[0.436s] reading manifest file 'clearpath_platform_msgs.egg-info/SOURCES.txt'
[0.436s] writing manifest file 'clearpath_platform_msgs.egg-info/SOURCES.txt'
[0.449s] [100%] Built target ament_cmake_python_build_clearpath_platform_msgs_egg
[0.575s] Invoked command in '/home/dimash/debug_clear_ws/build/clearpath_platform_msgs' returned '0': CMAKE_PREFIX_PATH=${CMAKE_PREFIX_PATH}:/home/dimash/debug_clear_ws/install/yolo_ros:/home/dimash/debug_clear_ws/install/person_movement:/home/dimash/debug_clear_ws/install/clearpath_config:/opt/ros/humble /usr/bin/cmake --build /home/dimash/debug_clear_ws/build/clearpath_platform_msgs -- -j8 -l8
[0.575s] Invoking command in '/home/dimash/debug_clear_ws/build/clearpath_platform_msgs': CMAKE_PREFIX_PATH=${CMAKE_PREFIX_PATH}:/home/dimash/debug_clear_ws/install/yolo_ros:/home/dimash/debug_clear_ws/install/person_movement:/home/dimash/debug_clear_ws/install/clearpath_config:/opt/ros/humble /usr/bin/cmake --install /home/dimash/debug_clear_ws/build/clearpath_platform_msgs
[0.603s] -- Install configuration: ""
[0.607s] -- Up-to-date: /home/dimash/debug_clear_ws/install/clearpath_platform_msgs/share/ament_index/resource_index/rosidl_interfaces/clearpath_platform_msgs
[0.607s] -- Up-to-date: /home/dimash/debug_clear_ws/install/clearpath_platform_msgs/include/clearpath_platform_msgs/clearpath_platform_msgs
[0.607s] -- Up-to-date: /home/dimash/debug_clear_ws/install/clearpath_platform_msgs/include/clearpath_platform_msgs/clearpath_platform_msgs/srv
[0.607s] -- Up-to-date: /home/dimash/debug_clear_ws/install/clearpath_platform_msgs/include/clearpath_platform_msgs/clearpath_platform_msgs/srv/detail
[0.607s] -- Up-to-date: /home/dimash/debug_clear_ws/install/clearpath_platform_msgs/include/clearpath_platform_msgs/clearpath_platform_msgs/srv/detail/configure_mcu__struct.h
[0.607s] -- Up-to-date: /home/dimash/debug_clear_ws/install/clearpath_platform_msgs/include/clearpath_platform_msgs/clearpath_platform_msgs/srv/detail/configure_mcu__functions.c
[0.607s] -- Up-to-date: /home/dimash/debug_clear_ws/install/clearpath_platform_msgs/include/clearpath_platform_msgs/clearpath_platform_msgs/srv/detail/configure_mcu__functions.h
[0.608s] -- Up-to-date: /home/dimash/debug_clear_ws/install/clearpath_platform_msgs/include/clearpath_platform_msgs/clearpath_platform_msgs/srv/detail/configure_mcu__type_support.h
[0.608s] -- Up-to-date: /home/dimash/debug_clear_ws/install/clearpath_platform_msgs/include/clearpath_platform_msgs/clearpath_platform_msgs/srv/configure_mcu.h
[0.608s] -- Up-to-date: /home/dimash/debug_clear_ws/install/clearpath_platform_msgs/include/clearpath_platform_msgs/clearpath_platform_msgs/msg
[0.608s] -- Up-to-date: /home/dimash/debug_clear_ws/install/clearpath_platform_msgs/include/clearpath_platform_msgs/clearpath_platform_msgs/msg/rgb.h
[0.608s] -- Up-to-date: /home/dimash/debug_clear_ws/install/clearpath_platform_msgs/include/clearpath_platform_msgs/clearpath_platform_msgs/msg/stop_status.h
[0.608s] -- Up-to-date: /home/dimash/debug_clear_ws/install/clearpath_platform_msgs/include/clearpath_platform_msgs/clearpath_platform_msgs/msg/detail
[0.608s] -- Up-to-date: /home/dimash/debug_clear_ws/install/clearpath_platform_msgs/include/clearpath_platform_msgs/clearpath_platform_msgs/msg/detail/stop_status__functions.c
[0.608s] -- Up-to-date: /home/dimash/debug_clear_ws/install/clearpath_platform_msgs/include/clearpath_platform_msgs/clearpath_platform_msgs/msg/detail/power__functions.c
[0.609s] -- Up-to-date: /home/dimash/debug_clear_ws/install/clearpath_platform_msgs/include/clearpath_platform_msgs/clearpath_platform_msgs/msg/detail/drive_feedback__struct.h
[0.609s] -- Up-to-date: /home/dimash/debug_clear_ws/install/clearpath_platform_msgs/include/clearpath_platform_msgs/clearpath_platform_msgs/msg/detail/status__functions.c
[0.609s] -- Up-to-date: /home/dimash/debug_clear_ws/install/clearpath_platform_msgs/include/clearpath_platform_msgs/clearpath_platform_msgs/msg/detail/power__struct.h
[0.609s] -- Up-to-date: /home/dimash/debug_clear_ws/install/clearpath_platform_msgs/include/clearpath_platform_msgs/clearpath_platform_msgs/msg/detail/rgb__type_support.h
[0.609s] -- Up-to-date: /home/dimash/debug_clear_ws/install/clearpath_platform_msgs/include/clearpath_platform_msgs/clearpath_platform_msgs/msg/detail/feedback__type_support.h
[0.609s] -- Up-to-date: /home/dimash/debug_clear_ws/install/clearpath_platform_msgs/include/clearpath_platform_msgs/clearpath_platform_msgs/msg/detail/drive_feedback__functions.h
[0.609s] -- Up-to-date: /home/dimash/debug_clear_ws/install/clearpath_platform_msgs/include/clearpath_platform_msgs/clearpath_platform_msgs/msg/detail/status__functions.h
[0.609s] -- Up-to-date: /home/dimash/debug_clear_ws/install/clearpath_platform_msgs/include/clearpath_platform_msgs/clearpath_platform_msgs/msg/detail/fans__functions.h
[0.609s] -- Up-to-date: /home/dimash/debug_clear_ws/install/clearpath_platform_msgs/include/clearpath_platform_msgs/clearpath_platform_msgs/msg/detail/rgb__functions.c
[0.610s] -- Up-to-date: /home/dimash/debug_clear_ws/install/clearpath_platform_msgs/include/clearpath_platform_msgs/clearpath_platform_msgs/msg/detail/feedback__functions.c
[0.610s] -- Up-to-date: /home/dimash/debug_clear_ws/install/clearpath_platform_msgs/include/clearpath_platform_msgs/clearpath_platform_msgs/msg/detail/fans__functions.c
[0.610s] -- Up-to-date: /home/dimash/debug_clear_ws/install/clearpath_platform_msgs/include/clearpath_platform_msgs/clearpath_platform_msgs/msg/detail/drive__functions.c
[0.610s] -- Up-to-date: /home/dimash/debug_clear_ws/install/clearpath_platform_msgs/include/clearpath_platform_msgs/clearpath_platform_msgs/msg/detail/stop_status__type_support.h
[0.610s] -- Up-to-date: /home/dimash/debug_clear_ws/install/clearpath_platform_msgs/include/clearpath_platform_msgs/clearpath_platform_msgs/msg/detail/drive__struct.h
[0.614s] -- Up-to-date: /home/dimash/debug_clear_ws/install/clearpath_platform_msgs/include/clearpath_platform_msgs/clearpath_platform_msgs/msg/detail/drive__functions.h
[0.614s] -- Up-to-date: /home/dimash/debug_clear_ws/install/clearpath_platform_msgs/include/clearpath_platform_msgs/clearpath_platform_msgs/msg/detail/feedback__struct.h
[0.614s] -- Up-to-date: /home/dimash/debug_clear_ws/install/clearpath_platform_msgs/include/clearpath_platform_msgs/clearpath_platform_msgs/msg/detail/power__functions.h
[0.614s] -- Up-to-date: /home/dimash/debug_clear_ws/install/clearpath_platform_msgs/include/clearpath_platform_msgs/clearpath_platform_msgs/msg/detail/drive__type_support.h
[0.615s] -- Up-to-date: /home/dimash/debug_clear_ws/install/clearpath_platform_msgs/include/clearpath_platform_msgs/clearpath_platform_msgs/msg/detail/status__type_support.h
[0.615s] -- Up-to-date: /home/dimash/debug_clear_ws/install/clearpath_platform_msgs/include/clearpath_platform_msgs/clearpath_platform_msgs/msg/detail/stop_status__struct.h
[0.615s] -- Up-to-date: /home/dimash/debug_clear_ws/install/clearpath_platform_msgs/include/clearpath_platform_msgs/clearpath_platform_msgs/msg/detail/power__type_support.h
[0.615s] -- Up-to-date: /home/dimash/debug_clear_ws/install/clearpath_platform_msgs/include/clearpath_platform_msgs/clearpath_platform_msgs/msg/detail/fans__type_support.h
[0.615s] -- Up-to-date: /home/dimash/debug_clear_ws/install/clearpath_platform_msgs/include/clearpath_platform_msgs/clearpath_platform_msgs/msg/detail/stop_status__functions.h
[0.615s] -- Up-to-date: /home/dimash/debug_clear_ws/install/clearpath_platform_msgs/include/clearpath_platform_msgs/clearpath_platform_msgs/msg/detail/rgb__functions.h
[0.615s] -- Up-to-date: /home/dimash/debug_clear_ws/install/clearpath_platform_msgs/include/clearpath_platform_msgs/clearpath_platform_msgs/msg/detail/drive_feedback__type_support.h
[0.615s] -- Up-to-date: /home/dimash/debug_clear_ws/install/clearpath_platform_msgs/include/clearpath_platform_msgs/clearpath_platform_msgs/msg/detail/drive_feedback__functions.c
[0.615s] -- Up-to-date: /home/dimash/debug_clear_ws/install/clearpath_platform_msgs/include/clearpath_platform_msgs/clearpath_platform_msgs/msg/detail/feedback__functions.h
[0.616s] -- Up-to-date: /home/dimash/debug_clear_ws/install/clearpath_platform_msgs/include/clearpath_platform_msgs/clearpath_platform_msgs/msg/detail/rgb__struct.h
[0.616s] -- Up-to-date: /home/dimash/debug_clear_ws/install/clearpath_platform_msgs/include/clearpath_platform_msgs/clearpath_platform_msgs/msg/detail/lights__functions.h
[0.616s] -- Up-to-date: /home/dimash/debug_clear_ws/install/clearpath_platform_msgs/include/clearpath_platform_msgs/clearpath_platform_msgs/msg/detail/lights__functions.c
[0.620s] -- Up-to-date: /home/dimash/debug_clear_ws/install/clearpath_platform_msgs/include/clearpath_platform_msgs/clearpath_platform_msgs/msg/detail/lights__struct.h
[0.622s] -- Up-to-date: /home/dimash/debug_clear_ws/install/clearpath_platform_msgs/include/clearpath_platform_msgs/clearpath_platform_msgs/msg/detail/lights__type_support.h
[0.622s] -- Up-to-date: /home/dimash/debug_clear_ws/install/clearpath_platform_msgs/include/clearpath_platform_msgs/clearpath_platform_msgs/msg/detail/fans__struct.h
[0.622s] -- Up-to-date: /home/dimash/debug_clear_ws/install/clearpath_platform_msgs/include/clearpath_platform_msgs/clearpath_platform_msgs/msg/detail/status__struct.h
[0.623s] -- Up-to-date: /home/dimash/debug_clear_ws/install/clearpath_platform_msgs/include/clearpath_platform_msgs/clearpath_platform_msgs/msg/feedback.h
[0.623s] -- Up-to-date: /home/dimash/debug_clear_ws/install/clearpath_platform_msgs/include/clearpath_platform_msgs/clearpath_platform_msgs/msg/rosidl_generator_c__visibility_control.h
[0.623s] -- Up-to-date: /home/dimash/debug_clear_ws/install/clearpath_platform_msgs/include/clearpath_platform_msgs/clearpath_platform_msgs/msg/drive.h
[0.623s] -- Up-to-date: /home/dimash/debug_clear_ws/install/clearpath_platform_msgs/include/clearpath_platform_msgs/clearpath_platform_msgs/msg/drive_feedback.h
[0.623s] -- Up-to-date: /home/dimash/debug_clear_ws/install/clearpath_platform_msgs/include/clearpath_platform_msgs/clearpath_platform_msgs/msg/status.h
[0.623s] -- Up-to-date: /home/dimash/debug_clear_ws/install/clearpath_platform_msgs/include/clearpath_platform_msgs/clearpath_platform_msgs/msg/fans.h
[0.623s] -- Up-to-date: /home/dimash/debug_clear_ws/install/clearpath_platform_msgs/include/clearpath_platform_msgs/clearpath_platform_msgs/msg/lights.h
[0.623s] -- Up-to-date: /home/dimash/debug_clear_ws/install/clearpath_platform_msgs/include/clearpath_platform_msgs/clearpath_platform_msgs/msg/power.h
[0.624s] -- Up-to-date: /home/dimash/debug_clear_ws/install/clearpath_platform_msgs/share/clearpath_platform_msgs/environment/library_path.sh
[0.625s] -- Up-to-date: /home/dimash/debug_clear_ws/install/clearpath_platform_msgs/share/clearpath_platform_msgs/environment/library_path.dsv
[0.625s] -- Up-to-date: /home/dimash/debug_clear_ws/install/clearpath_platform_msgs/lib/libclearpath_platform_msgs__rosidl_generator_c.so
[0.625s] -- Up-to-date: /home/dimash/debug_clear_ws/install/clearpath_platform_msgs/include/clearpath_platform_msgs/clearpath_platform_msgs
[0.625s] -- Up-to-date: /home/dimash/debug_clear_ws/install/clearpath_platform_msgs/include/clearpath_platform_msgs/clearpath_platform_msgs/srv
[0.626s] -- Up-to-date: /home/dimash/debug_clear_ws/install/clearpath_platform_msgs/include/clearpath_platform_msgs/clearpath_platform_msgs/srv/detail
[0.626s] -- Up-to-date: /home/dimash/debug_clear_ws/install/clearpath_platform_msgs/include/clearpath_platform_msgs/clearpath_platform_msgs/srv/detail/configure_mcu__rosidl_typesupport_fastrtps_c.h
[0.626s] -- Up-to-date: /home/dimash/debug_clear_ws/install/clearpath_platform_msgs/include/clearpath_platform_msgs/clearpath_platform_msgs/msg
[0.626s] -- Up-to-date: /home/dimash/debug_clear_ws/install/clearpath_platform_msgs/include/clearpath_platform_msgs/clearpath_platform_msgs/msg/detail
[0.626s] -- Up-to-date: /home/dimash/debug_clear_ws/install/clearpath_platform_msgs/include/clearpath_platform_msgs/clearpath_platform_msgs/msg/detail/lights__rosidl_typesupport_fastrtps_c.h
[0.626s] -- Up-to-date: /home/dimash/debug_clear_ws/install/clearpath_platform_msgs/include/clearpath_platform_msgs/clearpath_platform_msgs/msg/detail/drive_feedback__rosidl_typesupport_fastrtps_c.h
[0.626s] -- Up-to-date: /home/dimash/debug_clear_ws/install/clearpath_platform_msgs/include/clearpath_platform_msgs/clearpath_platform_msgs/msg/detail/stop_status__rosidl_typesupport_fastrtps_c.h
[0.626s] -- Up-to-date: /home/dimash/debug_clear_ws/install/clearpath_platform_msgs/include/clearpath_platform_msgs/clearpath_platform_msgs/msg/detail/feedback__rosidl_typesupport_fastrtps_c.h
[0.626s] -- Up-to-date: /home/dimash/debug_clear_ws/install/clearpath_platform_msgs/include/clearpath_platform_msgs/clearpath_platform_msgs/msg/detail/status__rosidl_typesupport_fastrtps_c.h
[0.626s] -- Up-to-date: /home/dimash/debug_clear_ws/install/clearpath_platform_msgs/include/clearpath_platform_msgs/clearpath_platform_msgs/msg/detail/fans__rosidl_typesupport_fastrtps_c.h
[0.627s] -- Up-to-date: /home/dimash/debug_clear_ws/install/clearpath_platform_msgs/include/clearpath_platform_msgs/clearpath_platform_msgs/msg/detail/power__rosidl_typesupport_fastrtps_c.h
[0.627s] -- Up-to-date: /home/dimash/debug_clear_ws/install/clearpath_platform_msgs/include/clearpath_platform_msgs/clearpath_platform_msgs/msg/detail/rgb__rosidl_typesupport_fastrtps_c.h
[0.627s] -- Up-to-date: /home/dimash/debug_clear_ws/install/clearpath_platform_msgs/include/clearpath_platform_msgs/clearpath_platform_msgs/msg/detail/drive__rosidl_typesupport_fastrtps_c.h
[0.627s] -- Up-to-date: /home/dimash/debug_clear_ws/install/clearpath_platform_msgs/include/clearpath_platform_msgs/clearpath_platform_msgs/msg/rosidl_typesupport_fastrtps_c__visibility_control.h
[0.627s] -- Up-to-date: /home/dimash/debug_clear_ws/install/clearpath_platform_msgs/lib/libclearpath_platform_msgs__rosidl_typesupport_fastrtps_c.so
[0.627s] -- Up-to-date: /home/dimash/debug_clear_ws/install/clearpath_platform_msgs/include/clearpath_platform_msgs/clearpath_platform_msgs
[0.627s] -- Up-to-date: /home/dimash/debug_clear_ws/install/clearpath_platform_msgs/include/clearpath_platform_msgs/clearpath_platform_msgs/srv
[0.627s] -- Up-to-date: /home/dimash/debug_clear_ws/install/clearpath_platform_msgs/include/clearpath_platform_msgs/clearpath_platform_msgs/srv/detail
[0.627s] -- Up-to-date: /home/dimash/debug_clear_ws/install/clearpath_platform_msgs/include/clearpath_platform_msgs/clearpath_platform_msgs/srv/detail/configure_mcu__type_support.hpp
[0.628s] -- Up-to-date: /home/dimash/debug_clear_ws/install/clearpath_platform_msgs/include/clearpath_platform_msgs/clearpath_platform_msgs/srv/detail/configure_mcu__builder.hpp
[0.628s] -- Up-to-date: /home/dimash/debug_clear_ws/install/clearpath_platform_msgs/include/clearpath_platform_msgs/clearpath_platform_msgs/srv/detail/configure_mcu__traits.hpp
[0.628s] -- Up-to-date: /home/dimash/debug_clear_ws/install/clearpath_platform_msgs/include/clearpath_platform_msgs/clearpath_platform_msgs/srv/detail/configure_mcu__struct.hpp
[0.628s] -- Up-to-date: /home/dimash/debug_clear_ws/install/clearpath_platform_msgs/include/clearpath_platform_msgs/clearpath_platform_msgs/srv/configure_mcu.hpp
[0.628s] -- Up-to-date: /home/dimash/debug_clear_ws/install/clearpath_platform_msgs/include/clearpath_platform_msgs/clearpath_platform_msgs/msg
[0.633s] -- Up-to-date: /home/dimash/debug_clear_ws/install/clearpath_platform_msgs/include/clearpath_platform_msgs/clearpath_platform_msgs/msg/stop_status.hpp
[0.633s] -- Up-to-date: /home/dimash/debug_clear_ws/install/clearpath_platform_msgs/include/clearpath_platform_msgs/clearpath_platform_msgs/msg/detail
[0.633s] -- Up-to-date: /home/dimash/debug_clear_ws/install/clearpath_platform_msgs/include/clearpath_platform_msgs/clearpath_platform_msgs/msg/detail/rgb__traits.hpp
[0.633s] -- Up-to-date: /home/dimash/debug_clear_ws/install/clearpath_platform_msgs/include/clearpath_platform_msgs/clearpath_platform_msgs/msg/detail/fans__traits.hpp
[0.633s] -- Up-to-date: /home/dimash/debug_clear_ws/install/clearpath_platform_msgs/include/clearpath_platform_msgs/clearpath_platform_msgs/msg/detail/power__builder.hpp
[0.634s] -- Up-to-date: /home/dimash/debug_clear_ws/install/clearpath_platform_msgs/include/clearpath_platform_msgs/clearpath_platform_msgs/msg/detail/drive__traits.hpp
[0.634s] -- Up-to-date: /home/dimash/debug_clear_ws/install/clearpath_platform_msgs/include/clearpath_platform_msgs/clearpath_platform_msgs/msg/detail/rgb__type_support.hpp
[0.634s] -- Up-to-date: /home/dimash/debug_clear_ws/install/clearpath_platform_msgs/include/clearpath_platform_msgs/clearpath_platform_msgs/msg/detail/stop_status__struct.hpp
[0.634s] -- Up-to-date: /home/dimash/debug_clear_ws/install/clearpath_platform_msgs/include/clearpath_platform_msgs/clearpath_platform_msgs/msg/detail/drive__type_support.hpp
[0.634s] -- Up-to-date: /home/dimash/debug_clear_ws/install/clearpath_platform_msgs/include/clearpath_platform_msgs/clearpath_platform_msgs/msg/detail/power__struct.hpp
[0.634s] -- Up-to-date: /home/dimash/debug_clear_ws/install/clearpath_platform_msgs/include/clearpath_platform_msgs/clearpath_platform_msgs/msg/detail/status__struct.hpp
[0.634s] -- Up-to-date: /home/dimash/debug_clear_ws/install/clearpath_platform_msgs/include/clearpath_platform_msgs/clearpath_platform_msgs/msg/detail/fans__struct.hpp
[0.634s] -- Up-to-date: /home/dimash/debug_clear_ws/install/clearpath_platform_msgs/include/clearpath_platform_msgs/clearpath_platform_msgs/msg/detail/fans__builder.hpp
[0.634s] -- Up-to-date: /home/dimash/debug_clear_ws/install/clearpath_platform_msgs/include/clearpath_platform_msgs/clearpath_platform_msgs/msg/detail/feedback__struct.hpp
[0.635s] -- Up-to-date: /home/dimash/debug_clear_ws/install/clearpath_platform_msgs/include/clearpath_platform_msgs/clearpath_platform_msgs/msg/detail/drive_feedback__traits.hpp
[0.635s] -- Up-to-date: /home/dimash/debug_clear_ws/install/clearpath_platform_msgs/include/clearpath_platform_msgs/clearpath_platform_msgs/msg/detail/feedback__type_support.hpp
[0.635s] -- Up-to-date: /home/dimash/debug_clear_ws/install/clearpath_platform_msgs/include/clearpath_platform_msgs/clearpath_platform_msgs/msg/detail/rgb__struct.hpp
[0.635s] -- Up-to-date: /home/dimash/debug_clear_ws/install/clearpath_platform_msgs/include/clearpath_platform_msgs/clearpath_platform_msgs/msg/detail/rgb__builder.hpp
[0.636s] -- Up-to-date: /home/dimash/debug_clear_ws/install/clearpath_platform_msgs/include/clearpath_platform_msgs/clearpath_platform_msgs/msg/detail/fans__type_support.hpp
[0.636s] -- Up-to-date: /home/dimash/debug_clear_ws/install/clearpath_platform_msgs/include/clearpath_platform_msgs/clearpath_platform_msgs/msg/detail/stop_status__traits.hpp
[0.636s] -- Up-to-date: /home/dimash/debug_clear_ws/install/clearpath_platform_msgs/include/clearpath_platform_msgs/clearpath_platform_msgs/msg/detail/status__traits.hpp
[0.636s] -- Up-to-date: /home/dimash/debug_clear_ws/install/clearpath_platform_msgs/include/clearpath_platform_msgs/clearpath_platform_msgs/msg/detail/power__type_support.hpp
[0.636s] -- Up-to-date: /home/dimash/debug_clear_ws/install/clearpath_platform_msgs/include/clearpath_platform_msgs/clearpath_platform_msgs/msg/detail/lights__traits.hpp
[0.636s] -- Up-to-date: /home/dimash/debug_clear_ws/install/clearpath_platform_msgs/include/clearpath_platform_msgs/clearpath_platform_msgs/msg/detail/drive_feedback__builder.hpp
[0.636s] -- Up-to-date: /home/dimash/debug_clear_ws/install/clearpath_platform_msgs/include/clearpath_platform_msgs/clearpath_platform_msgs/msg/detail/feedback__traits.hpp
[0.636s] -- Up-to-date: /home/dimash/debug_clear_ws/install/clearpath_platform_msgs/include/clearpath_platform_msgs/clearpath_platform_msgs/msg/detail/lights__struct.hpp
[0.637s] -- Up-to-date: /home/dimash/debug_clear_ws/install/clearpath_platform_msgs/include/clearpath_platform_msgs/clearpath_platform_msgs/msg/detail/drive__builder.hpp
[0.637s] -- Up-to-date: /home/dimash/debug_clear_ws/install/clearpath_platform_msgs/include/clearpath_platform_msgs/clearpath_platform_msgs/msg/detail/drive__struct.hpp
[0.637s] -- Up-to-date: /home/dimash/debug_clear_ws/install/clearpath_platform_msgs/include/clearpath_platform_msgs/clearpath_platform_msgs/msg/detail/lights__builder.hpp
[0.637s] -- Up-to-date: /home/dimash/debug_clear_ws/install/clearpath_platform_msgs/include/clearpath_platform_msgs/clearpath_platform_msgs/msg/detail/stop_status__builder.hpp
[0.637s] -- Up-to-date: /home/dimash/debug_clear_ws/install/clearpath_platform_msgs/include/clearpath_platform_msgs/clearpath_platform_msgs/msg/detail/lights__type_support.hpp
[0.637s] -- Up-to-date: /home/dimash/debug_clear_ws/install/clearpath_platform_msgs/include/clearpath_platform_msgs/clearpath_platform_msgs/msg/detail/power__traits.hpp
[0.637s] -- Up-to-date: /home/dimash/debug_clear_ws/install/clearpath_platform_msgs/include/clearpath_platform_msgs/clearpath_platform_msgs/msg/detail/status__builder.hpp
[0.637s] -- Up-to-date: /home/dimash/debug_clear_ws/install/clearpath_platform_msgs/include/clearpath_platform_msgs/clearpath_platform_msgs/msg/detail/feedback__builder.hpp
[0.637s] -- Up-to-date: /home/dimash/debug_clear_ws/install/clearpath_platform_msgs/include/clearpath_platform_msgs/clearpath_platform_msgs/msg/detail/status__type_support.hpp
[0.638s] -- Up-to-date: /home/dimash/debug_clear_ws/install/clearpath_platform_msgs/include/clearpath_platform_msgs/clearpath_platform_msgs/msg/detail/drive_feedback__struct.hpp
[0.638s] -- Up-to-date: /home/dimash/debug_clear_ws/install/clearpath_platform_msgs/include/clearpath_platform_msgs/clearpath_platform_msgs/msg/detail/drive_feedback__type_support.hpp
[0.638s] -- Up-to-date: /home/dimash/debug_clear_ws/install/clearpath_platform_msgs/include/clearpath_platform_msgs/clearpath_platform_msgs/msg/detail/stop_status__type_support.hpp
[0.639s] -- Up-to-date: /home/dimash/debug_clear_ws/install/clearpath_platform_msgs/include/clearpath_platform_msgs/clearpath_platform_msgs/msg/power.hpp
[0.639s] -- Up-to-date: /home/dimash/debug_clear_ws/install/clearpath_platform_msgs/include/clearpath_platform_msgs/clearpath_platform_msgs/msg/drive.hpp
[0.640s] -- Up-to-date: /home/dimash/debug_clear_ws/install/clearpath_platform_msgs/include/clearpath_platform_msgs/clearpath_platform_msgs/msg/lights.hpp
[0.641s] -- Up-to-date: /home/dimash/debug_clear_ws/install/clearpath_platform_msgs/include/clearpath_platform_msgs/clearpath_platform_msgs/msg/feedback.hpp
[0.641s] -- Up-to-date: /home/dimash/debug_clear_ws/install/clearpath_platform_msgs/include/clearpath_platform_msgs/clearpath_platform_msgs/msg/rosidl_generator_cpp__visibility_control.hpp
[0.641s] -- Up-to-date: /home/dimash/debug_clear_ws/install/clearpath_platform_msgs/include/clearpath_platform_msgs/clearpath_platform_msgs/msg/fans.hpp
[0.642s] -- Up-to-date: /home/dimash/debug_clear_ws/install/clearpath_platform_msgs/include/clearpath_platform_msgs/clearpath_platform_msgs/msg/drive_feedback.hpp
[0.642s] -- Up-to-date: /home/dimash/debug_clear_ws/install/clearpath_platform_msgs/include/clearpath_platform_msgs/clearpath_platform_msgs/msg/status.hpp
[0.642s] -- Up-to-date: /home/dimash/debug_clear_ws/install/clearpath_platform_msgs/include/clearpath_platform_msgs/clearpath_platform_msgs/msg/rgb.hpp
[0.642s] -- Up-to-date: /home/dimash/debug_clear_ws/install/clearpath_platform_msgs/include/clearpath_platform_msgs/clearpath_platform_msgs
[0.643s] -- Up-to-date: /home/dimash/debug_clear_ws/install/clearpath_platform_msgs/include/clearpath_platform_msgs/clearpath_platform_msgs/srv
[0.643s] -- Up-to-date: /home/dimash/debug_clear_ws/install/clearpath_platform_msgs/include/clearpath_platform_msgs/clearpath_platform_msgs/srv/detail
[0.644s] -- Up-to-date: /home/dimash/debug_clear_ws/install/clearpath_platform_msgs/include/clearpath_platform_msgs/clearpath_platform_msgs/srv/detail/configure_mcu__rosidl_typesupport_fastrtps_cpp.hpp
[0.644s] -- Up-to-date: /home/dimash/debug_clear_ws/install/clearpath_platform_msgs/include/clearpath_platform_msgs/clearpath_platform_msgs/srv/detail/dds_fastrtps
[0.644s] -- Up-to-date: /home/dimash/debug_clear_ws/install/clearpath_platform_msgs/include/clearpath_platform_msgs/clearpath_platform_msgs/msg
[0.644s] -- Up-to-date: /home/dimash/debug_clear_ws/install/clearpath_platform_msgs/include/clearpath_platform_msgs/clearpath_platform_msgs/msg/rosidl_typesupport_fastrtps_cpp__visibility_control.h
[0.644s] -- Up-to-date: /home/dimash/debug_clear_ws/install/clearpath_platform_msgs/include/clearpath_platform_msgs/clearpath_platform_msgs/msg/detail
[0.644s] -- Up-to-date: /home/dimash/debug_clear_ws/install/clearpath_platform_msgs/include/clearpath_platform_msgs/clearpath_platform_msgs/msg/detail/stop_status__rosidl_typesupport_fastrtps_cpp.hpp
[0.644s] -- Up-to-date: /home/dimash/debug_clear_ws/install/clearpath_platform_msgs/include/clearpath_platform_msgs/clearpath_platform_msgs/msg/detail/fans__rosidl_typesupport_fastrtps_cpp.hpp
[0.644s] -- Up-to-date: /home/dimash/debug_clear_ws/install/clearpath_platform_msgs/include/clearpath_platform_msgs/clearpath_platform_msgs/msg/detail/drive_feedback__rosidl_typesupport_fastrtps_cpp.hpp
[0.645s] -- Up-to-date: /home/dimash/debug_clear_ws/install/clearpath_platform_msgs/include/clearpath_platform_msgs/clearpath_platform_msgs/msg/detail/power__rosidl_typesupport_fastrtps_cpp.hpp
[0.645s] -- Up-to-date: /home/dimash/debug_clear_ws/install/clearpath_platform_msgs/include/clearpath_platform_msgs/clearpath_platform_msgs/msg/detail/drive__rosidl_typesupport_fastrtps_cpp.hpp
[0.645s] -- Up-to-date: /home/dimash/debug_clear_ws/install/clearpath_platform_msgs/include/clearpath_platform_msgs/clearpath_platform_msgs/msg/detail/feedback__rosidl_typesupport_fastrtps_cpp.hpp
[0.645s] -- Up-to-date: /home/dimash/debug_clear_ws/install/clearpath_platform_msgs/include/clearpath_platform_msgs/clearpath_platform_msgs/msg/detail/status__rosidl_typesupport_fastrtps_cpp.hpp
[0.645s] -- Up-to-date: /home/dimash/debug_clear_ws/install/clearpath_platform_msgs/include/clearpath_platform_msgs/clearpath_platform_msgs/msg/detail/rgb__rosidl_typesupport_fastrtps_cpp.hpp
[0.653s] -- Up-to-date: /home/dimash/debug_clear_ws/install/clearpath_platform_msgs/include/clearpath_platform_msgs/clearpath_platform_msgs/msg/detail/lights__rosidl_typesupport_fastrtps_cpp.hpp
[0.653s] -- Up-to-date: /home/dimash/debug_clear_ws/install/clearpath_platform_msgs/include/clearpath_platform_msgs/clearpath_platform_msgs/msg/detail/dds_fastrtps
[0.655s] -- Up-to-date: /home/dimash/debug_clear_ws/install/clearpath_platform_msgs/lib/libclearpath_platform_msgs__rosidl_typesupport_fastrtps_cpp.so
[0.656s] -- Up-to-date: /home/dimash/debug_clear_ws/install/clearpath_platform_msgs/include/clearpath_platform_msgs/clearpath_platform_msgs
[0.656s] -- Up-to-date: /home/dimash/debug_clear_ws/install/clearpath_platform_msgs/include/clearpath_platform_msgs/clearpath_platform_msgs/srv
[0.656s] -- Up-to-date: /home/dimash/debug_clear_ws/install/clearpath_platform_msgs/include/clearpath_platform_msgs/clearpath_platform_msgs/srv/detail
[0.656s] -- Up-to-date: /home/dimash/debug_clear_ws/install/clearpath_platform_msgs/include/clearpath_platform_msgs/clearpath_platform_msgs/srv/detail/configure_mcu__type_support.c
[0.656s] -- Up-to-date: /home/dimash/debug_clear_ws/install/clearpath_platform_msgs/include/clearpath_platform_msgs/clearpath_platform_msgs/srv/detail/configure_mcu__rosidl_typesupport_introspection_c.h
[0.657s] -- Up-to-date: /home/dimash/debug_clear_ws/install/clearpath_platform_msgs/include/clearpath_platform_msgs/clearpath_platform_msgs/msg
[0.657s] -- Up-to-date: /home/dimash/debug_clear_ws/install/clearpath_platform_msgs/include/clearpath_platform_msgs/clearpath_platform_msgs/msg/detail
[0.657s] -- Up-to-date: /home/dimash/debug_clear_ws/install/clearpath_platform_msgs/include/clearpath_platform_msgs/clearpath_platform_msgs/msg/detail/power__type_support.c
[0.657s] -- Up-to-date: /home/dimash/debug_clear_ws/install/clearpath_platform_msgs/include/clearpath_platform_msgs/clearpath_platform_msgs/msg/detail/fans__type_support.c
[0.658s] -- Up-to-date: /home/dimash/debug_clear_ws/install/clearpath_platform_msgs/include/clearpath_platform_msgs/clearpath_platform_msgs/msg/detail/drive_feedback__rosidl_typesupport_introspection_c.h
[0.658s] -- Up-to-date: /home/dimash/debug_clear_ws/install/clearpath_platform_msgs/include/clearpath_platform_msgs/clearpath_platform_msgs/msg/detail/feedback__rosidl_typesupport_introspection_c.h
[0.658s] -- Up-to-date: /home/dimash/debug_clear_ws/install/clearpath_platform_msgs/include/clearpath_platform_msgs/clearpath_platform_msgs/msg/detail/drive__rosidl_typesupport_introspection_c.h
[0.658s] -- Up-to-date: /home/dimash/debug_clear_ws/install/clearpath_platform_msgs/include/clearpath_platform_msgs/clearpath_platform_msgs/msg/detail/drive_feedback__type_support.c
[0.658s] -- Up-to-date: /home/dimash/debug_clear_ws/install/clearpath_platform_msgs/include/clearpath_platform_msgs/clearpath_platform_msgs/msg/detail/feedback__type_support.c
[0.658s] -- Up-to-date: /home/dimash/debug_clear_ws/install/clearpath_platform_msgs/include/clearpath_platform_msgs/clearpath_platform_msgs/msg/detail/status__rosidl_typesupport_introspection_c.h
[0.658s] -- Up-to-date: /home/dimash/debug_clear_ws/install/clearpath_platform_msgs/include/clearpath_platform_msgs/clearpath_platform_msgs/msg/detail/lights__rosidl_typesupport_introspection_c.h
[0.658s] -- Up-to-date: /home/dimash/debug_clear_ws/install/clearpath_platform_msgs/include/clearpath_platform_msgs/clearpath_platform_msgs/msg/detail/stop_status__rosidl_typesupport_introspection_c.h
[0.659s] -- Up-to-date: /home/dimash/debug_clear_ws/install/clearpath_platform_msgs/include/clearpath_platform_msgs/clearpath_platform_msgs/msg/detail/stop_status__type_support.c
[0.659s] -- Up-to-date: /home/dimash/debug_clear_ws/install/clearpath_platform_msgs/include/clearpath_platform_msgs/clearpath_platform_msgs/msg/detail/drive__type_support.c
[0.659s] -- Up-to-date: /home/dimash/debug_clear_ws/install/clearpath_platform_msgs/include/clearpath_platform_msgs/clearpath_platform_msgs/msg/detail/rgb__rosidl_typesupport_introspection_c.h
[0.659s] -- Up-to-date: /home/dimash/debug_clear_ws/install/clearpath_platform_msgs/include/clearpath_platform_msgs/clearpath_platform_msgs/msg/detail/power__rosidl_typesupport_introspection_c.h
[0.659s] -- Up-to-date: /home/dimash/debug_clear_ws/install/clearpath_platform_msgs/include/clearpath_platform_msgs/clearpath_platform_msgs/msg/detail/lights__type_support.c
[0.660s] -- Up-to-date: /home/dimash/debug_clear_ws/install/clearpath_platform_msgs/include/clearpath_platform_msgs/clearpath_platform_msgs/msg/detail/fans__rosidl_typesupport_introspection_c.h
[0.660s] -- Up-to-date: /home/dimash/debug_clear_ws/install/clearpath_platform_msgs/include/clearpath_platform_msgs/clearpath_platform_msgs/msg/detail/rgb__type_support.c
[0.660s] -- Up-to-date: /home/dimash/debug_clear_ws/install/clearpath_platform_msgs/include/clearpath_platform_msgs/clearpath_platform_msgs/msg/detail/status__type_support.c
[0.660s] -- Up-to-date: /home/dimash/debug_clear_ws/install/clearpath_platform_msgs/include/clearpath_platform_msgs/clearpath_platform_msgs/msg/rosidl_typesupport_introspection_c__visibility_control.h
[0.660s] -- Up-to-date: /home/dimash/debug_clear_ws/install/clearpath_platform_msgs/lib/libclearpath_platform_msgs__rosidl_typesupport_introspection_c.so
[0.660s] -- Up-to-date: /home/dimash/debug_clear_ws/install/clearpath_platform_msgs/lib/libclearpath_platform_msgs__rosidl_typesupport_c.so
[0.660s] -- Up-to-date: /home/dimash/debug_clear_ws/install/clearpath_platform_msgs/include/clearpath_platform_msgs/clearpath_platform_msgs
[0.660s] -- Up-to-date: /home/dimash/debug_clear_ws/install/clearpath_platform_msgs/include/clearpath_platform_msgs/clearpath_platform_msgs/srv
[0.661s] -- Up-to-date: /home/dimash/debug_clear_ws/install/clearpath_platform_msgs/include/clearpath_platform_msgs/clearpath_platform_msgs/srv/detail
[0.661s] -- Up-to-date: /home/dimash/debug_clear_ws/install/clearpath_platform_msgs/include/clearpath_platform_msgs/clearpath_platform_msgs/srv/detail/configure_mcu__rosidl_typesupport_introspection_cpp.hpp
[0.661s] -- Up-to-date: /home/dimash/debug_clear_ws/install/clearpath_platform_msgs/include/clearpath_platform_msgs/clearpath_platform_msgs/srv/detail/configure_mcu__type_support.cpp
[0.661s] -- Up-to-date: /home/dimash/debug_clear_ws/install/clearpath_platform_msgs/include/clearpath_platform_msgs/clearpath_platform_msgs/msg
[0.661s] -- Up-to-date: /home/dimash/debug_clear_ws/install/clearpath_platform_msgs/include/clearpath_platform_msgs/clearpath_platform_msgs/msg/detail
[0.662s] -- Up-to-date: /home/dimash/debug_clear_ws/install/clearpath_platform_msgs/include/clearpath_platform_msgs/clearpath_platform_msgs/msg/detail/status__type_support.cpp
[0.662s] -- Up-to-date: /home/dimash/debug_clear_ws/install/clearpath_platform_msgs/include/clearpath_platform_msgs/clearpath_platform_msgs/msg/detail/feedback__type_support.cpp
[0.662s] -- Up-to-date: /home/dimash/debug_clear_ws/install/clearpath_platform_msgs/include/clearpath_platform_msgs/clearpath_platform_msgs/msg/detail/lights__rosidl_typesupport_introspection_cpp.hpp
[0.662s] -- Up-to-date: /home/dimash/debug_clear_ws/install/clearpath_platform_msgs/include/clearpath_platform_msgs/clearpath_platform_msgs/msg/detail/lights__type_support.cpp
[0.662s] -- Up-to-date: /home/dimash/debug_clear_ws/install/clearpath_platform_msgs/include/clearpath_platform_msgs/clearpath_platform_msgs/msg/detail/stop_status__rosidl_typesupport_introspection_cpp.hpp
[0.662s] -- Up-to-date: /home/dimash/debug_clear_ws/install/clearpath_platform_msgs/include/clearpath_platform_msgs/clearpath_platform_msgs/msg/detail/drive_feedback__rosidl_typesupport_introspection_cpp.hpp
[0.663s] -- Up-to-date: /home/dimash/debug_clear_ws/install/clearpath_platform_msgs/include/clearpath_platform_msgs/clearpath_platform_msgs/msg/detail/status__rosidl_typesupport_introspection_cpp.hpp
[0.663s] -- Up-to-date: /home/dimash/debug_clear_ws/install/clearpath_platform_msgs/include/clearpath_platform_msgs/clearpath_platform_msgs/msg/detail/drive__rosidl_typesupport_introspection_cpp.hpp
[0.663s] -- Up-to-date: /home/dimash/debug_clear_ws/install/clearpath_platform_msgs/include/clearpath_platform_msgs/clearpath_platform_msgs/msg/detail/rgb__type_support.cpp
[0.663s] -- Up-to-date: /home/dimash/debug_clear_ws/install/clearpath_platform_msgs/include/clearpath_platform_msgs/clearpath_platform_msgs/msg/detail/fans__type_support.cpp
[0.664s] -- Up-to-date: /home/dimash/debug_clear_ws/install/clearpath_platform_msgs/include/clearpath_platform_msgs/clearpath_platform_msgs/msg/detail/rgb__rosidl_typesupport_introspection_cpp.hpp
[0.664s] -- Up-to-date: /home/dimash/debug_clear_ws/install/clearpath_platform_msgs/include/clearpath_platform_msgs/clearpath_platform_msgs/msg/detail/stop_status__type_support.cpp
[0.664s] -- Up-to-date: /home/dimash/debug_clear_ws/install/clearpath_platform_msgs/include/clearpath_platform_msgs/clearpath_platform_msgs/msg/detail/power__type_support.cpp
[0.664s] -- Up-to-date: /home/dimash/debug_clear_ws/install/clearpath_platform_msgs/include/clearpath_platform_msgs/clearpath_platform_msgs/msg/detail/fans__rosidl_typesupport_introspection_cpp.hpp
[0.664s] -- Up-to-date: /home/dimash/debug_clear_ws/install/clearpath_platform_msgs/include/clearpath_platform_msgs/clearpath_platform_msgs/msg/detail/power__rosidl_typesupport_introspection_cpp.hpp
[0.664s] -- Up-to-date: /home/dimash/debug_clear_ws/install/clearpath_platform_msgs/include/clearpath_platform_msgs/clearpath_platform_msgs/msg/detail/drive_feedback__type_support.cpp
[0.664s] -- Up-to-date: /home/dimash/debug_clear_ws/install/clearpath_platform_msgs/include/clearpath_platform_msgs/clearpath_platform_msgs/msg/detail/drive__type_support.cpp
[0.664s] -- Up-to-date: /home/dimash/debug_clear_ws/install/clearpath_platform_msgs/include/clearpath_platform_msgs/clearpath_platform_msgs/msg/detail/feedback__rosidl_typesupport_introspection_cpp.hpp
[0.665s] -- Up-to-date: /home/dimash/debug_clear_ws/install/clearpath_platform_msgs/lib/libclearpath_platform_msgs__rosidl_typesupport_introspection_cpp.so
[0.665s] -- Up-to-date: /home/dimash/debug_clear_ws/install/clearpath_platform_msgs/lib/libclearpath_platform_msgs__rosidl_typesupport_cpp.so
[0.665s] -- Up-to-date: /home/dimash/debug_clear_ws/install/clearpath_platform_msgs/share/clearpath_platform_msgs/environment/pythonpath.sh
[0.665s] -- Up-to-date: /home/dimash/debug_clear_ws/install/clearpath_platform_msgs/share/clearpath_platform_msgs/environment/pythonpath.dsv
[0.665s] -- Up-to-date: /home/dimash/debug_clear_ws/install/clearpath_platform_msgs/local/lib/python3.10/dist-packages/clearpath_platform_msgs-0.3.0-py3.10.egg-info
[0.665s] -- Installing: /home/dimash/debug_clear_ws/install/clearpath_platform_msgs/local/lib/python3.10/dist-packages/clearpath_platform_msgs-0.3.0-py3.10.egg-info/PKG-INFO
[0.666s] -- Installing: /home/dimash/debug_clear_ws/install/clearpath_platform_msgs/local/lib/python3.10/dist-packages/clearpath_platform_msgs-0.3.0-py3.10.egg-info/SOURCES.txt
[0.666s] -- Installing: /home/dimash/debug_clear_ws/install/clearpath_platform_msgs/local/lib/python3.10/dist-packages/clearpath_platform_msgs-0.3.0-py3.10.egg-info/dependency_links.txt
[0.666s] -- Installing: /home/dimash/debug_clear_ws/install/clearpath_platform_msgs/local/lib/python3.10/dist-packages/clearpath_platform_msgs-0.3.0-py3.10.egg-info/top_level.txt
[0.666s] -- Up-to-date: /home/dimash/debug_clear_ws/install/clearpath_platform_msgs/local/lib/python3.10/dist-packages/clearpath_platform_msgs
[0.666s] -- Up-to-date: /home/dimash/debug_clear_ws/install/clearpath_platform_msgs/local/lib/python3.10/dist-packages/clearpath_platform_msgs/_clearpath_platform_msgs_s.ep.rosidl_typesupport_introspection_c.c
[0.666s] -- Up-to-date: /home/dimash/debug_clear_ws/install/clearpath_platform_msgs/local/lib/python3.10/dist-packages/clearpath_platform_msgs/__init__.py
[0.666s] -- Up-to-date: /home/dimash/debug_clear_ws/install/clearpath_platform_msgs/local/lib/python3.10/dist-packages/clearpath_platform_msgs/srv
[0.666s] -- Up-to-date: /home/dimash/debug_clear_ws/install/clearpath_platform_msgs/local/lib/python3.10/dist-packages/clearpath_platform_msgs/srv/__init__.py
[0.666s] -- Up-to-date: /home/dimash/debug_clear_ws/install/clearpath_platform_msgs/local/lib/python3.10/dist-packages/clearpath_platform_msgs/srv/_configure_mcu_s.c
[0.666s] -- Up-to-date: /home/dimash/debug_clear_ws/install/clearpath_platform_msgs/local/lib/python3.10/dist-packages/clearpath_platform_msgs/srv/_configure_mcu.py
[0.667s] -- Up-to-date: /home/dimash/debug_clear_ws/install/clearpath_platform_msgs/local/lib/python3.10/dist-packages/clearpath_platform_msgs/_clearpath_platform_msgs_s.ep.rosidl_typesupport_fastrtps_c.c
[0.667s] -- Up-to-date: /home/dimash/debug_clear_ws/install/clearpath_platform_msgs/local/lib/python3.10/dist-packages/clearpath_platform_msgs/msg
[0.667s] -- Up-to-date: /home/dimash/debug_clear_ws/install/clearpath_platform_msgs/local/lib/python3.10/dist-packages/clearpath_platform_msgs/msg/_fans.py
[0.667s] -- Up-to-date: /home/dimash/debug_clear_ws/install/clearpath_platform_msgs/local/lib/python3.10/dist-packages/clearpath_platform_msgs/msg/_lights_s.c
[0.667s] -- Up-to-date: /home/dimash/debug_clear_ws/install/clearpath_platform_msgs/local/lib/python3.10/dist-packages/clearpath_platform_msgs/msg/__init__.py
[0.667s] -- Up-to-date: /home/dimash/debug_clear_ws/install/clearpath_platform_msgs/local/lib/python3.10/dist-packages/clearpath_platform_msgs/msg/_drive_feedback.py
[0.667s] -- Up-to-date: /home/dimash/debug_clear_ws/install/clearpath_platform_msgs/local/lib/python3.10/dist-packages/clearpath_platform_msgs/msg/_status.py
[0.667s] -- Up-to-date: /home/dimash/debug_clear_ws/install/clearpath_platform_msgs/local/lib/python3.10/dist-packages/clearpath_platform_msgs/msg/_feedback.py
[0.667s] -- Up-to-date: /home/dimash/debug_clear_ws/install/clearpath_platform_msgs/local/lib/python3.10/dist-packages/clearpath_platform_msgs/msg/_status_s.c
[0.667s] -- Up-to-date: /home/dimash/debug_clear_ws/install/clearpath_platform_msgs/local/lib/python3.10/dist-packages/clearpath_platform_msgs/msg/_stop_status_s.c
[0.667s] -- Up-to-date: /home/dimash/debug_clear_ws/install/clearpath_platform_msgs/local/lib/python3.10/dist-packages/clearpath_platform_msgs/msg/_rgb.py
[0.667s] -- Up-to-date: /home/dimash/debug_clear_ws/install/clearpath_platform_msgs/local/lib/python3.10/dist-packages/clearpath_platform_msgs/msg/_drive.py
[0.667s] -- Up-to-date: /home/dimash/debug_clear_ws/install/clearpath_platform_msgs/local/lib/python3.10/dist-packages/clearpath_platform_msgs/msg/_fans_s.c
[0.667s] -- Up-to-date: /home/dimash/debug_clear_ws/install/clearpath_platform_msgs/local/lib/python3.10/dist-packages/clearpath_platform_msgs/msg/_lights.py
[0.668s] -- Up-to-date: /home/dimash/debug_clear_ws/install/clearpath_platform_msgs/local/lib/python3.10/dist-packages/clearpath_platform_msgs/msg/_rgb_s.c
[0.668s] -- Up-to-date: /home/dimash/debug_clear_ws/install/clearpath_platform_msgs/local/lib/python3.10/dist-packages/clearpath_platform_msgs/msg/_feedback_s.c
[0.668s] -- Up-to-date: /home/dimash/debug_clear_ws/install/clearpath_platform_msgs/local/lib/python3.10/dist-packages/clearpath_platform_msgs/msg/_power_s.c
[0.668s] -- Up-to-date: /home/dimash/debug_clear_ws/install/clearpath_platform_msgs/local/lib/python3.10/dist-packages/clearpath_platform_msgs/msg/_drive_feedback_s.c
[0.668s] -- Up-to-date: /home/dimash/debug_clear_ws/install/clearpath_platform_msgs/local/lib/python3.10/dist-packages/clearpath_platform_msgs/msg/_power.py
[0.668s] -- Up-to-date: /home/dimash/debug_clear_ws/install/clearpath_platform_msgs/local/lib/python3.10/dist-packages/clearpath_platform_msgs/msg/_drive_s.c
[0.668s] -- Up-to-date: /home/dimash/debug_clear_ws/install/clearpath_platform_msgs/local/lib/python3.10/dist-packages/clearpath_platform_msgs/msg/_stop_status.py
[0.668s] -- Up-to-date: /home/dimash/debug_clear_ws/install/clearpath_platform_msgs/local/lib/python3.10/dist-packages/clearpath_platform_msgs/clearpath_platform_msgs_s__rosidl_typesupport_fastrtps_c.cpython-310-x86_64-linux-gnu.so
[0.668s] -- Up-to-date: /home/dimash/debug_clear_ws/install/clearpath_platform_msgs/local/lib/python3.10/dist-packages/clearpath_platform_msgs/clearpath_platform_msgs_s__rosidl_typesupport_introspection_c.cpython-310-x86_64-linux-gnu.so
[0.668s] -- Up-to-date: /home/dimash/debug_clear_ws/install/clearpath_platform_msgs/local/lib/python3.10/dist-packages/clearpath_platform_msgs/clearpath_platform_msgs_s__rosidl_typesupport_c.cpython-310-x86_64-linux-gnu.so
[0.668s] -- Up-to-date: /home/dimash/debug_clear_ws/install/clearpath_platform_msgs/local/lib/python3.10/dist-packages/clearpath_platform_msgs/_clearpath_platform_msgs_s.ep.rosidl_typesupport_c.c
[0.668s] -- Up-to-date: /home/dimash/debug_clear_ws/install/clearpath_platform_msgs/local/lib/python3.10/dist-packages/clearpath_platform_msgs/libclearpath_platform_msgs__rosidl_generator_py.so
[0.669s] Listing '/home/dimash/debug_clear_ws/install/clearpath_platform_msgs/local/lib/python3.10/dist-packages/clearpath_platform_msgs'...
[0.670s] Listing '/home/dimash/debug_clear_ws/install/clearpath_platform_msgs/local/lib/python3.10/dist-packages/clearpath_platform_msgs/msg'...
[0.670s] Listing '/home/dimash/debug_clear_ws/install/clearpath_platform_msgs/local/lib/python3.10/dist-packages/clearpath_platform_msgs/srv'...
[0.670s] -- Up-to-date: /home/dimash/debug_clear_ws/install/clearpath_platform_msgs/local/lib/python3.10/dist-packages/clearpath_platform_msgs/clearpath_platform_msgs_s__rosidl_typesupport_fastrtps_c.cpython-310-x86_64-linux-gnu.so
[0.670s] -- Up-to-date: /home/dimash/debug_clear_ws/install/clearpath_platform_msgs/local/lib/python3.10/dist-packages/clearpath_platform_msgs/clearpath_platform_msgs_s__rosidl_typesupport_introspection_c.cpython-310-x86_64-linux-gnu.so
[0.670s] -- Up-to-date: /home/dimash/debug_clear_ws/install/clearpath_platform_msgs/local/lib/python3.10/dist-packages/clearpath_platform_msgs/clearpath_platform_msgs_s__rosidl_typesupport_c.cpython-310-x86_64-linux-gnu.so
[0.670s] -- Up-to-date: /home/dimash/debug_clear_ws/install/clearpath_platform_msgs/lib/libclearpath_platform_msgs__rosidl_generator_py.so
[0.670s] -- Up-to-date: /home/dimash/debug_clear_ws/install/clearpath_platform_msgs/share/clearpath_platform_msgs/msg/Drive.idl
[0.671s] -- Up-to-date: /home/dimash/debug_clear_ws/install/clearpath_platform_msgs/share/clearpath_platform_msgs/msg/DriveFeedback.idl
[0.671s] -- Up-to-date: /home/dimash/debug_clear_ws/install/clearpath_platform_msgs/share/clearpath_platform_msgs/msg/Fans.idl
[0.671s] -- Up-to-date: /home/dimash/debug_clear_ws/install/clearpath_platform_msgs/share/clearpath_platform_msgs/msg/Feedback.idl
[0.671s] -- Up-to-date: /home/dimash/debug_clear_ws/install/clearpath_platform_msgs/share/clearpath_platform_msgs/msg/Lights.idl
[0.671s] -- Up-to-date: /home/dimash/debug_clear_ws/install/clearpath_platform_msgs/share/clearpath_platform_msgs/msg/Power.idl
[0.671s] -- Up-to-date: /home/dimash/debug_clear_ws/install/clearpath_platform_msgs/share/clearpath_platform_msgs/msg/RGB.idl
[0.671s] -- Up-to-date: /home/dimash/debug_clear_ws/install/clearpath_platform_msgs/share/clearpath_platform_msgs/msg/Status.idl
[0.671s] -- Up-to-date: /home/dimash/debug_clear_ws/install/clearpath_platform_msgs/share/clearpath_platform_msgs/msg/StopStatus.idl
[0.671s] -- Up-to-date: /home/dimash/debug_clear_ws/install/clearpath_platform_msgs/share/clearpath_platform_msgs/srv/ConfigureMcu.idl
[0.672s] -- Up-to-date: /home/dimash/debug_clear_ws/install/clearpath_platform_msgs/share/clearpath_platform_msgs/msg/Drive.msg
[0.672s] -- Up-to-date: /home/dimash/debug_clear_ws/install/clearpath_platform_msgs/share/clearpath_platform_msgs/msg/DriveFeedback.msg
[0.672s] -- Up-to-date: /home/dimash/debug_clear_ws/install/clearpath_platform_msgs/share/clearpath_platform_msgs/msg/Fans.msg
[0.672s] -- Up-to-date: /home/dimash/debug_clear_ws/install/clearpath_platform_msgs/share/clearpath_platform_msgs/msg/Feedback.msg
[0.672s] -- Up-to-date: /home/dimash/debug_clear_ws/install/clearpath_platform_msgs/share/clearpath_platform_msgs/msg/Lights.msg
[0.672s] -- Up-to-date: /home/dimash/debug_clear_ws/install/clearpath_platform_msgs/share/clearpath_platform_msgs/msg/Power.msg
[0.672s] -- Up-to-date: /home/dimash/debug_clear_ws/install/clearpath_platform_msgs/share/clearpath_platform_msgs/msg/RGB.msg
[0.672s] -- Up-to-date: /home/dimash/debug_clear_ws/install/clearpath_platform_msgs/share/clearpath_platform_msgs/msg/Status.msg
[0.672s] -- Up-to-date: /home/dimash/debug_clear_ws/install/clearpath_platform_msgs/share/clearpath_platform_msgs/msg/StopStatus.msg
[0.673s] -- Up-to-date: /home/dimash/debug_clear_ws/install/clearpath_platform_msgs/share/clearpath_platform_msgs/srv/ConfigureMcu.srv
[0.673s] -- Up-to-date: /home/dimash/debug_clear_ws/install/clearpath_platform_msgs/share/clearpath_platform_msgs/srv/ConfigureMcu_Request.msg
[0.673s] -- Up-to-date: /home/dimash/debug_clear_ws/install/clearpath_platform_msgs/share/clearpath_platform_msgs/srv/ConfigureMcu_Response.msg
[0.673s] -- Up-to-date: /home/dimash/debug_clear_ws/install/clearpath_platform_msgs/share/ament_index/resource_index/package_run_dependencies/clearpath_platform_msgs
[0.673s] -- Up-to-date: /home/dimash/debug_clear_ws/install/clearpath_platform_msgs/share/ament_index/resource_index/parent_prefix_path/clearpath_platform_msgs
[0.673s] -- Up-to-date: /home/dimash/debug_clear_ws/install/clearpath_platform_msgs/share/clearpath_platform_msgs/environment/ament_prefix_path.sh
[0.673s] -- Up-to-date: /home/dimash/debug_clear_ws/install/clearpath_platform_msgs/share/clearpath_platform_msgs/environment/ament_prefix_path.dsv
[0.674s] -- Up-to-date: /home/dimash/debug_clear_ws/install/clearpath_platform_msgs/share/clearpath_platform_msgs/environment/path.sh
[0.674s] -- Up-to-date: /home/dimash/debug_clear_ws/install/clearpath_platform_msgs/share/clearpath_platform_msgs/environment/path.dsv
[0.674s] -- Up-to-date: /home/dimash/debug_clear_ws/install/clearpath_platform_msgs/share/clearpath_platform_msgs/local_setup.bash
[0.674s] -- Up-to-date: /home/dimash/debug_clear_ws/install/clearpath_platform_msgs/share/clearpath_platform_msgs/local_setup.sh
[0.674s] -- Up-to-date: /home/dimash/debug_clear_ws/install/clearpath_platform_msgs/share/clearpath_platform_msgs/local_setup.zsh
[0.674s] -- Up-to-date: /home/dimash/debug_clear_ws/install/clearpath_platform_msgs/share/clearpath_platform_msgs/local_setup.dsv
[0.674s] -- Installing: /home/dimash/debug_clear_ws/install/clearpath_platform_msgs/share/clearpath_platform_msgs/package.dsv
[0.675s] -- Up-to-date: /home/dimash/debug_clear_ws/install/clearpath_platform_msgs/share/ament_index/resource_index/packages/clearpath_platform_msgs
[0.675s] -- Up-to-date: /home/dimash/debug_clear_ws/install/clearpath_platform_msgs/share/clearpath_platform_msgs/cmake/export_clearpath_platform_msgs__rosidl_generator_cExport.cmake
[0.675s] -- Up-to-date: /home/dimash/debug_clear_ws/install/clearpath_platform_msgs/share/clearpath_platform_msgs/cmake/export_clearpath_platform_msgs__rosidl_generator_cExport-noconfig.cmake
[0.675s] -- Up-to-date: /home/dimash/debug_clear_ws/install/clearpath_platform_msgs/share/clearpath_platform_msgs/cmake/export_clearpath_platform_msgs__rosidl_typesupport_fastrtps_cExport.cmake
[0.675s] -- Up-to-date: /home/dimash/debug_clear_ws/install/clearpath_platform_msgs/share/clearpath_platform_msgs/cmake/export_clearpath_platform_msgs__rosidl_typesupport_fastrtps_cExport-noconfig.cmake
[0.675s] -- Up-to-date: /home/dimash/debug_clear_ws/install/clearpath_platform_msgs/share/clearpath_platform_msgs/cmake/export_clearpath_platform_msgs__rosidl_generator_cppExport.cmake
[0.675s] -- Up-to-date: /home/dimash/debug_clear_ws/install/clearpath_platform_msgs/share/clearpath_platform_msgs/cmake/export_clearpath_platform_msgs__rosidl_typesupport_fastrtps_cppExport.cmake
[0.676s] -- Up-to-date: /home/dimash/debug_clear_ws/install/clearpath_platform_msgs/share/clearpath_platform_msgs/cmake/export_clearpath_platform_msgs__rosidl_typesupport_fastrtps_cppExport-noconfig.cmake
[0.676s] -- Up-to-date: /home/dimash/debug_clear_ws/install/clearpath_platform_msgs/share/clearpath_platform_msgs/cmake/clearpath_platform_msgs__rosidl_typesupport_introspection_cExport.cmake
[0.677s] -- Up-to-date: /home/dimash/debug_clear_ws/install/clearpath_platform_msgs/share/clearpath_platform_msgs/cmake/clearpath_platform_msgs__rosidl_typesupport_introspection_cExport-noconfig.cmake
[0.677s] -- Up-to-date: /home/dimash/debug_clear_ws/install/clearpath_platform_msgs/share/clearpath_platform_msgs/cmake/clearpath_platform_msgs__rosidl_typesupport_cExport.cmake
[0.677s] -- Up-to-date: /home/dimash/debug_clear_ws/install/clearpath_platform_msgs/share/clearpath_platform_msgs/cmake/clearpath_platform_msgs__rosidl_typesupport_cExport-noconfig.cmake
[0.677s] -- Up-to-date: /home/dimash/debug_clear_ws/install/clearpath_platform_msgs/share/clearpath_platform_msgs/cmake/clearpath_platform_msgs__rosidl_typesupport_introspection_cppExport.cmake
[0.677s] -- Up-to-date: /home/dimash/debug_clear_ws/install/clearpath_platform_msgs/share/clearpath_platform_msgs/cmake/clearpath_platform_msgs__rosidl_typesupport_introspection_cppExport-noconfig.cmake
[0.677s] -- Up-to-date: /home/dimash/debug_clear_ws/install/clearpath_platform_msgs/share/clearpath_platform_msgs/cmake/clearpath_platform_msgs__rosidl_typesupport_cppExport.cmake
[0.678s] -- Up-to-date: /home/dimash/debug_clear_ws/install/clearpath_platform_msgs/share/clearpath_platform_msgs/cmake/clearpath_platform_msgs__rosidl_typesupport_cppExport-noconfig.cmake
[0.678s] -- Up-to-date: /home/dimash/debug_clear_ws/install/clearpath_platform_msgs/share/clearpath_platform_msgs/cmake/export_clearpath_platform_msgs__rosidl_generator_pyExport.cmake
[0.678s] -- Up-to-date: /home/dimash/debug_clear_ws/install/clearpath_platform_msgs/share/clearpath_platform_msgs/cmake/export_clearpath_platform_msgs__rosidl_generator_pyExport-noconfig.cmake
[0.678s] -- Up-to-date: /home/dimash/debug_clear_ws/install/clearpath_platform_msgs/share/clearpath_platform_msgs/cmake/rosidl_cmake-extras.cmake
[0.678s] -- Up-to-date: /home/dimash/debug_clear_ws/install/clearpath_platform_msgs/share/clearpath_platform_msgs/cmake/ament_cmake_export_dependencies-extras.cmake
[0.678s] -- Up-to-date: /home/dimash/debug_clear_ws/install/clearpath_platform_msgs/share/clearpath_platform_msgs/cmake/ament_cmake_export_include_directories-extras.cmake
[0.678s] -- Up-to-date: /home/dimash/debug_clear_ws/install/clearpath_platform_msgs/share/clearpath_platform_msgs/cmake/ament_cmake_export_libraries-extras.cmake
[0.678s] -- Up-to-date: /home/dimash/debug_clear_ws/install/clearpath_platform_msgs/share/clearpath_platform_msgs/cmake/ament_cmake_export_targets-extras.cmake
[0.678s] -- Up-to-date: /home/dimash/debug_clear_ws/install/clearpath_platform_msgs/share/clearpath_platform_msgs/cmake/rosidl_cmake_export_typesupport_targets-extras.cmake
[0.678s] -- Up-to-date: /home/dimash/debug_clear_ws/install/clearpath_platform_msgs/share/clearpath_platform_msgs/cmake/rosidl_cmake_export_typesupport_libraries-extras.cmake
[0.678s] -- Up-to-date: /home/dimash/debug_clear_ws/install/clearpath_platform_msgs/share/clearpath_platform_msgs/cmake/clearpath_platform_msgsConfig.cmake
[0.679s] -- Up-to-date: /home/dimash/debug_clear_ws/install/clearpath_platform_msgs/share/clearpath_platform_msgs/cmake/clearpath_platform_msgsConfig-version.cmake
[0.679s] -- Up-to-date: /home/dimash/debug_clear_ws/install/clearpath_platform_msgs/share/clearpath_platform_msgs/package.xml
[0.763s] Invoked command in '/home/dimash/debug_clear_ws/build/clearpath_platform_msgs' returned '0': CMAKE_PREFIX_PATH=${CMAKE_PREFIX_PATH}:/home/dimash/debug_clear_ws/install/yolo_ros:/home/dimash/debug_clear_ws/install/person_movement:/home/dimash/debug_clear_ws/install/clearpath_config:/opt/ros/humble /usr/bin/cmake --install /home/dimash/debug_clear_ws/build/clearpath_platform_msgs
