[1.082s] Invoking command in '/home/dimash/debug_clear_ws/src/clearpath_config': PYTHONPATH=/home/dimash/debug_clear_ws/build/clearpath_config/prefix_override:/usr/lib/python3/dist-packages/colcon_core/task/python/colcon_distutils_commands:/home/dimash/debug_clear_ws/install/clearpath_config/lib/python3.10/site-packages:${PYTHONPATH} /usr/bin/python3 -W ignore:setup.py install is deprecated -W ignore:easy_install command is deprecated setup.py egg_info --egg-base ../../build/clearpath_config build --build-base /home/dimash/debug_clear_ws/build/clearpath_config/build install --record /home/dimash/debug_clear_ws/build/clearpath_config/install.log --single-version-externally-managed install_data
[1.418s] running egg_info
[1.419s] writing ../../build/clearpath_config/clearpath_config.egg-info/PKG-INFO
[1.419s] writing dependency_links to ../../build/clearpath_config/clearpath_config.egg-info/dependency_links.txt
[1.419s] writing requirements to ../../build/clearpath_config/clearpath_config.egg-info/requires.txt
[1.420s] writing top-level names to ../../build/clearpath_config/clearpath_config.egg-info/top_level.txt
[1.424s] reading manifest file '../../build/clearpath_config/clearpath_config.egg-info/SOURCES.txt'
[1.425s] adding license file 'LICENSE'
[1.427s] writing manifest file '../../build/clearpath_config/clearpath_config.egg-info/SOURCES.txt'
[1.427s] running build
[1.427s] running build_py
[1.433s] running install
[1.434s] running install_lib
[1.438s] running install_data
[1.439s] running install_egg_info
[1.441s] removing '/home/dimash/debug_clear_ws/install/clearpath_config/lib/python3.10/site-packages/clearpath_config-0.3.3-py3.10.egg-info' (and everything under it)
[1.441s] Copying ../../build/clearpath_config/clearpath_config.egg-info to /home/dimash/debug_clear_ws/install/clearpath_config/lib/python3.10/site-packages/clearpath_config-0.3.3-py3.10.egg-info
[1.442s] running install_scripts
[1.464s] writing list of installed files to '/home/dimash/debug_clear_ws/build/clearpath_config/install.log'
[1.587s] Invoked command in '/home/dimash/debug_clear_ws/src/clearpath_config' returned '0': PYTHONPATH=/home/dimash/debug_clear_ws/build/clearpath_config/prefix_override:/usr/lib/python3/dist-packages/colcon_core/task/python/colcon_distutils_commands:/home/dimash/debug_clear_ws/install/clearpath_config/lib/python3.10/site-packages:${PYTHONPATH} /usr/bin/python3 -W ignore:setup.py install is deprecated -W ignore:easy_install command is deprecated setup.py egg_info --egg-base ../../build/clearpath_config build --build-base /home/dimash/debug_clear_ws/build/clearpath_config/build install --record /home/dimash/debug_clear_ws/build/clearpath_config/install.log --single-version-externally-managed install_data
