[0.374s] Invoking command in '/home/robot/debug_clear_ws/build/yolov8_msgs': CMAKE_PREFIX_PATH=${CMAKE_PREFIX_PATH}:/home/robot/debug_clear_ws/install/yolov8_ros:/home/robot/debug_clear_ws/install/clearpath_config:/opt/ros/humble /usr/bin/cmake --build /home/robot/debug_clear_ws/build/yolov8_msgs -- -j12 -l12
[0.475s] [  0%] Built target yolov8_msgs__cpp
[0.476s] [ 12%] Built target yolov8_msgs__rosidl_generator_c
[0.506s] [ 12%] Built target ament_cmake_python_copy_yolov8_msgs
[0.518s] [ 35%] Built target yolov8_msgs__rosidl_typesupport_c
[0.518s] [ 36%] Built target yolov8_msgs__rosidl_typesupport_cpp
[0.518s] [ 47%] Built target yolov8_msgs__rosidl_typesupport_fastrtps_cpp
[0.518s] [ 60%] Built target yolov8_msgs__rosidl_typesupport_introspection_c
[0.518s] [ 71%] Built target yolov8_msgs__rosidl_typesupport_introspection_cpp
[0.518s] [ 83%] Built target yolov8_msgs__rosidl_typesupport_fastrtps_c
[0.526s] [ 83%] Built target yolov8_msgs
[0.550s] [ 84%] Built target yolov8_msgs__py
[0.586s] [ 95%] Built target yolov8_msgs__rosidl_generator_py
[0.609s] [ 97%] Built target yolov8_msgs__rosidl_typesupport_c__pyext
[0.609s] [ 98%] Built target yolov8_msgs__rosidl_typesupport_introspection_c__pyext
[0.616s] [100%] Built target yolov8_msgs__rosidl_typesupport_fastrtps_c__pyext
[0.866s] running egg_info
[0.867s] writing yolov8_msgs.egg-info/PKG-INFO
[0.867s] writing dependency_links to yolov8_msgs.egg-info/dependency_links.txt
[0.868s] writing top-level names to yolov8_msgs.egg-info/top_level.txt
[0.870s] reading manifest file 'yolov8_msgs.egg-info/SOURCES.txt'
[0.871s] writing manifest file 'yolov8_msgs.egg-info/SOURCES.txt'
[0.894s] [100%] Built target ament_cmake_python_build_yolov8_msgs_egg
[0.906s] Invoked command in '/home/robot/debug_clear_ws/build/yolov8_msgs' returned '0': CMAKE_PREFIX_PATH=${CMAKE_PREFIX_PATH}:/home/robot/debug_clear_ws/install/yolov8_ros:/home/robot/debug_clear_ws/install/clearpath_config:/opt/ros/humble /usr/bin/cmake --build /home/robot/debug_clear_ws/build/yolov8_msgs -- -j12 -l12
[1.187s] Invoking command in '/home/robot/debug_clear_ws/build/yolov8_msgs': CMAKE_PREFIX_PATH=${CMAKE_PREFIX_PATH}:/home/robot/debug_clear_ws/install/yolov8_ros:/home/robot/debug_clear_ws/install/clearpath_config:/opt/ros/humble /usr/bin/cmake --install /home/robot/debug_clear_ws/build/yolov8_msgs
[1.194s] -- Install configuration: ""
[1.194s] -- Up-to-date: /home/robot/debug_clear_ws/install/yolov8_msgs/share/ament_index/resource_index/rosidl_interfaces/yolov8_msgs
[1.194s] -- Up-to-date: /home/robot/debug_clear_ws/install/yolov8_msgs/include/yolov8_msgs/yolov8_msgs
[1.194s] -- Up-to-date: /home/robot/debug_clear_ws/install/yolov8_msgs/include/yolov8_msgs/yolov8_msgs/msg
[1.194s] -- Up-to-date: /home/robot/debug_clear_ws/install/yolov8_msgs/include/yolov8_msgs/yolov8_msgs/msg/key_point3_d_array.h
[1.195s] -- Up-to-date: /home/robot/debug_clear_ws/install/yolov8_msgs/include/yolov8_msgs/yolov8_msgs/msg/vector2.h
[1.195s] -- Up-to-date: /home/robot/debug_clear_ws/install/yolov8_msgs/include/yolov8_msgs/yolov8_msgs/msg/key_point3_d.h
[1.195s] -- Up-to-date: /home/robot/debug_clear_ws/install/yolov8_msgs/include/yolov8_msgs/yolov8_msgs/msg/bounding_box2_d.h
[1.195s] -- Up-to-date: /home/robot/debug_clear_ws/install/yolov8_msgs/include/yolov8_msgs/yolov8_msgs/msg/mask.h
[1.195s] -- Up-to-date: /home/robot/debug_clear_ws/install/yolov8_msgs/include/yolov8_msgs/yolov8_msgs/msg/key_point2_d_array.h
[1.195s] -- Up-to-date: /home/robot/debug_clear_ws/install/yolov8_msgs/include/yolov8_msgs/yolov8_msgs/msg/key_point2_d.h
[1.196s] -- Up-to-date: /home/robot/debug_clear_ws/install/yolov8_msgs/include/yolov8_msgs/yolov8_msgs/msg/detail
[1.196s] -- Up-to-date: /home/robot/debug_clear_ws/install/yolov8_msgs/include/yolov8_msgs/yolov8_msgs/msg/detail/detection_array__struct.h
[1.196s] -- Up-to-date: /home/robot/debug_clear_ws/install/yolov8_msgs/include/yolov8_msgs/yolov8_msgs/msg/detail/key_point2_d_array__functions.c
[1.196s] -- Up-to-date: /home/robot/debug_clear_ws/install/yolov8_msgs/include/yolov8_msgs/yolov8_msgs/msg/detail/bounding_box2_d__struct.h
[1.196s] -- Up-to-date: /home/robot/debug_clear_ws/install/yolov8_msgs/include/yolov8_msgs/yolov8_msgs/msg/detail/key_point3_d_array__functions.c
[1.196s] -- Up-to-date: /home/robot/debug_clear_ws/install/yolov8_msgs/include/yolov8_msgs/yolov8_msgs/msg/detail/key_point2_d__struct.h
[1.196s] -- Up-to-date: /home/robot/debug_clear_ws/install/yolov8_msgs/include/yolov8_msgs/yolov8_msgs/msg/detail/vector2__type_support.h
[1.196s] -- Up-to-date: /home/robot/debug_clear_ws/install/yolov8_msgs/include/yolov8_msgs/yolov8_msgs/msg/detail/point2_d__functions.c
[1.197s] -- Up-to-date: /home/robot/debug_clear_ws/install/yolov8_msgs/include/yolov8_msgs/yolov8_msgs/msg/detail/key_point2_d_array__struct.h
[1.197s] -- Up-to-date: /home/robot/debug_clear_ws/install/yolov8_msgs/include/yolov8_msgs/yolov8_msgs/msg/detail/bounding_box3_d__type_support.h
[1.197s] -- Up-to-date: /home/robot/debug_clear_ws/install/yolov8_msgs/include/yolov8_msgs/yolov8_msgs/msg/detail/mask__functions.h
[1.197s] -- Up-to-date: /home/robot/debug_clear_ws/install/yolov8_msgs/include/yolov8_msgs/yolov8_msgs/msg/detail/mask__struct.h
[1.197s] -- Up-to-date: /home/robot/debug_clear_ws/install/yolov8_msgs/include/yolov8_msgs/yolov8_msgs/msg/detail/key_point3_d__functions.h
[1.197s] -- Up-to-date: /home/robot/debug_clear_ws/install/yolov8_msgs/include/yolov8_msgs/yolov8_msgs/msg/detail/detection__functions.c
[1.197s] -- Up-to-date: /home/robot/debug_clear_ws/install/yolov8_msgs/include/yolov8_msgs/yolov8_msgs/msg/detail/bounding_box3_d__functions.c
[1.198s] -- Up-to-date: /home/robot/debug_clear_ws/install/yolov8_msgs/include/yolov8_msgs/yolov8_msgs/msg/detail/point2_d__functions.h
[1.198s] -- Up-to-date: /home/robot/debug_clear_ws/install/yolov8_msgs/include/yolov8_msgs/yolov8_msgs/msg/detail/key_point2_d__functions.c
[1.198s] -- Up-to-date: /home/robot/debug_clear_ws/install/yolov8_msgs/include/yolov8_msgs/yolov8_msgs/msg/detail/vector2__functions.h
[1.198s] -- Up-to-date: /home/robot/debug_clear_ws/install/yolov8_msgs/include/yolov8_msgs/yolov8_msgs/msg/detail/key_point2_d_array__type_support.h
[1.198s] -- Up-to-date: /home/robot/debug_clear_ws/install/yolov8_msgs/include/yolov8_msgs/yolov8_msgs/msg/detail/pose2_d__struct.h
[1.198s] -- Up-to-date: /home/robot/debug_clear_ws/install/yolov8_msgs/include/yolov8_msgs/yolov8_msgs/msg/detail/detection_array__functions.c
[1.198s] -- Up-to-date: /home/robot/debug_clear_ws/install/yolov8_msgs/include/yolov8_msgs/yolov8_msgs/msg/detail/point2_d__type_support.h
[1.199s] -- Up-to-date: /home/robot/debug_clear_ws/install/yolov8_msgs/include/yolov8_msgs/yolov8_msgs/msg/detail/key_point3_d__functions.c
[1.199s] -- Up-to-date: /home/robot/debug_clear_ws/install/yolov8_msgs/include/yolov8_msgs/yolov8_msgs/msg/detail/detection_array__functions.h
[1.199s] -- Up-to-date: /home/robot/debug_clear_ws/install/yolov8_msgs/include/yolov8_msgs/yolov8_msgs/msg/detail/bounding_box3_d__struct.h
[1.199s] -- Up-to-date: /home/robot/debug_clear_ws/install/yolov8_msgs/include/yolov8_msgs/yolov8_msgs/msg/detail/vector2__struct.h
[1.199s] -- Up-to-date: /home/robot/debug_clear_ws/install/yolov8_msgs/include/yolov8_msgs/yolov8_msgs/msg/detail/pose2_d__functions.c
[1.199s] -- Up-to-date: /home/robot/debug_clear_ws/install/yolov8_msgs/include/yolov8_msgs/yolov8_msgs/msg/detail/point2_d__struct.h
[1.199s] -- Up-to-date: /home/robot/debug_clear_ws/install/yolov8_msgs/include/yolov8_msgs/yolov8_msgs/msg/detail/key_point2_d__type_support.h
[1.199s] -- Up-to-date: /home/robot/debug_clear_ws/install/yolov8_msgs/include/yolov8_msgs/yolov8_msgs/msg/detail/key_point3_d_array__type_support.h
[1.200s] -- Up-to-date: /home/robot/debug_clear_ws/install/yolov8_msgs/include/yolov8_msgs/yolov8_msgs/msg/detail/bounding_box2_d__type_support.h
[1.200s] -- Up-to-date: /home/robot/debug_clear_ws/install/yolov8_msgs/include/yolov8_msgs/yolov8_msgs/msg/detail/pose2_d__type_support.h
[1.200s] -- Up-to-date: /home/robot/debug_clear_ws/install/yolov8_msgs/include/yolov8_msgs/yolov8_msgs/msg/detail/pose2_d__functions.h
[1.200s] -- Up-to-date: /home/robot/debug_clear_ws/install/yolov8_msgs/include/yolov8_msgs/yolov8_msgs/msg/detail/detection__struct.h
[1.200s] -- Up-to-date: /home/robot/debug_clear_ws/install/yolov8_msgs/include/yolov8_msgs/yolov8_msgs/msg/detail/detection_array__type_support.h
[1.201s] -- Up-to-date: /home/robot/debug_clear_ws/install/yolov8_msgs/include/yolov8_msgs/yolov8_msgs/msg/detail/vector2__functions.c
[1.201s] -- Up-to-date: /home/robot/debug_clear_ws/install/yolov8_msgs/include/yolov8_msgs/yolov8_msgs/msg/detail/key_point2_d__functions.h
[1.201s] -- Up-to-date: /home/robot/debug_clear_ws/install/yolov8_msgs/include/yolov8_msgs/yolov8_msgs/msg/detail/key_point3_d__type_support.h
[1.201s] -- Up-to-date: /home/robot/debug_clear_ws/install/yolov8_msgs/include/yolov8_msgs/yolov8_msgs/msg/detail/bounding_box3_d__functions.h
[1.201s] -- Up-to-date: /home/robot/debug_clear_ws/install/yolov8_msgs/include/yolov8_msgs/yolov8_msgs/msg/detail/key_point3_d_array__struct.h
[1.201s] -- Up-to-date: /home/robot/debug_clear_ws/install/yolov8_msgs/include/yolov8_msgs/yolov8_msgs/msg/detail/bounding_box2_d__functions.c
[1.201s] -- Up-to-date: /home/robot/debug_clear_ws/install/yolov8_msgs/include/yolov8_msgs/yolov8_msgs/msg/detail/mask__functions.c
[1.201s] -- Up-to-date: /home/robot/debug_clear_ws/install/yolov8_msgs/include/yolov8_msgs/yolov8_msgs/msg/detail/key_point3_d_array__functions.h
[1.202s] -- Up-to-date: /home/robot/debug_clear_ws/install/yolov8_msgs/include/yolov8_msgs/yolov8_msgs/msg/detail/detection__functions.h
[1.202s] -- Up-to-date: /home/robot/debug_clear_ws/install/yolov8_msgs/include/yolov8_msgs/yolov8_msgs/msg/detail/mask__type_support.h
[1.202s] -- Up-to-date: /home/robot/debug_clear_ws/install/yolov8_msgs/include/yolov8_msgs/yolov8_msgs/msg/detail/bounding_box2_d__functions.h
[1.202s] -- Up-to-date: /home/robot/debug_clear_ws/install/yolov8_msgs/include/yolov8_msgs/yolov8_msgs/msg/detail/key_point3_d__struct.h
[1.202s] -- Up-to-date: /home/robot/debug_clear_ws/install/yolov8_msgs/include/yolov8_msgs/yolov8_msgs/msg/detail/detection__type_support.h
[1.202s] -- Up-to-date: /home/robot/debug_clear_ws/install/yolov8_msgs/include/yolov8_msgs/yolov8_msgs/msg/detail/key_point2_d_array__functions.h
[1.203s] -- Up-to-date: /home/robot/debug_clear_ws/install/yolov8_msgs/include/yolov8_msgs/yolov8_msgs/msg/rosidl_generator_c__visibility_control.h
[1.203s] -- Up-to-date: /home/robot/debug_clear_ws/install/yolov8_msgs/include/yolov8_msgs/yolov8_msgs/msg/detection_array.h
[1.203s] -- Up-to-date: /home/robot/debug_clear_ws/install/yolov8_msgs/include/yolov8_msgs/yolov8_msgs/msg/point2_d.h
[1.203s] -- Up-to-date: /home/robot/debug_clear_ws/install/yolov8_msgs/include/yolov8_msgs/yolov8_msgs/msg/pose2_d.h
[1.203s] -- Up-to-date: /home/robot/debug_clear_ws/install/yolov8_msgs/include/yolov8_msgs/yolov8_msgs/msg/bounding_box3_d.h
[1.203s] -- Up-to-date: /home/robot/debug_clear_ws/install/yolov8_msgs/include/yolov8_msgs/yolov8_msgs/msg/detection.h
[1.203s] -- Up-to-date: /home/robot/debug_clear_ws/install/yolov8_msgs/share/yolov8_msgs/environment/library_path.sh
[1.204s] -- Up-to-date: /home/robot/debug_clear_ws/install/yolov8_msgs/share/yolov8_msgs/environment/library_path.dsv
[1.204s] -- Up-to-date: /home/robot/debug_clear_ws/install/yolov8_msgs/lib/libyolov8_msgs__rosidl_generator_c.so
[1.204s] -- Up-to-date: /home/robot/debug_clear_ws/install/yolov8_msgs/include/yolov8_msgs/yolov8_msgs
[1.204s] -- Up-to-date: /home/robot/debug_clear_ws/install/yolov8_msgs/include/yolov8_msgs/yolov8_msgs/msg
[1.204s] -- Up-to-date: /home/robot/debug_clear_ws/install/yolov8_msgs/include/yolov8_msgs/yolov8_msgs/msg/rosidl_typesupport_fastrtps_c__visibility_control.h
[1.204s] -- Up-to-date: /home/robot/debug_clear_ws/install/yolov8_msgs/include/yolov8_msgs/yolov8_msgs/msg/detail
[1.204s] -- Up-to-date: /home/robot/debug_clear_ws/install/yolov8_msgs/include/yolov8_msgs/yolov8_msgs/msg/detail/key_point2_d_array__rosidl_typesupport_fastrtps_c.h
[1.205s] -- Up-to-date: /home/robot/debug_clear_ws/install/yolov8_msgs/include/yolov8_msgs/yolov8_msgs/msg/detail/vector2__rosidl_typesupport_fastrtps_c.h
[1.205s] -- Up-to-date: /home/robot/debug_clear_ws/install/yolov8_msgs/include/yolov8_msgs/yolov8_msgs/msg/detail/key_point2_d__rosidl_typesupport_fastrtps_c.h
[1.205s] -- Up-to-date: /home/robot/debug_clear_ws/install/yolov8_msgs/include/yolov8_msgs/yolov8_msgs/msg/detail/key_point3_d_array__rosidl_typesupport_fastrtps_c.h
[1.205s] -- Up-to-date: /home/robot/debug_clear_ws/install/yolov8_msgs/include/yolov8_msgs/yolov8_msgs/msg/detail/detection_array__rosidl_typesupport_fastrtps_c.h
[1.205s] -- Up-to-date: /home/robot/debug_clear_ws/install/yolov8_msgs/include/yolov8_msgs/yolov8_msgs/msg/detail/point2_d__rosidl_typesupport_fastrtps_c.h
[1.205s] -- Up-to-date: /home/robot/debug_clear_ws/install/yolov8_msgs/include/yolov8_msgs/yolov8_msgs/msg/detail/pose2_d__rosidl_typesupport_fastrtps_c.h
[1.205s] -- Up-to-date: /home/robot/debug_clear_ws/install/yolov8_msgs/include/yolov8_msgs/yolov8_msgs/msg/detail/key_point3_d__rosidl_typesupport_fastrtps_c.h
[1.206s] -- Up-to-date: /home/robot/debug_clear_ws/install/yolov8_msgs/include/yolov8_msgs/yolov8_msgs/msg/detail/mask__rosidl_typesupport_fastrtps_c.h
[1.206s] -- Up-to-date: /home/robot/debug_clear_ws/install/yolov8_msgs/include/yolov8_msgs/yolov8_msgs/msg/detail/bounding_box2_d__rosidl_typesupport_fastrtps_c.h
[1.206s] -- Up-to-date: /home/robot/debug_clear_ws/install/yolov8_msgs/include/yolov8_msgs/yolov8_msgs/msg/detail/detection__rosidl_typesupport_fastrtps_c.h
[1.206s] -- Up-to-date: /home/robot/debug_clear_ws/install/yolov8_msgs/include/yolov8_msgs/yolov8_msgs/msg/detail/bounding_box3_d__rosidl_typesupport_fastrtps_c.h
[1.206s] -- Up-to-date: /home/robot/debug_clear_ws/install/yolov8_msgs/lib/libyolov8_msgs__rosidl_typesupport_fastrtps_c.so
[1.206s] -- Up-to-date: /home/robot/debug_clear_ws/install/yolov8_msgs/include/yolov8_msgs/yolov8_msgs
[1.206s] -- Up-to-date: /home/robot/debug_clear_ws/install/yolov8_msgs/include/yolov8_msgs/yolov8_msgs/msg
[1.207s] -- Up-to-date: /home/robot/debug_clear_ws/install/yolov8_msgs/include/yolov8_msgs/yolov8_msgs/msg/rosidl_typesupport_introspection_c__visibility_control.h
[1.207s] -- Up-to-date: /home/robot/debug_clear_ws/install/yolov8_msgs/include/yolov8_msgs/yolov8_msgs/msg/detail
[1.207s] -- Up-to-date: /home/robot/debug_clear_ws/install/yolov8_msgs/include/yolov8_msgs/yolov8_msgs/msg/detail/key_point3_d__rosidl_typesupport_introspection_c.h
[1.207s] -- Up-to-date: /home/robot/debug_clear_ws/install/yolov8_msgs/include/yolov8_msgs/yolov8_msgs/msg/detail/key_point3_d__type_support.c
[1.207s] -- Up-to-date: /home/robot/debug_clear_ws/install/yolov8_msgs/include/yolov8_msgs/yolov8_msgs/msg/detail/bounding_box3_d__type_support.c
[1.207s] -- Up-to-date: /home/robot/debug_clear_ws/install/yolov8_msgs/include/yolov8_msgs/yolov8_msgs/msg/detail/bounding_box2_d__type_support.c
[1.207s] -- Up-to-date: /home/robot/debug_clear_ws/install/yolov8_msgs/include/yolov8_msgs/yolov8_msgs/msg/detail/pose2_d__type_support.c
[1.207s] -- Up-to-date: /home/robot/debug_clear_ws/install/yolov8_msgs/include/yolov8_msgs/yolov8_msgs/msg/detail/bounding_box3_d__rosidl_typesupport_introspection_c.h
[1.207s] -- Up-to-date: /home/robot/debug_clear_ws/install/yolov8_msgs/include/yolov8_msgs/yolov8_msgs/msg/detail/vector2__rosidl_typesupport_introspection_c.h
[1.207s] -- Up-to-date: /home/robot/debug_clear_ws/install/yolov8_msgs/include/yolov8_msgs/yolov8_msgs/msg/detail/key_point2_d_array__rosidl_typesupport_introspection_c.h
[1.207s] -- Up-to-date: /home/robot/debug_clear_ws/install/yolov8_msgs/include/yolov8_msgs/yolov8_msgs/msg/detail/bounding_box2_d__rosidl_typesupport_introspection_c.h
[1.207s] -- Up-to-date: /home/robot/debug_clear_ws/install/yolov8_msgs/include/yolov8_msgs/yolov8_msgs/msg/detail/vector2__type_support.c
[1.207s] -- Up-to-date: /home/robot/debug_clear_ws/install/yolov8_msgs/include/yolov8_msgs/yolov8_msgs/msg/detail/key_point2_d__type_support.c
[1.207s] -- Up-to-date: /home/robot/debug_clear_ws/install/yolov8_msgs/include/yolov8_msgs/yolov8_msgs/msg/detail/key_point2_d_array__type_support.c
[1.208s] -- Up-to-date: /home/robot/debug_clear_ws/install/yolov8_msgs/include/yolov8_msgs/yolov8_msgs/msg/detail/point2_d__type_support.c
[1.208s] -- Up-to-date: /home/robot/debug_clear_ws/install/yolov8_msgs/include/yolov8_msgs/yolov8_msgs/msg/detail/mask__type_support.c
[1.208s] -- Up-to-date: /home/robot/debug_clear_ws/install/yolov8_msgs/include/yolov8_msgs/yolov8_msgs/msg/detail/key_point2_d__rosidl_typesupport_introspection_c.h
[1.208s] -- Up-to-date: /home/robot/debug_clear_ws/install/yolov8_msgs/include/yolov8_msgs/yolov8_msgs/msg/detail/pose2_d__rosidl_typesupport_introspection_c.h
[1.208s] -- Up-to-date: /home/robot/debug_clear_ws/install/yolov8_msgs/include/yolov8_msgs/yolov8_msgs/msg/detail/detection__type_support.c
[1.208s] -- Up-to-date: /home/robot/debug_clear_ws/install/yolov8_msgs/include/yolov8_msgs/yolov8_msgs/msg/detail/mask__rosidl_typesupport_introspection_c.h
[1.208s] -- Up-to-date: /home/robot/debug_clear_ws/install/yolov8_msgs/include/yolov8_msgs/yolov8_msgs/msg/detail/detection_array__rosidl_typesupport_introspection_c.h
[1.208s] -- Up-to-date: /home/robot/debug_clear_ws/install/yolov8_msgs/include/yolov8_msgs/yolov8_msgs/msg/detail/key_point3_d_array__type_support.c
[1.208s] -- Up-to-date: /home/robot/debug_clear_ws/install/yolov8_msgs/include/yolov8_msgs/yolov8_msgs/msg/detail/detection__rosidl_typesupport_introspection_c.h
[1.208s] -- Up-to-date: /home/robot/debug_clear_ws/install/yolov8_msgs/include/yolov8_msgs/yolov8_msgs/msg/detail/point2_d__rosidl_typesupport_introspection_c.h
[1.208s] -- Up-to-date: /home/robot/debug_clear_ws/install/yolov8_msgs/include/yolov8_msgs/yolov8_msgs/msg/detail/key_point3_d_array__rosidl_typesupport_introspection_c.h
[1.208s] -- Up-to-date: /home/robot/debug_clear_ws/install/yolov8_msgs/include/yolov8_msgs/yolov8_msgs/msg/detail/detection_array__type_support.c
[1.208s] -- Up-to-date: /home/robot/debug_clear_ws/install/yolov8_msgs/lib/libyolov8_msgs__rosidl_typesupport_introspection_c.so
[1.208s] -- Up-to-date: /home/robot/debug_clear_ws/install/yolov8_msgs/lib/libyolov8_msgs__rosidl_typesupport_c.so
[1.208s] -- Up-to-date: /home/robot/debug_clear_ws/install/yolov8_msgs/include/yolov8_msgs/yolov8_msgs
[1.209s] -- Up-to-date: /home/robot/debug_clear_ws/install/yolov8_msgs/include/yolov8_msgs/yolov8_msgs/msg
[1.209s] -- Up-to-date: /home/robot/debug_clear_ws/install/yolov8_msgs/include/yolov8_msgs/yolov8_msgs/msg/key_point2_d_array.hpp
[1.209s] -- Up-to-date: /home/robot/debug_clear_ws/install/yolov8_msgs/include/yolov8_msgs/yolov8_msgs/msg/pose2_d.hpp
[1.209s] -- Up-to-date: /home/robot/debug_clear_ws/install/yolov8_msgs/include/yolov8_msgs/yolov8_msgs/msg/bounding_box2_d.hpp
[1.209s] -- Up-to-date: /home/robot/debug_clear_ws/install/yolov8_msgs/include/yolov8_msgs/yolov8_msgs/msg/detail
[1.209s] -- Up-to-date: /home/robot/debug_clear_ws/install/yolov8_msgs/include/yolov8_msgs/yolov8_msgs/msg/detail/mask__struct.hpp
[1.209s] -- Up-to-date: /home/robot/debug_clear_ws/install/yolov8_msgs/include/yolov8_msgs/yolov8_msgs/msg/detail/key_point3_d__builder.hpp
[1.209s] -- Up-to-date: /home/robot/debug_clear_ws/install/yolov8_msgs/include/yolov8_msgs/yolov8_msgs/msg/detail/detection__builder.hpp
[1.209s] -- Up-to-date: /home/robot/debug_clear_ws/install/yolov8_msgs/include/yolov8_msgs/yolov8_msgs/msg/detail/pose2_d__builder.hpp
[1.209s] -- Up-to-date: /home/robot/debug_clear_ws/install/yolov8_msgs/include/yolov8_msgs/yolov8_msgs/msg/detail/key_point2_d_array__struct.hpp
[1.209s] -- Up-to-date: /home/robot/debug_clear_ws/install/yolov8_msgs/include/yolov8_msgs/yolov8_msgs/msg/detail/detection__struct.hpp
[1.209s] -- Up-to-date: /home/robot/debug_clear_ws/install/yolov8_msgs/include/yolov8_msgs/yolov8_msgs/msg/detail/key_point2_d__struct.hpp
[1.209s] -- Up-to-date: /home/robot/debug_clear_ws/install/yolov8_msgs/include/yolov8_msgs/yolov8_msgs/msg/detail/key_point3_d__struct.hpp
[1.209s] -- Up-to-date: /home/robot/debug_clear_ws/install/yolov8_msgs/include/yolov8_msgs/yolov8_msgs/msg/detail/bounding_box2_d__builder.hpp
[1.209s] -- Up-to-date: /home/robot/debug_clear_ws/install/yolov8_msgs/include/yolov8_msgs/yolov8_msgs/msg/detail/key_point2_d_array__builder.hpp
[1.209s] -- Up-to-date: /home/robot/debug_clear_ws/install/yolov8_msgs/include/yolov8_msgs/yolov8_msgs/msg/detail/pose2_d__traits.hpp
[1.209s] -- Up-to-date: /home/robot/debug_clear_ws/install/yolov8_msgs/include/yolov8_msgs/yolov8_msgs/msg/detail/bounding_box3_d__traits.hpp
[1.209s] -- Up-to-date: /home/robot/debug_clear_ws/install/yolov8_msgs/include/yolov8_msgs/yolov8_msgs/msg/detail/bounding_box2_d__struct.hpp
[1.209s] -- Up-to-date: /home/robot/debug_clear_ws/install/yolov8_msgs/include/yolov8_msgs/yolov8_msgs/msg/detail/vector2__struct.hpp
[1.209s] -- Up-to-date: /home/robot/debug_clear_ws/install/yolov8_msgs/include/yolov8_msgs/yolov8_msgs/msg/detail/mask__traits.hpp
[1.209s] -- Up-to-date: /home/robot/debug_clear_ws/install/yolov8_msgs/include/yolov8_msgs/yolov8_msgs/msg/detail/bounding_box2_d__traits.hpp
[1.210s] -- Up-to-date: /home/robot/debug_clear_ws/install/yolov8_msgs/include/yolov8_msgs/yolov8_msgs/msg/detail/pose2_d__struct.hpp
[1.210s] -- Up-to-date: /home/robot/debug_clear_ws/install/yolov8_msgs/include/yolov8_msgs/yolov8_msgs/msg/detail/detection__traits.hpp
[1.210s] -- Up-to-date: /home/robot/debug_clear_ws/install/yolov8_msgs/include/yolov8_msgs/yolov8_msgs/msg/detail/mask__builder.hpp
[1.210s] -- Up-to-date: /home/robot/debug_clear_ws/install/yolov8_msgs/include/yolov8_msgs/yolov8_msgs/msg/detail/key_point3_d_array__traits.hpp
[1.210s] -- Up-to-date: /home/robot/debug_clear_ws/install/yolov8_msgs/include/yolov8_msgs/yolov8_msgs/msg/detail/bounding_box3_d__builder.hpp
[1.210s] -- Up-to-date: /home/robot/debug_clear_ws/install/yolov8_msgs/include/yolov8_msgs/yolov8_msgs/msg/detail/point2_d__traits.hpp
[1.210s] -- Up-to-date: /home/robot/debug_clear_ws/install/yolov8_msgs/include/yolov8_msgs/yolov8_msgs/msg/detail/detection_array__struct.hpp
[1.210s] -- Up-to-date: /home/robot/debug_clear_ws/install/yolov8_msgs/include/yolov8_msgs/yolov8_msgs/msg/detail/key_point2_d__traits.hpp
[1.210s] -- Up-to-date: /home/robot/debug_clear_ws/install/yolov8_msgs/include/yolov8_msgs/yolov8_msgs/msg/detail/point2_d__builder.hpp
[1.210s] -- Up-to-date: /home/robot/debug_clear_ws/install/yolov8_msgs/include/yolov8_msgs/yolov8_msgs/msg/detail/point2_d__struct.hpp
[1.210s] -- Up-to-date: /home/robot/debug_clear_ws/install/yolov8_msgs/include/yolov8_msgs/yolov8_msgs/msg/detail/key_point2_d_array__traits.hpp
[1.210s] -- Up-to-date: /home/robot/debug_clear_ws/install/yolov8_msgs/include/yolov8_msgs/yolov8_msgs/msg/detail/key_point2_d__builder.hpp
[1.210s] -- Up-to-date: /home/robot/debug_clear_ws/install/yolov8_msgs/include/yolov8_msgs/yolov8_msgs/msg/detail/vector2__traits.hpp
[1.210s] -- Up-to-date: /home/robot/debug_clear_ws/install/yolov8_msgs/include/yolov8_msgs/yolov8_msgs/msg/detail/vector2__builder.hpp
[1.211s] -- Up-to-date: /home/robot/debug_clear_ws/install/yolov8_msgs/include/yolov8_msgs/yolov8_msgs/msg/detail/detection_array__traits.hpp
[1.211s] -- Up-to-date: /home/robot/debug_clear_ws/install/yolov8_msgs/include/yolov8_msgs/yolov8_msgs/msg/detail/key_point3_d__traits.hpp
[1.211s] -- Up-to-date: /home/robot/debug_clear_ws/install/yolov8_msgs/include/yolov8_msgs/yolov8_msgs/msg/detail/detection_array__builder.hpp
[1.211s] -- Up-to-date: /home/robot/debug_clear_ws/install/yolov8_msgs/include/yolov8_msgs/yolov8_msgs/msg/detail/key_point3_d_array__struct.hpp
[1.211s] -- Up-to-date: /home/robot/debug_clear_ws/install/yolov8_msgs/include/yolov8_msgs/yolov8_msgs/msg/detail/bounding_box3_d__struct.hpp
[1.211s] -- Up-to-date: /home/robot/debug_clear_ws/install/yolov8_msgs/include/yolov8_msgs/yolov8_msgs/msg/detail/key_point3_d_array__builder.hpp
[1.211s] -- Up-to-date: /home/robot/debug_clear_ws/install/yolov8_msgs/include/yolov8_msgs/yolov8_msgs/msg/point2_d.hpp
[1.211s] -- Up-to-date: /home/robot/debug_clear_ws/install/yolov8_msgs/include/yolov8_msgs/yolov8_msgs/msg/key_point3_d_array.hpp
[1.211s] -- Up-to-date: /home/robot/debug_clear_ws/install/yolov8_msgs/include/yolov8_msgs/yolov8_msgs/msg/key_point3_d.hpp
[1.211s] -- Up-to-date: /home/robot/debug_clear_ws/install/yolov8_msgs/include/yolov8_msgs/yolov8_msgs/msg/detection_array.hpp
[1.211s] -- Up-to-date: /home/robot/debug_clear_ws/install/yolov8_msgs/include/yolov8_msgs/yolov8_msgs/msg/key_point2_d.hpp
[1.211s] -- Up-to-date: /home/robot/debug_clear_ws/install/yolov8_msgs/include/yolov8_msgs/yolov8_msgs/msg/mask.hpp
[1.211s] -- Up-to-date: /home/robot/debug_clear_ws/install/yolov8_msgs/include/yolov8_msgs/yolov8_msgs/msg/vector2.hpp
[1.211s] -- Up-to-date: /home/robot/debug_clear_ws/install/yolov8_msgs/include/yolov8_msgs/yolov8_msgs/msg/bounding_box3_d.hpp
[1.211s] -- Up-to-date: /home/robot/debug_clear_ws/install/yolov8_msgs/include/yolov8_msgs/yolov8_msgs/msg/detection.hpp
[1.211s] -- Up-to-date: /home/robot/debug_clear_ws/install/yolov8_msgs/include/yolov8_msgs/yolov8_msgs
[1.211s] -- Up-to-date: /home/robot/debug_clear_ws/install/yolov8_msgs/include/yolov8_msgs/yolov8_msgs/msg
[1.211s] -- Up-to-date: /home/robot/debug_clear_ws/install/yolov8_msgs/include/yolov8_msgs/yolov8_msgs/msg/detail
[1.211s] -- Up-to-date: /home/robot/debug_clear_ws/install/yolov8_msgs/include/yolov8_msgs/yolov8_msgs/msg/detail/bounding_box2_d__rosidl_typesupport_fastrtps_cpp.hpp
[1.212s] -- Up-to-date: /home/robot/debug_clear_ws/install/yolov8_msgs/include/yolov8_msgs/yolov8_msgs/msg/detail/key_point3_d__rosidl_typesupport_fastrtps_cpp.hpp
[1.212s] -- Up-to-date: /home/robot/debug_clear_ws/install/yolov8_msgs/include/yolov8_msgs/yolov8_msgs/msg/detail/detection__rosidl_typesupport_fastrtps_cpp.hpp
[1.212s] -- Up-to-date: /home/robot/debug_clear_ws/install/yolov8_msgs/include/yolov8_msgs/yolov8_msgs/msg/detail/bounding_box3_d__rosidl_typesupport_fastrtps_cpp.hpp
[1.212s] -- Up-to-date: /home/robot/debug_clear_ws/install/yolov8_msgs/include/yolov8_msgs/yolov8_msgs/msg/detail/mask__rosidl_typesupport_fastrtps_cpp.hpp
[1.212s] -- Up-to-date: /home/robot/debug_clear_ws/install/yolov8_msgs/include/yolov8_msgs/yolov8_msgs/msg/detail/key_point3_d_array__rosidl_typesupport_fastrtps_cpp.hpp
[1.212s] -- Up-to-date: /home/robot/debug_clear_ws/install/yolov8_msgs/include/yolov8_msgs/yolov8_msgs/msg/detail/key_point2_d__rosidl_typesupport_fastrtps_cpp.hpp
[1.212s] -- Up-to-date: /home/robot/debug_clear_ws/install/yolov8_msgs/include/yolov8_msgs/yolov8_msgs/msg/detail/vector2__rosidl_typesupport_fastrtps_cpp.hpp
[1.212s] -- Up-to-date: /home/robot/debug_clear_ws/install/yolov8_msgs/include/yolov8_msgs/yolov8_msgs/msg/detail/point2_d__rosidl_typesupport_fastrtps_cpp.hpp
[1.212s] -- Up-to-date: /home/robot/debug_clear_ws/install/yolov8_msgs/include/yolov8_msgs/yolov8_msgs/msg/detail/pose2_d__rosidl_typesupport_fastrtps_cpp.hpp
[1.212s] -- Up-to-date: /home/robot/debug_clear_ws/install/yolov8_msgs/include/yolov8_msgs/yolov8_msgs/msg/detail/key_point2_d_array__rosidl_typesupport_fastrtps_cpp.hpp
[1.212s] -- Up-to-date: /home/robot/debug_clear_ws/install/yolov8_msgs/include/yolov8_msgs/yolov8_msgs/msg/detail/detection_array__rosidl_typesupport_fastrtps_cpp.hpp
[1.212s] -- Up-to-date: /home/robot/debug_clear_ws/install/yolov8_msgs/include/yolov8_msgs/yolov8_msgs/msg/detail/dds_fastrtps
[1.212s] -- Up-to-date: /home/robot/debug_clear_ws/install/yolov8_msgs/include/yolov8_msgs/yolov8_msgs/msg/rosidl_typesupport_fastrtps_cpp__visibility_control.h
[1.212s] -- Up-to-date: /home/robot/debug_clear_ws/install/yolov8_msgs/lib/libyolov8_msgs__rosidl_typesupport_fastrtps_cpp.so
[1.213s] -- Up-to-date: /home/robot/debug_clear_ws/install/yolov8_msgs/include/yolov8_msgs/yolov8_msgs
[1.213s] -- Up-to-date: /home/robot/debug_clear_ws/install/yolov8_msgs/include/yolov8_msgs/yolov8_msgs/msg
[1.213s] -- Up-to-date: /home/robot/debug_clear_ws/install/yolov8_msgs/include/yolov8_msgs/yolov8_msgs/msg/detail
[1.213s] -- Up-to-date: /home/robot/debug_clear_ws/install/yolov8_msgs/include/yolov8_msgs/yolov8_msgs/msg/detail/detection__rosidl_typesupport_introspection_cpp.hpp
[1.213s] -- Up-to-date: /home/robot/debug_clear_ws/install/yolov8_msgs/include/yolov8_msgs/yolov8_msgs/msg/detail/pose2_d__rosidl_typesupport_introspection_cpp.hpp
[1.213s] -- Up-to-date: /home/robot/debug_clear_ws/install/yolov8_msgs/include/yolov8_msgs/yolov8_msgs/msg/detail/bounding_box3_d__rosidl_typesupport_introspection_cpp.hpp
[1.213s] -- Up-to-date: /home/robot/debug_clear_ws/install/yolov8_msgs/include/yolov8_msgs/yolov8_msgs/msg/detail/mask__type_support.cpp
[1.213s] -- Up-to-date: /home/robot/debug_clear_ws/install/yolov8_msgs/include/yolov8_msgs/yolov8_msgs/msg/detail/detection__type_support.cpp
[1.213s] -- Up-to-date: /home/robot/debug_clear_ws/install/yolov8_msgs/include/yolov8_msgs/yolov8_msgs/msg/detail/bounding_box3_d__type_support.cpp
[1.213s] -- Up-to-date: /home/robot/debug_clear_ws/install/yolov8_msgs/include/yolov8_msgs/yolov8_msgs/msg/detail/vector2__rosidl_typesupport_introspection_cpp.hpp
[1.213s] -- Up-to-date: /home/robot/debug_clear_ws/install/yolov8_msgs/include/yolov8_msgs/yolov8_msgs/msg/detail/bounding_box2_d__type_support.cpp
[1.213s] -- Up-to-date: /home/robot/debug_clear_ws/install/yolov8_msgs/include/yolov8_msgs/yolov8_msgs/msg/detail/key_point2_d_array__type_support.cpp
[1.213s] -- Up-to-date: /home/robot/debug_clear_ws/install/yolov8_msgs/include/yolov8_msgs/yolov8_msgs/msg/detail/point2_d__type_support.cpp
[1.213s] -- Up-to-date: /home/robot/debug_clear_ws/install/yolov8_msgs/include/yolov8_msgs/yolov8_msgs/msg/detail/key_point2_d__rosidl_typesupport_introspection_cpp.hpp
[1.213s] -- Up-to-date: /home/robot/debug_clear_ws/install/yolov8_msgs/include/yolov8_msgs/yolov8_msgs/msg/detail/key_point2_d__type_support.cpp
[1.213s] -- Up-to-date: /home/robot/debug_clear_ws/install/yolov8_msgs/include/yolov8_msgs/yolov8_msgs/msg/detail/detection_array__type_support.cpp
[1.213s] -- Up-to-date: /home/robot/debug_clear_ws/install/yolov8_msgs/include/yolov8_msgs/yolov8_msgs/msg/detail/key_point3_d_array__rosidl_typesupport_introspection_cpp.hpp
[1.214s] -- Up-to-date: /home/robot/debug_clear_ws/install/yolov8_msgs/include/yolov8_msgs/yolov8_msgs/msg/detail/key_point3_d_array__type_support.cpp
[1.214s] -- Up-to-date: /home/robot/debug_clear_ws/install/yolov8_msgs/include/yolov8_msgs/yolov8_msgs/msg/detail/key_point2_d_array__rosidl_typesupport_introspection_cpp.hpp
[1.214s] -- Up-to-date: /home/robot/debug_clear_ws/install/yolov8_msgs/include/yolov8_msgs/yolov8_msgs/msg/detail/mask__rosidl_typesupport_introspection_cpp.hpp
[1.214s] -- Up-to-date: /home/robot/debug_clear_ws/install/yolov8_msgs/include/yolov8_msgs/yolov8_msgs/msg/detail/key_point3_d__rosidl_typesupport_introspection_cpp.hpp
[1.214s] -- Up-to-date: /home/robot/debug_clear_ws/install/yolov8_msgs/include/yolov8_msgs/yolov8_msgs/msg/detail/detection_array__rosidl_typesupport_introspection_cpp.hpp
[1.214s] -- Up-to-date: /home/robot/debug_clear_ws/install/yolov8_msgs/include/yolov8_msgs/yolov8_msgs/msg/detail/bounding_box2_d__rosidl_typesupport_introspection_cpp.hpp
[1.214s] -- Up-to-date: /home/robot/debug_clear_ws/install/yolov8_msgs/include/yolov8_msgs/yolov8_msgs/msg/detail/vector2__type_support.cpp
[1.214s] -- Up-to-date: /home/robot/debug_clear_ws/install/yolov8_msgs/include/yolov8_msgs/yolov8_msgs/msg/detail/key_point3_d__type_support.cpp
[1.214s] -- Up-to-date: /home/robot/debug_clear_ws/install/yolov8_msgs/include/yolov8_msgs/yolov8_msgs/msg/detail/pose2_d__type_support.cpp
[1.214s] -- Up-to-date: /home/robot/debug_clear_ws/install/yolov8_msgs/include/yolov8_msgs/yolov8_msgs/msg/detail/point2_d__rosidl_typesupport_introspection_cpp.hpp
[1.214s] -- Up-to-date: /home/robot/debug_clear_ws/install/yolov8_msgs/lib/libyolov8_msgs__rosidl_typesupport_introspection_cpp.so
[1.214s] -- Up-to-date: /home/robot/debug_clear_ws/install/yolov8_msgs/lib/libyolov8_msgs__rosidl_typesupport_cpp.so
[1.214s] -- Up-to-date: /home/robot/debug_clear_ws/install/yolov8_msgs/share/yolov8_msgs/environment/pythonpath.sh
[1.214s] -- Up-to-date: /home/robot/debug_clear_ws/install/yolov8_msgs/share/yolov8_msgs/environment/pythonpath.dsv
[1.215s] -- Up-to-date: /home/robot/debug_clear_ws/install/yolov8_msgs/local/lib/python3.10/dist-packages/yolov8_msgs-3.4.0-py3.10.egg-info
[1.215s] -- Installing: /home/robot/debug_clear_ws/install/yolov8_msgs/local/lib/python3.10/dist-packages/yolov8_msgs-3.4.0-py3.10.egg-info/SOURCES.txt
[1.215s] -- Installing: /home/robot/debug_clear_ws/install/yolov8_msgs/local/lib/python3.10/dist-packages/yolov8_msgs-3.4.0-py3.10.egg-info/dependency_links.txt
[1.215s] -- Installing: /home/robot/debug_clear_ws/install/yolov8_msgs/local/lib/python3.10/dist-packages/yolov8_msgs-3.4.0-py3.10.egg-info/top_level.txt
[1.215s] -- Installing: /home/robot/debug_clear_ws/install/yolov8_msgs/local/lib/python3.10/dist-packages/yolov8_msgs-3.4.0-py3.10.egg-info/PKG-INFO
[1.215s] -- Up-to-date: /home/robot/debug_clear_ws/install/yolov8_msgs/local/lib/python3.10/dist-packages/yolov8_msgs
[1.215s] -- Up-to-date: /home/robot/debug_clear_ws/install/yolov8_msgs/local/lib/python3.10/dist-packages/yolov8_msgs/yolov8_msgs_s__rosidl_typesupport_fastrtps_c.cpython-310-x86_64-linux-gnu.so
[1.215s] -- Up-to-date: /home/robot/debug_clear_ws/install/yolov8_msgs/local/lib/python3.10/dist-packages/yolov8_msgs/yolov8_msgs_s__rosidl_typesupport_c.cpython-310-x86_64-linux-gnu.so
[1.215s] -- Up-to-date: /home/robot/debug_clear_ws/install/yolov8_msgs/local/lib/python3.10/dist-packages/yolov8_msgs/yolov8_msgs_s__rosidl_typesupport_introspection_c.cpython-310-x86_64-linux-gnu.so
[1.215s] -- Up-to-date: /home/robot/debug_clear_ws/install/yolov8_msgs/local/lib/python3.10/dist-packages/yolov8_msgs/_yolov8_msgs_s.ep.rosidl_typesupport_introspection_c.c
[1.215s] -- Up-to-date: /home/robot/debug_clear_ws/install/yolov8_msgs/local/lib/python3.10/dist-packages/yolov8_msgs/_yolov8_msgs_s.ep.rosidl_typesupport_c.c
[1.215s] -- Up-to-date: /home/robot/debug_clear_ws/install/yolov8_msgs/local/lib/python3.10/dist-packages/yolov8_msgs/__init__.py
[1.215s] -- Up-to-date: /home/robot/debug_clear_ws/install/yolov8_msgs/local/lib/python3.10/dist-packages/yolov8_msgs/_yolov8_msgs_s.ep.rosidl_typesupport_fastrtps_c.c
[1.216s] -- Up-to-date: /home/robot/debug_clear_ws/install/yolov8_msgs/local/lib/python3.10/dist-packages/yolov8_msgs/msg
[1.216s] -- Up-to-date: /home/robot/debug_clear_ws/install/yolov8_msgs/local/lib/python3.10/dist-packages/yolov8_msgs/msg/_point2_d.py
[1.216s] -- Up-to-date: /home/robot/debug_clear_ws/install/yolov8_msgs/local/lib/python3.10/dist-packages/yolov8_msgs/msg/_pose2_d.py
[1.216s] -- Up-to-date: /home/robot/debug_clear_ws/install/yolov8_msgs/local/lib/python3.10/dist-packages/yolov8_msgs/msg/_bounding_box2_d_s.c
[1.216s] -- Up-to-date: /home/robot/debug_clear_ws/install/yolov8_msgs/local/lib/python3.10/dist-packages/yolov8_msgs/msg/_bounding_box3_d.py
[1.216s] -- Up-to-date: /home/robot/debug_clear_ws/install/yolov8_msgs/local/lib/python3.10/dist-packages/yolov8_msgs/msg/_key_point3_d_array_s.c
[1.216s] -- Up-to-date: /home/robot/debug_clear_ws/install/yolov8_msgs/local/lib/python3.10/dist-packages/yolov8_msgs/msg/_key_point2_d_array_s.c
[1.217s] -- Up-to-date: /home/robot/debug_clear_ws/install/yolov8_msgs/local/lib/python3.10/dist-packages/yolov8_msgs/msg/_key_point3_d_s.c
[1.217s] -- Up-to-date: /home/robot/debug_clear_ws/install/yolov8_msgs/local/lib/python3.10/dist-packages/yolov8_msgs/msg/_detection_s.c
[1.217s] -- Up-to-date: /home/robot/debug_clear_ws/install/yolov8_msgs/local/lib/python3.10/dist-packages/yolov8_msgs/msg/_key_point3_d_array.py
[1.217s] -- Up-to-date: /home/robot/debug_clear_ws/install/yolov8_msgs/local/lib/python3.10/dist-packages/yolov8_msgs/msg/_key_point3_d.py
[1.217s] -- Up-to-date: /home/robot/debug_clear_ws/install/yolov8_msgs/local/lib/python3.10/dist-packages/yolov8_msgs/msg/_pose2_d_s.c
[1.217s] -- Up-to-date: /home/robot/debug_clear_ws/install/yolov8_msgs/local/lib/python3.10/dist-packages/yolov8_msgs/msg/_detection_array_s.c
[1.217s] -- Up-to-date: /home/robot/debug_clear_ws/install/yolov8_msgs/local/lib/python3.10/dist-packages/yolov8_msgs/msg/_bounding_box2_d.py
[1.217s] -- Up-to-date: /home/robot/debug_clear_ws/install/yolov8_msgs/local/lib/python3.10/dist-packages/yolov8_msgs/msg/_vector2_s.c
[1.218s] -- Up-to-date: /home/robot/debug_clear_ws/install/yolov8_msgs/local/lib/python3.10/dist-packages/yolov8_msgs/msg/_mask_s.c
[1.218s] -- Up-to-date: /home/robot/debug_clear_ws/install/yolov8_msgs/local/lib/python3.10/dist-packages/yolov8_msgs/msg/_key_point2_d_array.py
[1.218s] -- Up-to-date: /home/robot/debug_clear_ws/install/yolov8_msgs/local/lib/python3.10/dist-packages/yolov8_msgs/msg/_key_point2_d.py
[1.218s] -- Up-to-date: /home/robot/debug_clear_ws/install/yolov8_msgs/local/lib/python3.10/dist-packages/yolov8_msgs/msg/_bounding_box3_d_s.c
[1.218s] -- Up-to-date: /home/robot/debug_clear_ws/install/yolov8_msgs/local/lib/python3.10/dist-packages/yolov8_msgs/msg/_detection.py
[1.218s] -- Up-to-date: /home/robot/debug_clear_ws/install/yolov8_msgs/local/lib/python3.10/dist-packages/yolov8_msgs/msg/_detection_array.py
[1.218s] -- Up-to-date: /home/robot/debug_clear_ws/install/yolov8_msgs/local/lib/python3.10/dist-packages/yolov8_msgs/msg/_point2_d_s.c
[1.218s] -- Up-to-date: /home/robot/debug_clear_ws/install/yolov8_msgs/local/lib/python3.10/dist-packages/yolov8_msgs/msg/_vector2.py
[1.218s] -- Up-to-date: /home/robot/debug_clear_ws/install/yolov8_msgs/local/lib/python3.10/dist-packages/yolov8_msgs/msg/_mask.py
[1.219s] -- Up-to-date: /home/robot/debug_clear_ws/install/yolov8_msgs/local/lib/python3.10/dist-packages/yolov8_msgs/msg/_key_point2_d_s.c
[1.219s] -- Up-to-date: /home/robot/debug_clear_ws/install/yolov8_msgs/local/lib/python3.10/dist-packages/yolov8_msgs/msg/__init__.py
[1.219s] -- Up-to-date: /home/robot/debug_clear_ws/install/yolov8_msgs/local/lib/python3.10/dist-packages/yolov8_msgs/libyolov8_msgs__rosidl_generator_py.so
[1.248s] Listing '/home/robot/debug_clear_ws/install/yolov8_msgs/local/lib/python3.10/dist-packages/yolov8_msgs'...
[1.249s] Listing '/home/robot/debug_clear_ws/install/yolov8_msgs/local/lib/python3.10/dist-packages/yolov8_msgs/msg'...
[1.256s] -- Up-to-date: /home/robot/debug_clear_ws/install/yolov8_msgs/local/lib/python3.10/dist-packages/yolov8_msgs/yolov8_msgs_s__rosidl_typesupport_fastrtps_c.cpython-310-x86_64-linux-gnu.so
[1.257s] -- Up-to-date: /home/robot/debug_clear_ws/install/yolov8_msgs/local/lib/python3.10/dist-packages/yolov8_msgs/yolov8_msgs_s__rosidl_typesupport_introspection_c.cpython-310-x86_64-linux-gnu.so
[1.257s] -- Up-to-date: /home/robot/debug_clear_ws/install/yolov8_msgs/local/lib/python3.10/dist-packages/yolov8_msgs/yolov8_msgs_s__rosidl_typesupport_c.cpython-310-x86_64-linux-gnu.so
[1.258s] -- Up-to-date: /home/robot/debug_clear_ws/install/yolov8_msgs/lib/libyolov8_msgs__rosidl_generator_py.so
[1.258s] -- Up-to-date: /home/robot/debug_clear_ws/install/yolov8_msgs/share/yolov8_msgs/msg/Point2D.idl
[1.258s] -- Up-to-date: /home/robot/debug_clear_ws/install/yolov8_msgs/share/yolov8_msgs/msg/Vector2.idl
[1.259s] -- Up-to-date: /home/robot/debug_clear_ws/install/yolov8_msgs/share/yolov8_msgs/msg/Pose2D.idl
[1.259s] -- Up-to-date: /home/robot/debug_clear_ws/install/yolov8_msgs/share/yolov8_msgs/msg/BoundingBox2D.idl
[1.259s] -- Up-to-date: /home/robot/debug_clear_ws/install/yolov8_msgs/share/yolov8_msgs/msg/BoundingBox3D.idl
[1.259s] -- Up-to-date: /home/robot/debug_clear_ws/install/yolov8_msgs/share/yolov8_msgs/msg/Mask.idl
[1.260s] -- Up-to-date: /home/robot/debug_clear_ws/install/yolov8_msgs/share/yolov8_msgs/msg/KeyPoint2D.idl
[1.260s] -- Up-to-date: /home/robot/debug_clear_ws/install/yolov8_msgs/share/yolov8_msgs/msg/KeyPoint2DArray.idl
[1.260s] -- Up-to-date: /home/robot/debug_clear_ws/install/yolov8_msgs/share/yolov8_msgs/msg/KeyPoint3D.idl
[1.260s] -- Up-to-date: /home/robot/debug_clear_ws/install/yolov8_msgs/share/yolov8_msgs/msg/KeyPoint3DArray.idl
[1.260s] -- Up-to-date: /home/robot/debug_clear_ws/install/yolov8_msgs/share/yolov8_msgs/msg/Detection.idl
[1.260s] -- Up-to-date: /home/robot/debug_clear_ws/install/yolov8_msgs/share/yolov8_msgs/msg/DetectionArray.idl
[1.261s] -- Up-to-date: /home/robot/debug_clear_ws/install/yolov8_msgs/share/yolov8_msgs/msg/Point2D.msg
[1.261s] -- Up-to-date: /home/robot/debug_clear_ws/install/yolov8_msgs/share/yolov8_msgs/msg/Vector2.msg
[1.261s] -- Up-to-date: /home/robot/debug_clear_ws/install/yolov8_msgs/share/yolov8_msgs/msg/Pose2D.msg
[1.261s] -- Up-to-date: /home/robot/debug_clear_ws/install/yolov8_msgs/share/yolov8_msgs/msg/BoundingBox2D.msg
[1.261s] -- Up-to-date: /home/robot/debug_clear_ws/install/yolov8_msgs/share/yolov8_msgs/msg/BoundingBox3D.msg
[1.261s] -- Up-to-date: /home/robot/debug_clear_ws/install/yolov8_msgs/share/yolov8_msgs/msg/Mask.msg
[1.261s] -- Up-to-date: /home/robot/debug_clear_ws/install/yolov8_msgs/share/yolov8_msgs/msg/KeyPoint2D.msg
[1.262s] -- Up-to-date: /home/robot/debug_clear_ws/install/yolov8_msgs/share/yolov8_msgs/msg/KeyPoint2DArray.msg
[1.262s] -- Up-to-date: /home/robot/debug_clear_ws/install/yolov8_msgs/share/yolov8_msgs/msg/KeyPoint3D.msg
[1.262s] -- Up-to-date: /home/robot/debug_clear_ws/install/yolov8_msgs/share/yolov8_msgs/msg/KeyPoint3DArray.msg
[1.262s] -- Up-to-date: /home/robot/debug_clear_ws/install/yolov8_msgs/share/yolov8_msgs/msg/Detection.msg
[1.262s] -- Up-to-date: /home/robot/debug_clear_ws/install/yolov8_msgs/share/yolov8_msgs/msg/DetectionArray.msg
[1.262s] -- Up-to-date: /home/robot/debug_clear_ws/install/yolov8_msgs/share/ament_index/resource_index/package_run_dependencies/yolov8_msgs
[1.262s] -- Up-to-date: /home/robot/debug_clear_ws/install/yolov8_msgs/share/ament_index/resource_index/parent_prefix_path/yolov8_msgs
[1.262s] -- Up-to-date: /home/robot/debug_clear_ws/install/yolov8_msgs/share/yolov8_msgs/environment/ament_prefix_path.sh
[1.262s] -- Up-to-date: /home/robot/debug_clear_ws/install/yolov8_msgs/share/yolov8_msgs/environment/ament_prefix_path.dsv
[1.262s] -- Up-to-date: /home/robot/debug_clear_ws/install/yolov8_msgs/share/yolov8_msgs/environment/path.sh
[1.263s] -- Up-to-date: /home/robot/debug_clear_ws/install/yolov8_msgs/share/yolov8_msgs/environment/path.dsv
[1.263s] -- Up-to-date: /home/robot/debug_clear_ws/install/yolov8_msgs/share/yolov8_msgs/local_setup.bash
[1.263s] -- Up-to-date: /home/robot/debug_clear_ws/install/yolov8_msgs/share/yolov8_msgs/local_setup.sh
[1.263s] -- Up-to-date: /home/robot/debug_clear_ws/install/yolov8_msgs/share/yolov8_msgs/local_setup.zsh
[1.263s] -- Up-to-date: /home/robot/debug_clear_ws/install/yolov8_msgs/share/yolov8_msgs/local_setup.dsv
[1.263s] -- Installing: /home/robot/debug_clear_ws/install/yolov8_msgs/share/yolov8_msgs/package.dsv
[1.263s] -- Up-to-date: /home/robot/debug_clear_ws/install/yolov8_msgs/share/ament_index/resource_index/packages/yolov8_msgs
[1.263s] -- Up-to-date: /home/robot/debug_clear_ws/install/yolov8_msgs/share/yolov8_msgs/cmake/export_yolov8_msgs__rosidl_generator_cExport.cmake
[1.264s] -- Up-to-date: /home/robot/debug_clear_ws/install/yolov8_msgs/share/yolov8_msgs/cmake/export_yolov8_msgs__rosidl_generator_cExport-noconfig.cmake
[1.264s] -- Up-to-date: /home/robot/debug_clear_ws/install/yolov8_msgs/share/yolov8_msgs/cmake/export_yolov8_msgs__rosidl_typesupport_fastrtps_cExport.cmake
[1.264s] -- Up-to-date: /home/robot/debug_clear_ws/install/yolov8_msgs/share/yolov8_msgs/cmake/export_yolov8_msgs__rosidl_typesupport_fastrtps_cExport-noconfig.cmake
[1.264s] -- Up-to-date: /home/robot/debug_clear_ws/install/yolov8_msgs/share/yolov8_msgs/cmake/yolov8_msgs__rosidl_typesupport_introspection_cExport.cmake
[1.265s] -- Up-to-date: /home/robot/debug_clear_ws/install/yolov8_msgs/share/yolov8_msgs/cmake/yolov8_msgs__rosidl_typesupport_introspection_cExport-noconfig.cmake
[1.266s] -- Up-to-date: /home/robot/debug_clear_ws/install/yolov8_msgs/share/yolov8_msgs/cmake/yolov8_msgs__rosidl_typesupport_cExport.cmake
[1.266s] -- Up-to-date: /home/robot/debug_clear_ws/install/yolov8_msgs/share/yolov8_msgs/cmake/yolov8_msgs__rosidl_typesupport_cExport-noconfig.cmake
[1.266s] -- Up-to-date: /home/robot/debug_clear_ws/install/yolov8_msgs/share/yolov8_msgs/cmake/export_yolov8_msgs__rosidl_generator_cppExport.cmake
[1.266s] -- Up-to-date: /home/robot/debug_clear_ws/install/yolov8_msgs/share/yolov8_msgs/cmake/export_yolov8_msgs__rosidl_typesupport_fastrtps_cppExport.cmake
[1.266s] -- Up-to-date: /home/robot/debug_clear_ws/install/yolov8_msgs/share/yolov8_msgs/cmake/export_yolov8_msgs__rosidl_typesupport_fastrtps_cppExport-noconfig.cmake
[1.266s] -- Up-to-date: /home/robot/debug_clear_ws/install/yolov8_msgs/share/yolov8_msgs/cmake/yolov8_msgs__rosidl_typesupport_introspection_cppExport.cmake
[1.266s] -- Up-to-date: /home/robot/debug_clear_ws/install/yolov8_msgs/share/yolov8_msgs/cmake/yolov8_msgs__rosidl_typesupport_introspection_cppExport-noconfig.cmake
[1.266s] -- Up-to-date: /home/robot/debug_clear_ws/install/yolov8_msgs/share/yolov8_msgs/cmake/yolov8_msgs__rosidl_typesupport_cppExport.cmake
[1.266s] -- Up-to-date: /home/robot/debug_clear_ws/install/yolov8_msgs/share/yolov8_msgs/cmake/yolov8_msgs__rosidl_typesupport_cppExport-noconfig.cmake
[1.266s] -- Up-to-date: /home/robot/debug_clear_ws/install/yolov8_msgs/share/yolov8_msgs/cmake/export_yolov8_msgs__rosidl_generator_pyExport.cmake
[1.266s] -- Up-to-date: /home/robot/debug_clear_ws/install/yolov8_msgs/share/yolov8_msgs/cmake/export_yolov8_msgs__rosidl_generator_pyExport-noconfig.cmake
[1.267s] -- Up-to-date: /home/robot/debug_clear_ws/install/yolov8_msgs/share/yolov8_msgs/cmake/rosidl_cmake-extras.cmake
[1.267s] -- Up-to-date: /home/robot/debug_clear_ws/install/yolov8_msgs/share/yolov8_msgs/cmake/ament_cmake_export_dependencies-extras.cmake
[1.267s] -- Up-to-date: /home/robot/debug_clear_ws/install/yolov8_msgs/share/yolov8_msgs/cmake/ament_cmake_export_include_directories-extras.cmake
[1.267s] -- Up-to-date: /home/robot/debug_clear_ws/install/yolov8_msgs/share/yolov8_msgs/cmake/ament_cmake_export_libraries-extras.cmake
[1.268s] -- Up-to-date: /home/robot/debug_clear_ws/install/yolov8_msgs/share/yolov8_msgs/cmake/ament_cmake_export_targets-extras.cmake
[1.268s] -- Up-to-date: /home/robot/debug_clear_ws/install/yolov8_msgs/share/yolov8_msgs/cmake/rosidl_cmake_export_typesupport_targets-extras.cmake
[1.268s] -- Up-to-date: /home/robot/debug_clear_ws/install/yolov8_msgs/share/yolov8_msgs/cmake/rosidl_cmake_export_typesupport_libraries-extras.cmake
[1.268s] -- Up-to-date: /home/robot/debug_clear_ws/install/yolov8_msgs/share/yolov8_msgs/cmake/yolov8_msgsConfig.cmake
[1.268s] -- Up-to-date: /home/robot/debug_clear_ws/install/yolov8_msgs/share/yolov8_msgs/cmake/yolov8_msgsConfig-version.cmake
[1.268s] -- Up-to-date: /home/robot/debug_clear_ws/install/yolov8_msgs/share/yolov8_msgs/package.xml
[1.269s] Invoked command in '/home/robot/debug_clear_ws/build/yolov8_msgs' returned '0': CMAKE_PREFIX_PATH=${CMAKE_PREFIX_PATH}:/home/robot/debug_clear_ws/install/yolov8_ros:/home/robot/debug_clear_ws/install/clearpath_config:/opt/ros/humble /usr/bin/cmake --install /home/robot/debug_clear_ws/build/yolov8_msgs
