[3.764s] Invoking command in '/home/dimash/debug_clear_ws/src/person_movement': PYTHONPATH=/home/dimash/debug_clear_ws/build/person_movement/prefix_override:/usr/lib/python3/dist-packages/colcon_core/task/python/colcon_distutils_commands:/home/dimash/debug_clear_ws/install/person_movement/lib/python3.10/site-packages:${PYTHONPATH} /usr/bin/python3 -W ignore:setup.py install is deprecated -W ignore:easy_install command is deprecated setup.py egg_info --egg-base ../../build/person_movement build --build-base /home/dimash/debug_clear_ws/build/person_movement/build install --record /home/dimash/debug_clear_ws/build/person_movement/install.log --single-version-externally-managed install_data
[5.931s] running egg_info
[5.931s] writing ../../build/person_movement/person_movement.egg-info/PKG-INFO
[5.931s] writing dependency_links to ../../build/person_movement/person_movement.egg-info/dependency_links.txt
[5.931s] writing entry points to ../../build/person_movement/person_movement.egg-info/entry_points.txt
[5.931s] writing requirements to ../../build/person_movement/person_movement.egg-info/requires.txt
[5.931s] writing top-level names to ../../build/person_movement/person_movement.egg-info/top_level.txt
[5.950s] reading manifest file '../../build/person_movement/person_movement.egg-info/SOURCES.txt'
[5.955s] writing manifest file '../../build/person_movement/person_movement.egg-info/SOURCES.txt'
[5.955s] running build
[5.967s] running build_py
[5.968s] running install
[5.968s] running install_lib
[5.968s] running install_data
[5.968s] running install_egg_info
[5.995s] removing '/home/dimash/debug_clear_ws/install/person_movement/lib/python3.10/site-packages/person_movement-0.0.0-py3.10.egg-info' (and everything under it)
[5.995s] Copying ../../build/person_movement/person_movement.egg-info to /home/dimash/debug_clear_ws/install/person_movement/lib/python3.10/site-packages/person_movement-0.0.0-py3.10.egg-info
[5.995s] running install_scripts
[6.129s] Installing move_and_publish_person script to /home/dimash/debug_clear_ws/install/person_movement/lib/person_movement
[6.129s] writing list of installed files to '/home/dimash/debug_clear_ws/build/person_movement/install.log'
[6.314s] Invoked command in '/home/dimash/debug_clear_ws/src/person_movement' returned '0': PYTHONPATH=/home/dimash/debug_clear_ws/build/person_movement/prefix_override:/usr/lib/python3/dist-packages/colcon_core/task/python/colcon_distutils_commands:/home/dimash/debug_clear_ws/install/person_movement/lib/python3.10/site-packages:${PYTHONPATH} /usr/bin/python3 -W ignore:setup.py install is deprecated -W ignore:easy_install command is deprecated setup.py egg_info --egg-base ../../build/person_movement build --build-base /home/dimash/debug_clear_ws/build/person_movement/build install --record /home/dimash/debug_clear_ws/build/person_movement/install.log --single-version-externally-managed install_data
