[0.319s] Invoking command in '/home/robot/debug_clear_ws/build/clearpath_customization': CMAKE_PREFIX_PATH=${CMAKE_PREFIX_PATH}:/home/robot/debug_clear_ws/install/clearpath_config:/opt/ros/humble /usr/bin/cmake --build /home/robot/debug_clear_ws/build/clearpath_customization -- -j12 -l12
[0.430s] Invoked command in '/home/robot/debug_clear_ws/build/clearpath_customization' returned '0': CMAKE_PREFIX_PATH=${CMAKE_PREFIX_PATH}:/home/robot/debug_clear_ws/install/clearpath_config:/opt/ros/humble /usr/bin/cmake --build /home/robot/debug_clear_ws/build/clearpath_customization -- -j12 -l12
[0.477s] Invoking command in '/home/robot/debug_clear_ws/build/clearpath_customization': CMAKE_PREFIX_PATH=${CMAKE_PREFIX_PATH}:/home/robot/debug_clear_ws/install/clearpath_config:/opt/ros/humble /usr/bin/cmake --install /home/robot/debug_clear_ws/build/clearpath_customization
[0.487s] -- Install configuration: ""
[0.487s] -- Up-to-date: /home/robot/debug_clear_ws/install/clearpath_customization/lib/clearpath_customization/generate_bringup
[0.487s] -- Up-to-date: /home/robot/debug_clear_ws/install/clearpath_customization/lib/clearpath_customization/generate_description
[0.488s] -- Up-to-date: /home/robot/debug_clear_ws/install/clearpath_customization/share/clearpath_customization/project_bringup
[0.488s] -- Up-to-date: /home/robot/debug_clear_ws/install/clearpath_customization/share/clearpath_customization/project_bringup/CMakeLists.txt
[0.488s] -- Up-to-date: /home/robot/debug_clear_ws/install/clearpath_customization/share/clearpath_customization/project_bringup/launch
[0.488s] -- Up-to-date: /home/robot/debug_clear_ws/install/clearpath_customization/share/clearpath_customization/project_bringup/launch/project_bringup.launch.py
[0.488s] -- Up-to-date: /home/robot/debug_clear_ws/install/clearpath_customization/share/clearpath_customization/project_bringup/launch/device.launch.py
[0.488s] -- Up-to-date: /home/robot/debug_clear_ws/install/clearpath_customization/share/clearpath_customization/project_bringup/LICENSE
[0.488s] -- Up-to-date: /home/robot/debug_clear_ws/install/clearpath_customization/share/clearpath_customization/project_bringup/package.xml
[0.488s] -- Up-to-date: /home/robot/debug_clear_ws/install/clearpath_customization/share/clearpath_customization/project_bringup/config
[0.489s] -- Up-to-date: /home/robot/debug_clear_ws/install/clearpath_customization/share/clearpath_customization/project_bringup/config/device.yaml
[0.489s] -- Up-to-date: /home/robot/debug_clear_ws/install/clearpath_customization/share/clearpath_customization/project_description
[0.489s] -- Up-to-date: /home/robot/debug_clear_ws/install/clearpath_customization/share/clearpath_customization/project_description/CMakeLists.txt
[0.489s] -- Up-to-date: /home/robot/debug_clear_ws/install/clearpath_customization/share/clearpath_customization/project_description/meshes
[0.489s] -- Up-to-date: /home/robot/debug_clear_ws/install/clearpath_customization/share/clearpath_customization/project_description/meshes/donut.stl
[0.489s] -- Up-to-date: /home/robot/debug_clear_ws/install/clearpath_customization/share/clearpath_customization/project_description/urdf
[0.489s] -- Up-to-date: /home/robot/debug_clear_ws/install/clearpath_customization/share/clearpath_customization/project_description/urdf/project_description.urdf.xacro
[0.489s] -- Up-to-date: /home/robot/debug_clear_ws/install/clearpath_customization/share/clearpath_customization/project_description/urdf/donut.urdf.xacro
[0.489s] -- Up-to-date: /home/robot/debug_clear_ws/install/clearpath_customization/share/clearpath_customization/project_description/LICENSE
[0.490s] -- Up-to-date: /home/robot/debug_clear_ws/install/clearpath_customization/share/clearpath_customization/project_description/package.xml
[0.490s] -- Up-to-date: /home/robot/debug_clear_ws/install/clearpath_customization/share/ament_index/resource_index/package_run_dependencies/clearpath_customization
[0.490s] -- Up-to-date: /home/robot/debug_clear_ws/install/clearpath_customization/share/ament_index/resource_index/parent_prefix_path/clearpath_customization
[0.490s] -- Up-to-date: /home/robot/debug_clear_ws/install/clearpath_customization/share/clearpath_customization/environment/ament_prefix_path.sh
[0.490s] -- Up-to-date: /home/robot/debug_clear_ws/install/clearpath_customization/share/clearpath_customization/environment/ament_prefix_path.dsv
[0.490s] -- Up-to-date: /home/robot/debug_clear_ws/install/clearpath_customization/share/clearpath_customization/environment/path.sh
[0.490s] -- Up-to-date: /home/robot/debug_clear_ws/install/clearpath_customization/share/clearpath_customization/environment/path.dsv
[0.490s] -- Up-to-date: /home/robot/debug_clear_ws/install/clearpath_customization/share/clearpath_customization/local_setup.bash
[0.490s] -- Up-to-date: /home/robot/debug_clear_ws/install/clearpath_customization/share/clearpath_customization/local_setup.sh
[0.490s] -- Up-to-date: /home/robot/debug_clear_ws/install/clearpath_customization/share/clearpath_customization/local_setup.zsh
[0.491s] -- Up-to-date: /home/robot/debug_clear_ws/install/clearpath_customization/share/clearpath_customization/local_setup.dsv
[0.491s] -- Installing: /home/robot/debug_clear_ws/install/clearpath_customization/share/clearpath_customization/package.dsv
[0.491s] -- Up-to-date: /home/robot/debug_clear_ws/install/clearpath_customization/share/ament_index/resource_index/packages/clearpath_customization
[0.491s] -- Up-to-date: /home/robot/debug_clear_ws/install/clearpath_customization/share/clearpath_customization/cmake/clearpath_customizationConfig.cmake
[0.491s] -- Up-to-date: /home/robot/debug_clear_ws/install/clearpath_customization/share/clearpath_customization/cmake/clearpath_customizationConfig-version.cmake
[0.491s] -- Up-to-date: /home/robot/debug_clear_ws/install/clearpath_customization/share/clearpath_customization/package.xml
[0.521s] Invoked command in '/home/robot/debug_clear_ws/build/clearpath_customization' returned '0': CMAKE_PREFIX_PATH=${CMAKE_PREFIX_PATH}:/home/robot/debug_clear_ws/install/clearpath_config:/opt/ros/humble /usr/bin/cmake --install /home/robot/debug_clear_ws/build/clearpath_customization
