[0.055s] Invoking command in '/home/dimash/debug_clear_ws/build/clearpath_platform': CMAKE_PREFIX_PATH=/home/dimash/debug_clear_ws/install/clearpath_platform_msgs:/home/dimash/debug_clear_ws/install/clearpath_platform_description:/home/dimash/debug_clear_ws/install/clearpath_control:/home/dimash/debug_clear_ws/install/yolo_bringup:/home/dimash/debug_clear_ws/install/mpc_low:/home/dimash/debug_clear_ws/install/yolo_msgs:/home/dimash/debug_clear_ws/install/point_cloud_debug:/home/dimash/debug_clear_ws/install/move_model_plugin:/home/dimash/debug_clear_ws/install/clearpath_simulator:/home/dimash/debug_clear_ws/install/clearpath_gz:/home/dimash/debug_clear_ws/install/clearpath_generator_gz:/home/dimash/debug_clear_ws/install/clearpath_common:/home/dimash/debug_clear_ws/install/clearpath_generator_common:/home/dimash/debug_clear_ws/install/clearpath_description:/home/dimash/debug_clear_ws/install/clearpath_sensors_description:/home/dimash/debug_clear_ws/install/clearpath_platform:/home/dimash/debug_clear_ws/install/clearpath_msgs:/home/dimash/debug_clear_ws/install/clearpath_nav2_demos:/home/dimash/debug_clear_ws/install/clearpath_mounts_description:/home/dimash/debug_clear_ws/install/clearpath_manipulators:/home/dimash/debug_clear_ws/install/clearpath_manipulators_description:/home/dimash/debug_clear_ws/install/clearpath_customization:/home/dimash/debug_clear_ws/install/yolo_ros:/home/dimash/debug_clear_ws/install/person_movement:/home/dimash/debug_clear_ws/install/clearpath_config:/opt/ros/humble LD_LIBRARY_PATH=/home/dimash/debug_clear_ws/install/clearpath_platform_msgs/lib:/home/dimash/debug_clear_ws/install/mpc_low/lib:/home/dimash/debug_clear_ws/install/yolo_msgs/lib:/home/dimash/debug_clear_ws/install/move_model_plugin/lib:/home/dimash/debug_clear_ws/install/clearpath_platform/lib:/home/dimash/acados/lib:/opt/ros/humble/opt/rviz_ogre_vendor/lib:/opt/ros/humble/lib/x86_64-linux-gnu:/opt/ros/humble/lib:/home/dimash/acados/lib:/home/dimash/acados/lib /usr/bin/cmake --build /home/dimash/debug_clear_ws/build/clearpath_platform -- -j8 -l8
[0.243s] [  3%] [32mBuilding CXX object CMakeFiles/w200_hardware.dir/src/w200/hardware.cpp.o[0m
[0.253s] [  6%] [32mBuilding CXX object CMakeFiles/puma_hardware.dir/src/puma/hardware.cpp.o[0m
[0.253s] [ 10%] [32mBuilding CXX object CMakeFiles/clearpath_platform_lighting.dir/src/lighting/lighting.cpp.o[0m
[0.255s] [ 16%] [32mBuilding CXX object CMakeFiles/a200_hardware.dir/src/a200/status.cpp.o[0m
[0.257s] [ 16%] [32mBuilding CXX object CMakeFiles/a200_hardware.dir/src/a200/hardware.cpp.o[0m
[0.258s] [ 20%] [32mBuilding CXX object CMakeFiles/clearpath_platform_lighting.dir/src/lighting/sequence.cpp.o[0m
[0.260s] [ 23%] [32mBuilding CXX object CMakeFiles/clearpath_platform_lighting.dir/src/lighting/color.cpp.o[0m
[0.267s] [ 26%] [32mBuilding CXX object CMakeFiles/j100_hardware.dir/src/j100/hardware.cpp.o[0m
[2.773s] [ 30%] [32mBuilding CXX object CMakeFiles/puma_hardware.dir/src/puma/hardware_interface.cpp.o[0m
[3.607s] [ 33%] [32mBuilding CXX object CMakeFiles/a200_hardware.dir/src/a200/horizon_legacy/horizon_legacy_wrapper.cpp.o[0m
[4.624s] [ 36%] [32mBuilding CXX object CMakeFiles/a200_hardware.dir/src/a200/horizon_legacy/crc.cpp.o[0m
[4.738s] [ 40%] [32mBuilding CXX object CMakeFiles/a200_hardware.dir/src/a200/horizon_legacy/Logger.cpp.o[0m
[5.774s] [ 43%] [32mBuilding CXX object CMakeFiles/j100_hardware.dir/src/j100/hardware_interface.cpp.o[0m
[11.365s] [ 46%] [32mBuilding CXX object CMakeFiles/a200_hardware.dir/src/a200/horizon_legacy/Message.cpp.o[0m
[12.222s] [ 50%] [32mBuilding CXX object CMakeFiles/w200_hardware.dir/src/w200/hardware_interface.cpp.o[0m
[12.374s] [ 53%] [32mBuilding CXX object CMakeFiles/a200_hardware.dir/src/a200/horizon_legacy/Message_data.cpp.o[0m
[12.633s] [ 56%] [32mBuilding CXX object CMakeFiles/j100_hardware.dir/src/diff_drive/hardware.cpp.o[0m
[14.086s] [ 60%] [32mBuilding CXX object CMakeFiles/j100_hardware.dir/src/diff_drive/hardware_interface.cpp.o[0m
[14.304s] [ 63%] [32mBuilding CXX object CMakeFiles/a200_hardware.dir/src/a200/horizon_legacy/Message_request.cpp.o[0m
[14.935s] [ 66%] [32mBuilding CXX object CMakeFiles/a200_hardware.dir/src/a200/horizon_legacy/Message_cmd.cpp.o[0m
[15.098s] [ 70%] [32mBuilding CXX object CMakeFiles/a200_hardware.dir/src/a200/horizon_legacy/Transport.cpp.o[0m
[15.728s] [ 73%] [32mBuilding CXX object CMakeFiles/a200_hardware.dir/src/a200/horizon_legacy/Number.cpp.o[0m
[16.231s] [ 76%] [32mBuilding CXX object CMakeFiles/a200_hardware.dir/src/a200/horizon_legacy/linux_serial.cpp.o[0m
[17.103s] [ 80%] [32m[1mLinking CXX shared library liba200_hardware.so[0m
[18.023s] [ 80%] Built target a200_hardware
[22.863s] [ 83%] [32m[1mLinking CXX shared library libpuma_hardware.so[0m
[23.975s] [ 83%] Built target puma_hardware
[25.835s] [ 86%] [32m[1mLinking CXX shared library libw200_hardware.so[0m
[26.454s] [ 86%] Built target w200_hardware
[27.317s] [ 90%] [32m[1mLinking CXX shared library libj100_hardware.so[0m
[27.937s] [ 90%] Built target j100_hardware
[38.581s] [ 93%] [32m[1mLinking CXX shared library libclearpath_platform_lighting.so[0m
[40.012s] [ 93%] Built target clearpath_platform_lighting
[40.040s] [ 96%] [32mBuilding CXX object CMakeFiles/lighting_node.dir/src/lighting/main.cpp.o[0m
[42.803s] [100%] [32m[1mLinking CXX executable lighting_node[0m
[43.249s] [100%] Built target lighting_node
[43.259s] Invoked command in '/home/dimash/debug_clear_ws/build/clearpath_platform' returned '0': CMAKE_PREFIX_PATH=/home/dimash/debug_clear_ws/install/clearpath_platform_msgs:/home/dimash/debug_clear_ws/install/clearpath_platform_description:/home/dimash/debug_clear_ws/install/clearpath_control:/home/dimash/debug_clear_ws/install/yolo_bringup:/home/dimash/debug_clear_ws/install/mpc_low:/home/dimash/debug_clear_ws/install/yolo_msgs:/home/dimash/debug_clear_ws/install/point_cloud_debug:/home/dimash/debug_clear_ws/install/move_model_plugin:/home/dimash/debug_clear_ws/install/clearpath_simulator:/home/dimash/debug_clear_ws/install/clearpath_gz:/home/dimash/debug_clear_ws/install/clearpath_generator_gz:/home/dimash/debug_clear_ws/install/clearpath_common:/home/dimash/debug_clear_ws/install/clearpath_generator_common:/home/dimash/debug_clear_ws/install/clearpath_description:/home/dimash/debug_clear_ws/install/clearpath_sensors_description:/home/dimash/debug_clear_ws/install/clearpath_platform:/home/dimash/debug_clear_ws/install/clearpath_msgs:/home/dimash/debug_clear_ws/install/clearpath_nav2_demos:/home/dimash/debug_clear_ws/install/clearpath_mounts_description:/home/dimash/debug_clear_ws/install/clearpath_manipulators:/home/dimash/debug_clear_ws/install/clearpath_manipulators_description:/home/dimash/debug_clear_ws/install/clearpath_customization:/home/dimash/debug_clear_ws/install/yolo_ros:/home/dimash/debug_clear_ws/install/person_movement:/home/dimash/debug_clear_ws/install/clearpath_config:/opt/ros/humble LD_LIBRARY_PATH=/home/dimash/debug_clear_ws/install/clearpath_platform_msgs/lib:/home/dimash/debug_clear_ws/install/mpc_low/lib:/home/dimash/debug_clear_ws/install/yolo_msgs/lib:/home/dimash/debug_clear_ws/install/move_model_plugin/lib:/home/dimash/debug_clear_ws/install/clearpath_platform/lib:/home/dimash/acados/lib:/opt/ros/humble/opt/rviz_ogre_vendor/lib:/opt/ros/humble/lib/x86_64-linux-gnu:/opt/ros/humble/lib:/home/dimash/acados/lib:/home/dimash/acados/lib /usr/bin/cmake --build /home/dimash/debug_clear_ws/build/clearpath_platform -- -j8 -l8
[43.261s] Invoking command in '/home/dimash/debug_clear_ws/build/clearpath_platform': CMAKE_PREFIX_PATH=/home/dimash/debug_clear_ws/install/clearpath_platform_msgs:/home/dimash/debug_clear_ws/install/clearpath_platform_description:/home/dimash/debug_clear_ws/install/clearpath_control:/home/dimash/debug_clear_ws/install/yolo_bringup:/home/dimash/debug_clear_ws/install/mpc_low:/home/dimash/debug_clear_ws/install/yolo_msgs:/home/dimash/debug_clear_ws/install/point_cloud_debug:/home/dimash/debug_clear_ws/install/move_model_plugin:/home/dimash/debug_clear_ws/install/clearpath_simulator:/home/dimash/debug_clear_ws/install/clearpath_gz:/home/dimash/debug_clear_ws/install/clearpath_generator_gz:/home/dimash/debug_clear_ws/install/clearpath_common:/home/dimash/debug_clear_ws/install/clearpath_generator_common:/home/dimash/debug_clear_ws/install/clearpath_description:/home/dimash/debug_clear_ws/install/clearpath_sensors_description:/home/dimash/debug_clear_ws/install/clearpath_platform:/home/dimash/debug_clear_ws/install/clearpath_msgs:/home/dimash/debug_clear_ws/install/clearpath_nav2_demos:/home/dimash/debug_clear_ws/install/clearpath_mounts_description:/home/dimash/debug_clear_ws/install/clearpath_manipulators:/home/dimash/debug_clear_ws/install/clearpath_manipulators_description:/home/dimash/debug_clear_ws/install/clearpath_customization:/home/dimash/debug_clear_ws/install/yolo_ros:/home/dimash/debug_clear_ws/install/person_movement:/home/dimash/debug_clear_ws/install/clearpath_config:/opt/ros/humble LD_LIBRARY_PATH=/home/dimash/debug_clear_ws/install/clearpath_platform_msgs/lib:/home/dimash/debug_clear_ws/install/mpc_low/lib:/home/dimash/debug_clear_ws/install/yolo_msgs/lib:/home/dimash/debug_clear_ws/install/move_model_plugin/lib:/home/dimash/debug_clear_ws/install/clearpath_platform/lib:/home/dimash/acados/lib:/opt/ros/humble/opt/rviz_ogre_vendor/lib:/opt/ros/humble/lib/x86_64-linux-gnu:/opt/ros/humble/lib:/home/dimash/acados/lib:/home/dimash/acados/lib /usr/bin/cmake --install /home/dimash/debug_clear_ws/build/clearpath_platform
[43.267s] -- Install configuration: ""
[43.267s] -- Up-to-date: /home/dimash/debug_clear_ws/install/clearpath_platform/share/clearpath_platform/src/a200/hardware.xml
[43.268s] -- Up-to-date: /home/dimash/debug_clear_ws/install/clearpath_platform/share/clearpath_platform/src/j100/hardware.xml
[43.268s] -- Up-to-date: /home/dimash/debug_clear_ws/install/clearpath_platform/share/clearpath_platform/src/w200/hardware.xml
[43.268s] -- Up-to-date: /home/dimash/debug_clear_ws/install/clearpath_platform/share/clearpath_platform/src/puma/hardware.xml
[43.268s] -- Installing: /home/dimash/debug_clear_ws/install/clearpath_platform/lib/liba200_hardware.so
[43.273s] -- Set runtime path of "/home/dimash/debug_clear_ws/install/clearpath_platform/lib/liba200_hardware.so" to ""
[43.273s] -- Installing: /home/dimash/debug_clear_ws/install/clearpath_platform/lib/libj100_hardware.so
[43.282s] -- Set runtime path of "/home/dimash/debug_clear_ws/install/clearpath_platform/lib/libj100_hardware.so" to ""
[43.283s] -- Installing: /home/dimash/debug_clear_ws/install/clearpath_platform/lib/libw200_hardware.so
[43.291s] -- Set runtime path of "/home/dimash/debug_clear_ws/install/clearpath_platform/lib/libw200_hardware.so" to ""
[43.291s] -- Installing: /home/dimash/debug_clear_ws/install/clearpath_platform/lib/libpuma_hardware.so
[43.300s] -- Set runtime path of "/home/dimash/debug_clear_ws/install/clearpath_platform/lib/libpuma_hardware.so" to ""
[43.300s] -- Installing: /home/dimash/debug_clear_ws/install/clearpath_platform/lib/clearpath_platform/lighting_node
[43.300s] -- Set runtime path of "/home/dimash/debug_clear_ws/install/clearpath_platform/lib/clearpath_platform/lighting_node" to ""
[43.301s] -- Installing: /home/dimash/debug_clear_ws/install/clearpath_platform/lib/libclearpath_platform_lighting.so
[43.329s] -- Set runtime path of "/home/dimash/debug_clear_ws/install/clearpath_platform/lib/libclearpath_platform_lighting.so" to ""
[43.329s] -- Up-to-date: /home/dimash/debug_clear_ws/install/clearpath_platform/include
[43.329s] -- Up-to-date: /home/dimash/debug_clear_ws/install/clearpath_platform/include/clearpath_platform
[43.330s] -- Up-to-date: /home/dimash/debug_clear_ws/install/clearpath_platform/include/clearpath_platform/diff_drive
[43.330s] -- Up-to-date: /home/dimash/debug_clear_ws/install/clearpath_platform/include/clearpath_platform/diff_drive/hardware_interface.hpp
[43.330s] -- Up-to-date: /home/dimash/debug_clear_ws/install/clearpath_platform/include/clearpath_platform/diff_drive/hardware.hpp
[43.330s] -- Up-to-date: /home/dimash/debug_clear_ws/install/clearpath_platform/include/clearpath_platform/j100
[43.330s] -- Up-to-date: /home/dimash/debug_clear_ws/install/clearpath_platform/include/clearpath_platform/j100/hardware_interface.hpp
[43.330s] -- Up-to-date: /home/dimash/debug_clear_ws/install/clearpath_platform/include/clearpath_platform/j100/hardware.hpp
[43.330s] -- Up-to-date: /home/dimash/debug_clear_ws/install/clearpath_platform/include/clearpath_platform/a200
[43.330s] -- Up-to-date: /home/dimash/debug_clear_ws/install/clearpath_platform/include/clearpath_platform/a200/horizon_legacy
[43.331s] -- Up-to-date: /home/dimash/debug_clear_ws/install/clearpath_platform/include/clearpath_platform/a200/horizon_legacy/Transport.h
[43.331s] -- Up-to-date: /home/dimash/debug_clear_ws/install/clearpath_platform/include/clearpath_platform/a200/horizon_legacy/clearpath.h
[43.331s] -- Up-to-date: /home/dimash/debug_clear_ws/install/clearpath_platform/include/clearpath_platform/a200/horizon_legacy/horizon_legacy_wrapper.h
[43.331s] -- Up-to-date: /home/dimash/debug_clear_ws/install/clearpath_platform/include/clearpath_platform/a200/horizon_legacy/Message_request.h
[43.331s] -- Up-to-date: /home/dimash/debug_clear_ws/install/clearpath_platform/include/clearpath_platform/a200/horizon_legacy/Message_cmd.h
[43.331s] -- Up-to-date: /home/dimash/debug_clear_ws/install/clearpath_platform/include/clearpath_platform/a200/horizon_legacy/Logger.h
[43.331s] -- Up-to-date: /home/dimash/debug_clear_ws/install/clearpath_platform/include/clearpath_platform/a200/horizon_legacy/crc.h
[43.331s] -- Up-to-date: /home/dimash/debug_clear_ws/install/clearpath_platform/include/clearpath_platform/a200/horizon_legacy/serial.h
[43.331s] -- Up-to-date: /home/dimash/debug_clear_ws/install/clearpath_platform/include/clearpath_platform/a200/horizon_legacy/Exception.h
[43.332s] -- Up-to-date: /home/dimash/debug_clear_ws/install/clearpath_platform/include/clearpath_platform/a200/horizon_legacy/Number.h
[43.332s] -- Up-to-date: /home/dimash/debug_clear_ws/install/clearpath_platform/include/clearpath_platform/a200/horizon_legacy/Message_data.h
[43.332s] -- Up-to-date: /home/dimash/debug_clear_ws/install/clearpath_platform/include/clearpath_platform/a200/horizon_legacy/Message.h
[43.332s] -- Up-to-date: /home/dimash/debug_clear_ws/install/clearpath_platform/include/clearpath_platform/a200/hardware.hpp
[43.332s] -- Up-to-date: /home/dimash/debug_clear_ws/install/clearpath_platform/include/clearpath_platform/a200/status.hpp
[43.332s] -- Up-to-date: /home/dimash/debug_clear_ws/install/clearpath_platform/include/clearpath_platform/puma
[43.332s] -- Up-to-date: /home/dimash/debug_clear_ws/install/clearpath_platform/include/clearpath_platform/puma/hardware_interface.hpp
[43.332s] -- Up-to-date: /home/dimash/debug_clear_ws/install/clearpath_platform/include/clearpath_platform/puma/hardware.hpp
[43.332s] -- Up-to-date: /home/dimash/debug_clear_ws/install/clearpath_platform/include/clearpath_platform/w200
[43.332s] -- Up-to-date: /home/dimash/debug_clear_ws/install/clearpath_platform/include/clearpath_platform/w200/hardware_interface.hpp
[43.332s] -- Up-to-date: /home/dimash/debug_clear_ws/install/clearpath_platform/include/clearpath_platform/w200/hardware.hpp
[43.332s] -- Up-to-date: /home/dimash/debug_clear_ws/install/clearpath_platform/include/clearpath_platform/lighting
[43.333s] -- Up-to-date: /home/dimash/debug_clear_ws/install/clearpath_platform/include/clearpath_platform/lighting/color.hpp
[43.333s] -- Up-to-date: /home/dimash/debug_clear_ws/install/clearpath_platform/include/clearpath_platform/lighting/platform.hpp
[43.333s] -- Up-to-date: /home/dimash/debug_clear_ws/install/clearpath_platform/include/clearpath_platform/lighting/lighting.hpp
[43.333s] -- Up-to-date: /home/dimash/debug_clear_ws/install/clearpath_platform/include/clearpath_platform/lighting/sequence.hpp
[43.333s] -- Up-to-date: /home/dimash/debug_clear_ws/install/clearpath_platform/share/clearpath_platform/config
[43.333s] -- Up-to-date: /home/dimash/debug_clear_ws/install/clearpath_platform/share/clearpath_platform/config/imu_filter.yaml
[43.333s] -- Up-to-date: /home/dimash/debug_clear_ws/install/clearpath_platform/share/clearpath_platform/launch
[43.333s] -- Up-to-date: /home/dimash/debug_clear_ws/install/clearpath_platform/share/clearpath_platform/launch/platform.launch.py
[43.334s] -- Up-to-date: /home/dimash/debug_clear_ws/install/clearpath_platform/share/clearpath_platform/environment/library_path.sh
[43.334s] -- Up-to-date: /home/dimash/debug_clear_ws/install/clearpath_platform/share/clearpath_platform/environment/library_path.dsv
[43.334s] -- Up-to-date: /home/dimash/debug_clear_ws/install/clearpath_platform/share/ament_index/resource_index/package_run_dependencies/clearpath_platform
[43.334s] -- Up-to-date: /home/dimash/debug_clear_ws/install/clearpath_platform/share/ament_index/resource_index/parent_prefix_path/clearpath_platform
[43.334s] -- Up-to-date: /home/dimash/debug_clear_ws/install/clearpath_platform/share/clearpath_platform/environment/ament_prefix_path.sh
[43.334s] -- Up-to-date: /home/dimash/debug_clear_ws/install/clearpath_platform/share/clearpath_platform/environment/ament_prefix_path.dsv
[43.334s] -- Up-to-date: /home/dimash/debug_clear_ws/install/clearpath_platform/share/clearpath_platform/environment/path.sh
[43.335s] -- Up-to-date: /home/dimash/debug_clear_ws/install/clearpath_platform/share/clearpath_platform/environment/path.dsv
[43.335s] -- Up-to-date: /home/dimash/debug_clear_ws/install/clearpath_platform/share/clearpath_platform/local_setup.bash
[43.335s] -- Up-to-date: /home/dimash/debug_clear_ws/install/clearpath_platform/share/clearpath_platform/local_setup.sh
[43.335s] -- Up-to-date: /home/dimash/debug_clear_ws/install/clearpath_platform/share/clearpath_platform/local_setup.zsh
[43.335s] -- Up-to-date: /home/dimash/debug_clear_ws/install/clearpath_platform/share/clearpath_platform/local_setup.dsv
[43.335s] -- Installing: /home/dimash/debug_clear_ws/install/clearpath_platform/share/clearpath_platform/package.dsv
[43.335s] -- Up-to-date: /home/dimash/debug_clear_ws/install/clearpath_platform/share/ament_index/resource_index/packages/clearpath_platform
[43.335s] -- Up-to-date: /home/dimash/debug_clear_ws/install/clearpath_platform/share/ament_index/resource_index/hardware_interface__pluginlib__plugin/clearpath_platform
[43.335s] -- Up-to-date: /home/dimash/debug_clear_ws/install/clearpath_platform/share/clearpath_platform/cmake/ament_cmake_export_include_directories-extras.cmake
[43.335s] -- Up-to-date: /home/dimash/debug_clear_ws/install/clearpath_platform/share/clearpath_platform/cmake/ament_cmake_export_libraries-extras.cmake
[43.335s] -- Up-to-date: /home/dimash/debug_clear_ws/install/clearpath_platform/share/clearpath_platform/cmake/ament_cmake_export_dependencies-extras.cmake
[43.335s] -- Up-to-date: /home/dimash/debug_clear_ws/install/clearpath_platform/share/clearpath_platform/cmake/clearpath_platformConfig.cmake
[43.335s] -- Up-to-date: /home/dimash/debug_clear_ws/install/clearpath_platform/share/clearpath_platform/cmake/clearpath_platformConfig-version.cmake
[43.335s] -- Up-to-date: /home/dimash/debug_clear_ws/install/clearpath_platform/share/clearpath_platform/package.xml
[43.335s] Invoked command in '/home/dimash/debug_clear_ws/build/clearpath_platform' returned '0': CMAKE_PREFIX_PATH=/home/dimash/debug_clear_ws/install/clearpath_platform_msgs:/home/dimash/debug_clear_ws/install/clearpath_platform_description:/home/dimash/debug_clear_ws/install/clearpath_control:/home/dimash/debug_clear_ws/install/yolo_bringup:/home/dimash/debug_clear_ws/install/mpc_low:/home/dimash/debug_clear_ws/install/yolo_msgs:/home/dimash/debug_clear_ws/install/point_cloud_debug:/home/dimash/debug_clear_ws/install/move_model_plugin:/home/dimash/debug_clear_ws/install/clearpath_simulator:/home/dimash/debug_clear_ws/install/clearpath_gz:/home/dimash/debug_clear_ws/install/clearpath_generator_gz:/home/dimash/debug_clear_ws/install/clearpath_common:/home/dimash/debug_clear_ws/install/clearpath_generator_common:/home/dimash/debug_clear_ws/install/clearpath_description:/home/dimash/debug_clear_ws/install/clearpath_sensors_description:/home/dimash/debug_clear_ws/install/clearpath_platform:/home/dimash/debug_clear_ws/install/clearpath_msgs:/home/dimash/debug_clear_ws/install/clearpath_nav2_demos:/home/dimash/debug_clear_ws/install/clearpath_mounts_description:/home/dimash/debug_clear_ws/install/clearpath_manipulators:/home/dimash/debug_clear_ws/install/clearpath_manipulators_description:/home/dimash/debug_clear_ws/install/clearpath_customization:/home/dimash/debug_clear_ws/install/yolo_ros:/home/dimash/debug_clear_ws/install/person_movement:/home/dimash/debug_clear_ws/install/clearpath_config:/opt/ros/humble LD_LIBRARY_PATH=/home/dimash/debug_clear_ws/install/clearpath_platform_msgs/lib:/home/dimash/debug_clear_ws/install/mpc_low/lib:/home/dimash/debug_clear_ws/install/yolo_msgs/lib:/home/dimash/debug_clear_ws/install/move_model_plugin/lib:/home/dimash/debug_clear_ws/install/clearpath_platform/lib:/home/dimash/acados/lib:/opt/ros/humble/opt/rviz_ogre_vendor/lib:/opt/ros/humble/lib/x86_64-linux-gnu:/opt/ros/humble/lib:/home/dimash/acados/lib:/home/dimash/acados/lib /usr/bin/cmake --install /home/dimash/debug_clear_ws/build/clearpath_platform
