[0.038s] Invoking command in '/home/dimash/debug_clear_ws/build/clearpath_generator_gz': AMENT_PREFIX_PATH=/home/dimash/debug_clear_ws/install/clearpath_generator_common:/home/dimash/debug_clear_ws/install/clearpath_platform:/home/dimash/debug_clear_ws/install/clearpath_manipulators:/home/dimash/debug_clear_ws/install/clearpath_description:/home/dimash/debug_clear_ws/install/clearpath_sensors_description:/home/dimash/debug_clear_ws/install/clearpath_platform_msgs:/home/dimash/debug_clear_ws/install/clearpath_platform_description:/home/dimash/debug_clear_ws/install/clearpath_mounts_description:/home/dimash/debug_clear_ws/install/clearpath_manipulators_description:/home/dimash/debug_clear_ws/install/clearpath_control:/home/dimash/debug_clear_ws/install/clearpath_config:${AMENT_PREFIX_PATH} CMAKE_PREFIX_PATH=/home/dimash/debug_clear_ws/install/clearpath_generator_common:/home/dimash/debug_clear_ws/install/clearpath_platform:/home/dimash/debug_clear_ws/install/clearpath_manipulators:/home/dimash/debug_clear_ws/install/clearpath_description:/home/dimash/debug_clear_ws/install/clearpath_sensors_description:/home/dimash/debug_clear_ws/install/clearpath_platform_msgs:/home/dimash/debug_clear_ws/install/clearpath_platform_description:/home/dimash/debug_clear_ws/install/clearpath_mounts_description:/home/dimash/debug_clear_ws/install/clearpath_manipulators_description:/home/dimash/debug_clear_ws/install/clearpath_control:/opt/ros/humble LD_LIBRARY_PATH=/home/dimash/debug_clear_ws/install/clearpath_platform/lib:/home/dimash/debug_clear_ws/install/clearpath_platform_msgs/lib:${LD_LIBRARY_PATH} PYTHONPATH=/home/dimash/debug_clear_ws/install/clearpath_generator_common/local/lib/python3.10/dist-packages:/home/dimash/debug_clear_ws/install/clearpath_platform_msgs/local/lib/python3.10/dist-packages:/home/dimash/debug_clear_ws/install/clearpath_config/lib/python3.10/site-packages:${PYTHONPATH} /usr/bin/cmake --build /home/dimash/debug_clear_ws/build/clearpath_generator_gz -- -j8 -l8
[0.112s] Built target ament_cmake_python_copy_clearpath_generator_gz
[0.456s] running egg_info
[0.457s] writing clearpath_generator_gz.egg-info/PKG-INFO
[0.457s] writing dependency_links to clearpath_generator_gz.egg-info/dependency_links.txt
[0.457s] writing top-level names to clearpath_generator_gz.egg-info/top_level.txt
[0.460s] reading manifest file 'clearpath_generator_gz.egg-info/SOURCES.txt'
[0.461s] writing manifest file 'clearpath_generator_gz.egg-info/SOURCES.txt'
[0.488s] Built target ament_cmake_python_build_clearpath_generator_gz_egg
[0.497s] Invoked command in '/home/dimash/debug_clear_ws/build/clearpath_generator_gz' returned '0': AMENT_PREFIX_PATH=/home/dimash/debug_clear_ws/install/clearpath_generator_common:/home/dimash/debug_clear_ws/install/clearpath_platform:/home/dimash/debug_clear_ws/install/clearpath_manipulators:/home/dimash/debug_clear_ws/install/clearpath_description:/home/dimash/debug_clear_ws/install/clearpath_sensors_description:/home/dimash/debug_clear_ws/install/clearpath_platform_msgs:/home/dimash/debug_clear_ws/install/clearpath_platform_description:/home/dimash/debug_clear_ws/install/clearpath_mounts_description:/home/dimash/debug_clear_ws/install/clearpath_manipulators_description:/home/dimash/debug_clear_ws/install/clearpath_control:/home/dimash/debug_clear_ws/install/clearpath_config:${AMENT_PREFIX_PATH} CMAKE_PREFIX_PATH=/home/dimash/debug_clear_ws/install/clearpath_generator_common:/home/dimash/debug_clear_ws/install/clearpath_platform:/home/dimash/debug_clear_ws/install/clearpath_manipulators:/home/dimash/debug_clear_ws/install/clearpath_description:/home/dimash/debug_clear_ws/install/clearpath_sensors_description:/home/dimash/debug_clear_ws/install/clearpath_platform_msgs:/home/dimash/debug_clear_ws/install/clearpath_platform_description:/home/dimash/debug_clear_ws/install/clearpath_mounts_description:/home/dimash/debug_clear_ws/install/clearpath_manipulators_description:/home/dimash/debug_clear_ws/install/clearpath_control:/opt/ros/humble LD_LIBRARY_PATH=/home/dimash/debug_clear_ws/install/clearpath_platform/lib:/home/dimash/debug_clear_ws/install/clearpath_platform_msgs/lib:${LD_LIBRARY_PATH} PYTHONPATH=/home/dimash/debug_clear_ws/install/clearpath_generator_common/local/lib/python3.10/dist-packages:/home/dimash/debug_clear_ws/install/clearpath_platform_msgs/local/lib/python3.10/dist-packages:/home/dimash/debug_clear_ws/install/clearpath_config/lib/python3.10/site-packages:${PYTHONPATH} /usr/bin/cmake --build /home/dimash/debug_clear_ws/build/clearpath_generator_gz -- -j8 -l8
[0.499s] Invoking command in '/home/dimash/debug_clear_ws/build/clearpath_generator_gz': AMENT_PREFIX_PATH=/home/dimash/debug_clear_ws/install/clearpath_generator_common:/home/dimash/debug_clear_ws/install/clearpath_platform:/home/dimash/debug_clear_ws/install/clearpath_manipulators:/home/dimash/debug_clear_ws/install/clearpath_description:/home/dimash/debug_clear_ws/install/clearpath_sensors_description:/home/dimash/debug_clear_ws/install/clearpath_platform_msgs:/home/dimash/debug_clear_ws/install/clearpath_platform_description:/home/dimash/debug_clear_ws/install/clearpath_mounts_description:/home/dimash/debug_clear_ws/install/clearpath_manipulators_description:/home/dimash/debug_clear_ws/install/clearpath_control:/home/dimash/debug_clear_ws/install/clearpath_config:${AMENT_PREFIX_PATH} CMAKE_PREFIX_PATH=/home/dimash/debug_clear_ws/install/clearpath_generator_common:/home/dimash/debug_clear_ws/install/clearpath_platform:/home/dimash/debug_clear_ws/install/clearpath_manipulators:/home/dimash/debug_clear_ws/install/clearpath_description:/home/dimash/debug_clear_ws/install/clearpath_sensors_description:/home/dimash/debug_clear_ws/install/clearpath_platform_msgs:/home/dimash/debug_clear_ws/install/clearpath_platform_description:/home/dimash/debug_clear_ws/install/clearpath_mounts_description:/home/dimash/debug_clear_ws/install/clearpath_manipulators_description:/home/dimash/debug_clear_ws/install/clearpath_control:/opt/ros/humble LD_LIBRARY_PATH=/home/dimash/debug_clear_ws/install/clearpath_platform/lib:/home/dimash/debug_clear_ws/install/clearpath_platform_msgs/lib:${LD_LIBRARY_PATH} PYTHONPATH=/home/dimash/debug_clear_ws/install/clearpath_generator_common/local/lib/python3.10/dist-packages:/home/dimash/debug_clear_ws/install/clearpath_platform_msgs/local/lib/python3.10/dist-packages:/home/dimash/debug_clear_ws/install/clearpath_config/lib/python3.10/site-packages:${PYTHONPATH} /usr/bin/cmake --install /home/dimash/debug_clear_ws/build/clearpath_generator_gz
[0.505s] -- Install configuration: ""
[0.505s] -- Up-to-date: /home/dimash/debug_clear_ws/install/clearpath_generator_gz/lib/clearpath_generator_gz/generate_launch
[0.508s] -- Up-to-date: /home/dimash/debug_clear_ws/install/clearpath_generator_gz/lib/clearpath_generator_gz/generate_param
[0.509s] -- Up-to-date: /home/dimash/debug_clear_ws/install/clearpath_generator_gz/share/clearpath_generator_gz/environment/pythonpath.sh
[0.509s] -- Up-to-date: /home/dimash/debug_clear_ws/install/clearpath_generator_gz/share/clearpath_generator_gz/environment/pythonpath.dsv
[0.509s] -- Up-to-date: /home/dimash/debug_clear_ws/install/clearpath_generator_gz/local/lib/python3.10/dist-packages/clearpath_generator_gz-0.3.0-py3.10.egg-info
[0.509s] -- Installing: /home/dimash/debug_clear_ws/install/clearpath_generator_gz/local/lib/python3.10/dist-packages/clearpath_generator_gz-0.3.0-py3.10.egg-info/PKG-INFO
[0.509s] -- Installing: /home/dimash/debug_clear_ws/install/clearpath_generator_gz/local/lib/python3.10/dist-packages/clearpath_generator_gz-0.3.0-py3.10.egg-info/SOURCES.txt
[0.509s] -- Installing: /home/dimash/debug_clear_ws/install/clearpath_generator_gz/local/lib/python3.10/dist-packages/clearpath_generator_gz-0.3.0-py3.10.egg-info/dependency_links.txt
[0.509s] -- Installing: /home/dimash/debug_clear_ws/install/clearpath_generator_gz/local/lib/python3.10/dist-packages/clearpath_generator_gz-0.3.0-py3.10.egg-info/top_level.txt
[0.509s] -- Up-to-date: /home/dimash/debug_clear_ws/install/clearpath_generator_gz/local/lib/python3.10/dist-packages/clearpath_generator_gz
[0.509s] -- Up-to-date: /home/dimash/debug_clear_ws/install/clearpath_generator_gz/local/lib/python3.10/dist-packages/clearpath_generator_gz/__init__.py
[0.509s] -- Up-to-date: /home/dimash/debug_clear_ws/install/clearpath_generator_gz/local/lib/python3.10/dist-packages/clearpath_generator_gz/param
[0.509s] -- Up-to-date: /home/dimash/debug_clear_ws/install/clearpath_generator_gz/local/lib/python3.10/dist-packages/clearpath_generator_gz/param/__init__.py
[0.509s] -- Up-to-date: /home/dimash/debug_clear_ws/install/clearpath_generator_gz/local/lib/python3.10/dist-packages/clearpath_generator_gz/param/sensors.py
[0.510s] -- Up-to-date: /home/dimash/debug_clear_ws/install/clearpath_generator_gz/local/lib/python3.10/dist-packages/clearpath_generator_gz/param/generator.py
[0.510s] -- Up-to-date: /home/dimash/debug_clear_ws/install/clearpath_generator_gz/local/lib/python3.10/dist-packages/clearpath_generator_gz/param/generate_param
[0.510s] -- Up-to-date: /home/dimash/debug_clear_ws/install/clearpath_generator_gz/local/lib/python3.10/dist-packages/clearpath_generator_gz/launch
[0.510s] -- Up-to-date: /home/dimash/debug_clear_ws/install/clearpath_generator_gz/local/lib/python3.10/dist-packages/clearpath_generator_gz/launch/__init__.py
[0.510s] -- Up-to-date: /home/dimash/debug_clear_ws/install/clearpath_generator_gz/local/lib/python3.10/dist-packages/clearpath_generator_gz/launch/generate_launch
[0.510s] -- Up-to-date: /home/dimash/debug_clear_ws/install/clearpath_generator_gz/local/lib/python3.10/dist-packages/clearpath_generator_gz/launch/sensors.py
[0.510s] -- Up-to-date: /home/dimash/debug_clear_ws/install/clearpath_generator_gz/local/lib/python3.10/dist-packages/clearpath_generator_gz/launch/generator.py
[0.553s] Listing '/home/dimash/debug_clear_ws/install/clearpath_generator_gz/local/lib/python3.10/dist-packages/clearpath_generator_gz'...
[0.553s] Listing '/home/dimash/debug_clear_ws/install/clearpath_generator_gz/local/lib/python3.10/dist-packages/clearpath_generator_gz/launch'...
[0.554s] Listing '/home/dimash/debug_clear_ws/install/clearpath_generator_gz/local/lib/python3.10/dist-packages/clearpath_generator_gz/param'...
[0.559s] -- Up-to-date: /home/dimash/debug_clear_ws/install/clearpath_generator_gz/share/ament_index/resource_index/package_run_dependencies/clearpath_generator_gz
[0.559s] -- Up-to-date: /home/dimash/debug_clear_ws/install/clearpath_generator_gz/share/ament_index/resource_index/parent_prefix_path/clearpath_generator_gz
[0.559s] -- Up-to-date: /home/dimash/debug_clear_ws/install/clearpath_generator_gz/share/clearpath_generator_gz/environment/ament_prefix_path.sh
[0.559s] -- Up-to-date: /home/dimash/debug_clear_ws/install/clearpath_generator_gz/share/clearpath_generator_gz/environment/ament_prefix_path.dsv
[0.559s] -- Up-to-date: /home/dimash/debug_clear_ws/install/clearpath_generator_gz/share/clearpath_generator_gz/environment/path.sh
[0.560s] -- Up-to-date: /home/dimash/debug_clear_ws/install/clearpath_generator_gz/share/clearpath_generator_gz/environment/path.dsv
[0.560s] -- Up-to-date: /home/dimash/debug_clear_ws/install/clearpath_generator_gz/share/clearpath_generator_gz/local_setup.bash
[0.560s] -- Up-to-date: /home/dimash/debug_clear_ws/install/clearpath_generator_gz/share/clearpath_generator_gz/local_setup.sh
[0.560s] -- Up-to-date: /home/dimash/debug_clear_ws/install/clearpath_generator_gz/share/clearpath_generator_gz/local_setup.zsh
[0.560s] -- Up-to-date: /home/dimash/debug_clear_ws/install/clearpath_generator_gz/share/clearpath_generator_gz/local_setup.dsv
[0.560s] -- Installing: /home/dimash/debug_clear_ws/install/clearpath_generator_gz/share/clearpath_generator_gz/package.dsv
[0.560s] -- Up-to-date: /home/dimash/debug_clear_ws/install/clearpath_generator_gz/share/ament_index/resource_index/packages/clearpath_generator_gz
[0.560s] -- Up-to-date: /home/dimash/debug_clear_ws/install/clearpath_generator_gz/share/clearpath_generator_gz/cmake/clearpath_generator_gzConfig.cmake
[0.560s] -- Up-to-date: /home/dimash/debug_clear_ws/install/clearpath_generator_gz/share/clearpath_generator_gz/cmake/clearpath_generator_gzConfig-version.cmake
[0.560s] -- Up-to-date: /home/dimash/debug_clear_ws/install/clearpath_generator_gz/share/clearpath_generator_gz/package.xml
[0.563s] Invoked command in '/home/dimash/debug_clear_ws/build/clearpath_generator_gz' returned '0': AMENT_PREFIX_PATH=/home/dimash/debug_clear_ws/install/clearpath_generator_common:/home/dimash/debug_clear_ws/install/clearpath_platform:/home/dimash/debug_clear_ws/install/clearpath_manipulators:/home/dimash/debug_clear_ws/install/clearpath_description:/home/dimash/debug_clear_ws/install/clearpath_sensors_description:/home/dimash/debug_clear_ws/install/clearpath_platform_msgs:/home/dimash/debug_clear_ws/install/clearpath_platform_description:/home/dimash/debug_clear_ws/install/clearpath_mounts_description:/home/dimash/debug_clear_ws/install/clearpath_manipulators_description:/home/dimash/debug_clear_ws/install/clearpath_control:/home/dimash/debug_clear_ws/install/clearpath_config:${AMENT_PREFIX_PATH} CMAKE_PREFIX_PATH=/home/dimash/debug_clear_ws/install/clearpath_generator_common:/home/dimash/debug_clear_ws/install/clearpath_platform:/home/dimash/debug_clear_ws/install/clearpath_manipulators:/home/dimash/debug_clear_ws/install/clearpath_description:/home/dimash/debug_clear_ws/install/clearpath_sensors_description:/home/dimash/debug_clear_ws/install/clearpath_platform_msgs:/home/dimash/debug_clear_ws/install/clearpath_platform_description:/home/dimash/debug_clear_ws/install/clearpath_mounts_description:/home/dimash/debug_clear_ws/install/clearpath_manipulators_description:/home/dimash/debug_clear_ws/install/clearpath_control:/opt/ros/humble LD_LIBRARY_PATH=/home/dimash/debug_clear_ws/install/clearpath_platform/lib:/home/dimash/debug_clear_ws/install/clearpath_platform_msgs/lib:${LD_LIBRARY_PATH} PYTHONPATH=/home/dimash/debug_clear_ws/install/clearpath_generator_common/local/lib/python3.10/dist-packages:/home/dimash/debug_clear_ws/install/clearpath_platform_msgs/local/lib/python3.10/dist-packages:/home/dimash/debug_clear_ws/install/clearpath_config/lib/python3.10/site-packages:${PYTHONPATH} /usr/bin/cmake --install /home/dimash/debug_clear_ws/build/clearpath_generator_gz
