[0.032s] Invoking command in '/home/robot/debug_clear_ws/build/clearpath_mounts_description': CMAKE_PREFIX_PATH=${CMAKE_PREFIX_PATH}:/home/robot/debug_clear_ws/install/clearpath_config:/home/robot/debug_clear_ws~/install/clearpath_config:/opt/ros/humble /usr/bin/cmake /home/robot/debug_clear_ws/src/clearpath_common/clearpath_mounts_description -DCMAKE_INSTALL_PREFIX=/home/robot/debug_clear_ws/install/clearpath_mounts_description
[0.447s] -- The C compiler identification is GNU 11.4.0
[0.448s] -- The CXX compiler identification is GNU 11.4.0
[0.448s] -- Detecting C compiler ABI info
[0.448s] -- Detecting C compiler ABI info - done
[0.448s] -- Check for working C compiler: /usr/bin/cc - skipped
[0.448s] -- Detecting C compile features
[0.448s] -- Detecting C compile features - done
[0.448s] -- Detecting CXX compiler ABI info
[0.449s] -- Detecting CXX compiler ABI info - done
[0.449s] -- Check for working CXX compiler: /usr/bin/c++ - skipped
[0.449s] -- Detecting CXX compile features
[0.449s] -- Detecting CXX compile features - done
[0.449s] -- Found ament_cmake: 1.3.10 (/opt/ros/humble/share/ament_cmake/cmake)
[0.632s] -- Found Python3: /usr/bin/python3 (found version "3.10.12") found components: Interpreter 
[0.913s] -- Configuring done
[0.916s] -- Generating done
[0.919s] -- Build files have been written to: /home/robot/debug_clear_ws/build/clearpath_mounts_description
[0.926s] Invoked command in '/home/robot/debug_clear_ws/build/clearpath_mounts_description' returned '0': CMAKE_PREFIX_PATH=${CMAKE_PREFIX_PATH}:/home/robot/debug_clear_ws/install/clearpath_config:/home/robot/debug_clear_ws~/install/clearpath_config:/opt/ros/humble /usr/bin/cmake /home/robot/debug_clear_ws/src/clearpath_common/clearpath_mounts_description -DCMAKE_INSTALL_PREFIX=/home/robot/debug_clear_ws/install/clearpath_mounts_description
[0.928s] Invoking command in '/home/robot/debug_clear_ws/build/clearpath_mounts_description': CMAKE_PREFIX_PATH=${CMAKE_PREFIX_PATH}:/home/robot/debug_clear_ws/install/clearpath_config:/home/robot/debug_clear_ws~/install/clearpath_config:/opt/ros/humble /usr/bin/cmake --build /home/robot/debug_clear_ws/build/clearpath_mounts_description -- -j12 -l12
[1.000s] Invoked command in '/home/robot/debug_clear_ws/build/clearpath_mounts_description' returned '0': CMAKE_PREFIX_PATH=${CMAKE_PREFIX_PATH}:/home/robot/debug_clear_ws/install/clearpath_config:/home/robot/debug_clear_ws~/install/clearpath_config:/opt/ros/humble /usr/bin/cmake --build /home/robot/debug_clear_ws/build/clearpath_mounts_description -- -j12 -l12
[1.031s] Invoking command in '/home/robot/debug_clear_ws/build/clearpath_mounts_description': CMAKE_PREFIX_PATH=${CMAKE_PREFIX_PATH}:/home/robot/debug_clear_ws/install/clearpath_config:/home/robot/debug_clear_ws~/install/clearpath_config:/opt/ros/humble /usr/bin/cmake --install /home/robot/debug_clear_ws/build/clearpath_mounts_description
[1.048s] -- Install configuration: ""
[1.048s] -- Installing: /home/robot/debug_clear_ws/install/clearpath_mounts_description/share/clearpath_mounts_description/meshes
[1.048s] -- Installing: /home/robot/debug_clear_ws/install/clearpath_mounts_description/share/clearpath_mounts_description/meshes/fath_pivot_mount_base.dae
[1.049s] -- Installing: /home/robot/debug_clear_ws/install/clearpath_mounts_description/share/clearpath_mounts_description/meshes/sick_upright.stl
[1.049s] -- Installing: /home/robot/debug_clear_ws/install/clearpath_mounts_description/share/clearpath_mounts_description/meshes/sick_inverted.dae
[1.049s] -- Installing: /home/robot/debug_clear_ws/install/clearpath_mounts_description/share/clearpath_mounts_description/meshes/pacs
[1.049s] -- Installing: /home/robot/debug_clear_ws/install/clearpath_mounts_description/share/clearpath_mounts_description/meshes/pacs/bracket_horizontal.stl
[1.049s] -- Installing: /home/robot/debug_clear_ws/install/clearpath_mounts_description/share/clearpath_mounts_description/meshes/pacs/bracket_extension_20.stl
[1.049s] -- Installing: /home/robot/debug_clear_ws/install/clearpath_mounts_description/share/clearpath_mounts_description/meshes/pacs/riser_8x7.stl
[1.049s] -- Installing: /home/robot/debug_clear_ws/install/clearpath_mounts_description/share/clearpath_mounts_description/meshes/pacs/bracket_extension_40.stl
[1.050s] -- Installing: /home/robot/debug_clear_ws/install/clearpath_mounts_description/share/clearpath_mounts_description/meshes/pacs/bracket_horizontal_large.stl
[1.050s] -- Installing: /home/robot/debug_clear_ws/install/clearpath_mounts_description/share/clearpath_mounts_description/meshes/pacs/bracket_extension_60.stl
[1.050s] -- Installing: /home/robot/debug_clear_ws/install/clearpath_mounts_description/share/clearpath_mounts_description/meshes/pacs/bracket_vertical.stl
[1.050s] -- Installing: /home/robot/debug_clear_ws/install/clearpath_mounts_description/share/clearpath_mounts_description/meshes/pacs/bracket_extension_80.stl
[1.050s] -- Installing: /home/robot/debug_clear_ws/install/clearpath_mounts_description/share/clearpath_mounts_description/meshes/pacs/riser_1x7.stl
[1.051s] -- Installing: /home/robot/debug_clear_ws/install/clearpath_mounts_description/share/clearpath_mounts_description/meshes/fath_pivot_mount.dae
[1.058s] -- Installing: /home/robot/debug_clear_ws/install/clearpath_mounts_description/share/clearpath_mounts_description/meshes/disk.stl
[1.059s] -- Installing: /home/robot/debug_clear_ws/install/clearpath_mounts_description/share/clearpath_mounts_description/urdf
[1.059s] -- Installing: /home/robot/debug_clear_ws/install/clearpath_mounts_description/share/clearpath_mounts_description/urdf/disk.urdf.xacro
[1.059s] -- Installing: /home/robot/debug_clear_ws/install/clearpath_mounts_description/share/clearpath_mounts_description/urdf/sick.urdf.xacro
[1.059s] -- Installing: /home/robot/debug_clear_ws/install/clearpath_mounts_description/share/clearpath_mounts_description/urdf/post.urdf.xacro
[1.059s] -- Installing: /home/robot/debug_clear_ws/install/clearpath_mounts_description/share/clearpath_mounts_description/urdf/pacs
[1.059s] -- Installing: /home/robot/debug_clear_ws/install/clearpath_mounts_description/share/clearpath_mounts_description/urdf/pacs/bracket.urdf.xacro
[1.059s] -- Installing: /home/robot/debug_clear_ws/install/clearpath_mounts_description/share/clearpath_mounts_description/urdf/pacs/riser_leg.urdf.xacro
[1.059s] -- Installing: /home/robot/debug_clear_ws/install/clearpath_mounts_description/share/clearpath_mounts_description/urdf/pacs/riser.urdf.xacro
[1.060s] -- Installing: /home/robot/debug_clear_ws/install/clearpath_mounts_description/share/clearpath_mounts_description/urdf/fath_pivot.urdf.xacro
[1.060s] -- Installing: /home/robot/debug_clear_ws/install/clearpath_mounts_description/share/ament_index/resource_index/package_run_dependencies/clearpath_mounts_description
[1.060s] -- Installing: /home/robot/debug_clear_ws/install/clearpath_mounts_description/share/ament_index/resource_index/parent_prefix_path/clearpath_mounts_description
[1.060s] -- Installing: /home/robot/debug_clear_ws/install/clearpath_mounts_description/share/clearpath_mounts_description/environment/ament_prefix_path.sh
[1.060s] -- Installing: /home/robot/debug_clear_ws/install/clearpath_mounts_description/share/clearpath_mounts_description/environment/ament_prefix_path.dsv
[1.061s] -- Installing: /home/robot/debug_clear_ws/install/clearpath_mounts_description/share/clearpath_mounts_description/environment/path.sh
[1.061s] -- Installing: /home/robot/debug_clear_ws/install/clearpath_mounts_description/share/clearpath_mounts_description/environment/path.dsv
[1.061s] -- Installing: /home/robot/debug_clear_ws/install/clearpath_mounts_description/share/clearpath_mounts_description/local_setup.bash
[1.061s] -- Installing: /home/robot/debug_clear_ws/install/clearpath_mounts_description/share/clearpath_mounts_description/local_setup.sh
[1.061s] -- Installing: /home/robot/debug_clear_ws/install/clearpath_mounts_description/share/clearpath_mounts_description/local_setup.zsh
[1.061s] -- Installing: /home/robot/debug_clear_ws/install/clearpath_mounts_description/share/clearpath_mounts_description/local_setup.dsv
[1.061s] -- Installing: /home/robot/debug_clear_ws/install/clearpath_mounts_description/share/clearpath_mounts_description/package.dsv
[1.061s] -- Installing: /home/robot/debug_clear_ws/install/clearpath_mounts_description/share/ament_index/resource_index/packages/clearpath_mounts_description
[1.062s] -- Installing: /home/robot/debug_clear_ws/install/clearpath_mounts_description/share/clearpath_mounts_description/cmake/clearpath_mounts_descriptionConfig.cmake
[1.062s] -- Installing: /home/robot/debug_clear_ws/install/clearpath_mounts_description/share/clearpath_mounts_description/cmake/clearpath_mounts_descriptionConfig-version.cmake
[1.062s] -- Installing: /home/robot/debug_clear_ws/install/clearpath_mounts_description/share/clearpath_mounts_description/package.xml
[1.072s] Invoked command in '/home/robot/debug_clear_ws/build/clearpath_mounts_description' returned '0': CMAKE_PREFIX_PATH=${CMAKE_PREFIX_PATH}:/home/robot/debug_clear_ws/install/clearpath_config:/home/robot/debug_clear_ws~/install/clearpath_config:/opt/ros/humble /usr/bin/cmake --install /home/robot/debug_clear_ws/build/clearpath_mounts_description
