[0.008s] Invoking command in '/home/dimash/debug_clear_ws/build/yolo_bringup': AMENT_PREFIX_PATH=/home/dimash/debug_clear_ws/install/yolo_ros:/home/dimash/debug_clear_ws/install/yolo_msgs:${AMENT_PREFIX_PATH} CMAKE_PREFIX_PATH=/home/dimash/debug_clear_ws/install/yolo_msgs:/opt/ros/humble LD_LIBRARY_PATH=/home/dimash/debug_clear_ws/install/yolo_msgs/lib:${LD_LIBRARY_PATH} PYTHONPATH=/home/dimash/debug_clear_ws/install/yolo_ros/lib/python3.10/site-packages:/home/dimash/debug_clear_ws/install/yolo_msgs/local/lib/python3.10/dist-packages:${PYTHONPATH} /usr/bin/cmake --build /home/dimash/debug_clear_ws/build/yolo_bringup -- -j8 -l8
[0.037s] Invoked command in '/home/dimash/debug_clear_ws/build/yolo_bringup' returned '0': AMENT_PREFIX_PATH=/home/dimash/debug_clear_ws/install/yolo_ros:/home/dimash/debug_clear_ws/install/yolo_msgs:${AMENT_PREFIX_PATH} CMAKE_PREFIX_PATH=/home/dimash/debug_clear_ws/install/yolo_msgs:/opt/ros/humble LD_LIBRARY_PATH=/home/dimash/debug_clear_ws/install/yolo_msgs/lib:${LD_LIBRARY_PATH} PYTHONPATH=/home/dimash/debug_clear_ws/install/yolo_ros/lib/python3.10/site-packages:/home/dimash/debug_clear_ws/install/yolo_msgs/local/lib/python3.10/dist-packages:${PYTHONPATH} /usr/bin/cmake --build /home/dimash/debug_clear_ws/build/yolo_bringup -- -j8 -l8
[0.039s] Invoking command in '/home/dimash/debug_clear_ws/build/yolo_bringup': AMENT_PREFIX_PATH=/home/dimash/debug_clear_ws/install/yolo_ros:/home/dimash/debug_clear_ws/install/yolo_msgs:${AMENT_PREFIX_PATH} CMAKE_PREFIX_PATH=/home/dimash/debug_clear_ws/install/yolo_msgs:/opt/ros/humble LD_LIBRARY_PATH=/home/dimash/debug_clear_ws/install/yolo_msgs/lib:${LD_LIBRARY_PATH} PYTHONPATH=/home/dimash/debug_clear_ws/install/yolo_ros/lib/python3.10/site-packages:/home/dimash/debug_clear_ws/install/yolo_msgs/local/lib/python3.10/dist-packages:${PYTHONPATH} /usr/bin/cmake --install /home/dimash/debug_clear_ws/build/yolo_bringup
[0.044s] -- Install configuration: ""
[0.045s] -- Up-to-date: /home/dimash/debug_clear_ws/install/yolo_bringup/share/yolo_bringup//launch
[0.045s] -- Up-to-date: /home/dimash/debug_clear_ws/install/yolo_bringup/share/yolo_bringup//launch/yolov10.launch.py
[0.045s] -- Up-to-date: /home/dimash/debug_clear_ws/install/yolo_bringup/share/yolo_bringup//launch/yolo-world.launch.py
[0.045s] -- Up-to-date: /home/dimash/debug_clear_ws/install/yolo_bringup/share/yolo_bringup//launch/yolov11.launch.py
[0.045s] -- Up-to-date: /home/dimash/debug_clear_ws/install/yolo_bringup/share/yolo_bringup//launch/yolov8.launch.py
[0.045s] -- Up-to-date: /home/dimash/debug_clear_ws/install/yolo_bringup/share/yolo_bringup//launch/yolo.launch.py
[0.045s] -- Up-to-date: /home/dimash/debug_clear_ws/install/yolo_bringup/share/yolo_bringup//launch/yolo-nas.launch.py
[0.045s] -- Up-to-date: /home/dimash/debug_clear_ws/install/yolo_bringup/share/yolo_bringup//launch/yolov9.launch.py
[0.045s] -- Up-to-date: /home/dimash/debug_clear_ws/install/yolo_bringup/share/yolo_bringup//launch/yolov5.launch.py
[0.045s] -- Up-to-date: /home/dimash/debug_clear_ws/install/yolo_bringup/share/ament_index/resource_index/package_run_dependencies/yolo_bringup
[0.046s] -- Up-to-date: /home/dimash/debug_clear_ws/install/yolo_bringup/share/ament_index/resource_index/parent_prefix_path/yolo_bringup
[0.046s] -- Up-to-date: /home/dimash/debug_clear_ws/install/yolo_bringup/share/yolo_bringup/environment/ament_prefix_path.sh
[0.046s] -- Up-to-date: /home/dimash/debug_clear_ws/install/yolo_bringup/share/yolo_bringup/environment/ament_prefix_path.dsv
[0.046s] -- Up-to-date: /home/dimash/debug_clear_ws/install/yolo_bringup/share/yolo_bringup/environment/path.sh
[0.046s] -- Up-to-date: /home/dimash/debug_clear_ws/install/yolo_bringup/share/yolo_bringup/environment/path.dsv
[0.046s] -- Up-to-date: /home/dimash/debug_clear_ws/install/yolo_bringup/share/yolo_bringup/local_setup.bash
[0.046s] -- Up-to-date: /home/dimash/debug_clear_ws/install/yolo_bringup/share/yolo_bringup/local_setup.sh
[0.046s] -- Up-to-date: /home/dimash/debug_clear_ws/install/yolo_bringup/share/yolo_bringup/local_setup.zsh
[0.047s] -- Up-to-date: /home/dimash/debug_clear_ws/install/yolo_bringup/share/yolo_bringup/local_setup.dsv
[0.047s] -- Installing: /home/dimash/debug_clear_ws/install/yolo_bringup/share/yolo_bringup/package.dsv
[0.047s] -- Up-to-date: /home/dimash/debug_clear_ws/install/yolo_bringup/share/ament_index/resource_index/packages/yolo_bringup
[0.047s] -- Up-to-date: /home/dimash/debug_clear_ws/install/yolo_bringup/share/yolo_bringup/cmake/yolo_bringupConfig.cmake
[0.047s] -- Up-to-date: /home/dimash/debug_clear_ws/install/yolo_bringup/share/yolo_bringup/cmake/yolo_bringupConfig-version.cmake
[0.047s] -- Up-to-date: /home/dimash/debug_clear_ws/install/yolo_bringup/share/yolo_bringup/package.xml
[0.049s] Invoked command in '/home/dimash/debug_clear_ws/build/yolo_bringup' returned '0': AMENT_PREFIX_PATH=/home/dimash/debug_clear_ws/install/yolo_ros:/home/dimash/debug_clear_ws/install/yolo_msgs:${AMENT_PREFIX_PATH} CMAKE_PREFIX_PATH=/home/dimash/debug_clear_ws/install/yolo_msgs:/opt/ros/humble LD_LIBRARY_PATH=/home/dimash/debug_clear_ws/install/yolo_msgs/lib:${LD_LIBRARY_PATH} PYTHONPATH=/home/dimash/debug_clear_ws/install/yolo_ros/lib/python3.10/site-packages:/home/dimash/debug_clear_ws/install/yolo_msgs/local/lib/python3.10/dist-packages:${PYTHONPATH} /usr/bin/cmake --install /home/dimash/debug_clear_ws/build/yolo_bringup
