running egg_info
writing ../../build/clearpath_config/clearpath_config.egg-info/PKG-INFO
writing dependency_links to ../../build/clearpath_config/clearpath_config.egg-info/dependency_links.txt
writing requirements to ../../build/clearpath_config/clearpath_config.egg-info/requires.txt
writing top-level names to ../../build/clearpath_config/clearpath_config.egg-info/top_level.txt
reading manifest file '../../build/clearpath_config/clearpath_config.egg-info/SOURCES.txt'
adding license file 'LICENSE'
writing manifest file '../../build/clearpath_config/clearpath_config.egg-info/SOURCES.txt'
running build
running build_py
copying clearpath_config/manipulators/types/__init__.py -> /home/robot/debug_clear_ws/build/clearpath_config/build/lib/clearpath_config/manipulators/types
running install
running install_lib
copying /home/robot/debug_clear_ws/build/clearpath_config/build/lib/clearpath_config/manipulators/types/__init__.py -> /home/robot/debug_clear_ws/install/clearpath_config/lib/python3.10/site-packages/clearpath_config/manipulators/types
byte-compiling /home/robot/debug_clear_ws/install/clearpath_config/lib/python3.10/site-packages/clearpath_config/manipulators/types/__init__.py to __init__.cpython-310.pyc
running install_data
running install_egg_info
removing '/home/robot/debug_clear_ws/install/clearpath_config/lib/python3.10/site-packages/clearpath_config-0.3.3-py3.10.egg-info' (and everything under it)
Copying ../../build/clearpath_config/clearpath_config.egg-info to /home/robot/debug_clear_ws/install/clearpath_config/lib/python3.10/site-packages/clearpath_config-0.3.3-py3.10.egg-info
running install_scripts
writing list of installed files to '/home/robot/debug_clear_ws/build/clearpath_config/install.log'
