[0.359s] Invoking command in '/home/robot/debug_clear_ws/build/mpc_low': CMAKE_PREFIX_PATH=${CMAKE_PREFIX_PATH}:/home/robot/debug_clear_ws/install/yolo_ros:/home/robot/debug_clear_ws/install/clearpath_config:/opt/ros/humble /usr/bin/cmake --build /home/robot/debug_clear_ws/build/mpc_low -- -j12 -l12
[0.543s] [100%] Built target low_solver
[0.666s] Invoked command in '/home/robot/debug_clear_ws/build/mpc_low' returned '0': CMAKE_PREFIX_PATH=${CMAKE_PREFIX_PATH}:/home/robot/debug_clear_ws/install/yolo_ros:/home/robot/debug_clear_ws/install/clearpath_config:/opt/ros/humble /usr/bin/cmake --build /home/robot/debug_clear_ws/build/mpc_low -- -j12 -l12
[0.667s] Invoking command in '/home/robot/debug_clear_ws/build/mpc_low': CMAKE_PREFIX_PATH=${CMAKE_PREFIX_PATH}:/home/robot/debug_clear_ws/install/yolo_ros:/home/robot/debug_clear_ws/install/clearpath_config:/opt/ros/humble /usr/bin/cmake --install /home/robot/debug_clear_ws/build/mpc_low
[0.680s] -- Install configuration: ""
[0.681s] -- Up-to-date: /home/robot/debug_clear_ws/install/mpc_low/lib/mpc_low/low_solver
[0.681s] -- Up-to-date: /home/robot/debug_clear_ws/install/mpc_low/share/ament_index/resource_index/package_run_dependencies/mpc_low
[0.682s] -- Up-to-date: /home/robot/debug_clear_ws/install/mpc_low/share/ament_index/resource_index/parent_prefix_path/mpc_low
[0.684s] -- Up-to-date: /home/robot/debug_clear_ws/install/mpc_low/share/mpc_low/environment/ament_prefix_path.sh
[0.684s] -- Up-to-date: /home/robot/debug_clear_ws/install/mpc_low/share/mpc_low/environment/ament_prefix_path.dsv
[0.685s] -- Up-to-date: /home/robot/debug_clear_ws/install/mpc_low/share/mpc_low/environment/path.sh
[0.686s] -- Up-to-date: /home/robot/debug_clear_ws/install/mpc_low/share/mpc_low/environment/path.dsv
[0.687s] -- Up-to-date: /home/robot/debug_clear_ws/install/mpc_low/share/mpc_low/local_setup.bash
[0.687s] -- Up-to-date: /home/robot/debug_clear_ws/install/mpc_low/share/mpc_low/local_setup.sh
[0.688s] -- Up-to-date: /home/robot/debug_clear_ws/install/mpc_low/share/mpc_low/local_setup.zsh
[0.688s] -- Up-to-date: /home/robot/debug_clear_ws/install/mpc_low/share/mpc_low/local_setup.dsv
[0.692s] -- Installing: /home/robot/debug_clear_ws/install/mpc_low/share/mpc_low/package.dsv
[0.693s] -- Up-to-date: /home/robot/debug_clear_ws/install/mpc_low/share/ament_index/resource_index/packages/mpc_low
[0.693s] -- Up-to-date: /home/robot/debug_clear_ws/install/mpc_low/share/mpc_low/cmake/mpc_lowConfig.cmake
[0.693s] -- Up-to-date: /home/robot/debug_clear_ws/install/mpc_low/share/mpc_low/cmake/mpc_lowConfig-version.cmake
[0.694s] -- Up-to-date: /home/robot/debug_clear_ws/install/mpc_low/share/mpc_low/package.xml
[0.694s] Invoked command in '/home/robot/debug_clear_ws/build/mpc_low' returned '0': CMAKE_PREFIX_PATH=${CMAKE_PREFIX_PATH}:/home/robot/debug_clear_ws/install/yolo_ros:/home/robot/debug_clear_ws/install/clearpath_config:/opt/ros/humble /usr/bin/cmake --install /home/robot/debug_clear_ws/build/mpc_low
