[0.112s] Invoking command in '/home/dimash/debug_clear_ws/build/clearpath_platform': CMAKE_PREFIX_PATH=/home/dimash/debug_clear_ws/install/clearpath_platform_msgs:/home/dimash/debug_clear_ws/install/clearpath_platform_description:/home/dimash/debug_clear_ws/install/clearpath_control:/home/dimash/debug_clear_ws/install/yolo_bringup:/home/dimash/debug_clear_ws/install/mpc_low:/home/dimash/debug_clear_ws/install/yolo_msgs:/home/dimash/debug_clear_ws/install/point_cloud_debug:/home/dimash/debug_clear_ws/install/move_model_plugin:/home/dimash/debug_clear_ws/install/clearpath_simulator:/home/dimash/debug_clear_ws/install/clearpath_gz:/home/dimash/debug_clear_ws/install/clearpath_generator_gz:/home/dimash/debug_clear_ws/install/clearpath_common:/home/dimash/debug_clear_ws/install/clearpath_generator_common:/home/dimash/debug_clear_ws/install/clearpath_description:/home/dimash/debug_clear_ws/install/clearpath_sensors_description:/home/dimash/debug_clear_ws/install/clearpath_platform:/home/dimash/debug_clear_ws/install/clearpath_msgs:/home/dimash/debug_clear_ws/install/clearpath_nav2_demos:/home/dimash/debug_clear_ws/install/clearpath_mounts_description:/home/dimash/debug_clear_ws/install/clearpath_manipulators:/home/dimash/debug_clear_ws/install/clearpath_manipulators_description:/home/dimash/debug_clear_ws/install/clearpath_customization:/home/dimash/debug_clear_ws/install/yolo_ros:/home/dimash/debug_clear_ws/install/person_movement:/home/dimash/debug_clear_ws/install/clearpath_config:/opt/ros/humble LD_LIBRARY_PATH=/home/dimash/debug_clear_ws/install/clearpath_platform_msgs/lib:/home/dimash/debug_clear_ws/install/mpc_low/lib:/home/dimash/debug_clear_ws/install/yolo_msgs/lib:/home/dimash/debug_clear_ws/install/move_model_plugin/lib:/home/dimash/debug_clear_ws/install/clearpath_platform/lib:/home/dimash/acados/lib:/opt/ros/humble/opt/rviz_ogre_vendor/lib:/opt/ros/humble/lib/x86_64-linux-gnu:/opt/ros/humble/lib:/home/dimash/acados/lib:/home/dimash/acados/lib /usr/bin/cmake --build /home/dimash/debug_clear_ws/build/clearpath_platform -- -j8 -l8
[0.193s] [35m[1mConsolidate compiler generated dependencies of target clearpath_platform_lighting[0m
[0.193s] [35m[1mConsolidate compiler generated dependencies of target j100_hardware[0m
[0.196s] [35m[1mConsolidate compiler generated dependencies of target w200_hardware[0m
[0.205s] [35m[1mConsolidate compiler generated dependencies of target puma_hardware[0m
[0.215s] [35m[1mConsolidate compiler generated dependencies of target a200_hardware[0m
[0.226s] [ 13%] Built target clearpath_platform_lighting
[0.230s] [ 23%] Built target w200_hardware
[0.235s] [ 40%] Built target j100_hardware
[0.245s] [ 50%] Built target puma_hardware
[0.247s] [35m[1mConsolidate compiler generated dependencies of target lighting_node[0m
[0.254s] [ 93%] Built target a200_hardware
[0.269s] [100%] Built target lighting_node
[0.682s] Invoked command in '/home/dimash/debug_clear_ws/build/clearpath_platform' returned '0': CMAKE_PREFIX_PATH=/home/dimash/debug_clear_ws/install/clearpath_platform_msgs:/home/dimash/debug_clear_ws/install/clearpath_platform_description:/home/dimash/debug_clear_ws/install/clearpath_control:/home/dimash/debug_clear_ws/install/yolo_bringup:/home/dimash/debug_clear_ws/install/mpc_low:/home/dimash/debug_clear_ws/install/yolo_msgs:/home/dimash/debug_clear_ws/install/point_cloud_debug:/home/dimash/debug_clear_ws/install/move_model_plugin:/home/dimash/debug_clear_ws/install/clearpath_simulator:/home/dimash/debug_clear_ws/install/clearpath_gz:/home/dimash/debug_clear_ws/install/clearpath_generator_gz:/home/dimash/debug_clear_ws/install/clearpath_common:/home/dimash/debug_clear_ws/install/clearpath_generator_common:/home/dimash/debug_clear_ws/install/clearpath_description:/home/dimash/debug_clear_ws/install/clearpath_sensors_description:/home/dimash/debug_clear_ws/install/clearpath_platform:/home/dimash/debug_clear_ws/install/clearpath_msgs:/home/dimash/debug_clear_ws/install/clearpath_nav2_demos:/home/dimash/debug_clear_ws/install/clearpath_mounts_description:/home/dimash/debug_clear_ws/install/clearpath_manipulators:/home/dimash/debug_clear_ws/install/clearpath_manipulators_description:/home/dimash/debug_clear_ws/install/clearpath_customization:/home/dimash/debug_clear_ws/install/yolo_ros:/home/dimash/debug_clear_ws/install/person_movement:/home/dimash/debug_clear_ws/install/clearpath_config:/opt/ros/humble LD_LIBRARY_PATH=/home/dimash/debug_clear_ws/install/clearpath_platform_msgs/lib:/home/dimash/debug_clear_ws/install/mpc_low/lib:/home/dimash/debug_clear_ws/install/yolo_msgs/lib:/home/dimash/debug_clear_ws/install/move_model_plugin/lib:/home/dimash/debug_clear_ws/install/clearpath_platform/lib:/home/dimash/acados/lib:/opt/ros/humble/opt/rviz_ogre_vendor/lib:/opt/ros/humble/lib/x86_64-linux-gnu:/opt/ros/humble/lib:/home/dimash/acados/lib:/home/dimash/acados/lib /usr/bin/cmake --build /home/dimash/debug_clear_ws/build/clearpath_platform -- -j8 -l8
[0.683s] Invoking command in '/home/dimash/debug_clear_ws/build/clearpath_platform': CMAKE_PREFIX_PATH=/home/dimash/debug_clear_ws/install/clearpath_platform_msgs:/home/dimash/debug_clear_ws/install/clearpath_platform_description:/home/dimash/debug_clear_ws/install/clearpath_control:/home/dimash/debug_clear_ws/install/yolo_bringup:/home/dimash/debug_clear_ws/install/mpc_low:/home/dimash/debug_clear_ws/install/yolo_msgs:/home/dimash/debug_clear_ws/install/point_cloud_debug:/home/dimash/debug_clear_ws/install/move_model_plugin:/home/dimash/debug_clear_ws/install/clearpath_simulator:/home/dimash/debug_clear_ws/install/clearpath_gz:/home/dimash/debug_clear_ws/install/clearpath_generator_gz:/home/dimash/debug_clear_ws/install/clearpath_common:/home/dimash/debug_clear_ws/install/clearpath_generator_common:/home/dimash/debug_clear_ws/install/clearpath_description:/home/dimash/debug_clear_ws/install/clearpath_sensors_description:/home/dimash/debug_clear_ws/install/clearpath_platform:/home/dimash/debug_clear_ws/install/clearpath_msgs:/home/dimash/debug_clear_ws/install/clearpath_nav2_demos:/home/dimash/debug_clear_ws/install/clearpath_mounts_description:/home/dimash/debug_clear_ws/install/clearpath_manipulators:/home/dimash/debug_clear_ws/install/clearpath_manipulators_description:/home/dimash/debug_clear_ws/install/clearpath_customization:/home/dimash/debug_clear_ws/install/yolo_ros:/home/dimash/debug_clear_ws/install/person_movement:/home/dimash/debug_clear_ws/install/clearpath_config:/opt/ros/humble LD_LIBRARY_PATH=/home/dimash/debug_clear_ws/install/clearpath_platform_msgs/lib:/home/dimash/debug_clear_ws/install/mpc_low/lib:/home/dimash/debug_clear_ws/install/yolo_msgs/lib:/home/dimash/debug_clear_ws/install/move_model_plugin/lib:/home/dimash/debug_clear_ws/install/clearpath_platform/lib:/home/dimash/acados/lib:/opt/ros/humble/opt/rviz_ogre_vendor/lib:/opt/ros/humble/lib/x86_64-linux-gnu:/opt/ros/humble/lib:/home/dimash/acados/lib:/home/dimash/acados/lib /usr/bin/cmake --install /home/dimash/debug_clear_ws/build/clearpath_platform
[0.701s] -- Install configuration: ""
[0.701s] -- Up-to-date: /home/dimash/debug_clear_ws/install/clearpath_platform/share/clearpath_platform/src/a200/hardware.xml
[0.701s] -- Up-to-date: /home/dimash/debug_clear_ws/install/clearpath_platform/share/clearpath_platform/src/j100/hardware.xml
[0.701s] -- Up-to-date: /home/dimash/debug_clear_ws/install/clearpath_platform/share/clearpath_platform/src/w200/hardware.xml
[0.701s] -- Up-to-date: /home/dimash/debug_clear_ws/install/clearpath_platform/share/clearpath_platform/src/puma/hardware.xml
[0.701s] -- Up-to-date: /home/dimash/debug_clear_ws/install/clearpath_platform/lib/liba200_hardware.so
[0.702s] -- Up-to-date: /home/dimash/debug_clear_ws/install/clearpath_platform/lib/libj100_hardware.so
[0.703s] -- Up-to-date: /home/dimash/debug_clear_ws/install/clearpath_platform/lib/libw200_hardware.so
[0.705s] -- Up-to-date: /home/dimash/debug_clear_ws/install/clearpath_platform/lib/libpuma_hardware.so
[0.705s] -- Up-to-date: /home/dimash/debug_clear_ws/install/clearpath_platform/lib/clearpath_platform/lighting_node
[0.705s] -- Up-to-date: /home/dimash/debug_clear_ws/install/clearpath_platform/lib/libclearpath_platform_lighting.so
[0.705s] -- Up-to-date: /home/dimash/debug_clear_ws/install/clearpath_platform/include
[0.705s] -- Up-to-date: /home/dimash/debug_clear_ws/install/clearpath_platform/include/clearpath_platform
[0.705s] -- Up-to-date: /home/dimash/debug_clear_ws/install/clearpath_platform/include/clearpath_platform/diff_drive
[0.705s] -- Up-to-date: /home/dimash/debug_clear_ws/install/clearpath_platform/include/clearpath_platform/diff_drive/hardware_interface.hpp
[0.706s] -- Up-to-date: /home/dimash/debug_clear_ws/install/clearpath_platform/include/clearpath_platform/diff_drive/hardware.hpp
[0.706s] -- Up-to-date: /home/dimash/debug_clear_ws/install/clearpath_platform/include/clearpath_platform/j100
[0.706s] -- Up-to-date: /home/dimash/debug_clear_ws/install/clearpath_platform/include/clearpath_platform/j100/hardware_interface.hpp
[0.706s] -- Up-to-date: /home/dimash/debug_clear_ws/install/clearpath_platform/include/clearpath_platform/j100/hardware.hpp
[0.706s] -- Up-to-date: /home/dimash/debug_clear_ws/install/clearpath_platform/include/clearpath_platform/a200
[0.706s] -- Up-to-date: /home/dimash/debug_clear_ws/install/clearpath_platform/include/clearpath_platform/a200/horizon_legacy
[0.706s] -- Up-to-date: /home/dimash/debug_clear_ws/install/clearpath_platform/include/clearpath_platform/a200/horizon_legacy/Transport.h
[0.706s] -- Up-to-date: /home/dimash/debug_clear_ws/install/clearpath_platform/include/clearpath_platform/a200/horizon_legacy/clearpath.h
[0.706s] -- Up-to-date: /home/dimash/debug_clear_ws/install/clearpath_platform/include/clearpath_platform/a200/horizon_legacy/horizon_legacy_wrapper.h
[0.706s] -- Up-to-date: /home/dimash/debug_clear_ws/install/clearpath_platform/include/clearpath_platform/a200/horizon_legacy/Message_request.h
[0.706s] -- Up-to-date: /home/dimash/debug_clear_ws/install/clearpath_platform/include/clearpath_platform/a200/horizon_legacy/Message_cmd.h
[0.706s] -- Up-to-date: /home/dimash/debug_clear_ws/install/clearpath_platform/include/clearpath_platform/a200/horizon_legacy/Logger.h
[0.707s] -- Up-to-date: /home/dimash/debug_clear_ws/install/clearpath_platform/include/clearpath_platform/a200/horizon_legacy/crc.h
[0.707s] -- Up-to-date: /home/dimash/debug_clear_ws/install/clearpath_platform/include/clearpath_platform/a200/horizon_legacy/serial.h
[0.707s] -- Up-to-date: /home/dimash/debug_clear_ws/install/clearpath_platform/include/clearpath_platform/a200/horizon_legacy/Exception.h
[0.707s] -- Up-to-date: /home/dimash/debug_clear_ws/install/clearpath_platform/include/clearpath_platform/a200/horizon_legacy/Number.h
[0.707s] -- Up-to-date: /home/dimash/debug_clear_ws/install/clearpath_platform/include/clearpath_platform/a200/horizon_legacy/Message_data.h
[0.707s] -- Up-to-date: /home/dimash/debug_clear_ws/install/clearpath_platform/include/clearpath_platform/a200/horizon_legacy/Message.h
[0.707s] -- Up-to-date: /home/dimash/debug_clear_ws/install/clearpath_platform/include/clearpath_platform/a200/hardware.hpp
[0.707s] -- Up-to-date: /home/dimash/debug_clear_ws/install/clearpath_platform/include/clearpath_platform/a200/status.hpp
[0.708s] -- Up-to-date: /home/dimash/debug_clear_ws/install/clearpath_platform/include/clearpath_platform/puma
[0.708s] -- Up-to-date: /home/dimash/debug_clear_ws/install/clearpath_platform/include/clearpath_platform/puma/hardware_interface.hpp
[0.708s] -- Up-to-date: /home/dimash/debug_clear_ws/install/clearpath_platform/include/clearpath_platform/puma/hardware.hpp
[0.708s] -- Up-to-date: /home/dimash/debug_clear_ws/install/clearpath_platform/include/clearpath_platform/w200
[0.708s] -- Up-to-date: /home/dimash/debug_clear_ws/install/clearpath_platform/include/clearpath_platform/w200/hardware_interface.hpp
[0.708s] -- Up-to-date: /home/dimash/debug_clear_ws/install/clearpath_platform/include/clearpath_platform/w200/hardware.hpp
[0.708s] -- Up-to-date: /home/dimash/debug_clear_ws/install/clearpath_platform/include/clearpath_platform/lighting
[0.708s] -- Up-to-date: /home/dimash/debug_clear_ws/install/clearpath_platform/include/clearpath_platform/lighting/color.hpp
[0.709s] -- Up-to-date: /home/dimash/debug_clear_ws/install/clearpath_platform/include/clearpath_platform/lighting/platform.hpp
[0.709s] -- Up-to-date: /home/dimash/debug_clear_ws/install/clearpath_platform/include/clearpath_platform/lighting/lighting.hpp
[0.709s] -- Up-to-date: /home/dimash/debug_clear_ws/install/clearpath_platform/include/clearpath_platform/lighting/sequence.hpp
[0.709s] -- Up-to-date: /home/dimash/debug_clear_ws/install/clearpath_platform/share/clearpath_platform/config
[0.709s] -- Up-to-date: /home/dimash/debug_clear_ws/install/clearpath_platform/share/clearpath_platform/config/imu_filter.yaml
[0.709s] -- Up-to-date: /home/dimash/debug_clear_ws/install/clearpath_platform/share/clearpath_platform/launch
[0.709s] -- Up-to-date: /home/dimash/debug_clear_ws/install/clearpath_platform/share/clearpath_platform/launch/platform.launch.py
[0.709s] -- Up-to-date: /home/dimash/debug_clear_ws/install/clearpath_platform/share/clearpath_platform/environment/library_path.sh
[0.709s] -- Up-to-date: /home/dimash/debug_clear_ws/install/clearpath_platform/share/clearpath_platform/environment/library_path.dsv
[0.710s] -- Up-to-date: /home/dimash/debug_clear_ws/install/clearpath_platform/share/ament_index/resource_index/package_run_dependencies/clearpath_platform
[0.710s] -- Up-to-date: /home/dimash/debug_clear_ws/install/clearpath_platform/share/ament_index/resource_index/parent_prefix_path/clearpath_platform
[0.710s] -- Up-to-date: /home/dimash/debug_clear_ws/install/clearpath_platform/share/clearpath_platform/environment/ament_prefix_path.sh
[0.710s] -- Up-to-date: /home/dimash/debug_clear_ws/install/clearpath_platform/share/clearpath_platform/environment/ament_prefix_path.dsv
[0.710s] -- Up-to-date: /home/dimash/debug_clear_ws/install/clearpath_platform/share/clearpath_platform/environment/path.sh
[0.710s] -- Up-to-date: /home/dimash/debug_clear_ws/install/clearpath_platform/share/clearpath_platform/environment/path.dsv
[0.710s] -- Up-to-date: /home/dimash/debug_clear_ws/install/clearpath_platform/share/clearpath_platform/local_setup.bash
[0.710s] -- Up-to-date: /home/dimash/debug_clear_ws/install/clearpath_platform/share/clearpath_platform/local_setup.sh
[0.710s] -- Up-to-date: /home/dimash/debug_clear_ws/install/clearpath_platform/share/clearpath_platform/local_setup.zsh
[0.710s] -- Up-to-date: /home/dimash/debug_clear_ws/install/clearpath_platform/share/clearpath_platform/local_setup.dsv
[0.710s] -- Installing: /home/dimash/debug_clear_ws/install/clearpath_platform/share/clearpath_platform/package.dsv
[0.711s] -- Up-to-date: /home/dimash/debug_clear_ws/install/clearpath_platform/share/ament_index/resource_index/packages/clearpath_platform
[0.711s] -- Up-to-date: /home/dimash/debug_clear_ws/install/clearpath_platform/share/ament_index/resource_index/hardware_interface__pluginlib__plugin/clearpath_platform
[0.711s] -- Up-to-date: /home/dimash/debug_clear_ws/install/clearpath_platform/share/clearpath_platform/cmake/ament_cmake_export_include_directories-extras.cmake
[0.711s] -- Up-to-date: /home/dimash/debug_clear_ws/install/clearpath_platform/share/clearpath_platform/cmake/ament_cmake_export_libraries-extras.cmake
[0.711s] -- Up-to-date: /home/dimash/debug_clear_ws/install/clearpath_platform/share/clearpath_platform/cmake/ament_cmake_export_dependencies-extras.cmake
[0.711s] -- Up-to-date: /home/dimash/debug_clear_ws/install/clearpath_platform/share/clearpath_platform/cmake/clearpath_platformConfig.cmake
[0.711s] -- Up-to-date: /home/dimash/debug_clear_ws/install/clearpath_platform/share/clearpath_platform/cmake/clearpath_platformConfig-version.cmake
[0.711s] -- Up-to-date: /home/dimash/debug_clear_ws/install/clearpath_platform/share/clearpath_platform/package.xml
[0.717s] Invoked command in '/home/dimash/debug_clear_ws/build/clearpath_platform' returned '0': CMAKE_PREFIX_PATH=/home/dimash/debug_clear_ws/install/clearpath_platform_msgs:/home/dimash/debug_clear_ws/install/clearpath_platform_description:/home/dimash/debug_clear_ws/install/clearpath_control:/home/dimash/debug_clear_ws/install/yolo_bringup:/home/dimash/debug_clear_ws/install/mpc_low:/home/dimash/debug_clear_ws/install/yolo_msgs:/home/dimash/debug_clear_ws/install/point_cloud_debug:/home/dimash/debug_clear_ws/install/move_model_plugin:/home/dimash/debug_clear_ws/install/clearpath_simulator:/home/dimash/debug_clear_ws/install/clearpath_gz:/home/dimash/debug_clear_ws/install/clearpath_generator_gz:/home/dimash/debug_clear_ws/install/clearpath_common:/home/dimash/debug_clear_ws/install/clearpath_generator_common:/home/dimash/debug_clear_ws/install/clearpath_description:/home/dimash/debug_clear_ws/install/clearpath_sensors_description:/home/dimash/debug_clear_ws/install/clearpath_platform:/home/dimash/debug_clear_ws/install/clearpath_msgs:/home/dimash/debug_clear_ws/install/clearpath_nav2_demos:/home/dimash/debug_clear_ws/install/clearpath_mounts_description:/home/dimash/debug_clear_ws/install/clearpath_manipulators:/home/dimash/debug_clear_ws/install/clearpath_manipulators_description:/home/dimash/debug_clear_ws/install/clearpath_customization:/home/dimash/debug_clear_ws/install/yolo_ros:/home/dimash/debug_clear_ws/install/person_movement:/home/dimash/debug_clear_ws/install/clearpath_config:/opt/ros/humble LD_LIBRARY_PATH=/home/dimash/debug_clear_ws/install/clearpath_platform_msgs/lib:/home/dimash/debug_clear_ws/install/mpc_low/lib:/home/dimash/debug_clear_ws/install/yolo_msgs/lib:/home/dimash/debug_clear_ws/install/move_model_plugin/lib:/home/dimash/debug_clear_ws/install/clearpath_platform/lib:/home/dimash/acados/lib:/opt/ros/humble/opt/rviz_ogre_vendor/lib:/opt/ros/humble/lib/x86_64-linux-gnu:/opt/ros/humble/lib:/home/dimash/acados/lib:/home/dimash/acados/lib /usr/bin/cmake --install /home/dimash/debug_clear_ws/build/clearpath_platform
