[0.014s] Invoking command in '/home/robot/debug_clear_ws/build/yolo_bringup': AMENT_PREFIX_PATH=/home/robot/debug_clear_ws/install/yolo_ros:/home/robot/debug_clear_ws/install/yolo_msgs:${AMENT_PREFIX_PATH} CMAKE_PREFIX_PATH=/home/robot/debug_clear_ws/install/yolo_msgs:/home/robot/debug_clear_ws/install/mpc_low:/opt/ros/humble LD_LIBRARY_PATH=/home/robot/debug_clear_ws/install/yolo_msgs/lib:${LD_LIBRARY_PATH} PYTHONPATH=/home/robot/debug_clear_ws/install/yolo_ros/lib/python3.10/site-packages:/home/robot/debug_clear_ws/install/yolo_msgs/local/lib/python3.10/dist-packages:${PYTHONPATH} /usr/bin/cmake /home/robot/debug_clear_ws/src/yolo_ros/yolo_bringup -DCMAKE_INSTALL_PREFIX=/home/robot/debug_clear_ws/install/yolo_bringup
[0.074s] -- The C compiler identification is GNU 11.4.0
[0.138s] -- The CXX compiler identification is GNU 11.4.0
[0.146s] -- Detecting C compiler ABI info
[0.226s] -- Detecting C compiler ABI info - done
[0.240s] -- Check for working C compiler: /usr/bin/cc - skipped
[0.240s] -- Detecting C compile features
[0.240s] -- Detecting C compile features - done
[0.245s] -- Detecting CXX compiler ABI info
[0.337s] -- Detecting CXX compiler ABI info - done
[0.346s] -- Check for working CXX compiler: /usr/bin/c++ - skipped
[0.347s] -- Detecting CXX compile features
[0.347s] -- Detecting CXX compile features - done
[0.351s] -- Found ament_cmake: 1.3.11 (/opt/ros/humble/share/ament_cmake/cmake)
[0.747s] -- Found Python3: /usr/bin/python3 (found version "3.10.12") found components: Interpreter 
[0.916s] -- Configuring done
[0.919s] -- Generating done
[0.921s] -- Build files have been written to: /home/robot/debug_clear_ws/build/yolo_bringup
[0.927s] Invoked command in '/home/robot/debug_clear_ws/build/yolo_bringup' returned '0': AMENT_PREFIX_PATH=/home/robot/debug_clear_ws/install/yolo_ros:/home/robot/debug_clear_ws/install/yolo_msgs:${AMENT_PREFIX_PATH} CMAKE_PREFIX_PATH=/home/robot/debug_clear_ws/install/yolo_msgs:/home/robot/debug_clear_ws/install/mpc_low:/opt/ros/humble LD_LIBRARY_PATH=/home/robot/debug_clear_ws/install/yolo_msgs/lib:${LD_LIBRARY_PATH} PYTHONPATH=/home/robot/debug_clear_ws/install/yolo_ros/lib/python3.10/site-packages:/home/robot/debug_clear_ws/install/yolo_msgs/local/lib/python3.10/dist-packages:${PYTHONPATH} /usr/bin/cmake /home/robot/debug_clear_ws/src/yolo_ros/yolo_bringup -DCMAKE_INSTALL_PREFIX=/home/robot/debug_clear_ws/install/yolo_bringup
[0.927s] Invoking command in '/home/robot/debug_clear_ws/build/yolo_bringup': AMENT_PREFIX_PATH=/home/robot/debug_clear_ws/install/yolo_ros:/home/robot/debug_clear_ws/install/yolo_msgs:${AMENT_PREFIX_PATH} CMAKE_PREFIX_PATH=/home/robot/debug_clear_ws/install/yolo_msgs:/home/robot/debug_clear_ws/install/mpc_low:/opt/ros/humble LD_LIBRARY_PATH=/home/robot/debug_clear_ws/install/yolo_msgs/lib:${LD_LIBRARY_PATH} PYTHONPATH=/home/robot/debug_clear_ws/install/yolo_ros/lib/python3.10/site-packages:/home/robot/debug_clear_ws/install/yolo_msgs/local/lib/python3.10/dist-packages:${PYTHONPATH} /usr/bin/cmake --build /home/robot/debug_clear_ws/build/yolo_bringup -- -j12 -l12
[0.965s] Invoked command in '/home/robot/debug_clear_ws/build/yolo_bringup' returned '0': AMENT_PREFIX_PATH=/home/robot/debug_clear_ws/install/yolo_ros:/home/robot/debug_clear_ws/install/yolo_msgs:${AMENT_PREFIX_PATH} CMAKE_PREFIX_PATH=/home/robot/debug_clear_ws/install/yolo_msgs:/home/robot/debug_clear_ws/install/mpc_low:/opt/ros/humble LD_LIBRARY_PATH=/home/robot/debug_clear_ws/install/yolo_msgs/lib:${LD_LIBRARY_PATH} PYTHONPATH=/home/robot/debug_clear_ws/install/yolo_ros/lib/python3.10/site-packages:/home/robot/debug_clear_ws/install/yolo_msgs/local/lib/python3.10/dist-packages:${PYTHONPATH} /usr/bin/cmake --build /home/robot/debug_clear_ws/build/yolo_bringup -- -j12 -l12
[0.966s] Invoking command in '/home/robot/debug_clear_ws/build/yolo_bringup': AMENT_PREFIX_PATH=/home/robot/debug_clear_ws/install/yolo_ros:/home/robot/debug_clear_ws/install/yolo_msgs:${AMENT_PREFIX_PATH} CMAKE_PREFIX_PATH=/home/robot/debug_clear_ws/install/yolo_msgs:/home/robot/debug_clear_ws/install/mpc_low:/opt/ros/humble LD_LIBRARY_PATH=/home/robot/debug_clear_ws/install/yolo_msgs/lib:${LD_LIBRARY_PATH} PYTHONPATH=/home/robot/debug_clear_ws/install/yolo_ros/lib/python3.10/site-packages:/home/robot/debug_clear_ws/install/yolo_msgs/local/lib/python3.10/dist-packages:${PYTHONPATH} /usr/bin/cmake --install /home/robot/debug_clear_ws/build/yolo_bringup
[0.974s] -- Install configuration: ""
[0.974s] -- Installing: /home/robot/debug_clear_ws/install/yolo_bringup/share/yolo_bringup//launch
[0.974s] -- Installing: /home/robot/debug_clear_ws/install/yolo_bringup/share/yolo_bringup//launch/yolov9.launch.py
[0.974s] -- Installing: /home/robot/debug_clear_ws/install/yolo_bringup/share/yolo_bringup//launch/yolov10.launch.py
[0.974s] -- Installing: /home/robot/debug_clear_ws/install/yolo_bringup/share/yolo_bringup//launch/yolo-world.launch.py
[0.974s] -- Installing: /home/robot/debug_clear_ws/install/yolo_bringup/share/yolo_bringup//launch/yolov8.launch.py
[0.974s] -- Installing: /home/robot/debug_clear_ws/install/yolo_bringup/share/yolo_bringup//launch/yolov5.launch.py
[0.975s] -- Installing: /home/robot/debug_clear_ws/install/yolo_bringup/share/yolo_bringup//launch/yolo.launch.py
[0.975s] -- Installing: /home/robot/debug_clear_ws/install/yolo_bringup/share/yolo_bringup//launch/yolo-nas.launch.py
[0.975s] -- Installing: /home/robot/debug_clear_ws/install/yolo_bringup/share/yolo_bringup//launch/yolov11.launch.py
[0.975s] -- Installing: /home/robot/debug_clear_ws/install/yolo_bringup/share/ament_index/resource_index/package_run_dependencies/yolo_bringup
[0.975s] -- Installing: /home/robot/debug_clear_ws/install/yolo_bringup/share/ament_index/resource_index/parent_prefix_path/yolo_bringup
[0.976s] -- Installing: /home/robot/debug_clear_ws/install/yolo_bringup/share/yolo_bringup/environment/ament_prefix_path.sh
[0.976s] -- Installing: /home/robot/debug_clear_ws/install/yolo_bringup/share/yolo_bringup/environment/ament_prefix_path.dsv
[0.976s] -- Installing: /home/robot/debug_clear_ws/install/yolo_bringup/share/yolo_bringup/environment/path.sh
[0.976s] -- Installing: /home/robot/debug_clear_ws/install/yolo_bringup/share/yolo_bringup/environment/path.dsv
[0.976s] -- Installing: /home/robot/debug_clear_ws/install/yolo_bringup/share/yolo_bringup/local_setup.bash
[0.977s] -- Installing: /home/robot/debug_clear_ws/install/yolo_bringup/share/yolo_bringup/local_setup.sh
[0.977s] -- Installing: /home/robot/debug_clear_ws/install/yolo_bringup/share/yolo_bringup/local_setup.zsh
[0.977s] -- Installing: /home/robot/debug_clear_ws/install/yolo_bringup/share/yolo_bringup/local_setup.dsv
[0.977s] -- Installing: /home/robot/debug_clear_ws/install/yolo_bringup/share/yolo_bringup/package.dsv
[0.977s] -- Installing: /home/robot/debug_clear_ws/install/yolo_bringup/share/ament_index/resource_index/packages/yolo_bringup
[0.978s] -- Installing: /home/robot/debug_clear_ws/install/yolo_bringup/share/yolo_bringup/cmake/yolo_bringupConfig.cmake
[0.978s] -- Installing: /home/robot/debug_clear_ws/install/yolo_bringup/share/yolo_bringup/cmake/yolo_bringupConfig-version.cmake
[0.978s] -- Installing: /home/robot/debug_clear_ws/install/yolo_bringup/share/yolo_bringup/package.xml
[0.981s] Invoked command in '/home/robot/debug_clear_ws/build/yolo_bringup' returned '0': AMENT_PREFIX_PATH=/home/robot/debug_clear_ws/install/yolo_ros:/home/robot/debug_clear_ws/install/yolo_msgs:${AMENT_PREFIX_PATH} CMAKE_PREFIX_PATH=/home/robot/debug_clear_ws/install/yolo_msgs:/home/robot/debug_clear_ws/install/mpc_low:/opt/ros/humble LD_LIBRARY_PATH=/home/robot/debug_clear_ws/install/yolo_msgs/lib:${LD_LIBRARY_PATH} PYTHONPATH=/home/robot/debug_clear_ws/install/yolo_ros/lib/python3.10/site-packages:/home/robot/debug_clear_ws/install/yolo_msgs/local/lib/python3.10/dist-packages:${PYTHONPATH} /usr/bin/cmake --install /home/robot/debug_clear_ws/build/yolo_bringup
