[0.048s] Invoking command in '/home/robot/debug_clear_ws/build/clearpath_manipulators': CMAKE_PREFIX_PATH=/home/robot/debug_clear_ws/install/clearpath_manipulators_description:/home/robot/debug_clear_ws/install/yolo_bringup:/home/robot/debug_clear_ws/install/yolo_msgs:/home/robot/debug_clear_ws/install/clearpath_simulator:/home/robot/debug_clear_ws/install/clearpath_gz:/home/robot/debug_clear_ws/install/clearpath_generator_gz:/home/robot/debug_clear_ws/install/clearpath_common:/home/robot/debug_clear_ws/install/clearpath_generator_common:/home/robot/debug_clear_ws/install/clearpath_description:/home/robot/debug_clear_ws/install/clearpath_sensors_description:/home/robot/debug_clear_ws/install/clearpath_platform:/home/robot/debug_clear_ws/install/clearpath_msgs:/home/robot/debug_clear_ws/install/clearpath_platform_msgs:/home/robot/debug_clear_ws/install/clearpath_platform_description:/home/robot/debug_clear_ws/install/clearpath_mounts_description:/home/robot/debug_clear_ws/install/clearpath_manipulators:/home/robot/debug_clear_ws/install/clearpath_customization:/home/robot/debug_clear_ws/install/clearpath_control:/home/robot/debug_clear_ws/install/yolo_ros:/home/robot/debug_clear_ws/install/clearpath_config:/opt/ros/humble /usr/bin/cmake /home/robot/debug_clear_ws/src/clearpath_common/clearpath_manipulators -DCMAKE_INSTALL_PREFIX=/home/robot/debug_clear_ws/install/clearpath_manipulators
[0.129s] -- The C compiler identification is GNU 11.4.0
[0.209s] -- The CXX compiler identification is GNU 11.4.0
[0.222s] -- Detecting C compiler ABI info
[0.320s] -- Detecting C compiler ABI info - done
[0.330s] -- Check for working C compiler: /usr/bin/cc - skipped
[0.330s] -- Detecting C compile features
[0.331s] -- Detecting C compile features - done
[0.335s] -- Detecting CXX compiler ABI info
[0.430s] -- Detecting CXX compiler ABI info - done
[0.447s] -- Check for working CXX compiler: /usr/bin/c++ - skipped
[0.447s] -- Detecting CXX compile features
[0.448s] -- Detecting CXX compile features - done
[0.454s] -- Found ament_cmake: 1.3.11 (/opt/ros/humble/share/ament_cmake/cmake)
[0.972s] -- Found Python3: /usr/bin/python3 (found version "3.10.12") found components: Interpreter 
[1.195s] -- Configuring done
[1.198s] -- Generating done
[1.200s] -- Build files have been written to: /home/robot/debug_clear_ws/build/clearpath_manipulators
[1.205s] Invoked command in '/home/robot/debug_clear_ws/build/clearpath_manipulators' returned '0': CMAKE_PREFIX_PATH=/home/robot/debug_clear_ws/install/clearpath_manipulators_description:/home/robot/debug_clear_ws/install/yolo_bringup:/home/robot/debug_clear_ws/install/yolo_msgs:/home/robot/debug_clear_ws/install/clearpath_simulator:/home/robot/debug_clear_ws/install/clearpath_gz:/home/robot/debug_clear_ws/install/clearpath_generator_gz:/home/robot/debug_clear_ws/install/clearpath_common:/home/robot/debug_clear_ws/install/clearpath_generator_common:/home/robot/debug_clear_ws/install/clearpath_description:/home/robot/debug_clear_ws/install/clearpath_sensors_description:/home/robot/debug_clear_ws/install/clearpath_platform:/home/robot/debug_clear_ws/install/clearpath_msgs:/home/robot/debug_clear_ws/install/clearpath_platform_msgs:/home/robot/debug_clear_ws/install/clearpath_platform_description:/home/robot/debug_clear_ws/install/clearpath_mounts_description:/home/robot/debug_clear_ws/install/clearpath_manipulators:/home/robot/debug_clear_ws/install/clearpath_customization:/home/robot/debug_clear_ws/install/clearpath_control:/home/robot/debug_clear_ws/install/yolo_ros:/home/robot/debug_clear_ws/install/clearpath_config:/opt/ros/humble /usr/bin/cmake /home/robot/debug_clear_ws/src/clearpath_common/clearpath_manipulators -DCMAKE_INSTALL_PREFIX=/home/robot/debug_clear_ws/install/clearpath_manipulators
[1.206s] Invoking command in '/home/robot/debug_clear_ws/build/clearpath_manipulators': CMAKE_PREFIX_PATH=/home/robot/debug_clear_ws/install/clearpath_manipulators_description:/home/robot/debug_clear_ws/install/yolo_bringup:/home/robot/debug_clear_ws/install/yolo_msgs:/home/robot/debug_clear_ws/install/clearpath_simulator:/home/robot/debug_clear_ws/install/clearpath_gz:/home/robot/debug_clear_ws/install/clearpath_generator_gz:/home/robot/debug_clear_ws/install/clearpath_common:/home/robot/debug_clear_ws/install/clearpath_generator_common:/home/robot/debug_clear_ws/install/clearpath_description:/home/robot/debug_clear_ws/install/clearpath_sensors_description:/home/robot/debug_clear_ws/install/clearpath_platform:/home/robot/debug_clear_ws/install/clearpath_msgs:/home/robot/debug_clear_ws/install/clearpath_platform_msgs:/home/robot/debug_clear_ws/install/clearpath_platform_description:/home/robot/debug_clear_ws/install/clearpath_mounts_description:/home/robot/debug_clear_ws/install/clearpath_manipulators:/home/robot/debug_clear_ws/install/clearpath_customization:/home/robot/debug_clear_ws/install/clearpath_control:/home/robot/debug_clear_ws/install/yolo_ros:/home/robot/debug_clear_ws/install/clearpath_config:/opt/ros/humble /usr/bin/cmake --build /home/robot/debug_clear_ws/build/clearpath_manipulators -- -j12 -l12
[1.268s] Invoked command in '/home/robot/debug_clear_ws/build/clearpath_manipulators' returned '0': CMAKE_PREFIX_PATH=/home/robot/debug_clear_ws/install/clearpath_manipulators_description:/home/robot/debug_clear_ws/install/yolo_bringup:/home/robot/debug_clear_ws/install/yolo_msgs:/home/robot/debug_clear_ws/install/clearpath_simulator:/home/robot/debug_clear_ws/install/clearpath_gz:/home/robot/debug_clear_ws/install/clearpath_generator_gz:/home/robot/debug_clear_ws/install/clearpath_common:/home/robot/debug_clear_ws/install/clearpath_generator_common:/home/robot/debug_clear_ws/install/clearpath_description:/home/robot/debug_clear_ws/install/clearpath_sensors_description:/home/robot/debug_clear_ws/install/clearpath_platform:/home/robot/debug_clear_ws/install/clearpath_msgs:/home/robot/debug_clear_ws/install/clearpath_platform_msgs:/home/robot/debug_clear_ws/install/clearpath_platform_description:/home/robot/debug_clear_ws/install/clearpath_mounts_description:/home/robot/debug_clear_ws/install/clearpath_manipulators:/home/robot/debug_clear_ws/install/clearpath_customization:/home/robot/debug_clear_ws/install/clearpath_control:/home/robot/debug_clear_ws/install/yolo_ros:/home/robot/debug_clear_ws/install/clearpath_config:/opt/ros/humble /usr/bin/cmake --build /home/robot/debug_clear_ws/build/clearpath_manipulators -- -j12 -l12
[1.270s] Invoking command in '/home/robot/debug_clear_ws/build/clearpath_manipulators': CMAKE_PREFIX_PATH=/home/robot/debug_clear_ws/install/clearpath_manipulators_description:/home/robot/debug_clear_ws/install/yolo_bringup:/home/robot/debug_clear_ws/install/yolo_msgs:/home/robot/debug_clear_ws/install/clearpath_simulator:/home/robot/debug_clear_ws/install/clearpath_gz:/home/robot/debug_clear_ws/install/clearpath_generator_gz:/home/robot/debug_clear_ws/install/clearpath_common:/home/robot/debug_clear_ws/install/clearpath_generator_common:/home/robot/debug_clear_ws/install/clearpath_description:/home/robot/debug_clear_ws/install/clearpath_sensors_description:/home/robot/debug_clear_ws/install/clearpath_platform:/home/robot/debug_clear_ws/install/clearpath_msgs:/home/robot/debug_clear_ws/install/clearpath_platform_msgs:/home/robot/debug_clear_ws/install/clearpath_platform_description:/home/robot/debug_clear_ws/install/clearpath_mounts_description:/home/robot/debug_clear_ws/install/clearpath_manipulators:/home/robot/debug_clear_ws/install/clearpath_customization:/home/robot/debug_clear_ws/install/clearpath_control:/home/robot/debug_clear_ws/install/yolo_ros:/home/robot/debug_clear_ws/install/clearpath_config:/opt/ros/humble /usr/bin/cmake --install /home/robot/debug_clear_ws/build/clearpath_manipulators
[1.278s] -- Install configuration: ""
[1.279s] -- Installing: /home/robot/debug_clear_ws/install/clearpath_manipulators/share/clearpath_manipulators/config
[1.279s] -- Installing: /home/robot/debug_clear_ws/install/clearpath_manipulators/share/clearpath_manipulators/config/control.yaml
[1.279s] -- Installing: /home/robot/debug_clear_ws/install/clearpath_manipulators/share/clearpath_manipulators/config/planning_scene.yaml
[1.279s] -- Installing: /home/robot/debug_clear_ws/install/clearpath_manipulators/share/clearpath_manipulators/config/kinematics
[1.279s] -- Installing: /home/robot/debug_clear_ws/install/clearpath_manipulators/share/clearpath_manipulators/config/kinematics/gripper.yaml
[1.280s] -- Installing: /home/robot/debug_clear_ws/install/clearpath_manipulators/share/clearpath_manipulators/config/kinematics/arm.yaml
[1.280s] -- Installing: /home/robot/debug_clear_ws/install/clearpath_manipulators/share/clearpath_manipulators/config/kinematics/lift.yaml
[1.280s] -- Installing: /home/robot/debug_clear_ws/install/clearpath_manipulators/share/clearpath_manipulators/config/cartesian_limits.yaml
[1.280s] -- Installing: /home/robot/debug_clear_ws/install/clearpath_manipulators/share/clearpath_manipulators/config/trajectory_execution.yaml
[1.280s] -- Installing: /home/robot/debug_clear_ws/install/clearpath_manipulators/share/clearpath_manipulators/config/planning
[1.280s] -- Installing: /home/robot/debug_clear_ws/install/clearpath_manipulators/share/clearpath_manipulators/config/planning/pilz
[1.281s] -- Installing: /home/robot/debug_clear_ws/install/clearpath_manipulators/share/clearpath_manipulators/config/planning/pilz/defaults.yaml
[1.281s] -- Installing: /home/robot/debug_clear_ws/install/clearpath_manipulators/share/clearpath_manipulators/config/planning/pilz/planning.yaml
[1.281s] -- Installing: /home/robot/debug_clear_ws/install/clearpath_manipulators/share/clearpath_manipulators/config/planning/pipeline.yaml
[1.281s] -- Installing: /home/robot/debug_clear_ws/install/clearpath_manipulators/share/clearpath_manipulators/config/planning/chomp
[1.281s] -- Installing: /home/robot/debug_clear_ws/install/clearpath_manipulators/share/clearpath_manipulators/config/planning/chomp/planning.yaml
[1.281s] -- Installing: /home/robot/debug_clear_ws/install/clearpath_manipulators/share/clearpath_manipulators/config/planning/_ompl
[1.281s] -- Installing: /home/robot/debug_clear_ws/install/clearpath_manipulators/share/clearpath_manipulators/config/planning/_ompl/defaults.yaml
[1.281s] -- Installing: /home/robot/debug_clear_ws/install/clearpath_manipulators/share/clearpath_manipulators/config/planning/_ompl/planning.yaml
[1.281s] -- Installing: /home/robot/debug_clear_ws/install/clearpath_manipulators/share/clearpath_manipulators/launch
[1.282s] -- Installing: /home/robot/debug_clear_ws/install/clearpath_manipulators/share/clearpath_manipulators/launch/control.launch.py
[1.282s] -- Installing: /home/robot/debug_clear_ws/install/clearpath_manipulators/share/clearpath_manipulators/launch/moveit.launch.py
[1.282s] -- Installing: /home/robot/debug_clear_ws/install/clearpath_manipulators/share/clearpath_manipulators/launch/manipulators.launch.py
[1.282s] -- Installing: /home/robot/debug_clear_ws/install/clearpath_manipulators/share/ament_index/resource_index/package_run_dependencies/clearpath_manipulators
[1.282s] -- Installing: /home/robot/debug_clear_ws/install/clearpath_manipulators/share/ament_index/resource_index/parent_prefix_path/clearpath_manipulators
[1.283s] -- Installing: /home/robot/debug_clear_ws/install/clearpath_manipulators/share/clearpath_manipulators/environment/ament_prefix_path.sh
[1.283s] -- Installing: /home/robot/debug_clear_ws/install/clearpath_manipulators/share/clearpath_manipulators/environment/ament_prefix_path.dsv
[1.283s] -- Installing: /home/robot/debug_clear_ws/install/clearpath_manipulators/share/clearpath_manipulators/environment/path.sh
[1.283s] -- Installing: /home/robot/debug_clear_ws/install/clearpath_manipulators/share/clearpath_manipulators/environment/path.dsv
[1.283s] -- Installing: /home/robot/debug_clear_ws/install/clearpath_manipulators/share/clearpath_manipulators/local_setup.bash
[1.283s] -- Installing: /home/robot/debug_clear_ws/install/clearpath_manipulators/share/clearpath_manipulators/local_setup.sh
[1.284s] -- Installing: /home/robot/debug_clear_ws/install/clearpath_manipulators/share/clearpath_manipulators/local_setup.zsh
[1.284s] -- Installing: /home/robot/debug_clear_ws/install/clearpath_manipulators/share/clearpath_manipulators/local_setup.dsv
[1.284s] -- Installing: /home/robot/debug_clear_ws/install/clearpath_manipulators/share/clearpath_manipulators/package.dsv
[1.284s] -- Installing: /home/robot/debug_clear_ws/install/clearpath_manipulators/share/ament_index/resource_index/packages/clearpath_manipulators
[1.284s] -- Installing: /home/robot/debug_clear_ws/install/clearpath_manipulators/share/clearpath_manipulators/cmake/clearpath_manipulatorsConfig.cmake
[1.284s] -- Installing: /home/robot/debug_clear_ws/install/clearpath_manipulators/share/clearpath_manipulators/cmake/clearpath_manipulatorsConfig-version.cmake
[1.285s] -- Installing: /home/robot/debug_clear_ws/install/clearpath_manipulators/share/clearpath_manipulators/package.xml
[1.287s] Invoked command in '/home/robot/debug_clear_ws/build/clearpath_manipulators' returned '0': CMAKE_PREFIX_PATH=/home/robot/debug_clear_ws/install/clearpath_manipulators_description:/home/robot/debug_clear_ws/install/yolo_bringup:/home/robot/debug_clear_ws/install/yolo_msgs:/home/robot/debug_clear_ws/install/clearpath_simulator:/home/robot/debug_clear_ws/install/clearpath_gz:/home/robot/debug_clear_ws/install/clearpath_generator_gz:/home/robot/debug_clear_ws/install/clearpath_common:/home/robot/debug_clear_ws/install/clearpath_generator_common:/home/robot/debug_clear_ws/install/clearpath_description:/home/robot/debug_clear_ws/install/clearpath_sensors_description:/home/robot/debug_clear_ws/install/clearpath_platform:/home/robot/debug_clear_ws/install/clearpath_msgs:/home/robot/debug_clear_ws/install/clearpath_platform_msgs:/home/robot/debug_clear_ws/install/clearpath_platform_description:/home/robot/debug_clear_ws/install/clearpath_mounts_description:/home/robot/debug_clear_ws/install/clearpath_manipulators:/home/robot/debug_clear_ws/install/clearpath_customization:/home/robot/debug_clear_ws/install/clearpath_control:/home/robot/debug_clear_ws/install/yolo_ros:/home/robot/debug_clear_ws/install/clearpath_config:/opt/ros/humble /usr/bin/cmake --install /home/robot/debug_clear_ws/build/clearpath_manipulators
