[0.616s] Invoking command in '/home/dimash/debug_clear_ws/build/clearpath_control': CMAKE_PREFIX_PATH=${CMAKE_PREFIX_PATH}:/home/dimash/debug_clear_ws/install/yolo_ros:/home/dimash/debug_clear_ws/install/person_movement:/home/dimash/debug_clear_ws/install/clearpath_config:/opt/ros/humble /usr/bin/cmake --build /home/dimash/debug_clear_ws/build/clearpath_control -- -j8 -l8
[0.882s] Invoked command in '/home/dimash/debug_clear_ws/build/clearpath_control' returned '0': CMAKE_PREFIX_PATH=${CMAKE_PREFIX_PATH}:/home/dimash/debug_clear_ws/install/yolo_ros:/home/dimash/debug_clear_ws/install/person_movement:/home/dimash/debug_clear_ws/install/clearpath_config:/opt/ros/humble /usr/bin/cmake --build /home/dimash/debug_clear_ws/build/clearpath_control -- -j8 -l8
[0.888s] Invoking command in '/home/dimash/debug_clear_ws/build/clearpath_control': CMAKE_PREFIX_PATH=${CMAKE_PREFIX_PATH}:/home/dimash/debug_clear_ws/install/yolo_ros:/home/dimash/debug_clear_ws/install/person_movement:/home/dimash/debug_clear_ws/install/clearpath_config:/opt/ros/humble /usr/bin/cmake --install /home/dimash/debug_clear_ws/build/clearpath_control
[0.972s] -- Install configuration: ""
[0.972s] -- Up-to-date: /home/dimash/debug_clear_ws/install/clearpath_control/share/clearpath_control/config
[0.973s] -- Up-to-date: /home/dimash/debug_clear_ws/install/clearpath_control/share/clearpath_control/config/r100
[0.973s] -- Up-to-date: /home/dimash/debug_clear_ws/install/clearpath_control/share/clearpath_control/config/r100/teleop_ps4.yaml
[0.973s] -- Up-to-date: /home/dimash/debug_clear_ws/install/clearpath_control/share/clearpath_control/config/r100/control.yaml
[0.973s] -- Up-to-date: /home/dimash/debug_clear_ws/install/clearpath_control/share/clearpath_control/config/r100/teleop_logitech.yaml
[0.973s] -- Up-to-date: /home/dimash/debug_clear_ws/install/clearpath_control/share/clearpath_control/config/r100/localization.yaml
[0.973s] -- Up-to-date: /home/dimash/debug_clear_ws/install/clearpath_control/share/clearpath_control/config/r100/teleop_interactive_markers.yaml
[0.973s] -- Up-to-date: /home/dimash/debug_clear_ws/install/clearpath_control/share/clearpath_control/config/j100
[0.990s] -- Up-to-date: /home/dimash/debug_clear_ws/install/clearpath_control/share/clearpath_control/config/j100/teleop_ps4.yaml
[0.990s] -- Up-to-date: /home/dimash/debug_clear_ws/install/clearpath_control/share/clearpath_control/config/j100/control.yaml
[0.990s] -- Up-to-date: /home/dimash/debug_clear_ws/install/clearpath_control/share/clearpath_control/config/j100/teleop_logitech.yaml
[0.991s] -- Up-to-date: /home/dimash/debug_clear_ws/install/clearpath_control/share/clearpath_control/config/j100/localization.yaml
[0.991s] -- Up-to-date: /home/dimash/debug_clear_ws/install/clearpath_control/share/clearpath_control/config/j100/teleop_interactive_markers.yaml
[0.991s] -- Up-to-date: /home/dimash/debug_clear_ws/install/clearpath_control/share/clearpath_control/config/dd150
[0.991s] -- Up-to-date: /home/dimash/debug_clear_ws/install/clearpath_control/share/clearpath_control/config/dd150/teleop_ps4.yaml
[0.991s] -- Up-to-date: /home/dimash/debug_clear_ws/install/clearpath_control/share/clearpath_control/config/dd150/control.yaml
[0.991s] -- Up-to-date: /home/dimash/debug_clear_ws/install/clearpath_control/share/clearpath_control/config/dd150/teleop_logitech.yaml
[0.991s] -- Up-to-date: /home/dimash/debug_clear_ws/install/clearpath_control/share/clearpath_control/config/dd150/localization.yaml
[0.991s] -- Up-to-date: /home/dimash/debug_clear_ws/install/clearpath_control/share/clearpath_control/config/dd150/teleop_interactive_markers.yaml
[0.991s] -- Up-to-date: /home/dimash/debug_clear_ws/install/clearpath_control/share/clearpath_control/config/a200
[0.991s] -- Up-to-date: /home/dimash/debug_clear_ws/install/clearpath_control/share/clearpath_control/config/a200/teleop_ps4.yaml
[0.992s] -- Up-to-date: /home/dimash/debug_clear_ws/install/clearpath_control/share/clearpath_control/config/a200/control.yaml
[0.992s] -- Up-to-date: /home/dimash/debug_clear_ws/install/clearpath_control/share/clearpath_control/config/a200/teleop_logitech.yaml
[0.992s] -- Up-to-date: /home/dimash/debug_clear_ws/install/clearpath_control/share/clearpath_control/config/a200/localization.yaml
[0.992s] -- Up-to-date: /home/dimash/debug_clear_ws/install/clearpath_control/share/clearpath_control/config/a200/teleop_interactive_markers.yaml
[0.995s] -- Up-to-date: /home/dimash/debug_clear_ws/install/clearpath_control/share/clearpath_control/config/dd100
[0.995s] -- Up-to-date: /home/dimash/debug_clear_ws/install/clearpath_control/share/clearpath_control/config/dd100/teleop_ps4.yaml
[0.996s] -- Up-to-date: /home/dimash/debug_clear_ws/install/clearpath_control/share/clearpath_control/config/dd100/control.yaml
[0.996s] -- Up-to-date: /home/dimash/debug_clear_ws/install/clearpath_control/share/clearpath_control/config/dd100/teleop_logitech.yaml
[0.996s] -- Up-to-date: /home/dimash/debug_clear_ws/install/clearpath_control/share/clearpath_control/config/dd100/localization.yaml
[0.996s] -- Up-to-date: /home/dimash/debug_clear_ws/install/clearpath_control/share/clearpath_control/config/dd100/teleop_interactive_markers.yaml
[0.996s] -- Up-to-date: /home/dimash/debug_clear_ws/install/clearpath_control/share/clearpath_control/config/generic
[0.996s] -- Up-to-date: /home/dimash/debug_clear_ws/install/clearpath_control/share/clearpath_control/config/generic/teleop_ps4.yaml
[0.996s] -- Up-to-date: /home/dimash/debug_clear_ws/install/clearpath_control/share/clearpath_control/config/generic/teleop_logitech.yaml
[0.996s] -- Up-to-date: /home/dimash/debug_clear_ws/install/clearpath_control/share/clearpath_control/config/generic/localization.yaml
[0.996s] -- Up-to-date: /home/dimash/debug_clear_ws/install/clearpath_control/share/clearpath_control/config/generic/teleop_interactive_markers.yaml
[1.011s] -- Up-to-date: /home/dimash/debug_clear_ws/install/clearpath_control/share/clearpath_control/config/do100
[1.011s] -- Up-to-date: /home/dimash/debug_clear_ws/install/clearpath_control/share/clearpath_control/config/do100/teleop_ps4.yaml
[1.011s] -- Up-to-date: /home/dimash/debug_clear_ws/install/clearpath_control/share/clearpath_control/config/do100/control.yaml
[1.011s] -- Up-to-date: /home/dimash/debug_clear_ws/install/clearpath_control/share/clearpath_control/config/do100/teleop_logitech.yaml
[1.011s] -- Up-to-date: /home/dimash/debug_clear_ws/install/clearpath_control/share/clearpath_control/config/do100/localization.yaml
[1.011s] -- Up-to-date: /home/dimash/debug_clear_ws/install/clearpath_control/share/clearpath_control/config/do100/teleop_interactive_markers.yaml
[1.011s] -- Up-to-date: /home/dimash/debug_clear_ws/install/clearpath_control/share/clearpath_control/config/w200
[1.012s] -- Up-to-date: /home/dimash/debug_clear_ws/install/clearpath_control/share/clearpath_control/config/w200/teleop_ps4.yaml
[1.012s] -- Up-to-date: /home/dimash/debug_clear_ws/install/clearpath_control/share/clearpath_control/config/w200/control.yaml
[1.012s] -- Up-to-date: /home/dimash/debug_clear_ws/install/clearpath_control/share/clearpath_control/config/w200/teleop_logitech.yaml
[1.012s] -- Up-to-date: /home/dimash/debug_clear_ws/install/clearpath_control/share/clearpath_control/config/w200/localization.yaml
[1.012s] -- Up-to-date: /home/dimash/debug_clear_ws/install/clearpath_control/share/clearpath_control/config/w200/teleop_interactive_markers.yaml
[1.012s] -- Up-to-date: /home/dimash/debug_clear_ws/install/clearpath_control/share/clearpath_control/config/do150
[1.012s] -- Up-to-date: /home/dimash/debug_clear_ws/install/clearpath_control/share/clearpath_control/config/do150/teleop_ps4.yaml
[1.012s] -- Up-to-date: /home/dimash/debug_clear_ws/install/clearpath_control/share/clearpath_control/config/do150/control.yaml
[1.012s] -- Up-to-date: /home/dimash/debug_clear_ws/install/clearpath_control/share/clearpath_control/config/do150/teleop_logitech.yaml
[1.012s] -- Up-to-date: /home/dimash/debug_clear_ws/install/clearpath_control/share/clearpath_control/config/do150/localization.yaml
[1.013s] -- Up-to-date: /home/dimash/debug_clear_ws/install/clearpath_control/share/clearpath_control/config/do150/teleop_interactive_markers.yaml
[1.013s] -- Up-to-date: /home/dimash/debug_clear_ws/install/clearpath_control/share/clearpath_control/config/twist_mux.yaml
[1.013s] -- Up-to-date: /home/dimash/debug_clear_ws/install/clearpath_control/share/clearpath_control/launch
[1.013s] -- Up-to-date: /home/dimash/debug_clear_ws/install/clearpath_control/share/clearpath_control/launch/teleop_joy.launch.py
[1.013s] -- Up-to-date: /home/dimash/debug_clear_ws/install/clearpath_control/share/clearpath_control/launch/control.launch.py
[1.013s] -- Up-to-date: /home/dimash/debug_clear_ws/install/clearpath_control/share/clearpath_control/launch/localization.launch.py
[1.013s] -- Up-to-date: /home/dimash/debug_clear_ws/install/clearpath_control/share/clearpath_control/launch/teleop_base.launch.py
[1.013s] -- Up-to-date: /home/dimash/debug_clear_ws/install/clearpath_control/share/ament_index/resource_index/package_run_dependencies/clearpath_control
[1.013s] -- Up-to-date: /home/dimash/debug_clear_ws/install/clearpath_control/share/ament_index/resource_index/parent_prefix_path/clearpath_control
[1.013s] -- Up-to-date: /home/dimash/debug_clear_ws/install/clearpath_control/share/clearpath_control/environment/ament_prefix_path.sh
[1.013s] -- Up-to-date: /home/dimash/debug_clear_ws/install/clearpath_control/share/clearpath_control/environment/ament_prefix_path.dsv
[1.014s] -- Up-to-date: /home/dimash/debug_clear_ws/install/clearpath_control/share/clearpath_control/environment/path.sh
[1.014s] -- Up-to-date: /home/dimash/debug_clear_ws/install/clearpath_control/share/clearpath_control/environment/path.dsv
[1.014s] -- Up-to-date: /home/dimash/debug_clear_ws/install/clearpath_control/share/clearpath_control/local_setup.bash
[1.014s] -- Up-to-date: /home/dimash/debug_clear_ws/install/clearpath_control/share/clearpath_control/local_setup.sh
[1.014s] -- Up-to-date: /home/dimash/debug_clear_ws/install/clearpath_control/share/clearpath_control/local_setup.zsh
[1.014s] -- Up-to-date: /home/dimash/debug_clear_ws/install/clearpath_control/share/clearpath_control/local_setup.dsv
[1.014s] -- Installing: /home/dimash/debug_clear_ws/install/clearpath_control/share/clearpath_control/package.dsv
[1.014s] -- Up-to-date: /home/dimash/debug_clear_ws/install/clearpath_control/share/ament_index/resource_index/packages/clearpath_control
[1.027s] -- Up-to-date: /home/dimash/debug_clear_ws/install/clearpath_control/share/clearpath_control/cmake/clearpath_controlConfig.cmake
[1.027s] -- Up-to-date: /home/dimash/debug_clear_ws/install/clearpath_control/share/clearpath_control/cmake/clearpath_controlConfig-version.cmake
[1.029s] -- Up-to-date: /home/dimash/debug_clear_ws/install/clearpath_control/share/clearpath_control/package.xml
[1.249s] Invoked command in '/home/dimash/debug_clear_ws/build/clearpath_control' returned '0': CMAKE_PREFIX_PATH=${CMAKE_PREFIX_PATH}:/home/dimash/debug_clear_ws/install/yolo_ros:/home/dimash/debug_clear_ws/install/person_movement:/home/dimash/debug_clear_ws/install/clearpath_config:/opt/ros/humble /usr/bin/cmake --install /home/dimash/debug_clear_ws/build/clearpath_control
