[0.019s] Invoking command in '/home/robot/debug_clear_ws/build/clearpath_description': AMENT_PREFIX_PATH=/home/robot/debug_clear_ws/install/clearpath_sensors_description:/home/robot/debug_clear_ws/install/clearpath_platform_description:/home/robot/debug_clear_ws/install/clearpath_mounts_description:/home/robot/debug_clear_ws/install/clearpath_manipulators_description:${AMENT_PREFIX_PATH} CMAKE_PREFIX_PATH=/home/robot/debug_clear_ws/install/clearpath_sensors_description:/home/robot/debug_clear_ws/install/clearpath_platform_description:/home/robot/debug_clear_ws/install/clearpath_mounts_description:/home/robot/debug_clear_ws/install/clearpath_manipulators_description:/home/robot/debug_clear_ws/install/mpc_low:/opt/ros/humble /usr/bin/cmake /home/robot/debug_clear_ws/src/clearpath_common/clearpath_description -DCMAKE_INSTALL_PREFIX=/home/robot/debug_clear_ws/install/clearpath_description
[0.097s] -- The C compiler identification is GNU 11.4.0
[0.166s] -- The CXX compiler identification is GNU 11.4.0
[0.175s] -- Detecting C compiler ABI info
[0.258s] -- Detecting C compiler ABI info - done
[0.277s] -- Check for working C compiler: /usr/bin/cc - skipped
[0.277s] -- Detecting C compile features
[0.278s] -- Detecting C compile features - done
[0.285s] -- Detecting CXX compiler ABI info
[0.393s] -- Detecting CXX compiler ABI info - done
[0.410s] -- Check for working CXX compiler: /usr/bin/c++ - skipped
[0.410s] -- Detecting CXX compile features
[0.411s] -- Detecting CXX compile features - done
[0.415s] -- Found ament_cmake: 1.3.11 (/opt/ros/humble/share/ament_cmake/cmake)
[0.930s] -- Found Python3: /usr/bin/python3 (found version "3.10.12") found components: Interpreter 
[1.131s] -- Configuring done
[1.136s] -- Generating done
[1.140s] -- Build files have been written to: /home/robot/debug_clear_ws/build/clearpath_description
[1.145s] Invoked command in '/home/robot/debug_clear_ws/build/clearpath_description' returned '0': AMENT_PREFIX_PATH=/home/robot/debug_clear_ws/install/clearpath_sensors_description:/home/robot/debug_clear_ws/install/clearpath_platform_description:/home/robot/debug_clear_ws/install/clearpath_mounts_description:/home/robot/debug_clear_ws/install/clearpath_manipulators_description:${AMENT_PREFIX_PATH} CMAKE_PREFIX_PATH=/home/robot/debug_clear_ws/install/clearpath_sensors_description:/home/robot/debug_clear_ws/install/clearpath_platform_description:/home/robot/debug_clear_ws/install/clearpath_mounts_description:/home/robot/debug_clear_ws/install/clearpath_manipulators_description:/home/robot/debug_clear_ws/install/mpc_low:/opt/ros/humble /usr/bin/cmake /home/robot/debug_clear_ws/src/clearpath_common/clearpath_description -DCMAKE_INSTALL_PREFIX=/home/robot/debug_clear_ws/install/clearpath_description
[1.146s] Invoking command in '/home/robot/debug_clear_ws/build/clearpath_description': AMENT_PREFIX_PATH=/home/robot/debug_clear_ws/install/clearpath_sensors_description:/home/robot/debug_clear_ws/install/clearpath_platform_description:/home/robot/debug_clear_ws/install/clearpath_mounts_description:/home/robot/debug_clear_ws/install/clearpath_manipulators_description:${AMENT_PREFIX_PATH} CMAKE_PREFIX_PATH=/home/robot/debug_clear_ws/install/clearpath_sensors_description:/home/robot/debug_clear_ws/install/clearpath_platform_description:/home/robot/debug_clear_ws/install/clearpath_mounts_description:/home/robot/debug_clear_ws/install/clearpath_manipulators_description:/home/robot/debug_clear_ws/install/mpc_low:/opt/ros/humble /usr/bin/cmake --build /home/robot/debug_clear_ws/build/clearpath_description -- -j12 -l12
[1.189s] Invoked command in '/home/robot/debug_clear_ws/build/clearpath_description' returned '0': AMENT_PREFIX_PATH=/home/robot/debug_clear_ws/install/clearpath_sensors_description:/home/robot/debug_clear_ws/install/clearpath_platform_description:/home/robot/debug_clear_ws/install/clearpath_mounts_description:/home/robot/debug_clear_ws/install/clearpath_manipulators_description:${AMENT_PREFIX_PATH} CMAKE_PREFIX_PATH=/home/robot/debug_clear_ws/install/clearpath_sensors_description:/home/robot/debug_clear_ws/install/clearpath_platform_description:/home/robot/debug_clear_ws/install/clearpath_mounts_description:/home/robot/debug_clear_ws/install/clearpath_manipulators_description:/home/robot/debug_clear_ws/install/mpc_low:/opt/ros/humble /usr/bin/cmake --build /home/robot/debug_clear_ws/build/clearpath_description -- -j12 -l12
[1.190s] Invoking command in '/home/robot/debug_clear_ws/build/clearpath_description': AMENT_PREFIX_PATH=/home/robot/debug_clear_ws/install/clearpath_sensors_description:/home/robot/debug_clear_ws/install/clearpath_platform_description:/home/robot/debug_clear_ws/install/clearpath_mounts_description:/home/robot/debug_clear_ws/install/clearpath_manipulators_description:${AMENT_PREFIX_PATH} CMAKE_PREFIX_PATH=/home/robot/debug_clear_ws/install/clearpath_sensors_description:/home/robot/debug_clear_ws/install/clearpath_platform_description:/home/robot/debug_clear_ws/install/clearpath_mounts_description:/home/robot/debug_clear_ws/install/clearpath_manipulators_description:/home/robot/debug_clear_ws/install/mpc_low:/opt/ros/humble /usr/bin/cmake --install /home/robot/debug_clear_ws/build/clearpath_description
[1.199s] -- Install configuration: ""
[1.199s] -- Installing: /home/robot/debug_clear_ws/install/clearpath_description/share/ament_index/resource_index/package_run_dependencies/clearpath_description
[1.199s] -- Installing: /home/robot/debug_clear_ws/install/clearpath_description/share/ament_index/resource_index/parent_prefix_path/clearpath_description
[1.199s] -- Installing: /home/robot/debug_clear_ws/install/clearpath_description/share/clearpath_description/environment/ament_prefix_path.sh
[1.199s] -- Installing: /home/robot/debug_clear_ws/install/clearpath_description/share/clearpath_description/environment/ament_prefix_path.dsv
[1.200s] -- Installing: /home/robot/debug_clear_ws/install/clearpath_description/share/clearpath_description/environment/path.sh
[1.200s] -- Installing: /home/robot/debug_clear_ws/install/clearpath_description/share/clearpath_description/environment/path.dsv
[1.200s] -- Installing: /home/robot/debug_clear_ws/install/clearpath_description/share/clearpath_description/local_setup.bash
[1.200s] -- Installing: /home/robot/debug_clear_ws/install/clearpath_description/share/clearpath_description/local_setup.sh
[1.200s] -- Installing: /home/robot/debug_clear_ws/install/clearpath_description/share/clearpath_description/local_setup.zsh
[1.201s] -- Installing: /home/robot/debug_clear_ws/install/clearpath_description/share/clearpath_description/local_setup.dsv
[1.201s] -- Installing: /home/robot/debug_clear_ws/install/clearpath_description/share/clearpath_description/package.dsv
[1.201s] -- Installing: /home/robot/debug_clear_ws/install/clearpath_description/share/ament_index/resource_index/packages/clearpath_description
[1.201s] -- Installing: /home/robot/debug_clear_ws/install/clearpath_description/share/clearpath_description/cmake/clearpath_descriptionConfig.cmake
[1.201s] -- Installing: /home/robot/debug_clear_ws/install/clearpath_description/share/clearpath_description/cmake/clearpath_descriptionConfig-version.cmake
[1.201s] -- Installing: /home/robot/debug_clear_ws/install/clearpath_description/share/clearpath_description/package.xml
[1.203s] Invoked command in '/home/robot/debug_clear_ws/build/clearpath_description' returned '0': AMENT_PREFIX_PATH=/home/robot/debug_clear_ws/install/clearpath_sensors_description:/home/robot/debug_clear_ws/install/clearpath_platform_description:/home/robot/debug_clear_ws/install/clearpath_mounts_description:/home/robot/debug_clear_ws/install/clearpath_manipulators_description:${AMENT_PREFIX_PATH} CMAKE_PREFIX_PATH=/home/robot/debug_clear_ws/install/clearpath_sensors_description:/home/robot/debug_clear_ws/install/clearpath_platform_description:/home/robot/debug_clear_ws/install/clearpath_mounts_description:/home/robot/debug_clear_ws/install/clearpath_manipulators_description:/home/robot/debug_clear_ws/install/mpc_low:/opt/ros/humble /usr/bin/cmake --install /home/robot/debug_clear_ws/build/clearpath_description
