[0.700s] Invoking command in '/home/robot/debug_clear_ws/src/clearpath_config': PYTHONPATH=/home/robot/debug_clear_ws/build/clearpath_config/prefix_override:/usr/lib/python3/dist-packages/colcon_core/task/python/colcon_distutils_commands:/home/robot/debug_clear_ws/install/clearpath_config/lib/python3.10/site-packages:${PYTHONPATH} /usr/bin/python3 -W ignore:setup.py install is deprecated setup.py egg_info --egg-base ../../build/clearpath_config build --build-base /home/robot/debug_clear_ws/build/clearpath_config/build install --record /home/robot/debug_clear_ws/build/clearpath_config/install.log --single-version-externally-managed install_data
[0.912s] running egg_info
[0.913s] writing ../../build/clearpath_config/clearpath_config.egg-info/PKG-INFO
[0.913s] writing dependency_links to ../../build/clearpath_config/clearpath_config.egg-info/dependency_links.txt
[0.913s] writing requirements to ../../build/clearpath_config/clearpath_config.egg-info/requires.txt
[0.913s] writing top-level names to ../../build/clearpath_config/clearpath_config.egg-info/top_level.txt
[0.919s] reading manifest file '../../build/clearpath_config/clearpath_config.egg-info/SOURCES.txt'
[0.919s] adding license file 'LICENSE'
[0.921s] writing manifest file '../../build/clearpath_config/clearpath_config.egg-info/SOURCES.txt'
[0.921s] running build
[0.921s] running build_py
[0.927s] running install
[0.927s] running install_lib
[0.931s] running install_data
[0.932s] running install_egg_info
[0.933s] removing '/home/robot/debug_clear_ws/install/clearpath_config/lib/python3.10/site-packages/clearpath_config-0.3.3-py3.10.egg-info' (and everything under it)
[0.934s] Copying ../../build/clearpath_config/clearpath_config.egg-info to /home/robot/debug_clear_ws/install/clearpath_config/lib/python3.10/site-packages/clearpath_config-0.3.3-py3.10.egg-info
[0.934s] running install_scripts
[0.955s] writing list of installed files to '/home/robot/debug_clear_ws/build/clearpath_config/install.log'
[0.975s] Invoked command in '/home/robot/debug_clear_ws/src/clearpath_config' returned '0': PYTHONPATH=/home/robot/debug_clear_ws/build/clearpath_config/prefix_override:/usr/lib/python3/dist-packages/colcon_core/task/python/colcon_distutils_commands:/home/robot/debug_clear_ws/install/clearpath_config/lib/python3.10/site-packages:${PYTHONPATH} /usr/bin/python3 -W ignore:setup.py install is deprecated setup.py egg_info --egg-base ../../build/clearpath_config build --build-base /home/robot/debug_clear_ws/build/clearpath_config/build install --record /home/robot/debug_clear_ws/build/clearpath_config/install.log --single-version-externally-managed install_data
