[0.014s] Invoking command in '/home/robot/debug_clear_ws/build/clearpath_platform': CMAKE_PREFIX_PATH=/home/robot/debug_clear_ws/install/clearpath_platform_msgs:/home/robot/debug_clear_ws/install/clearpath_platform_description:/home/robot/debug_clear_ws/install/clearpath_control:/home/robot/debug_clear_ws/install/clearpath_simulator:/home/robot/debug_clear_ws/install/clearpath_gz:/home/robot/debug_clear_ws/install/clearpath_generator_gz:/home/robot/debug_clear_ws/install/clearpath_common:/home/robot/debug_clear_ws/install/clearpath_generator_common:/home/robot/debug_clear_ws/install/clearpath_description:/home/robot/debug_clear_ws/install/clearpath_sensors_description:/home/robot/debug_clear_ws/install/clearpath_platform:/home/robot/debug_clear_ws/install/clearpath_msgs:/home/robot/debug_clear_ws/install/clearpath_mounts_description:/home/robot/debug_clear_ws/install/clearpath_manipulators:/home/robot/debug_clear_ws/install/clearpath_manipulators_description:/home/robot/debug_clear_ws/install/clearpath_customization:/home/robot/debug_clear_ws~/install/clearpath_simulator:/home/robot/debug_clear_ws~/install/clearpath_gz:/home/robot/debug_clear_ws~/install/clearpath_generator_gz:/home/robot/debug_clear_ws~/install/clearpath_common:/home/robot/debug_clear_ws~/install/clearpath_generator_common:/home/robot/debug_clear_ws~/install/clearpath_description:/home/robot/debug_clear_ws~/install/clearpath_sensors_description:/home/robot/debug_clear_ws~/install/clearpath_platform:/home/robot/debug_clear_ws~/install/clearpath_msgs:/home/robot/debug_clear_ws~/install/clearpath_platform_msgs:/home/robot/debug_clear_ws~/install/clearpath_platform_description:/home/robot/debug_clear_ws~/install/clearpath_mounts_description:/home/robot/debug_clear_ws~/install/clearpath_manipulators:/home/robot/debug_clear_ws~/install/clearpath_manipulators_description:/home/robot/debug_clear_ws~/install/clearpath_customization:/home/robot/debug_clear_ws~/install/clearpath_control:/home/robot/debug_clear_ws/install/clearpath_config:/home/robot/debug_clear_ws~/install/clearpath_config:/opt/ros/humble LD_LIBRARY_PATH=/home/robot/debug_clear_ws/install/clearpath_platform_msgs/lib:/home/robot/debug_clear_ws/install/clearpath_platform/lib:/home/robot/debug_clear_ws~/install/clearpath_platform/lib:/home/robot/debug_clear_ws~/install/clearpath_platform_msgs/lib:/opt/ros/humble/opt/rviz_ogre_vendor/lib:/opt/ros/humble/lib/x86_64-linux-gnu:/opt/ros/humble/lib /usr/bin/cmake /home/robot/debug_clear_ws/src/clearpath_common/clearpath_platform -DCMAKE_INSTALL_PREFIX=/home/robot/debug_clear_ws/install/clearpath_platform
[0.073s] -- The C compiler identification is GNU 11.4.0
[0.129s] -- The CXX compiler identification is GNU 11.4.0
[0.136s] -- Detecting C compiler ABI info
[0.198s] -- Detecting C compiler ABI info - done
[0.210s] -- Check for working C compiler: /usr/bin/cc - skipped
[0.210s] -- Detecting C compile features
[0.211s] -- Detecting C compile features - done
[0.215s] -- Detecting CXX compiler ABI info
[0.288s] -- Detecting CXX compiler ABI info - done
[0.295s] -- Check for working CXX compiler: /usr/bin/c++ - skipped
[0.295s] -- Detecting CXX compile features
[0.296s] -- Detecting CXX compile features - done
[0.299s] -- Found ament_cmake: 1.3.10 (/opt/ros/humble/share/ament_cmake/cmake)
[0.462s] -- Found Python3: /usr/bin/python3 (found version "3.10.12") found components: Interpreter 
[0.589s] -- Found controller_interface: 2.43.1 (/opt/ros/humble/share/controller_interface/cmake)
[0.660s] -- Found rosidl_generator_c: 3.1.5 (/opt/ros/humble/share/rosidl_generator_c/cmake)
[0.667s] -- Found rosidl_adapter: 3.1.5 (/opt/ros/humble/share/rosidl_adapter/cmake)
[0.678s] -- Found rosidl_generator_cpp: 3.1.5 (/opt/ros/humble/share/rosidl_generator_cpp/cmake)
[0.694s] -- Using all available rosidl_typesupport_c: rosidl_typesupport_fastrtps_c;rosidl_typesupport_introspection_c
[0.716s] -- Using all available rosidl_typesupport_cpp: rosidl_typesupport_fastrtps_cpp;rosidl_typesupport_introspection_cpp
[0.963s] -- Found rmw_implementation_cmake: 6.1.2 (/opt/ros/humble/share/rmw_implementation_cmake/cmake)
[0.967s] -- Found rmw_fastrtps_cpp: 6.2.7 (/opt/ros/humble/share/rmw_fastrtps_cpp/cmake)
[0.999s] -- Found TinyXML2 via Config file: TinyXML2_DIR-NOTFOUND
[1.058s] -- Found OpenSSL: /usr/lib/x86_64-linux-gnu/libcrypto.so (found version "3.0.2")  
[1.060s] -- Found TinyXML2 via Config file: TinyXML2_DIR-NOTFOUND
[1.077s] -- Found FastRTPS: /opt/ros/humble/include  
[1.080s] -- Found TinyXML2 via Config file: TinyXML2_DIR-NOTFOUND
[1.090s] -- Found TinyXML2 via Config file: TinyXML2_DIR-NOTFOUND
[1.103s] -- Using RMW implementation 'rmw_fastrtps_cpp' as default
[1.115s] -- Looking for pthread.h
[1.193s] -- Looking for pthread.h - found
[1.193s] -- Performing Test CMAKE_HAVE_LIBC_PTHREAD
[1.264s] -- Performing Test CMAKE_HAVE_LIBC_PTHREAD - Success
[1.265s] -- Found Threads: TRUE  
[1.320s] -- Found controller_manager: 2.43.1 (/opt/ros/humble/share/controller_manager/cmake)
[1.359s] -- Found clearpath_platform_msgs: 0.3.0 (/home/robot/debug_clear_ws/install/clearpath_platform_msgs/share/clearpath_platform_msgs/cmake)
[1.374s] -- Found puma_motor_msgs: 1.0.1 (/opt/ros/humble/share/puma_motor_msgs/cmake)
[1.391s] -- Found nav_msgs: 4.2.4 (/opt/ros/humble/share/nav_msgs/cmake)
[1.409s] -- Found std_srvs: 4.2.4 (/opt/ros/humble/share/std_srvs/cmake)
[1.420s] -- Found tf2: 0.25.8 (/opt/ros/humble/share/tf2/cmake)
[1.425s] -- Found tf2_ros: 0.25.8 (/opt/ros/humble/share/tf2_ros/cmake)
[1.591s] -- Configuring done
[1.693s] -- Generating done
[1.695s] -- Build files have been written to: /home/robot/debug_clear_ws/build/clearpath_platform
[1.707s] Invoked command in '/home/robot/debug_clear_ws/build/clearpath_platform' returned '0': CMAKE_PREFIX_PATH=/home/robot/debug_clear_ws/install/clearpath_platform_msgs:/home/robot/debug_clear_ws/install/clearpath_platform_description:/home/robot/debug_clear_ws/install/clearpath_control:/home/robot/debug_clear_ws/install/clearpath_simulator:/home/robot/debug_clear_ws/install/clearpath_gz:/home/robot/debug_clear_ws/install/clearpath_generator_gz:/home/robot/debug_clear_ws/install/clearpath_common:/home/robot/debug_clear_ws/install/clearpath_generator_common:/home/robot/debug_clear_ws/install/clearpath_description:/home/robot/debug_clear_ws/install/clearpath_sensors_description:/home/robot/debug_clear_ws/install/clearpath_platform:/home/robot/debug_clear_ws/install/clearpath_msgs:/home/robot/debug_clear_ws/install/clearpath_mounts_description:/home/robot/debug_clear_ws/install/clearpath_manipulators:/home/robot/debug_clear_ws/install/clearpath_manipulators_description:/home/robot/debug_clear_ws/install/clearpath_customization:/home/robot/debug_clear_ws~/install/clearpath_simulator:/home/robot/debug_clear_ws~/install/clearpath_gz:/home/robot/debug_clear_ws~/install/clearpath_generator_gz:/home/robot/debug_clear_ws~/install/clearpath_common:/home/robot/debug_clear_ws~/install/clearpath_generator_common:/home/robot/debug_clear_ws~/install/clearpath_description:/home/robot/debug_clear_ws~/install/clearpath_sensors_description:/home/robot/debug_clear_ws~/install/clearpath_platform:/home/robot/debug_clear_ws~/install/clearpath_msgs:/home/robot/debug_clear_ws~/install/clearpath_platform_msgs:/home/robot/debug_clear_ws~/install/clearpath_platform_description:/home/robot/debug_clear_ws~/install/clearpath_mounts_description:/home/robot/debug_clear_ws~/install/clearpath_manipulators:/home/robot/debug_clear_ws~/install/clearpath_manipulators_description:/home/robot/debug_clear_ws~/install/clearpath_customization:/home/robot/debug_clear_ws~/install/clearpath_control:/home/robot/debug_clear_ws/install/clearpath_config:/home/robot/debug_clear_ws~/install/clearpath_config:/opt/ros/humble LD_LIBRARY_PATH=/home/robot/debug_clear_ws/install/clearpath_platform_msgs/lib:/home/robot/debug_clear_ws/install/clearpath_platform/lib:/home/robot/debug_clear_ws~/install/clearpath_platform/lib:/home/robot/debug_clear_ws~/install/clearpath_platform_msgs/lib:/opt/ros/humble/opt/rviz_ogre_vendor/lib:/opt/ros/humble/lib/x86_64-linux-gnu:/opt/ros/humble/lib /usr/bin/cmake /home/robot/debug_clear_ws/src/clearpath_common/clearpath_platform -DCMAKE_INSTALL_PREFIX=/home/robot/debug_clear_ws/install/clearpath_platform
[1.708s] Invoking command in '/home/robot/debug_clear_ws/build/clearpath_platform': CMAKE_PREFIX_PATH=/home/robot/debug_clear_ws/install/clearpath_platform_msgs:/home/robot/debug_clear_ws/install/clearpath_platform_description:/home/robot/debug_clear_ws/install/clearpath_control:/home/robot/debug_clear_ws/install/clearpath_simulator:/home/robot/debug_clear_ws/install/clearpath_gz:/home/robot/debug_clear_ws/install/clearpath_generator_gz:/home/robot/debug_clear_ws/install/clearpath_common:/home/robot/debug_clear_ws/install/clearpath_generator_common:/home/robot/debug_clear_ws/install/clearpath_description:/home/robot/debug_clear_ws/install/clearpath_sensors_description:/home/robot/debug_clear_ws/install/clearpath_platform:/home/robot/debug_clear_ws/install/clearpath_msgs:/home/robot/debug_clear_ws/install/clearpath_mounts_description:/home/robot/debug_clear_ws/install/clearpath_manipulators:/home/robot/debug_clear_ws/install/clearpath_manipulators_description:/home/robot/debug_clear_ws/install/clearpath_customization:/home/robot/debug_clear_ws~/install/clearpath_simulator:/home/robot/debug_clear_ws~/install/clearpath_gz:/home/robot/debug_clear_ws~/install/clearpath_generator_gz:/home/robot/debug_clear_ws~/install/clearpath_common:/home/robot/debug_clear_ws~/install/clearpath_generator_common:/home/robot/debug_clear_ws~/install/clearpath_description:/home/robot/debug_clear_ws~/install/clearpath_sensors_description:/home/robot/debug_clear_ws~/install/clearpath_platform:/home/robot/debug_clear_ws~/install/clearpath_msgs:/home/robot/debug_clear_ws~/install/clearpath_platform_msgs:/home/robot/debug_clear_ws~/install/clearpath_platform_description:/home/robot/debug_clear_ws~/install/clearpath_mounts_description:/home/robot/debug_clear_ws~/install/clearpath_manipulators:/home/robot/debug_clear_ws~/install/clearpath_manipulators_description:/home/robot/debug_clear_ws~/install/clearpath_customization:/home/robot/debug_clear_ws~/install/clearpath_control:/home/robot/debug_clear_ws/install/clearpath_config:/home/robot/debug_clear_ws~/install/clearpath_config:/opt/ros/humble LD_LIBRARY_PATH=/home/robot/debug_clear_ws/install/clearpath_platform_msgs/lib:/home/robot/debug_clear_ws/install/clearpath_platform/lib:/home/robot/debug_clear_ws~/install/clearpath_platform/lib:/home/robot/debug_clear_ws~/install/clearpath_platform_msgs/lib:/opt/ros/humble/opt/rviz_ogre_vendor/lib:/opt/ros/humble/lib/x86_64-linux-gnu:/opt/ros/humble/lib /usr/bin/cmake --build /home/robot/debug_clear_ws/build/clearpath_platform -- -j12 -l12
[1.770s] [  3%] [32mBuilding CXX object CMakeFiles/w200_hardware.dir/src/w200/hardware.cpp.o[0m
[1.772s] [  6%] [32mBuilding CXX object CMakeFiles/w200_hardware.dir/src/w200/hardware_interface.cpp.o[0m
[1.773s] [ 10%] [32mBuilding CXX object CMakeFiles/a200_hardware.dir/src/a200/hardware.cpp.o[0m
[1.773s] [ 16%] [32mBuilding CXX object CMakeFiles/clearpath_platform_lighting.dir/src/lighting/sequence.cpp.o[0m
[1.773s] [ 16%] [32mBuilding CXX object CMakeFiles/clearpath_platform_lighting.dir/src/lighting/lighting.cpp.o[0m
[1.773s] [ 20%] [32mBuilding CXX object CMakeFiles/a200_hardware.dir/src/a200/status.cpp.o[0m
[1.773s] [ 23%] [32mBuilding CXX object CMakeFiles/j100_hardware.dir/src/j100/hardware.cpp.o[0m
[1.774s] [ 26%] [32mBuilding CXX object CMakeFiles/j100_hardware.dir/src/diff_drive/hardware.cpp.o[0m
[1.774s] [ 30%] [32mBuilding CXX object CMakeFiles/puma_hardware.dir/src/puma/hardware.cpp.o[0m
[1.774s] [ 33%] [32mBuilding CXX object CMakeFiles/j100_hardware.dir/src/j100/hardware_interface.cpp.o[0m
[1.776s] [ 36%] [32mBuilding CXX object CMakeFiles/clearpath_platform_lighting.dir/src/lighting/color.cpp.o[0m
[1.777s] [ 40%] [32mBuilding CXX object CMakeFiles/a200_hardware.dir/src/a200/horizon_legacy/horizon_legacy_wrapper.cpp.o[0m
[2.653s] [ 43%] [32mBuilding CXX object CMakeFiles/puma_hardware.dir/src/puma/hardware_interface.cpp.o[0m
[3.519s] [ 46%] [32mBuilding CXX object CMakeFiles/a200_hardware.dir/src/a200/horizon_legacy/crc.cpp.o[0m
[3.636s] [ 50%] [32mBuilding CXX object CMakeFiles/a200_hardware.dir/src/a200/horizon_legacy/Logger.cpp.o[0m
[4.258s] [ 53%] [32mBuilding CXX object CMakeFiles/a200_hardware.dir/src/a200/horizon_legacy/Message.cpp.o[0m
[4.492s] [ 56%] [32mBuilding CXX object CMakeFiles/j100_hardware.dir/src/diff_drive/hardware_interface.cpp.o[0m
[5.010s] [ 60%] [32mBuilding CXX object CMakeFiles/a200_hardware.dir/src/a200/horizon_legacy/Message_data.cpp.o[0m
[6.508s] [ 63%] [32mBuilding CXX object CMakeFiles/a200_hardware.dir/src/a200/horizon_legacy/Message_request.cpp.o[0m
[7.096s] [ 66%] [32mBuilding CXX object CMakeFiles/a200_hardware.dir/src/a200/horizon_legacy/Message_cmd.cpp.o[0m
[7.526s] [ 70%] [32mBuilding CXX object CMakeFiles/a200_hardware.dir/src/a200/horizon_legacy/Transport.cpp.o[0m
[7.785s] [ 73%] [32mBuilding CXX object CMakeFiles/a200_hardware.dir/src/a200/horizon_legacy/Number.cpp.o[0m
[8.309s] [ 76%] [32mBuilding CXX object CMakeFiles/a200_hardware.dir/src/a200/horizon_legacy/linux_serial.cpp.o[0m
[11.826s] [ 80%] [32m[1mLinking CXX shared library liba200_hardware.so[0m
[12.323s] [ 80%] Built target a200_hardware
[14.092s] [ 83%] [32m[1mLinking CXX shared library libw200_hardware.so[0m
[14.706s] [ 83%] Built target w200_hardware
[14.889s] [ 86%] [32m[1mLinking CXX shared library libpuma_hardware.so[0m
[15.441s] [ 86%] Built target puma_hardware
[15.938s] [ 90%] [32m[1mLinking CXX shared library libj100_hardware.so[0m
[16.427s] [ 90%] Built target j100_hardware
[30.869s] [ 93%] [32m[1mLinking CXX shared library libclearpath_platform_lighting.so[0m
[32.605s] [ 93%] Built target clearpath_platform_lighting
[32.630s] [ 96%] [32mBuilding CXX object CMakeFiles/lighting_node.dir/src/lighting/main.cpp.o[0m
[35.547s] [100%] [32m[1mLinking CXX executable lighting_node[0m
[35.946s] [100%] Built target lighting_node
[35.957s] Invoked command in '/home/robot/debug_clear_ws/build/clearpath_platform' returned '0': CMAKE_PREFIX_PATH=/home/robot/debug_clear_ws/install/clearpath_platform_msgs:/home/robot/debug_clear_ws/install/clearpath_platform_description:/home/robot/debug_clear_ws/install/clearpath_control:/home/robot/debug_clear_ws/install/clearpath_simulator:/home/robot/debug_clear_ws/install/clearpath_gz:/home/robot/debug_clear_ws/install/clearpath_generator_gz:/home/robot/debug_clear_ws/install/clearpath_common:/home/robot/debug_clear_ws/install/clearpath_generator_common:/home/robot/debug_clear_ws/install/clearpath_description:/home/robot/debug_clear_ws/install/clearpath_sensors_description:/home/robot/debug_clear_ws/install/clearpath_platform:/home/robot/debug_clear_ws/install/clearpath_msgs:/home/robot/debug_clear_ws/install/clearpath_mounts_description:/home/robot/debug_clear_ws/install/clearpath_manipulators:/home/robot/debug_clear_ws/install/clearpath_manipulators_description:/home/robot/debug_clear_ws/install/clearpath_customization:/home/robot/debug_clear_ws~/install/clearpath_simulator:/home/robot/debug_clear_ws~/install/clearpath_gz:/home/robot/debug_clear_ws~/install/clearpath_generator_gz:/home/robot/debug_clear_ws~/install/clearpath_common:/home/robot/debug_clear_ws~/install/clearpath_generator_common:/home/robot/debug_clear_ws~/install/clearpath_description:/home/robot/debug_clear_ws~/install/clearpath_sensors_description:/home/robot/debug_clear_ws~/install/clearpath_platform:/home/robot/debug_clear_ws~/install/clearpath_msgs:/home/robot/debug_clear_ws~/install/clearpath_platform_msgs:/home/robot/debug_clear_ws~/install/clearpath_platform_description:/home/robot/debug_clear_ws~/install/clearpath_mounts_description:/home/robot/debug_clear_ws~/install/clearpath_manipulators:/home/robot/debug_clear_ws~/install/clearpath_manipulators_description:/home/robot/debug_clear_ws~/install/clearpath_customization:/home/robot/debug_clear_ws~/install/clearpath_control:/home/robot/debug_clear_ws/install/clearpath_config:/home/robot/debug_clear_ws~/install/clearpath_config:/opt/ros/humble LD_LIBRARY_PATH=/home/robot/debug_clear_ws/install/clearpath_platform_msgs/lib:/home/robot/debug_clear_ws/install/clearpath_platform/lib:/home/robot/debug_clear_ws~/install/clearpath_platform/lib:/home/robot/debug_clear_ws~/install/clearpath_platform_msgs/lib:/opt/ros/humble/opt/rviz_ogre_vendor/lib:/opt/ros/humble/lib/x86_64-linux-gnu:/opt/ros/humble/lib /usr/bin/cmake --build /home/robot/debug_clear_ws/build/clearpath_platform -- -j12 -l12
[36.042s] Invoking command in '/home/robot/debug_clear_ws/build/clearpath_platform': CMAKE_PREFIX_PATH=/home/robot/debug_clear_ws/install/clearpath_platform_msgs:/home/robot/debug_clear_ws/install/clearpath_platform_description:/home/robot/debug_clear_ws/install/clearpath_control:/home/robot/debug_clear_ws/install/clearpath_simulator:/home/robot/debug_clear_ws/install/clearpath_gz:/home/robot/debug_clear_ws/install/clearpath_generator_gz:/home/robot/debug_clear_ws/install/clearpath_common:/home/robot/debug_clear_ws/install/clearpath_generator_common:/home/robot/debug_clear_ws/install/clearpath_description:/home/robot/debug_clear_ws/install/clearpath_sensors_description:/home/robot/debug_clear_ws/install/clearpath_platform:/home/robot/debug_clear_ws/install/clearpath_msgs:/home/robot/debug_clear_ws/install/clearpath_mounts_description:/home/robot/debug_clear_ws/install/clearpath_manipulators:/home/robot/debug_clear_ws/install/clearpath_manipulators_description:/home/robot/debug_clear_ws/install/clearpath_customization:/home/robot/debug_clear_ws~/install/clearpath_simulator:/home/robot/debug_clear_ws~/install/clearpath_gz:/home/robot/debug_clear_ws~/install/clearpath_generator_gz:/home/robot/debug_clear_ws~/install/clearpath_common:/home/robot/debug_clear_ws~/install/clearpath_generator_common:/home/robot/debug_clear_ws~/install/clearpath_description:/home/robot/debug_clear_ws~/install/clearpath_sensors_description:/home/robot/debug_clear_ws~/install/clearpath_platform:/home/robot/debug_clear_ws~/install/clearpath_msgs:/home/robot/debug_clear_ws~/install/clearpath_platform_msgs:/home/robot/debug_clear_ws~/install/clearpath_platform_description:/home/robot/debug_clear_ws~/install/clearpath_mounts_description:/home/robot/debug_clear_ws~/install/clearpath_manipulators:/home/robot/debug_clear_ws~/install/clearpath_manipulators_description:/home/robot/debug_clear_ws~/install/clearpath_customization:/home/robot/debug_clear_ws~/install/clearpath_control:/home/robot/debug_clear_ws/install/clearpath_config:/home/robot/debug_clear_ws~/install/clearpath_config:/opt/ros/humble LD_LIBRARY_PATH=/home/robot/debug_clear_ws/install/clearpath_platform_msgs/lib:/home/robot/debug_clear_ws/install/clearpath_platform/lib:/home/robot/debug_clear_ws~/install/clearpath_platform/lib:/home/robot/debug_clear_ws~/install/clearpath_platform_msgs/lib:/opt/ros/humble/opt/rviz_ogre_vendor/lib:/opt/ros/humble/lib/x86_64-linux-gnu:/opt/ros/humble/lib /usr/bin/cmake --install /home/robot/debug_clear_ws/build/clearpath_platform
[36.048s] -- Install configuration: ""
[36.048s] -- Installing: /home/robot/debug_clear_ws/install/clearpath_platform/share/clearpath_platform/src/a200/hardware.xml
[36.048s] -- Installing: /home/robot/debug_clear_ws/install/clearpath_platform/share/clearpath_platform/src/j100/hardware.xml
[36.048s] -- Installing: /home/robot/debug_clear_ws/install/clearpath_platform/share/clearpath_platform/src/w200/hardware.xml
[36.048s] -- Installing: /home/robot/debug_clear_ws/install/clearpath_platform/share/clearpath_platform/src/puma/hardware.xml
[36.049s] -- Installing: /home/robot/debug_clear_ws/install/clearpath_platform/lib/liba200_hardware.so
[36.052s] -- Set runtime path of "/home/robot/debug_clear_ws/install/clearpath_platform/lib/liba200_hardware.so" to ""
[36.052s] -- Installing: /home/robot/debug_clear_ws/install/clearpath_platform/lib/libj100_hardware.so
[36.057s] -- Set runtime path of "/home/robot/debug_clear_ws/install/clearpath_platform/lib/libj100_hardware.so" to ""
[36.057s] -- Installing: /home/robot/debug_clear_ws/install/clearpath_platform/lib/libw200_hardware.so
[36.062s] -- Set runtime path of "/home/robot/debug_clear_ws/install/clearpath_platform/lib/libw200_hardware.so" to ""
[36.062s] -- Installing: /home/robot/debug_clear_ws/install/clearpath_platform/lib/libpuma_hardware.so
[36.068s] -- Set runtime path of "/home/robot/debug_clear_ws/install/clearpath_platform/lib/libpuma_hardware.so" to ""
[36.068s] -- Installing: /home/robot/debug_clear_ws/install/clearpath_platform/lib/clearpath_platform/lighting_node
[36.069s] -- Set runtime path of "/home/robot/debug_clear_ws/install/clearpath_platform/lib/clearpath_platform/lighting_node" to ""
[36.069s] -- Installing: /home/robot/debug_clear_ws/install/clearpath_platform/lib/libclearpath_platform_lighting.so
[36.089s] -- Set runtime path of "/home/robot/debug_clear_ws/install/clearpath_platform/lib/libclearpath_platform_lighting.so" to ""
[36.089s] -- Installing: /home/robot/debug_clear_ws/install/clearpath_platform/include
[36.089s] -- Installing: /home/robot/debug_clear_ws/install/clearpath_platform/include/clearpath_platform
[36.089s] -- Installing: /home/robot/debug_clear_ws/install/clearpath_platform/include/clearpath_platform/diff_drive
[36.089s] -- Installing: /home/robot/debug_clear_ws/install/clearpath_platform/include/clearpath_platform/diff_drive/hardware_interface.hpp
[36.089s] -- Installing: /home/robot/debug_clear_ws/install/clearpath_platform/include/clearpath_platform/diff_drive/hardware.hpp
[36.089s] -- Installing: /home/robot/debug_clear_ws/install/clearpath_platform/include/clearpath_platform/lighting
[36.089s] -- Installing: /home/robot/debug_clear_ws/install/clearpath_platform/include/clearpath_platform/lighting/platform.hpp
[36.089s] -- Installing: /home/robot/debug_clear_ws/install/clearpath_platform/include/clearpath_platform/lighting/lighting.hpp
[36.090s] -- Installing: /home/robot/debug_clear_ws/install/clearpath_platform/include/clearpath_platform/lighting/color.hpp
[36.090s] -- Installing: /home/robot/debug_clear_ws/install/clearpath_platform/include/clearpath_platform/lighting/sequence.hpp
[36.090s] -- Installing: /home/robot/debug_clear_ws/install/clearpath_platform/include/clearpath_platform/puma
[36.090s] -- Installing: /home/robot/debug_clear_ws/install/clearpath_platform/include/clearpath_platform/puma/hardware_interface.hpp
[36.090s] -- Installing: /home/robot/debug_clear_ws/install/clearpath_platform/include/clearpath_platform/puma/hardware.hpp
[36.090s] -- Installing: /home/robot/debug_clear_ws/install/clearpath_platform/include/clearpath_platform/w200
[36.090s] -- Installing: /home/robot/debug_clear_ws/install/clearpath_platform/include/clearpath_platform/w200/hardware_interface.hpp
[36.090s] -- Installing: /home/robot/debug_clear_ws/install/clearpath_platform/include/clearpath_platform/w200/hardware.hpp
[36.090s] -- Installing: /home/robot/debug_clear_ws/install/clearpath_platform/include/clearpath_platform/j100
[36.090s] -- Installing: /home/robot/debug_clear_ws/install/clearpath_platform/include/clearpath_platform/j100/hardware_interface.hpp
[36.090s] -- Installing: /home/robot/debug_clear_ws/install/clearpath_platform/include/clearpath_platform/j100/hardware.hpp
[36.090s] -- Installing: /home/robot/debug_clear_ws/install/clearpath_platform/include/clearpath_platform/a200
[36.090s] -- Installing: /home/robot/debug_clear_ws/install/clearpath_platform/include/clearpath_platform/a200/hardware.hpp
[36.090s] -- Installing: /home/robot/debug_clear_ws/install/clearpath_platform/include/clearpath_platform/a200/horizon_legacy
[36.090s] -- Installing: /home/robot/debug_clear_ws/install/clearpath_platform/include/clearpath_platform/a200/horizon_legacy/crc.h
[36.090s] -- Installing: /home/robot/debug_clear_ws/install/clearpath_platform/include/clearpath_platform/a200/horizon_legacy/serial.h
[36.090s] -- Installing: /home/robot/debug_clear_ws/install/clearpath_platform/include/clearpath_platform/a200/horizon_legacy/Message_data.h
[36.091s] -- Installing: /home/robot/debug_clear_ws/install/clearpath_platform/include/clearpath_platform/a200/horizon_legacy/Exception.h
[36.091s] -- Installing: /home/robot/debug_clear_ws/install/clearpath_platform/include/clearpath_platform/a200/horizon_legacy/Transport.h
[36.091s] -- Installing: /home/robot/debug_clear_ws/install/clearpath_platform/include/clearpath_platform/a200/horizon_legacy/Message_request.h
[36.091s] -- Installing: /home/robot/debug_clear_ws/install/clearpath_platform/include/clearpath_platform/a200/horizon_legacy/Logger.h
[36.091s] -- Installing: /home/robot/debug_clear_ws/install/clearpath_platform/include/clearpath_platform/a200/horizon_legacy/Number.h
[36.091s] -- Installing: /home/robot/debug_clear_ws/install/clearpath_platform/include/clearpath_platform/a200/horizon_legacy/horizon_legacy_wrapper.h
[36.091s] -- Installing: /home/robot/debug_clear_ws/install/clearpath_platform/include/clearpath_platform/a200/horizon_legacy/clearpath.h
[36.091s] -- Installing: /home/robot/debug_clear_ws/install/clearpath_platform/include/clearpath_platform/a200/horizon_legacy/Message_cmd.h
[36.091s] -- Installing: /home/robot/debug_clear_ws/install/clearpath_platform/include/clearpath_platform/a200/horizon_legacy/Message.h
[36.091s] -- Installing: /home/robot/debug_clear_ws/install/clearpath_platform/include/clearpath_platform/a200/status.hpp
[36.091s] -- Installing: /home/robot/debug_clear_ws/install/clearpath_platform/share/clearpath_platform/config
[36.092s] -- Installing: /home/robot/debug_clear_ws/install/clearpath_platform/share/clearpath_platform/config/imu_filter.yaml
[36.092s] -- Installing: /home/robot/debug_clear_ws/install/clearpath_platform/share/clearpath_platform/launch
[36.092s] -- Installing: /home/robot/debug_clear_ws/install/clearpath_platform/share/clearpath_platform/launch/platform.launch.py
[36.092s] -- Installing: /home/robot/debug_clear_ws/install/clearpath_platform/share/clearpath_platform/environment/library_path.sh
[36.092s] -- Installing: /home/robot/debug_clear_ws/install/clearpath_platform/share/clearpath_platform/environment/library_path.dsv
[36.092s] -- Installing: /home/robot/debug_clear_ws/install/clearpath_platform/share/ament_index/resource_index/package_run_dependencies/clearpath_platform
[36.092s] -- Installing: /home/robot/debug_clear_ws/install/clearpath_platform/share/ament_index/resource_index/parent_prefix_path/clearpath_platform
[36.092s] -- Installing: /home/robot/debug_clear_ws/install/clearpath_platform/share/clearpath_platform/environment/ament_prefix_path.sh
[36.093s] -- Installing: /home/robot/debug_clear_ws/install/clearpath_platform/share/clearpath_platform/environment/ament_prefix_path.dsv
[36.093s] -- Installing: /home/robot/debug_clear_ws/install/clearpath_platform/share/clearpath_platform/environment/path.sh
[36.093s] -- Installing: /home/robot/debug_clear_ws/install/clearpath_platform/share/clearpath_platform/environment/path.dsv
[36.093s] -- Installing: /home/robot/debug_clear_ws/install/clearpath_platform/share/clearpath_platform/local_setup.bash
[36.093s] -- Installing: /home/robot/debug_clear_ws/install/clearpath_platform/share/clearpath_platform/local_setup.sh
[36.093s] -- Installing: /home/robot/debug_clear_ws/install/clearpath_platform/share/clearpath_platform/local_setup.zsh
[36.093s] -- Installing: /home/robot/debug_clear_ws/install/clearpath_platform/share/clearpath_platform/local_setup.dsv
[36.093s] -- Installing: /home/robot/debug_clear_ws/install/clearpath_platform/share/clearpath_platform/package.dsv
[36.094s] -- Installing: /home/robot/debug_clear_ws/install/clearpath_platform/share/ament_index/resource_index/packages/clearpath_platform
[36.094s] -- Installing: /home/robot/debug_clear_ws/install/clearpath_platform/share/ament_index/resource_index/hardware_interface__pluginlib__plugin/clearpath_platform
[36.094s] -- Installing: /home/robot/debug_clear_ws/install/clearpath_platform/share/clearpath_platform/cmake/ament_cmake_export_include_directories-extras.cmake
[36.094s] -- Installing: /home/robot/debug_clear_ws/install/clearpath_platform/share/clearpath_platform/cmake/ament_cmake_export_libraries-extras.cmake
[36.094s] -- Installing: /home/robot/debug_clear_ws/install/clearpath_platform/share/clearpath_platform/cmake/ament_cmake_export_dependencies-extras.cmake
[36.094s] -- Installing: /home/robot/debug_clear_ws/install/clearpath_platform/share/clearpath_platform/cmake/clearpath_platformConfig.cmake
[36.094s] -- Installing: /home/robot/debug_clear_ws/install/clearpath_platform/share/clearpath_platform/cmake/clearpath_platformConfig-version.cmake
[36.094s] -- Installing: /home/robot/debug_clear_ws/install/clearpath_platform/share/clearpath_platform/package.xml
[36.097s] Invoked command in '/home/robot/debug_clear_ws/build/clearpath_platform' returned '0': CMAKE_PREFIX_PATH=/home/robot/debug_clear_ws/install/clearpath_platform_msgs:/home/robot/debug_clear_ws/install/clearpath_platform_description:/home/robot/debug_clear_ws/install/clearpath_control:/home/robot/debug_clear_ws/install/clearpath_simulator:/home/robot/debug_clear_ws/install/clearpath_gz:/home/robot/debug_clear_ws/install/clearpath_generator_gz:/home/robot/debug_clear_ws/install/clearpath_common:/home/robot/debug_clear_ws/install/clearpath_generator_common:/home/robot/debug_clear_ws/install/clearpath_description:/home/robot/debug_clear_ws/install/clearpath_sensors_description:/home/robot/debug_clear_ws/install/clearpath_platform:/home/robot/debug_clear_ws/install/clearpath_msgs:/home/robot/debug_clear_ws/install/clearpath_mounts_description:/home/robot/debug_clear_ws/install/clearpath_manipulators:/home/robot/debug_clear_ws/install/clearpath_manipulators_description:/home/robot/debug_clear_ws/install/clearpath_customization:/home/robot/debug_clear_ws~/install/clearpath_simulator:/home/robot/debug_clear_ws~/install/clearpath_gz:/home/robot/debug_clear_ws~/install/clearpath_generator_gz:/home/robot/debug_clear_ws~/install/clearpath_common:/home/robot/debug_clear_ws~/install/clearpath_generator_common:/home/robot/debug_clear_ws~/install/clearpath_description:/home/robot/debug_clear_ws~/install/clearpath_sensors_description:/home/robot/debug_clear_ws~/install/clearpath_platform:/home/robot/debug_clear_ws~/install/clearpath_msgs:/home/robot/debug_clear_ws~/install/clearpath_platform_msgs:/home/robot/debug_clear_ws~/install/clearpath_platform_description:/home/robot/debug_clear_ws~/install/clearpath_mounts_description:/home/robot/debug_clear_ws~/install/clearpath_manipulators:/home/robot/debug_clear_ws~/install/clearpath_manipulators_description:/home/robot/debug_clear_ws~/install/clearpath_customization:/home/robot/debug_clear_ws~/install/clearpath_control:/home/robot/debug_clear_ws/install/clearpath_config:/home/robot/debug_clear_ws~/install/clearpath_config:/opt/ros/humble LD_LIBRARY_PATH=/home/robot/debug_clear_ws/install/clearpath_platform_msgs/lib:/home/robot/debug_clear_ws/install/clearpath_platform/lib:/home/robot/debug_clear_ws~/install/clearpath_platform/lib:/home/robot/debug_clear_ws~/install/clearpath_platform_msgs/lib:/opt/ros/humble/opt/rviz_ogre_vendor/lib:/opt/ros/humble/lib/x86_64-linux-gnu:/opt/ros/humble/lib /usr/bin/cmake --install /home/robot/debug_clear_ws/build/clearpath_platform
