[1.303s] Invoking command in '/home/robot/debug_clear_ws/src/yolo_ros/yolo_ros': CMAKE_PREFIX_PATH=/home/robot/debug_clear_ws/install/yolo_msgs:/home/robot/debug_clear_ws/install/yolo_bringup:/home/robot/debug_clear_ws/install/clearpath_simulator:/home/robot/debug_clear_ws/install/clearpath_gz:/home/robot/debug_clear_ws/install/clearpath_generator_gz:/home/robot/debug_clear_ws/install/clearpath_common:/home/robot/debug_clear_ws/install/clearpath_generator_common:/home/robot/debug_clear_ws/install/clearpath_description:/home/robot/debug_clear_ws/install/clearpath_sensors_description:/home/robot/debug_clear_ws/install/clearpath_platform:/home/robot/debug_clear_ws/install/clearpath_msgs:/home/robot/debug_clear_ws/install/clearpath_platform_msgs:/home/robot/debug_clear_ws/install/clearpath_platform_description:/home/robot/debug_clear_ws/install/clearpath_mounts_description:/home/robot/debug_clear_ws/install/clearpath_manipulators:/home/robot/debug_clear_ws/install/clearpath_manipulators_description:/home/robot/debug_clear_ws/install/clearpath_customization:/home/robot/debug_clear_ws/install/clearpath_control PYTHONPATH=/home/robot/debug_clear_ws/build/yolo_ros/prefix_override:/usr/lib/python3/dist-packages/colcon_core/task/python/colcon_distutils_commands:/home/robot/debug_clear_ws/install/yolo_ros/lib/python3.10/site-packages:${PYTHONPATH} /usr/bin/python3 -W ignore:setup.py install is deprecated -W ignore:easy_install command is deprecated setup.py egg_info --egg-base ../../../build/yolo_ros build --build-base /home/robot/debug_clear_ws/build/yolo_ros/build install --record /home/robot/debug_clear_ws/build/yolo_ros/install.log --single-version-externally-managed install_data
[1.672s] running egg_info
[1.696s] creating ../../../build/yolo_ros/yolo_ros.egg-info
[1.696s] writing ../../../build/yolo_ros/yolo_ros.egg-info/PKG-INFO
[1.696s] writing dependency_links to ../../../build/yolo_ros/yolo_ros.egg-info/dependency_links.txt
[1.696s] writing entry points to ../../../build/yolo_ros/yolo_ros.egg-info/entry_points.txt
[1.697s] writing requirements to ../../../build/yolo_ros/yolo_ros.egg-info/requires.txt
[1.697s] writing top-level names to ../../../build/yolo_ros/yolo_ros.egg-info/top_level.txt
[1.697s] writing manifest file '../../../build/yolo_ros/yolo_ros.egg-info/SOURCES.txt'
[1.755s] reading manifest file '../../../build/yolo_ros/yolo_ros.egg-info/SOURCES.txt'
[1.757s] writing manifest file '../../../build/yolo_ros/yolo_ros.egg-info/SOURCES.txt'
[1.757s] running build
[1.757s] running build_py
[1.757s] creating /home/robot/debug_clear_ws/build/yolo_ros/build/lib/yolo_ros
[1.757s] copying yolo_ros/detect_3d_node.py -> /home/robot/debug_clear_ws/build/yolo_ros/build/lib/yolo_ros
[1.758s] copying yolo_ros/tracking_node.py -> /home/robot/debug_clear_ws/build/yolo_ros/build/lib/yolo_ros
[1.758s] copying yolo_ros/yolo_node.py -> /home/robot/debug_clear_ws/build/yolo_ros/build/lib/yolo_ros
[1.759s] copying yolo_ros/__init__.py -> /home/robot/debug_clear_ws/build/yolo_ros/build/lib/yolo_ros
[1.759s] copying yolo_ros/debug_node.py -> /home/robot/debug_clear_ws/build/yolo_ros/build/lib/yolo_ros
[1.760s] running install
[1.770s] running install_lib
[1.800s] creating /home/robot/debug_clear_ws/install/yolo_ros/lib/python3.10/site-packages/yolo_ros
[1.800s] copying /home/robot/debug_clear_ws/build/yolo_ros/build/lib/yolo_ros/detect_3d_node.py -> /home/robot/debug_clear_ws/install/yolo_ros/lib/python3.10/site-packages/yolo_ros
[1.801s] copying /home/robot/debug_clear_ws/build/yolo_ros/build/lib/yolo_ros/tracking_node.py -> /home/robot/debug_clear_ws/install/yolo_ros/lib/python3.10/site-packages/yolo_ros
[1.801s] copying /home/robot/debug_clear_ws/build/yolo_ros/build/lib/yolo_ros/yolo_node.py -> /home/robot/debug_clear_ws/install/yolo_ros/lib/python3.10/site-packages/yolo_ros
[1.801s] copying /home/robot/debug_clear_ws/build/yolo_ros/build/lib/yolo_ros/__init__.py -> /home/robot/debug_clear_ws/install/yolo_ros/lib/python3.10/site-packages/yolo_ros
[1.801s] copying /home/robot/debug_clear_ws/build/yolo_ros/build/lib/yolo_ros/debug_node.py -> /home/robot/debug_clear_ws/install/yolo_ros/lib/python3.10/site-packages/yolo_ros
[1.801s] byte-compiling /home/robot/debug_clear_ws/install/yolo_ros/lib/python3.10/site-packages/yolo_ros/detect_3d_node.py to detect_3d_node.cpython-310.pyc
[1.804s] byte-compiling /home/robot/debug_clear_ws/install/yolo_ros/lib/python3.10/site-packages/yolo_ros/tracking_node.py to tracking_node.cpython-310.pyc
[1.805s] byte-compiling /home/robot/debug_clear_ws/install/yolo_ros/lib/python3.10/site-packages/yolo_ros/yolo_node.py to yolo_node.cpython-310.pyc
[1.807s] byte-compiling /home/robot/debug_clear_ws/install/yolo_ros/lib/python3.10/site-packages/yolo_ros/__init__.py to __init__.cpython-310.pyc
[1.807s] byte-compiling /home/robot/debug_clear_ws/install/yolo_ros/lib/python3.10/site-packages/yolo_ros/debug_node.py to debug_node.cpython-310.pyc
[1.809s] running install_data
[1.810s] creating /home/robot/debug_clear_ws/install/yolo_ros/share/ament_index/resource_index/packages
[1.810s] copying resource/yolo_ros -> /home/robot/debug_clear_ws/install/yolo_ros/share/ament_index/resource_index/packages
[1.810s] copying package.xml -> /home/robot/debug_clear_ws/install/yolo_ros/share/yolo_ros
[1.810s] running install_egg_info
[1.836s] Copying ../../../build/yolo_ros/yolo_ros.egg-info to /home/robot/debug_clear_ws/install/yolo_ros/lib/python3.10/site-packages/yolo_ros-0.0.0-py3.10.egg-info
[1.837s] running install_scripts
[2.042s] Installing debug_node script to /home/robot/debug_clear_ws/install/yolo_ros/lib/yolo_ros
[2.042s] Installing detect_3d_node script to /home/robot/debug_clear_ws/install/yolo_ros/lib/yolo_ros
[2.043s] Installing tracking_node script to /home/robot/debug_clear_ws/install/yolo_ros/lib/yolo_ros
[2.043s] Installing yolo_node script to /home/robot/debug_clear_ws/install/yolo_ros/lib/yolo_ros
[2.043s] writing list of installed files to '/home/robot/debug_clear_ws/build/yolo_ros/install.log'
