[0.643s] Invoking command in '/home/dimash/debug_clear_ws/build/mpc_low': CMAKE_PREFIX_PATH=/home/dimash/debug_clear_ws/install/yolo_msgs:/home/dimash/debug_clear_ws/install/yolo_bringup:/home/dimash/debug_clear_ws/install/mpc_low:/home/dimash/debug_clear_ws/install/point_cloud_debug:/home/dimash/debug_clear_ws/install/move_model_plugin:/home/dimash/debug_clear_ws/install/clearpath_simulator:/home/dimash/debug_clear_ws/install/clearpath_gz:/home/dimash/debug_clear_ws/install/clearpath_generator_gz:/home/dimash/debug_clear_ws/install/clearpath_common:/home/dimash/debug_clear_ws/install/clearpath_generator_common:/home/dimash/debug_clear_ws/install/clearpath_description:/home/dimash/debug_clear_ws/install/clearpath_sensors_description:/home/dimash/debug_clear_ws/install/clearpath_platform:/home/dimash/debug_clear_ws/install/clearpath_msgs:/home/dimash/debug_clear_ws/install/clearpath_platform_msgs:/home/dimash/debug_clear_ws/install/clearpath_platform_description:/home/dimash/debug_clear_ws/install/clearpath_nav2_demos:/home/dimash/debug_clear_ws/install/clearpath_mounts_description:/home/dimash/debug_clear_ws/install/clearpath_manipulators:/home/dimash/debug_clear_ws/install/clearpath_manipulators_description:/home/dimash/debug_clear_ws/install/clearpath_customization:/home/dimash/debug_clear_ws/install/clearpath_control:/home/dimash/debug_clear_ws/install/yolo_ros:/home/dimash/debug_clear_ws/install/person_movement:/home/dimash/debug_clear_ws/install/clearpath_config:/opt/ros/humble LD_LIBRARY_PATH=/home/dimash/debug_clear_ws/install/yolo_msgs/lib:/home/dimash/debug_clear_ws/install/mpc_low/lib:/home/dimash/debug_clear_ws/install/move_model_plugin/lib:/home/dimash/debug_clear_ws/install/clearpath_platform/lib:/home/dimash/debug_clear_ws/install/clearpath_platform_msgs/lib:/opt/ros/humble/opt/rviz_ogre_vendor/lib:/opt/ros/humble/lib/x86_64-linux-gnu:/opt/ros/humble/lib:/home/dimash/acados/lib:/home/dimash/acados/lib /usr/bin/cmake --build /home/dimash/debug_clear_ws/build/mpc_low -- -j8 -l8
[0.738s] [35m[1mConsolidate compiler generated dependencies of target cmd_publisher[0m
[0.767s] [ 83%] Built target mpc_low_plugin
[0.771s] [ 91%] [32mBuilding CXX object CMakeFiles/cmd_publisher.dir/src/cmd_publisher.cpp.o[0m
[10.495s] [100%] [32m[1mLinking CXX executable cmd_publisher[0m
[10.931s] [100%] Built target cmd_publisher
[10.940s] Invoked command in '/home/dimash/debug_clear_ws/build/mpc_low' returned '0': CMAKE_PREFIX_PATH=/home/dimash/debug_clear_ws/install/yolo_msgs:/home/dimash/debug_clear_ws/install/yolo_bringup:/home/dimash/debug_clear_ws/install/mpc_low:/home/dimash/debug_clear_ws/install/point_cloud_debug:/home/dimash/debug_clear_ws/install/move_model_plugin:/home/dimash/debug_clear_ws/install/clearpath_simulator:/home/dimash/debug_clear_ws/install/clearpath_gz:/home/dimash/debug_clear_ws/install/clearpath_generator_gz:/home/dimash/debug_clear_ws/install/clearpath_common:/home/dimash/debug_clear_ws/install/clearpath_generator_common:/home/dimash/debug_clear_ws/install/clearpath_description:/home/dimash/debug_clear_ws/install/clearpath_sensors_description:/home/dimash/debug_clear_ws/install/clearpath_platform:/home/dimash/debug_clear_ws/install/clearpath_msgs:/home/dimash/debug_clear_ws/install/clearpath_platform_msgs:/home/dimash/debug_clear_ws/install/clearpath_platform_description:/home/dimash/debug_clear_ws/install/clearpath_nav2_demos:/home/dimash/debug_clear_ws/install/clearpath_mounts_description:/home/dimash/debug_clear_ws/install/clearpath_manipulators:/home/dimash/debug_clear_ws/install/clearpath_manipulators_description:/home/dimash/debug_clear_ws/install/clearpath_customization:/home/dimash/debug_clear_ws/install/clearpath_control:/home/dimash/debug_clear_ws/install/yolo_ros:/home/dimash/debug_clear_ws/install/person_movement:/home/dimash/debug_clear_ws/install/clearpath_config:/opt/ros/humble LD_LIBRARY_PATH=/home/dimash/debug_clear_ws/install/yolo_msgs/lib:/home/dimash/debug_clear_ws/install/mpc_low/lib:/home/dimash/debug_clear_ws/install/move_model_plugin/lib:/home/dimash/debug_clear_ws/install/clearpath_platform/lib:/home/dimash/debug_clear_ws/install/clearpath_platform_msgs/lib:/opt/ros/humble/opt/rviz_ogre_vendor/lib:/opt/ros/humble/lib/x86_64-linux-gnu:/opt/ros/humble/lib:/home/dimash/acados/lib:/home/dimash/acados/lib /usr/bin/cmake --build /home/dimash/debug_clear_ws/build/mpc_low -- -j8 -l8
[10.943s] Invoking command in '/home/dimash/debug_clear_ws/build/mpc_low': CMAKE_PREFIX_PATH=/home/dimash/debug_clear_ws/install/yolo_msgs:/home/dimash/debug_clear_ws/install/yolo_bringup:/home/dimash/debug_clear_ws/install/mpc_low:/home/dimash/debug_clear_ws/install/point_cloud_debug:/home/dimash/debug_clear_ws/install/move_model_plugin:/home/dimash/debug_clear_ws/install/clearpath_simulator:/home/dimash/debug_clear_ws/install/clearpath_gz:/home/dimash/debug_clear_ws/install/clearpath_generator_gz:/home/dimash/debug_clear_ws/install/clearpath_common:/home/dimash/debug_clear_ws/install/clearpath_generator_common:/home/dimash/debug_clear_ws/install/clearpath_description:/home/dimash/debug_clear_ws/install/clearpath_sensors_description:/home/dimash/debug_clear_ws/install/clearpath_platform:/home/dimash/debug_clear_ws/install/clearpath_msgs:/home/dimash/debug_clear_ws/install/clearpath_platform_msgs:/home/dimash/debug_clear_ws/install/clearpath_platform_description:/home/dimash/debug_clear_ws/install/clearpath_nav2_demos:/home/dimash/debug_clear_ws/install/clearpath_mounts_description:/home/dimash/debug_clear_ws/install/clearpath_manipulators:/home/dimash/debug_clear_ws/install/clearpath_manipulators_description:/home/dimash/debug_clear_ws/install/clearpath_customization:/home/dimash/debug_clear_ws/install/clearpath_control:/home/dimash/debug_clear_ws/install/yolo_ros:/home/dimash/debug_clear_ws/install/person_movement:/home/dimash/debug_clear_ws/install/clearpath_config:/opt/ros/humble LD_LIBRARY_PATH=/home/dimash/debug_clear_ws/install/yolo_msgs/lib:/home/dimash/debug_clear_ws/install/mpc_low/lib:/home/dimash/debug_clear_ws/install/move_model_plugin/lib:/home/dimash/debug_clear_ws/install/clearpath_platform/lib:/home/dimash/debug_clear_ws/install/clearpath_platform_msgs/lib:/opt/ros/humble/opt/rviz_ogre_vendor/lib:/opt/ros/humble/lib/x86_64-linux-gnu:/opt/ros/humble/lib:/home/dimash/acados/lib:/home/dimash/acados/lib /usr/bin/cmake --install /home/dimash/debug_clear_ws/build/mpc_low
[10.948s] -- Install configuration: ""
[10.949s] -- Installing: /home/dimash/debug_clear_ws/install/mpc_low/lib/mpc_low/cmd_publisher
[10.952s] -- Set runtime path of "/home/dimash/debug_clear_ws/install/mpc_low/lib/mpc_low/cmd_publisher" to ""
[10.952s] -- Up-to-date: /home/dimash/debug_clear_ws/install/mpc_low/share/mpc_low/mpc_controller_plugin.xml
[10.952s] -- Up-to-date: /home/dimash/debug_clear_ws/install/mpc_low/lib/libmpc_low_plugin.so
[10.952s] -- Up-to-date: /home/dimash/debug_clear_ws/install/mpc_low/include/
[10.952s] -- Up-to-date: /home/dimash/debug_clear_ws/install/mpc_low/include//acados_solver_holder.hpp
[10.953s] -- Up-to-date: /home/dimash/debug_clear_ws/install/mpc_low/include//mpc_controller.hpp
[10.953s] -- Up-to-date: /home/dimash/debug_clear_ws/install/mpc_low/include//mpc_planner.hpp
[10.953s] -- Up-to-date: /home/dimash/debug_clear_ws/install/mpc_low/include/mpc_low/solver
[10.953s] -- Up-to-date: /home/dimash/debug_clear_ws/install/mpc_low/include/mpc_low/solver/acados_solver_holder.cpp
[10.953s] -- Up-to-date: /home/dimash/debug_clear_ws/install/mpc_low/include/mpc_low/solver/acados_solver_Jackal.c
[10.953s] -- Up-to-date: /home/dimash/debug_clear_ws/install/mpc_low/include/mpc_low/solver/main_sim_Jackal.c
[10.953s] -- Up-to-date: /home/dimash/debug_clear_ws/install/mpc_low/include/mpc_low/solver/Jackal_constraints
[10.954s] -- Up-to-date: /home/dimash/debug_clear_ws/install/mpc_low/include/mpc_low/solver/Jackal_constraints/Jackal_constr_h_fun_jac_uxt_zt.c
[10.954s] -- Up-to-date: /home/dimash/debug_clear_ws/install/mpc_low/include/mpc_low/solver/Jackal_constraints/Jackal_constr_h_fun.c
[10.954s] -- Up-to-date: /home/dimash/debug_clear_ws/install/mpc_low/include/mpc_low/solver/Jackal_constraints/Jackal_constr_h_fun_jac_uxt_zt.o
[10.954s] -- Up-to-date: /home/dimash/debug_clear_ws/install/mpc_low/include/mpc_low/solver/Jackal_constraints/Jackal_constr_h_fun.o
[10.954s] -- Up-to-date: /home/dimash/debug_clear_ws/install/mpc_low/include/mpc_low/solver/Jackal_constraints/Jackal_constraints.h
[10.954s] -- Up-to-date: /home/dimash/debug_clear_ws/install/mpc_low/include/mpc_low/solver/Makefile
[10.954s] -- Up-to-date: /home/dimash/debug_clear_ws/install/mpc_low/include/mpc_low/solver/acados_solver_holder copy.cpp
[10.954s] -- Up-to-date: /home/dimash/debug_clear_ws/install/mpc_low/include/mpc_low/solver/acados_ocp_solver_pyx.so
[10.954s] -- Up-to-date: /home/dimash/debug_clear_ws/install/mpc_low/include/mpc_low/solver/Jackal_model
[10.955s] -- Up-to-date: /home/dimash/debug_clear_ws/install/mpc_low/include/mpc_low/solver/Jackal_model/Jackal_expl_vde_forw.c
[10.955s] -- Up-to-date: /home/dimash/debug_clear_ws/install/mpc_low/include/mpc_low/solver/Jackal_model/Jackal_expl_vde_forw.o
[10.955s] -- Up-to-date: /home/dimash/debug_clear_ws/install/mpc_low/include/mpc_low/solver/Jackal_model/Jackal_expl_vde_adj.c
[10.955s] -- Up-to-date: /home/dimash/debug_clear_ws/install/mpc_low/include/mpc_low/solver/Jackal_model/Jackal_model.h
[10.955s] -- Up-to-date: /home/dimash/debug_clear_ws/install/mpc_low/include/mpc_low/solver/Jackal_model/Jackal_expl_vde_adj.o
[10.955s] -- Up-to-date: /home/dimash/debug_clear_ws/install/mpc_low/include/mpc_low/solver/Jackal_model/Jackal_expl_ode_fun.c
[10.955s] -- Up-to-date: /home/dimash/debug_clear_ws/install/mpc_low/include/mpc_low/solver/Jackal_model/Jackal_expl_ode_fun.o
[10.955s] -- Up-to-date: /home/dimash/debug_clear_ws/install/mpc_low/include/mpc_low/solver/main_Jackal.c
[10.955s] -- Up-to-date: /home/dimash/debug_clear_ws/install/mpc_low/include/mpc_low/solver/acados_sim_solver_Jackal.h
[10.955s] -- Up-to-date: /home/dimash/debug_clear_ws/install/mpc_low/include/mpc_low/solver/acados_sim_solver_Jackal.c
[10.955s] -- Up-to-date: /home/dimash/debug_clear_ws/install/mpc_low/include/mpc_low/solver/acados_solver_Jackal.o
[10.955s] -- Up-to-date: /home/dimash/debug_clear_ws/install/mpc_low/include/mpc_low/solver/acados_solver.pxd
[10.955s] -- Up-to-date: /home/dimash/debug_clear_ws/install/mpc_low/include/mpc_low/solver/libacados_ocp_solver_Jackal.so
[10.956s] -- Up-to-date: /home/dimash/debug_clear_ws/install/mpc_low/include/mpc_low/solver/acados_ocp_solver_pyx.o
[10.956s] -- Up-to-date: /home/dimash/debug_clear_ws/install/mpc_low/include/mpc_low/solver/acados_ocp_solver_pyx.c
[10.956s] -- Up-to-date: /home/dimash/debug_clear_ws/install/mpc_low/include/mpc_low/solver/acados_solver_Jackal.h
[10.956s] -- Up-to-date: /home/dimash/debug_clear_ws/install/mpc_low/share/mpc_low/mpc_controller_plugin.xml
[10.956s] -- Up-to-date: /home/dimash/debug_clear_ws/install/mpc_low/share/mpc_low/environment/library_path.sh
[10.956s] -- Up-to-date: /home/dimash/debug_clear_ws/install/mpc_low/share/mpc_low/environment/library_path.dsv
[10.956s] -- Up-to-date: /home/dimash/debug_clear_ws/install/mpc_low/share/ament_index/resource_index/package_run_dependencies/mpc_low
[10.956s] -- Up-to-date: /home/dimash/debug_clear_ws/install/mpc_low/share/ament_index/resource_index/parent_prefix_path/mpc_low
[10.956s] -- Up-to-date: /home/dimash/debug_clear_ws/install/mpc_low/share/mpc_low/environment/ament_prefix_path.sh
[10.956s] -- Up-to-date: /home/dimash/debug_clear_ws/install/mpc_low/share/mpc_low/environment/ament_prefix_path.dsv
[10.956s] -- Up-to-date: /home/dimash/debug_clear_ws/install/mpc_low/share/mpc_low/environment/path.sh
[10.956s] -- Up-to-date: /home/dimash/debug_clear_ws/install/mpc_low/share/mpc_low/environment/path.dsv
[10.956s] -- Up-to-date: /home/dimash/debug_clear_ws/install/mpc_low/share/mpc_low/local_setup.bash
[10.956s] -- Up-to-date: /home/dimash/debug_clear_ws/install/mpc_low/share/mpc_low/local_setup.sh
[10.957s] -- Up-to-date: /home/dimash/debug_clear_ws/install/mpc_low/share/mpc_low/local_setup.zsh
[10.957s] -- Up-to-date: /home/dimash/debug_clear_ws/install/mpc_low/share/mpc_low/local_setup.dsv
[10.957s] -- Installing: /home/dimash/debug_clear_ws/install/mpc_low/share/mpc_low/package.dsv
[10.957s] -- Up-to-date: /home/dimash/debug_clear_ws/install/mpc_low/share/ament_index/resource_index/packages/mpc_low
[10.957s] -- Up-to-date: /home/dimash/debug_clear_ws/install/mpc_low/share/ament_index/resource_index/nav2_core__pluginlib__plugin/mpc_low
[10.957s] -- Up-to-date: /home/dimash/debug_clear_ws/install/mpc_low/share/mpc_low/cmake/ament_cmake_export_include_directories-extras.cmake
[10.957s] -- Up-to-date: /home/dimash/debug_clear_ws/install/mpc_low/share/mpc_low/cmake/ament_cmake_export_libraries-extras.cmake
[10.957s] -- Up-to-date: /home/dimash/debug_clear_ws/install/mpc_low/share/mpc_low/cmake/ament_cmake_export_dependencies-extras.cmake
[10.957s] -- Up-to-date: /home/dimash/debug_clear_ws/install/mpc_low/share/mpc_low/cmake/mpc_lowConfig.cmake
[10.957s] -- Up-to-date: /home/dimash/debug_clear_ws/install/mpc_low/share/mpc_low/cmake/mpc_lowConfig-version.cmake
[10.957s] -- Up-to-date: /home/dimash/debug_clear_ws/install/mpc_low/share/mpc_low/package.xml
[10.959s] Invoked command in '/home/dimash/debug_clear_ws/build/mpc_low' returned '0': CMAKE_PREFIX_PATH=/home/dimash/debug_clear_ws/install/yolo_msgs:/home/dimash/debug_clear_ws/install/yolo_bringup:/home/dimash/debug_clear_ws/install/mpc_low:/home/dimash/debug_clear_ws/install/point_cloud_debug:/home/dimash/debug_clear_ws/install/move_model_plugin:/home/dimash/debug_clear_ws/install/clearpath_simulator:/home/dimash/debug_clear_ws/install/clearpath_gz:/home/dimash/debug_clear_ws/install/clearpath_generator_gz:/home/dimash/debug_clear_ws/install/clearpath_common:/home/dimash/debug_clear_ws/install/clearpath_generator_common:/home/dimash/debug_clear_ws/install/clearpath_description:/home/dimash/debug_clear_ws/install/clearpath_sensors_description:/home/dimash/debug_clear_ws/install/clearpath_platform:/home/dimash/debug_clear_ws/install/clearpath_msgs:/home/dimash/debug_clear_ws/install/clearpath_platform_msgs:/home/dimash/debug_clear_ws/install/clearpath_platform_description:/home/dimash/debug_clear_ws/install/clearpath_nav2_demos:/home/dimash/debug_clear_ws/install/clearpath_mounts_description:/home/dimash/debug_clear_ws/install/clearpath_manipulators:/home/dimash/debug_clear_ws/install/clearpath_manipulators_description:/home/dimash/debug_clear_ws/install/clearpath_customization:/home/dimash/debug_clear_ws/install/clearpath_control:/home/dimash/debug_clear_ws/install/yolo_ros:/home/dimash/debug_clear_ws/install/person_movement:/home/dimash/debug_clear_ws/install/clearpath_config:/opt/ros/humble LD_LIBRARY_PATH=/home/dimash/debug_clear_ws/install/yolo_msgs/lib:/home/dimash/debug_clear_ws/install/mpc_low/lib:/home/dimash/debug_clear_ws/install/move_model_plugin/lib:/home/dimash/debug_clear_ws/install/clearpath_platform/lib:/home/dimash/debug_clear_ws/install/clearpath_platform_msgs/lib:/opt/ros/humble/opt/rviz_ogre_vendor/lib:/opt/ros/humble/lib/x86_64-linux-gnu:/opt/ros/humble/lib:/home/dimash/acados/lib:/home/dimash/acados/lib /usr/bin/cmake --install /home/dimash/debug_clear_ws/build/mpc_low
