[0.455s] Invoking command in '/home/robot/debug_clear_ws/build/clearpath_customization': CMAKE_PREFIX_PATH=${CMAKE_PREFIX_PATH}:/home/robot/debug_clear_ws/install/yolov8_ros:/home/robot/debug_clear_ws/install/yolo_ros:/home/robot/debug_clear_ws/install/clearpath_config:/opt/ros/humble /usr/bin/cmake /home/robot/debug_clear_ws/src/clearpath_common/clearpath_customization -DAMENT_CMAKE_SYMLINK_INSTALL=1 -DCMAKE_INSTALL_PREFIX=/home/robot/debug_clear_ws/install/clearpath_customization
[0.564s] -- The C compiler identification is GNU 11.4.0
[0.677s] -- The CXX compiler identification is GNU 11.4.0
[0.694s] -- Detecting C compiler ABI info
[0.804s] -- Detecting C compiler ABI info - done
[0.816s] -- Check for working C compiler: /usr/bin/cc - skipped
[0.816s] -- Detecting C compile features
[0.817s] -- Detecting C compile features - done
[0.822s] -- Detecting CXX compiler ABI info
[0.945s] -- Detecting CXX compiler ABI info - done
[0.956s] -- Check for working CXX compiler: /usr/bin/c++ - skipped
[0.956s] -- Detecting CXX compile features
[0.957s] -- Detecting CXX compile features - done
[0.960s] -- Found ament_cmake: 1.3.11 (/opt/ros/humble/share/ament_cmake/cmake)
[1.733s] -- Found Python3: /usr/bin/python3 (found version "3.10.12") found components: Interpreter 
[1.856s] -- Override CMake install command with custom implementation using symlinks instead of copying resources
[1.924s] -- Found ament_lint_auto: 0.12.11 (/opt/ros/humble/share/ament_lint_auto/cmake)
[2.092s] -- Added test 'flake8' to check Python code syntax and style conventions
[2.094s] -- Added test 'lint_cmake' to check CMake code style
[2.096s] -- Added test 'pep257' to check Python code against some of the docstring style conventions in PEP 257
[2.101s] -- Added test 'xmllint' to check XML markup files
[2.106s] -- Configuring done
[2.111s] -- Generating done
[2.114s] -- Build files have been written to: /home/robot/debug_clear_ws/build/clearpath_customization
[2.122s] Invoked command in '/home/robot/debug_clear_ws/build/clearpath_customization' returned '0': CMAKE_PREFIX_PATH=${CMAKE_PREFIX_PATH}:/home/robot/debug_clear_ws/install/yolov8_ros:/home/robot/debug_clear_ws/install/yolo_ros:/home/robot/debug_clear_ws/install/clearpath_config:/opt/ros/humble /usr/bin/cmake /home/robot/debug_clear_ws/src/clearpath_common/clearpath_customization -DAMENT_CMAKE_SYMLINK_INSTALL=1 -DCMAKE_INSTALL_PREFIX=/home/robot/debug_clear_ws/install/clearpath_customization
[2.125s] Invoking command in '/home/robot/debug_clear_ws/build/clearpath_customization': CMAKE_PREFIX_PATH=${CMAKE_PREFIX_PATH}:/home/robot/debug_clear_ws/install/yolov8_ros:/home/robot/debug_clear_ws/install/yolo_ros:/home/robot/debug_clear_ws/install/clearpath_config:/opt/ros/humble /usr/bin/cmake --build /home/robot/debug_clear_ws/build/clearpath_customization -- -j12 -l12
[2.368s] Invoked command in '/home/robot/debug_clear_ws/build/clearpath_customization' returned '0': CMAKE_PREFIX_PATH=${CMAKE_PREFIX_PATH}:/home/robot/debug_clear_ws/install/yolov8_ros:/home/robot/debug_clear_ws/install/yolo_ros:/home/robot/debug_clear_ws/install/clearpath_config:/opt/ros/humble /usr/bin/cmake --build /home/robot/debug_clear_ws/build/clearpath_customization -- -j12 -l12
[2.371s] Invoking command in '/home/robot/debug_clear_ws/build/clearpath_customization': CMAKE_PREFIX_PATH=${CMAKE_PREFIX_PATH}:/home/robot/debug_clear_ws/install/yolov8_ros:/home/robot/debug_clear_ws/install/yolo_ros:/home/robot/debug_clear_ws/install/clearpath_config:/opt/ros/humble /usr/bin/cmake --install /home/robot/debug_clear_ws/build/clearpath_customization
[2.383s] -- Install configuration: ""
[2.383s] -- Execute custom install script
[2.384s] -- Symlinking: /home/robot/debug_clear_ws/install/clearpath_customization/lib/clearpath_customization/generate_bringup
[2.400s] -- Symlinking: /home/robot/debug_clear_ws/install/clearpath_customization/lib/clearpath_customization/generate_description
[2.415s] -- Symlinking: /home/robot/debug_clear_ws/install/clearpath_customization/share/clearpath_customization/project_bringup/CMakeLists.txt
[2.430s] -- Symlinking: /home/robot/debug_clear_ws/install/clearpath_customization/share/clearpath_customization/project_bringup/LICENSE
[2.443s] -- Symlinking: /home/robot/debug_clear_ws/install/clearpath_customization/share/clearpath_customization/project_bringup/config/device.yaml
[2.454s] -- Symlinking: /home/robot/debug_clear_ws/install/clearpath_customization/share/clearpath_customization/project_bringup/launch/device.launch.py
[2.465s] -- Symlinking: /home/robot/debug_clear_ws/install/clearpath_customization/share/clearpath_customization/project_bringup/launch/project_bringup.launch.py
[2.476s] -- Symlinking: /home/robot/debug_clear_ws/install/clearpath_customization/share/clearpath_customization/project_bringup/package.xml
[2.488s] -- Symlinking: /home/robot/debug_clear_ws/install/clearpath_customization/share/clearpath_customization/project_description/CMakeLists.txt
[2.502s] -- Symlinking: /home/robot/debug_clear_ws/install/clearpath_customization/share/clearpath_customization/project_description/LICENSE
[2.518s] -- Symlinking: /home/robot/debug_clear_ws/install/clearpath_customization/share/clearpath_customization/project_description/meshes/donut.stl
[2.532s] -- Symlinking: /home/robot/debug_clear_ws/install/clearpath_customization/share/clearpath_customization/project_description/package.xml
[2.546s] -- Symlinking: /home/robot/debug_clear_ws/install/clearpath_customization/share/clearpath_customization/project_description/urdf/donut.urdf.xacro
[2.560s] -- Symlinking: /home/robot/debug_clear_ws/install/clearpath_customization/share/clearpath_customization/project_description/urdf/project_description.urdf.xacro
[2.571s] -- Symlinking: /home/robot/debug_clear_ws/install/clearpath_customization/share/ament_index/resource_index/package_run_dependencies/clearpath_customization
[2.585s] -- Symlinking: /home/robot/debug_clear_ws/install/clearpath_customization/share/ament_index/resource_index/parent_prefix_path/clearpath_customization
[2.600s] -- Symlinking: /home/robot/debug_clear_ws/install/clearpath_customization/share/clearpath_customization/environment/ament_prefix_path.sh
[2.614s] -- Symlinking: /home/robot/debug_clear_ws/install/clearpath_customization/share/clearpath_customization/environment/ament_prefix_path.dsv
[2.629s] -- Symlinking: /home/robot/debug_clear_ws/install/clearpath_customization/share/clearpath_customization/environment/path.sh
[2.640s] -- Symlinking: /home/robot/debug_clear_ws/install/clearpath_customization/share/clearpath_customization/environment/path.dsv
[2.653s] -- Symlinking: /home/robot/debug_clear_ws/install/clearpath_customization/share/clearpath_customization/local_setup.bash
[2.664s] -- Symlinking: /home/robot/debug_clear_ws/install/clearpath_customization/share/clearpath_customization/local_setup.sh
[2.676s] -- Symlinking: /home/robot/debug_clear_ws/install/clearpath_customization/share/clearpath_customization/local_setup.zsh
[2.688s] -- Symlinking: /home/robot/debug_clear_ws/install/clearpath_customization/share/clearpath_customization/local_setup.dsv
[2.697s] -- Symlinking: /home/robot/debug_clear_ws/install/clearpath_customization/share/clearpath_customization/package.dsv
[2.711s] -- Symlinking: /home/robot/debug_clear_ws/install/clearpath_customization/share/ament_index/resource_index/packages/clearpath_customization
[2.722s] -- Symlinking: /home/robot/debug_clear_ws/install/clearpath_customization/share/clearpath_customization/cmake/clearpath_customizationConfig.cmake
[2.733s] -- Symlinking: /home/robot/debug_clear_ws/install/clearpath_customization/share/clearpath_customization/cmake/clearpath_customizationConfig-version.cmake
[2.743s] -- Symlinking: /home/robot/debug_clear_ws/install/clearpath_customization/share/clearpath_customization/package.xml
[2.762s] Invoked command in '/home/robot/debug_clear_ws/build/clearpath_customization' returned '0': CMAKE_PREFIX_PATH=${CMAKE_PREFIX_PATH}:/home/robot/debug_clear_ws/install/yolov8_ros:/home/robot/debug_clear_ws/install/yolo_ros:/home/robot/debug_clear_ws/install/clearpath_config:/opt/ros/humble /usr/bin/cmake --install /home/robot/debug_clear_ws/build/clearpath_customization
