[0.362s] Invoking command in '/home/dimash/debug_clear_ws/build/clearpath_customization': CMAKE_PREFIX_PATH=${CMAKE_PREFIX_PATH}:/home/dimash/debug_clear_ws/install/yolo_ros:/home/dimash/debug_clear_ws/install/person_movement:/home/dimash/debug_clear_ws/install/clearpath_config:/opt/ros/humble /usr/bin/cmake --build /home/dimash/debug_clear_ws/build/clearpath_customization -- -j8 -l8
[1.772s] Invoked command in '/home/dimash/debug_clear_ws/build/clearpath_customization' returned '0': CMAKE_PREFIX_PATH=${CMAKE_PREFIX_PATH}:/home/dimash/debug_clear_ws/install/yolo_ros:/home/dimash/debug_clear_ws/install/person_movement:/home/dimash/debug_clear_ws/install/clearpath_config:/opt/ros/humble /usr/bin/cmake --build /home/dimash/debug_clear_ws/build/clearpath_customization -- -j8 -l8
[1.790s] Invoking command in '/home/dimash/debug_clear_ws/build/clearpath_customization': CMAKE_PREFIX_PATH=${CMAKE_PREFIX_PATH}:/home/dimash/debug_clear_ws/install/yolo_ros:/home/dimash/debug_clear_ws/install/person_movement:/home/dimash/debug_clear_ws/install/clearpath_config:/opt/ros/humble /usr/bin/cmake --install /home/dimash/debug_clear_ws/build/clearpath_customization
[1.812s] -- Install configuration: ""
[1.815s] -- Up-to-date: /home/dimash/debug_clear_ws/install/clearpath_customization/lib/clearpath_customization/generate_bringup
[1.815s] -- Up-to-date: /home/dimash/debug_clear_ws/install/clearpath_customization/lib/clearpath_customization/generate_description
[1.815s] -- Up-to-date: /home/dimash/debug_clear_ws/install/clearpath_customization/share/clearpath_customization/project_bringup
[1.815s] -- Up-to-date: /home/dimash/debug_clear_ws/install/clearpath_customization/share/clearpath_customization/project_bringup/config
[1.815s] -- Up-to-date: /home/dimash/debug_clear_ws/install/clearpath_customization/share/clearpath_customization/project_bringup/config/device.yaml
[1.815s] -- Up-to-date: /home/dimash/debug_clear_ws/install/clearpath_customization/share/clearpath_customization/project_bringup/CMakeLists.txt
[1.815s] -- Up-to-date: /home/dimash/debug_clear_ws/install/clearpath_customization/share/clearpath_customization/project_bringup/LICENSE
[1.820s] -- Up-to-date: /home/dimash/debug_clear_ws/install/clearpath_customization/share/clearpath_customization/project_bringup/package.xml
[1.820s] -- Up-to-date: /home/dimash/debug_clear_ws/install/clearpath_customization/share/clearpath_customization/project_bringup/launch
[1.820s] -- Up-to-date: /home/dimash/debug_clear_ws/install/clearpath_customization/share/clearpath_customization/project_bringup/launch/project_bringup.launch.py
[1.820s] -- Up-to-date: /home/dimash/debug_clear_ws/install/clearpath_customization/share/clearpath_customization/project_bringup/launch/device.launch.py
[1.820s] -- Up-to-date: /home/dimash/debug_clear_ws/install/clearpath_customization/share/clearpath_customization/project_description
[1.820s] -- Up-to-date: /home/dimash/debug_clear_ws/install/clearpath_customization/share/clearpath_customization/project_description/CMakeLists.txt
[1.821s] -- Up-to-date: /home/dimash/debug_clear_ws/install/clearpath_customization/share/clearpath_customization/project_description/urdf
[1.821s] -- Up-to-date: /home/dimash/debug_clear_ws/install/clearpath_customization/share/clearpath_customization/project_description/urdf/donut.urdf.xacro
[1.821s] -- Up-to-date: /home/dimash/debug_clear_ws/install/clearpath_customization/share/clearpath_customization/project_description/urdf/project_description.urdf.xacro
[1.821s] -- Up-to-date: /home/dimash/debug_clear_ws/install/clearpath_customization/share/clearpath_customization/project_description/LICENSE
[1.821s] -- Up-to-date: /home/dimash/debug_clear_ws/install/clearpath_customization/share/clearpath_customization/project_description/package.xml
[1.821s] -- Up-to-date: /home/dimash/debug_clear_ws/install/clearpath_customization/share/clearpath_customization/project_description/meshes
[1.821s] -- Up-to-date: /home/dimash/debug_clear_ws/install/clearpath_customization/share/clearpath_customization/project_description/meshes/donut.stl
[1.821s] -- Up-to-date: /home/dimash/debug_clear_ws/install/clearpath_customization/share/ament_index/resource_index/package_run_dependencies/clearpath_customization
[1.821s] -- Up-to-date: /home/dimash/debug_clear_ws/install/clearpath_customization/share/ament_index/resource_index/parent_prefix_path/clearpath_customization
[1.822s] -- Up-to-date: /home/dimash/debug_clear_ws/install/clearpath_customization/share/clearpath_customization/environment/ament_prefix_path.sh
[1.822s] -- Up-to-date: /home/dimash/debug_clear_ws/install/clearpath_customization/share/clearpath_customization/environment/ament_prefix_path.dsv
[1.822s] -- Up-to-date: /home/dimash/debug_clear_ws/install/clearpath_customization/share/clearpath_customization/environment/path.sh
[1.822s] -- Up-to-date: /home/dimash/debug_clear_ws/install/clearpath_customization/share/clearpath_customization/environment/path.dsv
[1.822s] -- Up-to-date: /home/dimash/debug_clear_ws/install/clearpath_customization/share/clearpath_customization/local_setup.bash
[1.822s] -- Up-to-date: /home/dimash/debug_clear_ws/install/clearpath_customization/share/clearpath_customization/local_setup.sh
[1.822s] -- Up-to-date: /home/dimash/debug_clear_ws/install/clearpath_customization/share/clearpath_customization/local_setup.zsh
[1.822s] -- Up-to-date: /home/dimash/debug_clear_ws/install/clearpath_customization/share/clearpath_customization/local_setup.dsv
[1.822s] -- Installing: /home/dimash/debug_clear_ws/install/clearpath_customization/share/clearpath_customization/package.dsv
[1.830s] -- Up-to-date: /home/dimash/debug_clear_ws/install/clearpath_customization/share/ament_index/resource_index/packages/clearpath_customization
[1.830s] -- Up-to-date: /home/dimash/debug_clear_ws/install/clearpath_customization/share/clearpath_customization/cmake/clearpath_customizationConfig.cmake
[1.830s] -- Up-to-date: /home/dimash/debug_clear_ws/install/clearpath_customization/share/clearpath_customization/cmake/clearpath_customizationConfig-version.cmake
[1.830s] -- Up-to-date: /home/dimash/debug_clear_ws/install/clearpath_customization/share/clearpath_customization/package.xml
[1.830s] Invoked command in '/home/dimash/debug_clear_ws/build/clearpath_customization' returned '0': CMAKE_PREFIX_PATH=${CMAKE_PREFIX_PATH}:/home/dimash/debug_clear_ws/install/yolo_ros:/home/dimash/debug_clear_ws/install/person_movement:/home/dimash/debug_clear_ws/install/clearpath_config:/opt/ros/humble /usr/bin/cmake --install /home/dimash/debug_clear_ws/build/clearpath_customization
