[0.043s] Invoking command in '/home/robot/debug_clear_ws/build/clearpath_manipulators_description': CMAKE_PREFIX_PATH=${CMAKE_PREFIX_PATH}:/home/robot/debug_clear_ws/install/clearpath_config:/opt/ros/humble /usr/bin/cmake --build /home/robot/debug_clear_ws/build/clearpath_manipulators_description -- -j12 -l12
[0.328s] Invoked command in '/home/robot/debug_clear_ws/build/clearpath_manipulators_description' returned '0': CMAKE_PREFIX_PATH=${CMAKE_PREFIX_PATH}:/home/robot/debug_clear_ws/install/clearpath_config:/opt/ros/humble /usr/bin/cmake --build /home/robot/debug_clear_ws/build/clearpath_manipulators_description -- -j12 -l12
[0.362s] Invoking command in '/home/robot/debug_clear_ws/build/clearpath_manipulators_description': CMAKE_PREFIX_PATH=${CMAKE_PREFIX_PATH}:/home/robot/debug_clear_ws/install/clearpath_config:/opt/ros/humble /usr/bin/cmake --install /home/robot/debug_clear_ws/build/clearpath_manipulators_description
[0.370s] -- Install configuration: ""
[0.370s] -- Up-to-date: /home/robot/debug_clear_ws/install/clearpath_manipulators_description/share/clearpath_manipulators_description/urdf
[0.370s] -- Up-to-date: /home/robot/debug_clear_ws/install/clearpath_manipulators_description/share/clearpath_manipulators_description/urdf/gripper
[0.371s] -- Up-to-date: /home/robot/debug_clear_ws/install/clearpath_manipulators_description/share/clearpath_manipulators_description/urdf/gripper/robotiq_2f_140.urdf.xacro
[0.371s] -- Up-to-date: /home/robot/debug_clear_ws/install/clearpath_manipulators_description/share/clearpath_manipulators_description/urdf/gripper/kinova_2f_lite.urdf.xacro
[0.373s] -- Up-to-date: /home/robot/debug_clear_ws/install/clearpath_manipulators_description/share/clearpath_manipulators_description/urdf/gripper/robotiq_2f_85.urdf.xacro
[0.374s] -- Up-to-date: /home/robot/debug_clear_ws/install/clearpath_manipulators_description/share/clearpath_manipulators_description/urdf/arm
[0.374s] -- Up-to-date: /home/robot/debug_clear_ws/install/clearpath_manipulators_description/share/clearpath_manipulators_description/urdf/arm/kinova_gen3_7dof.urdf.xacro
[0.374s] -- Up-to-date: /home/robot/debug_clear_ws/install/clearpath_manipulators_description/share/clearpath_manipulators_description/urdf/arm/kinova_gen3_lite.urdf.xacro
[0.374s] -- Up-to-date: /home/robot/debug_clear_ws/install/clearpath_manipulators_description/share/clearpath_manipulators_description/urdf/arm/kinova_gen3_6dof.urdf.xacro
[0.375s] -- Up-to-date: /home/robot/debug_clear_ws/install/clearpath_manipulators_description/share/clearpath_manipulators_description/config
[0.375s] -- Up-to-date: /home/robot/debug_clear_ws/install/clearpath_manipulators_description/share/clearpath_manipulators_description/config/gripper
[0.378s] -- Up-to-date: /home/robot/debug_clear_ws/install/clearpath_manipulators_description/share/clearpath_manipulators_description/config/gripper/robotiq_2f_85
[0.378s] -- Up-to-date: /home/robot/debug_clear_ws/install/clearpath_manipulators_description/share/clearpath_manipulators_description/config/gripper/robotiq_2f_85/control.yaml
[0.378s] -- Up-to-date: /home/robot/debug_clear_ws/install/clearpath_manipulators_description/share/clearpath_manipulators_description/config/gripper/robotiq_2f_85/joint_limits.yaml
[0.378s] -- Up-to-date: /home/robot/debug_clear_ws/install/clearpath_manipulators_description/share/clearpath_manipulators_description/config/gripper/robotiq_2f_85/initial_positions.yaml
[0.379s] -- Up-to-date: /home/robot/debug_clear_ws/install/clearpath_manipulators_description/share/clearpath_manipulators_description/config/gripper/robotiq_2f_85/moveit_controllers.yaml
[0.379s] -- Up-to-date: /home/robot/debug_clear_ws/install/clearpath_manipulators_description/share/clearpath_manipulators_description/config/gripper/robotiq_2f_140
[0.379s] -- Up-to-date: /home/robot/debug_clear_ws/install/clearpath_manipulators_description/share/clearpath_manipulators_description/config/gripper/robotiq_2f_140/control.yaml
[0.379s] -- Up-to-date: /home/robot/debug_clear_ws/install/clearpath_manipulators_description/share/clearpath_manipulators_description/config/gripper/robotiq_2f_140/joint_limits.yaml
[0.379s] -- Up-to-date: /home/robot/debug_clear_ws/install/clearpath_manipulators_description/share/clearpath_manipulators_description/config/gripper/robotiq_2f_140/initial_positions.yaml
[0.380s] -- Up-to-date: /home/robot/debug_clear_ws/install/clearpath_manipulators_description/share/clearpath_manipulators_description/config/gripper/robotiq_2f_140/moveit_controllers.yaml
[0.380s] -- Up-to-date: /home/robot/debug_clear_ws/install/clearpath_manipulators_description/share/clearpath_manipulators_description/config/gripper/kinova_2f_lite
[0.380s] -- Up-to-date: /home/robot/debug_clear_ws/install/clearpath_manipulators_description/share/clearpath_manipulators_description/config/gripper/kinova_2f_lite/control.yaml
[0.381s] -- Up-to-date: /home/robot/debug_clear_ws/install/clearpath_manipulators_description/share/clearpath_manipulators_description/config/gripper/kinova_2f_lite/joint_limits.yaml
[0.381s] -- Up-to-date: /home/robot/debug_clear_ws/install/clearpath_manipulators_description/share/clearpath_manipulators_description/config/gripper/kinova_2f_lite/initial_positions.yaml
[0.383s] -- Up-to-date: /home/robot/debug_clear_ws/install/clearpath_manipulators_description/share/clearpath_manipulators_description/config/gripper/kinova_2f_lite/moveit_controllers.yaml
[0.384s] -- Up-to-date: /home/robot/debug_clear_ws/install/clearpath_manipulators_description/share/clearpath_manipulators_description/config/arm
[0.384s] -- Up-to-date: /home/robot/debug_clear_ws/install/clearpath_manipulators_description/share/clearpath_manipulators_description/config/arm/kinova_gen3_6dof
[0.385s] -- Up-to-date: /home/robot/debug_clear_ws/install/clearpath_manipulators_description/share/clearpath_manipulators_description/config/arm/kinova_gen3_6dof/control.yaml
[0.386s] -- Up-to-date: /home/robot/debug_clear_ws/install/clearpath_manipulators_description/share/clearpath_manipulators_description/config/arm/kinova_gen3_6dof/joint_limits.yaml
[0.386s] -- Up-to-date: /home/robot/debug_clear_ws/install/clearpath_manipulators_description/share/clearpath_manipulators_description/config/arm/kinova_gen3_6dof/initial_positions.yaml
[0.386s] -- Up-to-date: /home/robot/debug_clear_ws/install/clearpath_manipulators_description/share/clearpath_manipulators_description/config/arm/kinova_gen3_6dof/moveit_controllers.yaml
[0.386s] -- Up-to-date: /home/robot/debug_clear_ws/install/clearpath_manipulators_description/share/clearpath_manipulators_description/config/arm/kinova_gen3_lite
[0.386s] -- Up-to-date: /home/robot/debug_clear_ws/install/clearpath_manipulators_description/share/clearpath_manipulators_description/config/arm/kinova_gen3_lite/control.yaml
[0.387s] -- Up-to-date: /home/robot/debug_clear_ws/install/clearpath_manipulators_description/share/clearpath_manipulators_description/config/arm/kinova_gen3_lite/joint_limits.yaml
[0.388s] -- Up-to-date: /home/robot/debug_clear_ws/install/clearpath_manipulators_description/share/clearpath_manipulators_description/config/arm/kinova_gen3_lite/initial_positions.yaml
[0.388s] -- Up-to-date: /home/robot/debug_clear_ws/install/clearpath_manipulators_description/share/clearpath_manipulators_description/config/arm/kinova_gen3_lite/moveit_controllers.yaml
[0.388s] -- Up-to-date: /home/robot/debug_clear_ws/install/clearpath_manipulators_description/share/clearpath_manipulators_description/config/arm/kinova_gen3_7dof
[0.389s] -- Up-to-date: /home/robot/debug_clear_ws/install/clearpath_manipulators_description/share/clearpath_manipulators_description/config/arm/kinova_gen3_7dof/control.yaml
[0.389s] -- Up-to-date: /home/robot/debug_clear_ws/install/clearpath_manipulators_description/share/clearpath_manipulators_description/config/arm/kinova_gen3_7dof/joint_limits.yaml
[0.389s] -- Up-to-date: /home/robot/debug_clear_ws/install/clearpath_manipulators_description/share/clearpath_manipulators_description/config/arm/kinova_gen3_7dof/initial_positions.yaml
[0.389s] -- Up-to-date: /home/robot/debug_clear_ws/install/clearpath_manipulators_description/share/clearpath_manipulators_description/config/arm/kinova_gen3_7dof/moveit_controllers.yaml
[0.389s] -- Up-to-date: /home/robot/debug_clear_ws/install/clearpath_manipulators_description/share/clearpath_manipulators_description/srdf
[0.389s] -- Up-to-date: /home/robot/debug_clear_ws/install/clearpath_manipulators_description/share/clearpath_manipulators_description/srdf/gripper
[0.389s] -- Up-to-date: /home/robot/debug_clear_ws/install/clearpath_manipulators_description/share/clearpath_manipulators_description/srdf/gripper/robotiq_2f_140.srdf.xacro
[0.389s] -- Up-to-date: /home/robot/debug_clear_ws/install/clearpath_manipulators_description/share/clearpath_manipulators_description/srdf/gripper/robotiq_2f_85.srdf.xacro
[0.389s] -- Up-to-date: /home/robot/debug_clear_ws/install/clearpath_manipulators_description/share/clearpath_manipulators_description/srdf/gripper/kinova_2f_lite.srdf.xacro
[0.389s] -- Up-to-date: /home/robot/debug_clear_ws/install/clearpath_manipulators_description/share/clearpath_manipulators_description/srdf/arm
[0.389s] -- Up-to-date: /home/robot/debug_clear_ws/install/clearpath_manipulators_description/share/clearpath_manipulators_description/srdf/arm/kinova_gen3_7dof.srdf.xacro
[0.389s] -- Up-to-date: /home/robot/debug_clear_ws/install/clearpath_manipulators_description/share/clearpath_manipulators_description/srdf/arm/kinova_gen3_lite.srdf.xacro
[0.389s] -- Up-to-date: /home/robot/debug_clear_ws/install/clearpath_manipulators_description/share/clearpath_manipulators_description/srdf/arm/kinova_gen3_6dof.srdf.xacro
[0.389s] -- Up-to-date: /home/robot/debug_clear_ws/install/clearpath_manipulators_description/share/clearpath_manipulators_description/launch
[0.390s] -- Up-to-date: /home/robot/debug_clear_ws/install/clearpath_manipulators_description/share/clearpath_manipulators_description/launch/description.launch.py
[0.390s] -- Up-to-date: /home/robot/debug_clear_ws/install/clearpath_manipulators_description/share/clearpath_manipulators_description/meshes
[0.390s] -- Up-to-date: /home/robot/debug_clear_ws/install/clearpath_manipulators_description/share/clearpath_manipulators_description/meshes/gripper
[0.390s] -- Up-to-date: /home/robot/debug_clear_ws/install/clearpath_manipulators_description/share/clearpath_manipulators_description/meshes/gripper/robotiq_2f_140_base_link.stl
[0.390s] -- Up-to-date: /home/robot/debug_clear_ws/install/clearpath_manipulators_description/share/clearpath_manipulators_description/meshes/gripper/robotiq_2f_140_outer_knuckle.stl
[0.390s] -- Up-to-date: /home/robot/debug_clear_ws/install/clearpath_manipulators_description/share/clearpath_manipulators_description/meshes/gripper/robotiq_2f_140_outer_finger_collision.stl
[0.390s] -- Up-to-date: /home/robot/debug_clear_ws/install/clearpath_manipulators_description/share/clearpath_manipulators_description/meshes/gripper/robotiq_2f_140_base_link_collision.stl
[0.390s] -- Up-to-date: /home/robot/debug_clear_ws/install/clearpath_manipulators_description/share/clearpath_manipulators_description/meshes/gripper/robotiq_2f_140_inner_knuckle_collision.stl
[0.390s] -- Up-to-date: /home/robot/debug_clear_ws/install/clearpath_manipulators_description/share/clearpath_manipulators_description/meshes/gripper/robotiq_2f_140_outer_finger.stl
[0.390s] -- Up-to-date: /home/robot/debug_clear_ws/install/clearpath_manipulators_description/share/clearpath_manipulators_description/meshes/gripper/robotiq_2f_140_outer_knuckle_collision.stl
[0.390s] -- Up-to-date: /home/robot/debug_clear_ws/install/clearpath_manipulators_description/share/clearpath_manipulators_description/meshes/gripper/robotiq_2f_140_inner_finger_collision.stl
[0.390s] -- Up-to-date: /home/robot/debug_clear_ws/install/clearpath_manipulators_description/share/clearpath_manipulators_description/meshes/gripper/robotiq_2f_140_coupling_collision.stl
[0.390s] -- Up-to-date: /home/robot/debug_clear_ws/install/clearpath_manipulators_description/share/clearpath_manipulators_description/meshes/gripper/robotiq_2f_140_inner_finger.stl
[0.390s] -- Up-to-date: /home/robot/debug_clear_ws/install/clearpath_manipulators_description/share/clearpath_manipulators_description/meshes/gripper/robotiq_2f_140_inner_knuckle.stl
[0.390s] -- Up-to-date: /home/robot/debug_clear_ws/install/clearpath_manipulators_description/share/clearpath_manipulators_description/meshes/gripper/robotiq_2f_140_coupling.stl
[0.390s] -- Up-to-date: /home/robot/debug_clear_ws/install/clearpath_manipulators_description/share/ament_index/resource_index/package_run_dependencies/clearpath_manipulators_description
[0.391s] -- Up-to-date: /home/robot/debug_clear_ws/install/clearpath_manipulators_description/share/ament_index/resource_index/parent_prefix_path/clearpath_manipulators_description
[0.391s] -- Up-to-date: /home/robot/debug_clear_ws/install/clearpath_manipulators_description/share/clearpath_manipulators_description/environment/ament_prefix_path.sh
[0.391s] -- Up-to-date: /home/robot/debug_clear_ws/install/clearpath_manipulators_description/share/clearpath_manipulators_description/environment/ament_prefix_path.dsv
[0.391s] -- Up-to-date: /home/robot/debug_clear_ws/install/clearpath_manipulators_description/share/clearpath_manipulators_description/environment/path.sh
[0.391s] -- Up-to-date: /home/robot/debug_clear_ws/install/clearpath_manipulators_description/share/clearpath_manipulators_description/environment/path.dsv
[0.391s] -- Up-to-date: /home/robot/debug_clear_ws/install/clearpath_manipulators_description/share/clearpath_manipulators_description/local_setup.bash
[0.391s] -- Up-to-date: /home/robot/debug_clear_ws/install/clearpath_manipulators_description/share/clearpath_manipulators_description/local_setup.sh
[0.391s] -- Up-to-date: /home/robot/debug_clear_ws/install/clearpath_manipulators_description/share/clearpath_manipulators_description/local_setup.zsh
[0.391s] -- Up-to-date: /home/robot/debug_clear_ws/install/clearpath_manipulators_description/share/clearpath_manipulators_description/local_setup.dsv
[0.391s] -- Installing: /home/robot/debug_clear_ws/install/clearpath_manipulators_description/share/clearpath_manipulators_description/package.dsv
[0.391s] -- Up-to-date: /home/robot/debug_clear_ws/install/clearpath_manipulators_description/share/ament_index/resource_index/packages/clearpath_manipulators_description
[0.391s] -- Up-to-date: /home/robot/debug_clear_ws/install/clearpath_manipulators_description/share/clearpath_manipulators_description/cmake/clearpath_manipulators_descriptionConfig.cmake
[0.391s] -- Up-to-date: /home/robot/debug_clear_ws/install/clearpath_manipulators_description/share/clearpath_manipulators_description/cmake/clearpath_manipulators_descriptionConfig-version.cmake
[0.391s] -- Up-to-date: /home/robot/debug_clear_ws/install/clearpath_manipulators_description/share/clearpath_manipulators_description/package.xml
[0.428s] Invoked command in '/home/robot/debug_clear_ws/build/clearpath_manipulators_description' returned '0': CMAKE_PREFIX_PATH=${CMAKE_PREFIX_PATH}:/home/robot/debug_clear_ws/install/clearpath_config:/opt/ros/humble /usr/bin/cmake --install /home/robot/debug_clear_ws/build/clearpath_manipulators_description
