[1.596s] Invoking command in '/home/dimash/debug_clear_ws/src/clearpath_config': PYTHONPATH=/home/dimash/debug_clear_ws/build/clearpath_config/prefix_override:/usr/lib/python3/dist-packages/colcon_core/task/python/colcon_distutils_commands:/home/dimash/debug_clear_ws/install/clearpath_config/lib/python3.10/site-packages:${PYTHONPATH} /usr/bin/python3 -W ignore:setup.py install is deprecated -W ignore:easy_install command is deprecated setup.py egg_info --egg-base ../../build/clearpath_config build --build-base /home/dimash/debug_clear_ws/build/clearpath_config/build install --record /home/dimash/debug_clear_ws/build/clearpath_config/install.log --single-version-externally-managed install_data
[2.367s] running egg_info
[2.368s] writing ../../build/clearpath_config/clearpath_config.egg-info/PKG-INFO
[2.369s] writing dependency_links to ../../build/clearpath_config/clearpath_config.egg-info/dependency_links.txt
[2.369s] writing requirements to ../../build/clearpath_config/clearpath_config.egg-info/requires.txt
[2.372s] writing top-level names to ../../build/clearpath_config/clearpath_config.egg-info/top_level.txt
[2.376s] reading manifest file '../../build/clearpath_config/clearpath_config.egg-info/SOURCES.txt'
[2.377s] adding license file 'LICENSE'
[2.381s] writing manifest file '../../build/clearpath_config/clearpath_config.egg-info/SOURCES.txt'
[2.382s] running build
[2.382s] running build_py
[2.396s] running install
[2.396s] running install_lib
[2.407s] running install_data
[2.409s] running install_egg_info
[2.413s] removing '/home/dimash/debug_clear_ws/install/clearpath_config/lib/python3.10/site-packages/clearpath_config-0.3.3-py3.10.egg-info' (and everything under it)
[2.414s] Copying ../../build/clearpath_config/clearpath_config.egg-info to /home/dimash/debug_clear_ws/install/clearpath_config/lib/python3.10/site-packages/clearpath_config-0.3.3-py3.10.egg-info
[2.415s] running install_scripts
[2.470s] writing list of installed files to '/home/dimash/debug_clear_ws/build/clearpath_config/install.log'
[2.591s] Invoked command in '/home/dimash/debug_clear_ws/src/clearpath_config' returned '0': PYTHONPATH=/home/dimash/debug_clear_ws/build/clearpath_config/prefix_override:/usr/lib/python3/dist-packages/colcon_core/task/python/colcon_distutils_commands:/home/dimash/debug_clear_ws/install/clearpath_config/lib/python3.10/site-packages:${PYTHONPATH} /usr/bin/python3 -W ignore:setup.py install is deprecated -W ignore:easy_install command is deprecated setup.py egg_info --egg-base ../../build/clearpath_config build --build-base /home/dimash/debug_clear_ws/build/clearpath_config/build install --record /home/dimash/debug_clear_ws/build/clearpath_config/install.log --single-version-externally-managed install_data
