[1.474s] Invoking command in '/home/dimash/debug_clear_ws/src/clearpath_config': PYTHONPATH=/home/dimash/debug_clear_ws/build/clearpath_config/prefix_override:/usr/lib/python3/dist-packages/colcon_core/task/python/colcon_distutils_commands:/home/dimash/debug_clear_ws/install/clearpath_config/lib/python3.10/site-packages:${PYTHONPATH} /usr/bin/python3 -W ignore:setup.py install is deprecated -W ignore:easy_install command is deprecated setup.py egg_info --egg-base ../../build/clearpath_config build --build-base /home/dimash/debug_clear_ws/build/clearpath_config/build install --record /home/dimash/debug_clear_ws/build/clearpath_config/install.log --single-version-externally-managed install_data
[2.078s] running egg_info
[2.079s] writing ../../build/clearpath_config/clearpath_config.egg-info/PKG-INFO
[2.079s] writing dependency_links to ../../build/clearpath_config/clearpath_config.egg-info/dependency_links.txt
[2.079s] writing requirements to ../../build/clearpath_config/clearpath_config.egg-info/requires.txt
[2.079s] writing top-level names to ../../build/clearpath_config/clearpath_config.egg-info/top_level.txt
[2.087s] reading manifest file '../../build/clearpath_config/clearpath_config.egg-info/SOURCES.txt'
[2.087s] adding license file 'LICENSE'
[2.091s] writing manifest file '../../build/clearpath_config/clearpath_config.egg-info/SOURCES.txt'
[2.091s] running build
[2.092s] running build_py
[2.101s] running install
[2.102s] running install_lib
[2.110s] running install_data
[2.111s] running install_egg_info
[2.115s] removing '/home/dimash/debug_clear_ws/install/clearpath_config/lib/python3.10/site-packages/clearpath_config-0.3.3-py3.10.egg-info' (and everything under it)
[2.118s] Copying ../../build/clearpath_config/clearpath_config.egg-info to /home/dimash/debug_clear_ws/install/clearpath_config/lib/python3.10/site-packages/clearpath_config-0.3.3-py3.10.egg-info
[2.121s] running install_scripts
[2.178s] writing list of installed files to '/home/dimash/debug_clear_ws/build/clearpath_config/install.log'
[2.487s] Invoked command in '/home/dimash/debug_clear_ws/src/clearpath_config' returned '0': PYTHONPATH=/home/dimash/debug_clear_ws/build/clearpath_config/prefix_override:/usr/lib/python3/dist-packages/colcon_core/task/python/colcon_distutils_commands:/home/dimash/debug_clear_ws/install/clearpath_config/lib/python3.10/site-packages:${PYTHONPATH} /usr/bin/python3 -W ignore:setup.py install is deprecated -W ignore:easy_install command is deprecated setup.py egg_info --egg-base ../../build/clearpath_config build --build-base /home/dimash/debug_clear_ws/build/clearpath_config/build install --record /home/dimash/debug_clear_ws/build/clearpath_config/install.log --single-version-externally-managed install_data
