[0.115s] Invoking command in '/home/dimash/debug_clear_ws/build/clearpath_msgs': AMENT_PREFIX_PATH=/home/dimash/debug_clear_ws/install/clearpath_platform_msgs:${AMENT_PREFIX_PATH} CMAKE_PREFIX_PATH=/home/dimash/debug_clear_ws/install/clearpath_platform_msgs:/opt/ros/humble LD_LIBRARY_PATH=/home/dimash/debug_clear_ws/install/clearpath_platform_msgs/lib:${LD_LIBRARY_PATH} PYTHONPATH=/home/dimash/debug_clear_ws/install/clearpath_platform_msgs/local/lib/python3.10/dist-packages:${PYTHONPATH} /usr/bin/cmake --build /home/dimash/debug_clear_ws/build/clearpath_msgs -- -j8 -l8
[0.193s] Invoked command in '/home/dimash/debug_clear_ws/build/clearpath_msgs' returned '0': AMENT_PREFIX_PATH=/home/dimash/debug_clear_ws/install/clearpath_platform_msgs:${AMENT_PREFIX_PATH} CMAKE_PREFIX_PATH=/home/dimash/debug_clear_ws/install/clearpath_platform_msgs:/opt/ros/humble LD_LIBRARY_PATH=/home/dimash/debug_clear_ws/install/clearpath_platform_msgs/lib:${LD_LIBRARY_PATH} PYTHONPATH=/home/dimash/debug_clear_ws/install/clearpath_platform_msgs/local/lib/python3.10/dist-packages:${PYTHONPATH} /usr/bin/cmake --build /home/dimash/debug_clear_ws/build/clearpath_msgs -- -j8 -l8
[0.201s] Invoking command in '/home/dimash/debug_clear_ws/build/clearpath_msgs': AMENT_PREFIX_PATH=/home/dimash/debug_clear_ws/install/clearpath_platform_msgs:${AMENT_PREFIX_PATH} CMAKE_PREFIX_PATH=/home/dimash/debug_clear_ws/install/clearpath_platform_msgs:/opt/ros/humble LD_LIBRARY_PATH=/home/dimash/debug_clear_ws/install/clearpath_platform_msgs/lib:${LD_LIBRARY_PATH} PYTHONPATH=/home/dimash/debug_clear_ws/install/clearpath_platform_msgs/local/lib/python3.10/dist-packages:${PYTHONPATH} /usr/bin/cmake --install /home/dimash/debug_clear_ws/build/clearpath_msgs
[0.216s] -- Install configuration: ""
[0.217s] -- Up-to-date: /home/dimash/debug_clear_ws/install/clearpath_msgs/share/ament_index/resource_index/package_run_dependencies/clearpath_msgs
[0.217s] -- Up-to-date: /home/dimash/debug_clear_ws/install/clearpath_msgs/share/ament_index/resource_index/parent_prefix_path/clearpath_msgs
[0.217s] -- Up-to-date: /home/dimash/debug_clear_ws/install/clearpath_msgs/share/clearpath_msgs/environment/ament_prefix_path.sh
[0.217s] -- Up-to-date: /home/dimash/debug_clear_ws/install/clearpath_msgs/share/clearpath_msgs/environment/ament_prefix_path.dsv
[0.217s] -- Up-to-date: /home/dimash/debug_clear_ws/install/clearpath_msgs/share/clearpath_msgs/environment/path.sh
[0.217s] -- Up-to-date: /home/dimash/debug_clear_ws/install/clearpath_msgs/share/clearpath_msgs/environment/path.dsv
[0.217s] -- Up-to-date: /home/dimash/debug_clear_ws/install/clearpath_msgs/share/clearpath_msgs/local_setup.bash
[0.217s] -- Up-to-date: /home/dimash/debug_clear_ws/install/clearpath_msgs/share/clearpath_msgs/local_setup.sh
[0.217s] -- Up-to-date: /home/dimash/debug_clear_ws/install/clearpath_msgs/share/clearpath_msgs/local_setup.zsh
[0.217s] -- Up-to-date: /home/dimash/debug_clear_ws/install/clearpath_msgs/share/clearpath_msgs/local_setup.dsv
[0.217s] -- Installing: /home/dimash/debug_clear_ws/install/clearpath_msgs/share/clearpath_msgs/package.dsv
[0.218s] -- Up-to-date: /home/dimash/debug_clear_ws/install/clearpath_msgs/share/ament_index/resource_index/packages/clearpath_msgs
[0.218s] -- Up-to-date: /home/dimash/debug_clear_ws/install/clearpath_msgs/share/clearpath_msgs/cmake/clearpath_msgsConfig.cmake
[0.218s] -- Up-to-date: /home/dimash/debug_clear_ws/install/clearpath_msgs/share/clearpath_msgs/cmake/clearpath_msgsConfig-version.cmake
[0.218s] -- Up-to-date: /home/dimash/debug_clear_ws/install/clearpath_msgs/share/clearpath_msgs/package.xml
[0.697s] Invoked command in '/home/dimash/debug_clear_ws/build/clearpath_msgs' returned '0': AMENT_PREFIX_PATH=/home/dimash/debug_clear_ws/install/clearpath_platform_msgs:${AMENT_PREFIX_PATH} CMAKE_PREFIX_PATH=/home/dimash/debug_clear_ws/install/clearpath_platform_msgs:/opt/ros/humble LD_LIBRARY_PATH=/home/dimash/debug_clear_ws/install/clearpath_platform_msgs/lib:${LD_LIBRARY_PATH} PYTHONPATH=/home/dimash/debug_clear_ws/install/clearpath_platform_msgs/local/lib/python3.10/dist-packages:${PYTHONPATH} /usr/bin/cmake --install /home/dimash/debug_clear_ws/build/clearpath_msgs
