[0.075s] Invoking command in '/home/dimash/debug_clear_ws/build/clearpath_platform': AMENT_PREFIX_PATH=/home/dimash/debug_clear_ws/install/clearpath_platform_msgs:/home/dimash/debug_clear_ws/install/clearpath_platform_description:/home/dimash/debug_clear_ws/install/clearpath_control:${AMENT_PREFIX_PATH} CMAKE_PREFIX_PATH=/home/dimash/debug_clear_ws/install/clearpath_platform_msgs:/home/dimash/debug_clear_ws/install/clearpath_platform_description:/home/dimash/debug_clear_ws/install/clearpath_control:/opt/ros/humble LD_LIBRARY_PATH=/home/dimash/debug_clear_ws/install/clearpath_platform_msgs/lib:${LD_LIBRARY_PATH} PYTHONPATH=/home/dimash/debug_clear_ws/install/clearpath_platform_msgs/local/lib/python3.10/dist-packages:${PYTHONPATH} /usr/bin/cmake --build /home/dimash/debug_clear_ws/build/clearpath_platform -- -j8 -l8
[0.163s] [ 36%] Built target clearpath_platform_lighting
[0.163s] [ 36%] Built target w200_hardware
[0.163s] [ 40%] Built target j100_hardware
[0.163s] [ 50%] Built target puma_hardware
[0.167s] [ 93%] Built target a200_hardware
[0.185s] [100%] Built target lighting_node
[0.412s] Invoked command in '/home/dimash/debug_clear_ws/build/clearpath_platform' returned '0': AMENT_PREFIX_PATH=/home/dimash/debug_clear_ws/install/clearpath_platform_msgs:/home/dimash/debug_clear_ws/install/clearpath_platform_description:/home/dimash/debug_clear_ws/install/clearpath_control:${AMENT_PREFIX_PATH} CMAKE_PREFIX_PATH=/home/dimash/debug_clear_ws/install/clearpath_platform_msgs:/home/dimash/debug_clear_ws/install/clearpath_platform_description:/home/dimash/debug_clear_ws/install/clearpath_control:/opt/ros/humble LD_LIBRARY_PATH=/home/dimash/debug_clear_ws/install/clearpath_platform_msgs/lib:${LD_LIBRARY_PATH} PYTHONPATH=/home/dimash/debug_clear_ws/install/clearpath_platform_msgs/local/lib/python3.10/dist-packages:${PYTHONPATH} /usr/bin/cmake --build /home/dimash/debug_clear_ws/build/clearpath_platform -- -j8 -l8
[0.415s] Invoking command in '/home/dimash/debug_clear_ws/build/clearpath_platform': AMENT_PREFIX_PATH=/home/dimash/debug_clear_ws/install/clearpath_platform_msgs:/home/dimash/debug_clear_ws/install/clearpath_platform_description:/home/dimash/debug_clear_ws/install/clearpath_control:${AMENT_PREFIX_PATH} CMAKE_PREFIX_PATH=/home/dimash/debug_clear_ws/install/clearpath_platform_msgs:/home/dimash/debug_clear_ws/install/clearpath_platform_description:/home/dimash/debug_clear_ws/install/clearpath_control:/opt/ros/humble LD_LIBRARY_PATH=/home/dimash/debug_clear_ws/install/clearpath_platform_msgs/lib:${LD_LIBRARY_PATH} PYTHONPATH=/home/dimash/debug_clear_ws/install/clearpath_platform_msgs/local/lib/python3.10/dist-packages:${PYTHONPATH} /usr/bin/cmake --install /home/dimash/debug_clear_ws/build/clearpath_platform
[0.423s] -- Install configuration: ""
[0.424s] -- Up-to-date: /home/dimash/debug_clear_ws/install/clearpath_platform/share/clearpath_platform/src/a200/hardware.xml
[0.425s] -- Up-to-date: /home/dimash/debug_clear_ws/install/clearpath_platform/share/clearpath_platform/src/j100/hardware.xml
[0.425s] -- Up-to-date: /home/dimash/debug_clear_ws/install/clearpath_platform/share/clearpath_platform/src/w200/hardware.xml
[0.425s] -- Up-to-date: /home/dimash/debug_clear_ws/install/clearpath_platform/share/clearpath_platform/src/puma/hardware.xml
[0.427s] -- Up-to-date: /home/dimash/debug_clear_ws/install/clearpath_platform/lib/liba200_hardware.so
[0.428s] -- Up-to-date: /home/dimash/debug_clear_ws/install/clearpath_platform/lib/libj100_hardware.so
[0.428s] -- Up-to-date: /home/dimash/debug_clear_ws/install/clearpath_platform/lib/libw200_hardware.so
[0.429s] -- Up-to-date: /home/dimash/debug_clear_ws/install/clearpath_platform/lib/libpuma_hardware.so
[0.430s] -- Up-to-date: /home/dimash/debug_clear_ws/install/clearpath_platform/lib/clearpath_platform/lighting_node
[0.431s] -- Up-to-date: /home/dimash/debug_clear_ws/install/clearpath_platform/lib/libclearpath_platform_lighting.so
[0.431s] -- Up-to-date: /home/dimash/debug_clear_ws/install/clearpath_platform/include
[0.431s] -- Up-to-date: /home/dimash/debug_clear_ws/install/clearpath_platform/include/clearpath_platform
[0.431s] -- Up-to-date: /home/dimash/debug_clear_ws/install/clearpath_platform/include/clearpath_platform/diff_drive
[0.431s] -- Up-to-date: /home/dimash/debug_clear_ws/install/clearpath_platform/include/clearpath_platform/diff_drive/hardware_interface.hpp
[0.431s] -- Up-to-date: /home/dimash/debug_clear_ws/install/clearpath_platform/include/clearpath_platform/diff_drive/hardware.hpp
[0.431s] -- Up-to-date: /home/dimash/debug_clear_ws/install/clearpath_platform/include/clearpath_platform/j100
[0.432s] -- Up-to-date: /home/dimash/debug_clear_ws/install/clearpath_platform/include/clearpath_platform/j100/hardware_interface.hpp
[0.432s] -- Up-to-date: /home/dimash/debug_clear_ws/install/clearpath_platform/include/clearpath_platform/j100/hardware.hpp
[0.432s] -- Up-to-date: /home/dimash/debug_clear_ws/install/clearpath_platform/include/clearpath_platform/a200
[0.432s] -- Up-to-date: /home/dimash/debug_clear_ws/install/clearpath_platform/include/clearpath_platform/a200/horizon_legacy
[0.432s] -- Up-to-date: /home/dimash/debug_clear_ws/install/clearpath_platform/include/clearpath_platform/a200/horizon_legacy/Transport.h
[0.432s] -- Up-to-date: /home/dimash/debug_clear_ws/install/clearpath_platform/include/clearpath_platform/a200/horizon_legacy/clearpath.h
[0.433s] -- Up-to-date: /home/dimash/debug_clear_ws/install/clearpath_platform/include/clearpath_platform/a200/horizon_legacy/horizon_legacy_wrapper.h
[0.433s] -- Up-to-date: /home/dimash/debug_clear_ws/install/clearpath_platform/include/clearpath_platform/a200/horizon_legacy/Message_request.h
[0.434s] -- Up-to-date: /home/dimash/debug_clear_ws/install/clearpath_platform/include/clearpath_platform/a200/horizon_legacy/Message_cmd.h
[0.434s] -- Up-to-date: /home/dimash/debug_clear_ws/install/clearpath_platform/include/clearpath_platform/a200/horizon_legacy/Logger.h
[0.435s] -- Up-to-date: /home/dimash/debug_clear_ws/install/clearpath_platform/include/clearpath_platform/a200/horizon_legacy/crc.h
[0.435s] -- Up-to-date: /home/dimash/debug_clear_ws/install/clearpath_platform/include/clearpath_platform/a200/horizon_legacy/serial.h
[0.435s] -- Up-to-date: /home/dimash/debug_clear_ws/install/clearpath_platform/include/clearpath_platform/a200/horizon_legacy/Exception.h
[0.435s] -- Up-to-date: /home/dimash/debug_clear_ws/install/clearpath_platform/include/clearpath_platform/a200/horizon_legacy/Number.h
[0.435s] -- Up-to-date: /home/dimash/debug_clear_ws/install/clearpath_platform/include/clearpath_platform/a200/horizon_legacy/Message_data.h
[0.436s] -- Up-to-date: /home/dimash/debug_clear_ws/install/clearpath_platform/include/clearpath_platform/a200/horizon_legacy/Message.h
[0.436s] -- Up-to-date: /home/dimash/debug_clear_ws/install/clearpath_platform/include/clearpath_platform/a200/hardware.hpp
[0.436s] -- Up-to-date: /home/dimash/debug_clear_ws/install/clearpath_platform/include/clearpath_platform/a200/status.hpp
[0.436s] -- Up-to-date: /home/dimash/debug_clear_ws/install/clearpath_platform/include/clearpath_platform/puma
[0.436s] -- Up-to-date: /home/dimash/debug_clear_ws/install/clearpath_platform/include/clearpath_platform/puma/hardware_interface.hpp
[0.436s] -- Up-to-date: /home/dimash/debug_clear_ws/install/clearpath_platform/include/clearpath_platform/puma/hardware.hpp
[0.436s] -- Up-to-date: /home/dimash/debug_clear_ws/install/clearpath_platform/include/clearpath_platform/w200
[0.436s] -- Up-to-date: /home/dimash/debug_clear_ws/install/clearpath_platform/include/clearpath_platform/w200/hardware_interface.hpp
[0.437s] -- Up-to-date: /home/dimash/debug_clear_ws/install/clearpath_platform/include/clearpath_platform/w200/hardware.hpp
[0.437s] -- Up-to-date: /home/dimash/debug_clear_ws/install/clearpath_platform/include/clearpath_platform/lighting
[0.437s] -- Up-to-date: /home/dimash/debug_clear_ws/install/clearpath_platform/include/clearpath_platform/lighting/color.hpp
[0.437s] -- Up-to-date: /home/dimash/debug_clear_ws/install/clearpath_platform/include/clearpath_platform/lighting/platform.hpp
[0.437s] -- Up-to-date: /home/dimash/debug_clear_ws/install/clearpath_platform/include/clearpath_platform/lighting/lighting.hpp
[0.437s] -- Up-to-date: /home/dimash/debug_clear_ws/install/clearpath_platform/include/clearpath_platform/lighting/sequence.hpp
[0.437s] -- Up-to-date: /home/dimash/debug_clear_ws/install/clearpath_platform/share/clearpath_platform/config
[0.437s] -- Up-to-date: /home/dimash/debug_clear_ws/install/clearpath_platform/share/clearpath_platform/config/imu_filter.yaml
[0.437s] -- Up-to-date: /home/dimash/debug_clear_ws/install/clearpath_platform/share/clearpath_platform/launch
[0.437s] -- Up-to-date: /home/dimash/debug_clear_ws/install/clearpath_platform/share/clearpath_platform/launch/platform.launch.py
[0.437s] -- Up-to-date: /home/dimash/debug_clear_ws/install/clearpath_platform/share/clearpath_platform/environment/library_path.sh
[0.438s] -- Up-to-date: /home/dimash/debug_clear_ws/install/clearpath_platform/share/clearpath_platform/environment/library_path.dsv
[0.438s] -- Up-to-date: /home/dimash/debug_clear_ws/install/clearpath_platform/share/ament_index/resource_index/package_run_dependencies/clearpath_platform
[0.438s] -- Up-to-date: /home/dimash/debug_clear_ws/install/clearpath_platform/share/ament_index/resource_index/parent_prefix_path/clearpath_platform
[0.438s] -- Up-to-date: /home/dimash/debug_clear_ws/install/clearpath_platform/share/clearpath_platform/environment/ament_prefix_path.sh
[0.438s] -- Up-to-date: /home/dimash/debug_clear_ws/install/clearpath_platform/share/clearpath_platform/environment/ament_prefix_path.dsv
[0.438s] -- Up-to-date: /home/dimash/debug_clear_ws/install/clearpath_platform/share/clearpath_platform/environment/path.sh
[0.438s] -- Up-to-date: /home/dimash/debug_clear_ws/install/clearpath_platform/share/clearpath_platform/environment/path.dsv
[0.438s] -- Up-to-date: /home/dimash/debug_clear_ws/install/clearpath_platform/share/clearpath_platform/local_setup.bash
[0.439s] -- Up-to-date: /home/dimash/debug_clear_ws/install/clearpath_platform/share/clearpath_platform/local_setup.sh
[0.439s] -- Up-to-date: /home/dimash/debug_clear_ws/install/clearpath_platform/share/clearpath_platform/local_setup.zsh
[0.439s] -- Up-to-date: /home/dimash/debug_clear_ws/install/clearpath_platform/share/clearpath_platform/local_setup.dsv
[0.439s] -- Installing: /home/dimash/debug_clear_ws/install/clearpath_platform/share/clearpath_platform/package.dsv
[0.439s] -- Up-to-date: /home/dimash/debug_clear_ws/install/clearpath_platform/share/ament_index/resource_index/packages/clearpath_platform
[0.439s] -- Up-to-date: /home/dimash/debug_clear_ws/install/clearpath_platform/share/ament_index/resource_index/hardware_interface__pluginlib__plugin/clearpath_platform
[0.439s] -- Up-to-date: /home/dimash/debug_clear_ws/install/clearpath_platform/share/clearpath_platform/cmake/ament_cmake_export_include_directories-extras.cmake
[0.439s] -- Up-to-date: /home/dimash/debug_clear_ws/install/clearpath_platform/share/clearpath_platform/cmake/ament_cmake_export_libraries-extras.cmake
[0.439s] -- Up-to-date: /home/dimash/debug_clear_ws/install/clearpath_platform/share/clearpath_platform/cmake/ament_cmake_export_dependencies-extras.cmake
[0.439s] -- Up-to-date: /home/dimash/debug_clear_ws/install/clearpath_platform/share/clearpath_platform/cmake/clearpath_platformConfig.cmake
[0.439s] -- Up-to-date: /home/dimash/debug_clear_ws/install/clearpath_platform/share/clearpath_platform/cmake/clearpath_platformConfig-version.cmake
[0.439s] -- Up-to-date: /home/dimash/debug_clear_ws/install/clearpath_platform/share/clearpath_platform/package.xml
[0.448s] Invoked command in '/home/dimash/debug_clear_ws/build/clearpath_platform' returned '0': AMENT_PREFIX_PATH=/home/dimash/debug_clear_ws/install/clearpath_platform_msgs:/home/dimash/debug_clear_ws/install/clearpath_platform_description:/home/dimash/debug_clear_ws/install/clearpath_control:${AMENT_PREFIX_PATH} CMAKE_PREFIX_PATH=/home/dimash/debug_clear_ws/install/clearpath_platform_msgs:/home/dimash/debug_clear_ws/install/clearpath_platform_description:/home/dimash/debug_clear_ws/install/clearpath_control:/opt/ros/humble LD_LIBRARY_PATH=/home/dimash/debug_clear_ws/install/clearpath_platform_msgs/lib:${LD_LIBRARY_PATH} PYTHONPATH=/home/dimash/debug_clear_ws/install/clearpath_platform_msgs/local/lib/python3.10/dist-packages:${PYTHONPATH} /usr/bin/cmake --install /home/dimash/debug_clear_ws/build/clearpath_platform
