[0.139s] Invoking command in '/home/dimash/debug_clear_ws/build/clearpath_customization': CMAKE_PREFIX_PATH=${CMAKE_PREFIX_PATH}:/home/dimash/debug_clear_ws/install/yolo_ros:/home/dimash/debug_clear_ws/install/clearpath_config:/opt/ros/humble /usr/bin/cmake --build /home/dimash/debug_clear_ws/build/clearpath_customization -- -j8 -l8
[0.206s] Invoked command in '/home/dimash/debug_clear_ws/build/clearpath_customization' returned '0': CMAKE_PREFIX_PATH=${CMAKE_PREFIX_PATH}:/home/dimash/debug_clear_ws/install/yolo_ros:/home/dimash/debug_clear_ws/install/clearpath_config:/opt/ros/humble /usr/bin/cmake --build /home/dimash/debug_clear_ws/build/clearpath_customization -- -j8 -l8
[0.208s] Invoking command in '/home/dimash/debug_clear_ws/build/clearpath_customization': CMAKE_PREFIX_PATH=${CMAKE_PREFIX_PATH}:/home/dimash/debug_clear_ws/install/yolo_ros:/home/dimash/debug_clear_ws/install/clearpath_config:/opt/ros/humble /usr/bin/cmake --install /home/dimash/debug_clear_ws/build/clearpath_customization
[0.229s] -- Install configuration: ""
[0.229s] -- Up-to-date: /home/dimash/debug_clear_ws/install/clearpath_customization/lib/clearpath_customization/generate_bringup
[0.229s] -- Up-to-date: /home/dimash/debug_clear_ws/install/clearpath_customization/lib/clearpath_customization/generate_description
[0.229s] -- Up-to-date: /home/dimash/debug_clear_ws/install/clearpath_customization/share/clearpath_customization/project_bringup
[0.229s] -- Up-to-date: /home/dimash/debug_clear_ws/install/clearpath_customization/share/clearpath_customization/project_bringup/config
[0.229s] -- Up-to-date: /home/dimash/debug_clear_ws/install/clearpath_customization/share/clearpath_customization/project_bringup/config/device.yaml
[0.229s] -- Up-to-date: /home/dimash/debug_clear_ws/install/clearpath_customization/share/clearpath_customization/project_bringup/CMakeLists.txt
[0.229s] -- Up-to-date: /home/dimash/debug_clear_ws/install/clearpath_customization/share/clearpath_customization/project_bringup/LICENSE
[0.229s] -- Up-to-date: /home/dimash/debug_clear_ws/install/clearpath_customization/share/clearpath_customization/project_bringup/package.xml
[0.230s] -- Up-to-date: /home/dimash/debug_clear_ws/install/clearpath_customization/share/clearpath_customization/project_bringup/launch
[0.230s] -- Up-to-date: /home/dimash/debug_clear_ws/install/clearpath_customization/share/clearpath_customization/project_bringup/launch/project_bringup.launch.py
[0.230s] -- Up-to-date: /home/dimash/debug_clear_ws/install/clearpath_customization/share/clearpath_customization/project_bringup/launch/device.launch.py
[0.230s] -- Up-to-date: /home/dimash/debug_clear_ws/install/clearpath_customization/share/clearpath_customization/project_description
[0.230s] -- Up-to-date: /home/dimash/debug_clear_ws/install/clearpath_customization/share/clearpath_customization/project_description/CMakeLists.txt
[0.230s] -- Up-to-date: /home/dimash/debug_clear_ws/install/clearpath_customization/share/clearpath_customization/project_description/urdf
[0.230s] -- Up-to-date: /home/dimash/debug_clear_ws/install/clearpath_customization/share/clearpath_customization/project_description/urdf/donut.urdf.xacro
[0.230s] -- Up-to-date: /home/dimash/debug_clear_ws/install/clearpath_customization/share/clearpath_customization/project_description/urdf/project_description.urdf.xacro
[0.230s] -- Up-to-date: /home/dimash/debug_clear_ws/install/clearpath_customization/share/clearpath_customization/project_description/LICENSE
[0.231s] -- Up-to-date: /home/dimash/debug_clear_ws/install/clearpath_customization/share/clearpath_customization/project_description/package.xml
[0.231s] -- Up-to-date: /home/dimash/debug_clear_ws/install/clearpath_customization/share/clearpath_customization/project_description/meshes
[0.231s] -- Up-to-date: /home/dimash/debug_clear_ws/install/clearpath_customization/share/clearpath_customization/project_description/meshes/donut.stl
[0.231s] -- Up-to-date: /home/dimash/debug_clear_ws/install/clearpath_customization/share/ament_index/resource_index/package_run_dependencies/clearpath_customization
[0.231s] -- Up-to-date: /home/dimash/debug_clear_ws/install/clearpath_customization/share/ament_index/resource_index/parent_prefix_path/clearpath_customization
[0.231s] -- Up-to-date: /home/dimash/debug_clear_ws/install/clearpath_customization/share/clearpath_customization/environment/ament_prefix_path.sh
[0.231s] -- Up-to-date: /home/dimash/debug_clear_ws/install/clearpath_customization/share/clearpath_customization/environment/ament_prefix_path.dsv
[0.231s] -- Up-to-date: /home/dimash/debug_clear_ws/install/clearpath_customization/share/clearpath_customization/environment/path.sh
[0.231s] -- Up-to-date: /home/dimash/debug_clear_ws/install/clearpath_customization/share/clearpath_customization/environment/path.dsv
[0.231s] -- Up-to-date: /home/dimash/debug_clear_ws/install/clearpath_customization/share/clearpath_customization/local_setup.bash
[0.235s] -- Up-to-date: /home/dimash/debug_clear_ws/install/clearpath_customization/share/clearpath_customization/local_setup.sh
[0.235s] -- Up-to-date: /home/dimash/debug_clear_ws/install/clearpath_customization/share/clearpath_customization/local_setup.zsh
[0.235s] -- Up-to-date: /home/dimash/debug_clear_ws/install/clearpath_customization/share/clearpath_customization/local_setup.dsv
[0.235s] -- Up-to-date: /home/dimash/debug_clear_ws/install/clearpath_customization/share/clearpath_customization/package.dsv
[0.235s] -- Up-to-date: /home/dimash/debug_clear_ws/install/clearpath_customization/share/ament_index/resource_index/packages/clearpath_customization
[0.235s] -- Up-to-date: /home/dimash/debug_clear_ws/install/clearpath_customization/share/clearpath_customization/cmake/clearpath_customizationConfig.cmake
[0.235s] -- Up-to-date: /home/dimash/debug_clear_ws/install/clearpath_customization/share/clearpath_customization/cmake/clearpath_customizationConfig-version.cmake
[0.235s] -- Up-to-date: /home/dimash/debug_clear_ws/install/clearpath_customization/share/clearpath_customization/package.xml
[0.260s] Invoked command in '/home/dimash/debug_clear_ws/build/clearpath_customization' returned '0': CMAKE_PREFIX_PATH=${CMAKE_PREFIX_PATH}:/home/dimash/debug_clear_ws/install/yolo_ros:/home/dimash/debug_clear_ws/install/clearpath_config:/opt/ros/humble /usr/bin/cmake --install /home/dimash/debug_clear_ws/build/clearpath_customization
