[0.717s] Invoking command in '/home/robot/debug_clear_ws/src/clearpath_config': PYTHONPATH=/home/robot/debug_clear_ws/build/clearpath_config/prefix_override:/usr/lib/python3/dist-packages/colcon_core/task/python/colcon_distutils_commands:/home/robot/debug_clear_ws/install/clearpath_config/lib/python3.10/site-packages:${PYTHONPATH} /usr/bin/python3 -W ignore:setup.py install is deprecated setup.py egg_info --egg-base ../../build/clearpath_config build --build-base /home/robot/debug_clear_ws/build/clearpath_config/build install --record /home/robot/debug_clear_ws/build/clearpath_config/install.log --single-version-externally-managed install_data
[0.941s] running egg_info
[0.941s] writing ../../build/clearpath_config/clearpath_config.egg-info/PKG-INFO
[0.941s] writing dependency_links to ../../build/clearpath_config/clearpath_config.egg-info/dependency_links.txt
[0.942s] writing requirements to ../../build/clearpath_config/clearpath_config.egg-info/requires.txt
[0.942s] writing top-level names to ../../build/clearpath_config/clearpath_config.egg-info/top_level.txt
[0.945s] reading manifest file '../../build/clearpath_config/clearpath_config.egg-info/SOURCES.txt'
[0.946s] adding license file 'LICENSE'
[0.947s] writing manifest file '../../build/clearpath_config/clearpath_config.egg-info/SOURCES.txt'
[0.948s] running build
[0.948s] running build_py
[0.954s] running install
[0.954s] running install_lib
[0.959s] running install_data
[0.960s] running install_egg_info
[0.961s] removing '/home/robot/debug_clear_ws/install/clearpath_config/lib/python3.10/site-packages/clearpath_config-0.3.3-py3.10.egg-info' (and everything under it)
[0.962s] Copying ../../build/clearpath_config/clearpath_config.egg-info to /home/robot/debug_clear_ws/install/clearpath_config/lib/python3.10/site-packages/clearpath_config-0.3.3-py3.10.egg-info
[0.963s] running install_scripts
[0.988s] writing list of installed files to '/home/robot/debug_clear_ws/build/clearpath_config/install.log'
[1.009s] Invoked command in '/home/robot/debug_clear_ws/src/clearpath_config' returned '0': PYTHONPATH=/home/robot/debug_clear_ws/build/clearpath_config/prefix_override:/usr/lib/python3/dist-packages/colcon_core/task/python/colcon_distutils_commands:/home/robot/debug_clear_ws/install/clearpath_config/lib/python3.10/site-packages:${PYTHONPATH} /usr/bin/python3 -W ignore:setup.py install is deprecated setup.py egg_info --egg-base ../../build/clearpath_config build --build-base /home/robot/debug_clear_ws/build/clearpath_config/build install --record /home/robot/debug_clear_ws/build/clearpath_config/install.log --single-version-externally-managed install_data
