[0.018s] Invoking command in '/home/robot/debug_clear_ws/build/clearpath_generator_common': AMENT_PREFIX_PATH=/home/robot/debug_clear_ws/install/clearpath_config:/home/robot/debug_clear_ws/install/yolov8_bringup:/home/robot/debug_clear_ws/install/yolov8_ros:/home/robot/debug_clear_ws/install/yolov8_msgs:/home/robot/debug_clear_ws/install/yolo_bringup:/home/robot/debug_clear_ws/install/yolo_ros:/home/robot/debug_clear_ws/install/yolo_msgs:/home/robot/debug_clear_ws/install/clearpath_simulator:/home/robot/debug_clear_ws/install/clearpath_gz:/home/robot/debug_clear_ws/install/clearpath_generator_gz:/home/robot/debug_clear_ws/install/clearpath_common:/home/robot/debug_clear_ws/install/clearpath_generator_common:/home/robot/debug_clear_ws/install/clearpath_description:/home/robot/debug_clear_ws/install/clearpath_sensors_description:/home/robot/debug_clear_ws/install/clearpath_platform:/home/robot/debug_clear_ws/install/clearpath_msgs:/home/robot/debug_clear_ws/install/clearpath_platform_msgs:/home/robot/debug_clear_ws/install/clearpath_platform_description:/home/robot/debug_clear_ws/install/clearpath_mounts_description:/home/robot/debug_clear_ws/install/clearpath_manipulators:/home/robot/debug_clear_ws/install/clearpath_manipulators_description:/home/robot/debug_clear_ws/install/clearpath_customization:/home/robot/debug_clear_ws/install/clearpath_control:/opt/ros/humble CMAKE_PREFIX_PATH=/home/robot/debug_clear_ws/install/clearpath_platform:/home/robot/debug_clear_ws/install/clearpath_manipulators:/home/robot/debug_clear_ws/install/clearpath_description:/home/robot/debug_clear_ws/install/clearpath_sensors_description:/home/robot/debug_clear_ws/install/clearpath_platform_msgs:/home/robot/debug_clear_ws/install/clearpath_platform_description:/home/robot/debug_clear_ws/install/clearpath_mounts_description:/home/robot/debug_clear_ws/install/clearpath_manipulators_description:/home/robot/debug_clear_ws/install/clearpath_control:/home/robot/debug_clear_ws/install/yolov8_bringup:/home/robot/debug_clear_ws/install/yolov8_msgs:/home/robot/debug_clear_ws/install/yolo_bringup:/home/robot/debug_clear_ws/install/yolo_msgs:/home/robot/debug_clear_ws/install/clearpath_simulator:/home/robot/debug_clear_ws/install/clearpath_gz:/home/robot/debug_clear_ws/install/clearpath_generator_gz:/home/robot/debug_clear_ws/install/clearpath_common:/home/robot/debug_clear_ws/install/clearpath_generator_common:/home/robot/debug_clear_ws/install/clearpath_msgs:/home/robot/debug_clear_ws/install/clearpath_customization:/home/robot/debug_clear_ws/install/yolov8_ros:/home/robot/debug_clear_ws/install/yolo_ros:/home/robot/debug_clear_ws/install/clearpath_config:/opt/ros/humble LD_LIBRARY_PATH=/home/robot/debug_clear_ws/install/clearpath_platform/lib:/home/robot/debug_clear_ws/install/clearpath_platform_msgs/lib:/home/robot/debug_clear_ws/install/yolov8_msgs/lib:/home/robot/debug_clear_ws/install/yolo_msgs/lib:/opt/ros/humble/opt/rviz_ogre_vendor/lib:/opt/ros/humble/lib/x86_64-linux-gnu:/opt/ros/humble/lib PYTHONPATH=/home/robot/debug_clear_ws/build/clearpath_config:/home/robot/debug_clear_ws/install/clearpath_config/lib/python3.10/site-packages:/home/robot/debug_clear_ws/install/yolov8_ros/lib/python3.10/site-packages:/home/robot/debug_clear_ws/install/yolov8_msgs/local/lib/python3.10/dist-packages:/home/robot/debug_clear_ws/install/yolo_ros/lib/python3.10/site-packages:/home/robot/debug_clear_ws/install/yolo_msgs/local/lib/python3.10/dist-packages:/home/robot/debug_clear_ws/install/clearpath_generator_gz/local/lib/python3.10/dist-packages:/home/robot/debug_clear_ws/install/clearpath_generator_common/local/lib/python3.10/dist-packages:/home/robot/debug_clear_ws/install/clearpath_platform_msgs/local/lib/python3.10/dist-packages:/opt/ros/humble/lib/python3.10/site-packages:/opt/ros/humble/local/lib/python3.10/dist-packages /usr/bin/cmake /home/robot/debug_clear_ws/src/clearpath_common/clearpath_generator_common -DAMENT_CMAKE_SYMLINK_INSTALL=1 -DCMAKE_INSTALL_PREFIX=/home/robot/debug_clear_ws/install/clearpath_generator_common
[0.071s] -- The C compiler identification is GNU 11.4.0
[0.124s] -- The CXX compiler identification is GNU 11.4.0
[0.131s] -- Detecting C compiler ABI info
[0.195s] -- Detecting C compiler ABI info - done
[0.203s] -- Check for working C compiler: /usr/bin/cc - skipped
[0.203s] -- Detecting C compile features
[0.203s] -- Detecting C compile features - done
[0.206s] -- Detecting CXX compiler ABI info
[0.282s] -- Detecting CXX compiler ABI info - done
[0.289s] -- Check for working CXX compiler: /usr/bin/c++ - skipped
[0.289s] -- Detecting CXX compile features
[0.290s] -- Detecting CXX compile features - done
[0.293s] -- Found ament_cmake: 1.3.11 (/opt/ros/humble/share/ament_cmake/cmake)
[0.644s] -- Found Python3: /usr/bin/python3 (found version "3.10.12") found components: Interpreter 
[0.704s] -- Override CMake install command with custom implementation using symlinks instead of copying resources
[0.746s] -- Found moveit_setup_framework: 2.5.7 (/opt/ros/humble/share/moveit_setup_framework/cmake)
[0.804s] -- Found rosidl_generator_c: 3.1.6 (/opt/ros/humble/share/rosidl_generator_c/cmake)
[0.811s] -- Found rosidl_adapter: 3.1.6 (/opt/ros/humble/share/rosidl_adapter/cmake)
[0.822s] -- Found rosidl_generator_cpp: 3.1.6 (/opt/ros/humble/share/rosidl_generator_cpp/cmake)
[0.839s] -- Using all available rosidl_typesupport_c: rosidl_typesupport_fastrtps_c;rosidl_typesupport_introspection_c
[0.861s] -- Using all available rosidl_typesupport_cpp: rosidl_typesupport_fastrtps_cpp;rosidl_typesupport_introspection_cpp
[0.919s] -- Found rmw_implementation_cmake: 6.1.2 (/opt/ros/humble/share/rmw_implementation_cmake/cmake)
[0.924s] -- Found rmw_fastrtps_cpp: 6.2.7 (/opt/ros/humble/share/rmw_fastrtps_cpp/cmake)
[1.012s] -- Found OpenSSL: /usr/lib/x86_64-linux-gnu/libcrypto.so (found version "3.0.2")  
[1.040s] -- Found FastRTPS: /opt/ros/humble/include  
[1.085s] -- Using RMW implementation 'rmw_fastrtps_cpp' as default
[1.097s] -- Looking for pthread.h
[1.162s] -- Looking for pthread.h - found
[1.162s] -- Performing Test CMAKE_HAVE_LIBC_PTHREAD
[1.229s] -- Performing Test CMAKE_HAVE_LIBC_PTHREAD - Success
[1.230s] -- Found Threads: TRUE  
[1.368s] -- Found Boost: /usr/lib/x86_64-linux-gnu/cmake/Boost-1.74.0/BoostConfig.cmake (found version "1.74.0") found components: chrono date_time filesystem iostreams program_options regex serialization system thread 
[1.425s] -- Found parameter_traits: 0.4.0 (/opt/ros/humble/share/parameter_traits/cmake)
[1.440s] -- Found Eigen3: TRUE (found version "3.4.0") 
[1.444s] -- Found rclcpp_lifecycle: 16.0.11 (/opt/ros/humble/share/rclcpp_lifecycle/cmake)
[1.473s] -- Found Boost: /usr/lib/x86_64-linux-gnu/cmake/Boost-1.74.0/BoostConfig.cmake (found version "1.74.0") found components: filesystem 
[1.580s] -- library: /usr/lib/x86_64-linux-gnu/libcurl.so
[1.653s] -- Ensuring Eigen3 include directory is part of orocos-kdl CMake target
[1.943s] -- Found Boost: /usr/lib/x86_64-linux-gnu/cmake/Boost-1.74.0/BoostConfig.cmake (found version "1.74.0") found components: system filesystem date_time program_options thread chrono 
[1.978s] -- Found Boost: /usr/lib/x86_64-linux-gnu/cmake/Boost-1.74.0/BoostConfig.cmake (found version "1.74.0") found components: thread date_time system filesystem 
[1.996s] -- Found Boost: /usr/lib/x86_64-linux-gnu/cmake/Boost-1.74.0/BoostConfig.cmake (found version "1.74.0") found components: date_time filesystem program_options system thread 
[2.012s] -- Found Boost: /usr/lib/x86_64-linux-gnu/cmake/Boost-1.74.0/BoostConfig.cmake (found version "1.74.0") found components: thread system filesystem regex date_time program_options 
[2.037s] -- Found Boost: /usr/lib/x86_64-linux-gnu/cmake/Boost-1.74.0/BoostConfig.cmake (found version "1.74.0") found components: system filesystem date_time program_options thread 
[2.102s] -- Setting OGRE_DIR to: '/opt/ros/humble/share/rviz_ogre_vendor/cmake/../../../opt/rviz_ogre_vendor/lib/OGRE/cmake'
[2.103s] -- Found OGRE
[2.103s] --   static     : OFF
[2.103s] --   components : HLMS;MeshLodGenerator;Overlay;Paging;Property;RTShaderSystem;Terrain;Volume
[2.104s] --   plugins    : Plugin_BSPSceneManager;Plugin_OctreeSceneManager;Plugin_PCZSceneManager;Plugin_ParticleFX;RenderSystem_GL;RenderSystem_GL3Plus;Codec_STBI
[2.104s] --   media      : /opt/ros/humble/opt/rviz_ogre_vendor/share/OGRE/Media
[2.104s] -- OGRE_LIBRARIES: OgreHLMS;OgreMeshLodGenerator;OgreOverlay;OgrePaging;OgreProperty;OgreRTShaderSystem;OgreTerrain;OgreVolume;OgreMain
[2.104s] -- OGRE_LIBRARY_DIRS: /opt/ros/humble/opt/rviz_ogre_vendor/lib
[2.104s] -- OGRE_PLUGINS: Plugin_BSPSceneManager;Plugin_OctreeSceneManager;Plugin_PCZSceneManager;Plugin_ParticleFX;RenderSystem_GL;RenderSystem_GL3Plus;Codec_STBI
[2.104s] -- OGRE_PLUGIN_DIR: /opt/ros/humble/opt/rviz_ogre_vendor/lib/OGRE
[2.104s] -- rviz_ogre_vendor::OgreOverlay for IMPORTED_LOCATION_RELEASE: /opt/ros/humble/opt/rviz_ogre_vendor/lib/libOgreOverlay.so
[2.104s] -- rviz_ogre_vendor::OgreOverlay for IMPORTED_LOCATION_DEBUG: /opt/ros/humble/opt/rviz_ogre_vendor/lib/libOgreOverlay.so
[2.104s] -- rviz_ogre_vendor::OgreMain for IMPORTED_LOCATION_RELEASE: /opt/ros/humble/opt/rviz_ogre_vendor/lib/libOgreMain.so
[2.104s] -- rviz_ogre_vendor::OgreMain for IMPORTED_LOCATION_DEBUG: /opt/ros/humble/opt/rviz_ogre_vendor/lib/libOgreMain.so
[2.128s] -- Found ZLIB: /usr/lib/x86_64-linux-gnu/libz.so (found version "1.2.11") 
[2.134s] -- Found OpenGL: /usr/lib/x86_64-linux-gnu/libOpenGL.so   
[2.234s] -- Found X11: /usr/include   
[2.234s] -- Looking for XOpenDisplay in /usr/lib/x86_64-linux-gnu/libX11.so;/usr/lib/x86_64-linux-gnu/libXext.so
[2.302s] -- Looking for XOpenDisplay in /usr/lib/x86_64-linux-gnu/libX11.so;/usr/lib/x86_64-linux-gnu/libXext.so - found
[2.302s] -- Looking for gethostbyname
[2.371s] -- Looking for gethostbyname - found
[2.371s] -- Looking for connect
[2.440s] -- Looking for connect - found
[2.440s] -- Looking for remove
[2.511s] -- Looking for remove - found
[2.511s] -- Looking for shmat
[2.592s] -- Looking for shmat - found
[2.592s] -- Looking for IceConnectionNumber in ICE
[2.661s] -- Looking for IceConnectionNumber in ICE - found
[2.681s] -- Setting assimp_DIR to: '/opt/ros/humble/share/rviz_assimp_vendor/cmake/../../../opt/rviz_assimp_vendor/lib/cmake/assimp-4.1'
[2.784s] -- Found moveit_setup_srdf_plugins: 2.5.7 (/opt/ros/humble/share/moveit_setup_srdf_plugins/cmake)
[2.872s] -- Found ament_lint_auto: 0.12.11 (/opt/ros/humble/share/ament_lint_auto/cmake)
[4.248s] -- Added test 'cppcheck' to perform static code analysis on C / C++ code
[4.248s] -- Configured cppcheck include dirs: 
[4.248s] -- Configured cppcheck exclude dirs and/or files: 
[4.249s] -- Added test 'flake8' to check Python code syntax and style conventions
[4.251s] -- Added test 'lint_cmake' to check CMake code style
[4.252s] -- Added test 'pep257' to check Python code against some of the docstring style conventions in PEP 257
[4.255s] -- Added test 'uncrustify' to check C / C++ code style
[4.255s] -- Configured uncrustify additional arguments: 
[4.256s] -- Added test 'xmllint' to check XML markup files
[4.258s] -- Configuring done
[4.295s] -- Generating done
[4.303s] -- Build files have been written to: /home/robot/debug_clear_ws/build/clearpath_generator_common
[4.318s] Invoked command in '/home/robot/debug_clear_ws/build/clearpath_generator_common' returned '0': AMENT_PREFIX_PATH=/home/robot/debug_clear_ws/install/clearpath_config:/home/robot/debug_clear_ws/install/yolov8_bringup:/home/robot/debug_clear_ws/install/yolov8_ros:/home/robot/debug_clear_ws/install/yolov8_msgs:/home/robot/debug_clear_ws/install/yolo_bringup:/home/robot/debug_clear_ws/install/yolo_ros:/home/robot/debug_clear_ws/install/yolo_msgs:/home/robot/debug_clear_ws/install/clearpath_simulator:/home/robot/debug_clear_ws/install/clearpath_gz:/home/robot/debug_clear_ws/install/clearpath_generator_gz:/home/robot/debug_clear_ws/install/clearpath_common:/home/robot/debug_clear_ws/install/clearpath_generator_common:/home/robot/debug_clear_ws/install/clearpath_description:/home/robot/debug_clear_ws/install/clearpath_sensors_description:/home/robot/debug_clear_ws/install/clearpath_platform:/home/robot/debug_clear_ws/install/clearpath_msgs:/home/robot/debug_clear_ws/install/clearpath_platform_msgs:/home/robot/debug_clear_ws/install/clearpath_platform_description:/home/robot/debug_clear_ws/install/clearpath_mounts_description:/home/robot/debug_clear_ws/install/clearpath_manipulators:/home/robot/debug_clear_ws/install/clearpath_manipulators_description:/home/robot/debug_clear_ws/install/clearpath_customization:/home/robot/debug_clear_ws/install/clearpath_control:/opt/ros/humble CMAKE_PREFIX_PATH=/home/robot/debug_clear_ws/install/clearpath_platform:/home/robot/debug_clear_ws/install/clearpath_manipulators:/home/robot/debug_clear_ws/install/clearpath_description:/home/robot/debug_clear_ws/install/clearpath_sensors_description:/home/robot/debug_clear_ws/install/clearpath_platform_msgs:/home/robot/debug_clear_ws/install/clearpath_platform_description:/home/robot/debug_clear_ws/install/clearpath_mounts_description:/home/robot/debug_clear_ws/install/clearpath_manipulators_description:/home/robot/debug_clear_ws/install/clearpath_control:/home/robot/debug_clear_ws/install/yolov8_bringup:/home/robot/debug_clear_ws/install/yolov8_msgs:/home/robot/debug_clear_ws/install/yolo_bringup:/home/robot/debug_clear_ws/install/yolo_msgs:/home/robot/debug_clear_ws/install/clearpath_simulator:/home/robot/debug_clear_ws/install/clearpath_gz:/home/robot/debug_clear_ws/install/clearpath_generator_gz:/home/robot/debug_clear_ws/install/clearpath_common:/home/robot/debug_clear_ws/install/clearpath_generator_common:/home/robot/debug_clear_ws/install/clearpath_msgs:/home/robot/debug_clear_ws/install/clearpath_customization:/home/robot/debug_clear_ws/install/yolov8_ros:/home/robot/debug_clear_ws/install/yolo_ros:/home/robot/debug_clear_ws/install/clearpath_config:/opt/ros/humble LD_LIBRARY_PATH=/home/robot/debug_clear_ws/install/clearpath_platform/lib:/home/robot/debug_clear_ws/install/clearpath_platform_msgs/lib:/home/robot/debug_clear_ws/install/yolov8_msgs/lib:/home/robot/debug_clear_ws/install/yolo_msgs/lib:/opt/ros/humble/opt/rviz_ogre_vendor/lib:/opt/ros/humble/lib/x86_64-linux-gnu:/opt/ros/humble/lib PYTHONPATH=/home/robot/debug_clear_ws/build/clearpath_config:/home/robot/debug_clear_ws/install/clearpath_config/lib/python3.10/site-packages:/home/robot/debug_clear_ws/install/yolov8_ros/lib/python3.10/site-packages:/home/robot/debug_clear_ws/install/yolov8_msgs/local/lib/python3.10/dist-packages:/home/robot/debug_clear_ws/install/yolo_ros/lib/python3.10/site-packages:/home/robot/debug_clear_ws/install/yolo_msgs/local/lib/python3.10/dist-packages:/home/robot/debug_clear_ws/install/clearpath_generator_gz/local/lib/python3.10/dist-packages:/home/robot/debug_clear_ws/install/clearpath_generator_common/local/lib/python3.10/dist-packages:/home/robot/debug_clear_ws/install/clearpath_platform_msgs/local/lib/python3.10/dist-packages:/opt/ros/humble/lib/python3.10/site-packages:/opt/ros/humble/local/lib/python3.10/dist-packages /usr/bin/cmake /home/robot/debug_clear_ws/src/clearpath_common/clearpath_generator_common -DAMENT_CMAKE_SYMLINK_INSTALL=1 -DCMAKE_INSTALL_PREFIX=/home/robot/debug_clear_ws/install/clearpath_generator_common
[4.319s] Invoking command in '/home/robot/debug_clear_ws/build/clearpath_generator_common': AMENT_PREFIX_PATH=/home/robot/debug_clear_ws/install/clearpath_config:/home/robot/debug_clear_ws/install/yolov8_bringup:/home/robot/debug_clear_ws/install/yolov8_ros:/home/robot/debug_clear_ws/install/yolov8_msgs:/home/robot/debug_clear_ws/install/yolo_bringup:/home/robot/debug_clear_ws/install/yolo_ros:/home/robot/debug_clear_ws/install/yolo_msgs:/home/robot/debug_clear_ws/install/clearpath_simulator:/home/robot/debug_clear_ws/install/clearpath_gz:/home/robot/debug_clear_ws/install/clearpath_generator_gz:/home/robot/debug_clear_ws/install/clearpath_common:/home/robot/debug_clear_ws/install/clearpath_generator_common:/home/robot/debug_clear_ws/install/clearpath_description:/home/robot/debug_clear_ws/install/clearpath_sensors_description:/home/robot/debug_clear_ws/install/clearpath_platform:/home/robot/debug_clear_ws/install/clearpath_msgs:/home/robot/debug_clear_ws/install/clearpath_platform_msgs:/home/robot/debug_clear_ws/install/clearpath_platform_description:/home/robot/debug_clear_ws/install/clearpath_mounts_description:/home/robot/debug_clear_ws/install/clearpath_manipulators:/home/robot/debug_clear_ws/install/clearpath_manipulators_description:/home/robot/debug_clear_ws/install/clearpath_customization:/home/robot/debug_clear_ws/install/clearpath_control:/opt/ros/humble CMAKE_PREFIX_PATH=/home/robot/debug_clear_ws/install/clearpath_platform:/home/robot/debug_clear_ws/install/clearpath_manipulators:/home/robot/debug_clear_ws/install/clearpath_description:/home/robot/debug_clear_ws/install/clearpath_sensors_description:/home/robot/debug_clear_ws/install/clearpath_platform_msgs:/home/robot/debug_clear_ws/install/clearpath_platform_description:/home/robot/debug_clear_ws/install/clearpath_mounts_description:/home/robot/debug_clear_ws/install/clearpath_manipulators_description:/home/robot/debug_clear_ws/install/clearpath_control:/home/robot/debug_clear_ws/install/yolov8_bringup:/home/robot/debug_clear_ws/install/yolov8_msgs:/home/robot/debug_clear_ws/install/yolo_bringup:/home/robot/debug_clear_ws/install/yolo_msgs:/home/robot/debug_clear_ws/install/clearpath_simulator:/home/robot/debug_clear_ws/install/clearpath_gz:/home/robot/debug_clear_ws/install/clearpath_generator_gz:/home/robot/debug_clear_ws/install/clearpath_common:/home/robot/debug_clear_ws/install/clearpath_generator_common:/home/robot/debug_clear_ws/install/clearpath_msgs:/home/robot/debug_clear_ws/install/clearpath_customization:/home/robot/debug_clear_ws/install/yolov8_ros:/home/robot/debug_clear_ws/install/yolo_ros:/home/robot/debug_clear_ws/install/clearpath_config:/opt/ros/humble LD_LIBRARY_PATH=/home/robot/debug_clear_ws/install/clearpath_platform/lib:/home/robot/debug_clear_ws/install/clearpath_platform_msgs/lib:/home/robot/debug_clear_ws/install/yolov8_msgs/lib:/home/robot/debug_clear_ws/install/yolo_msgs/lib:/opt/ros/humble/opt/rviz_ogre_vendor/lib:/opt/ros/humble/lib/x86_64-linux-gnu:/opt/ros/humble/lib PYTHONPATH=/home/robot/debug_clear_ws/build/clearpath_config:/home/robot/debug_clear_ws/install/clearpath_config/lib/python3.10/site-packages:/home/robot/debug_clear_ws/install/yolov8_ros/lib/python3.10/site-packages:/home/robot/debug_clear_ws/install/yolov8_msgs/local/lib/python3.10/dist-packages:/home/robot/debug_clear_ws/install/yolo_ros/lib/python3.10/site-packages:/home/robot/debug_clear_ws/install/yolo_msgs/local/lib/python3.10/dist-packages:/home/robot/debug_clear_ws/install/clearpath_generator_gz/local/lib/python3.10/dist-packages:/home/robot/debug_clear_ws/install/clearpath_generator_common/local/lib/python3.10/dist-packages:/home/robot/debug_clear_ws/install/clearpath_platform_msgs/local/lib/python3.10/dist-packages:/opt/ros/humble/lib/python3.10/site-packages:/opt/ros/humble/local/lib/python3.10/dist-packages /usr/bin/cmake --build /home/robot/debug_clear_ws/build/clearpath_generator_common -- -j12 -l12
[4.368s] [ 50%] [32mBuilding CXX object CMakeFiles/moveit_collision_updater.dir/src/moveit_collision_updater.cpp.o[0m
[4.375s] [ 50%] Built target ament_cmake_python_symlink_clearpath_generator_common
[4.604s] running egg_info
[4.625s] creating clearpath_generator_common.egg-info
[4.625s] writing clearpath_generator_common.egg-info/PKG-INFO
[4.625s] writing dependency_links to clearpath_generator_common.egg-info/dependency_links.txt
[4.625s] writing top-level names to clearpath_generator_common.egg-info/top_level.txt
[4.625s] writing manifest file 'clearpath_generator_common.egg-info/SOURCES.txt'
[4.688s] reading manifest file 'clearpath_generator_common.egg-info/SOURCES.txt'
[4.690s] writing manifest file 'clearpath_generator_common.egg-info/SOURCES.txt'
[4.717s] [ 50%] Built target ament_cmake_python_build_clearpath_generator_common_egg
[15.305s] [100%] [32m[1mLinking CXX executable moveit_collision_updater[0m
[16.017s] [100%] Built target moveit_collision_updater
[16.027s] Invoked command in '/home/robot/debug_clear_ws/build/clearpath_generator_common' returned '0': AMENT_PREFIX_PATH=/home/robot/debug_clear_ws/install/clearpath_config:/home/robot/debug_clear_ws/install/yolov8_bringup:/home/robot/debug_clear_ws/install/yolov8_ros:/home/robot/debug_clear_ws/install/yolov8_msgs:/home/robot/debug_clear_ws/install/yolo_bringup:/home/robot/debug_clear_ws/install/yolo_ros:/home/robot/debug_clear_ws/install/yolo_msgs:/home/robot/debug_clear_ws/install/clearpath_simulator:/home/robot/debug_clear_ws/install/clearpath_gz:/home/robot/debug_clear_ws/install/clearpath_generator_gz:/home/robot/debug_clear_ws/install/clearpath_common:/home/robot/debug_clear_ws/install/clearpath_generator_common:/home/robot/debug_clear_ws/install/clearpath_description:/home/robot/debug_clear_ws/install/clearpath_sensors_description:/home/robot/debug_clear_ws/install/clearpath_platform:/home/robot/debug_clear_ws/install/clearpath_msgs:/home/robot/debug_clear_ws/install/clearpath_platform_msgs:/home/robot/debug_clear_ws/install/clearpath_platform_description:/home/robot/debug_clear_ws/install/clearpath_mounts_description:/home/robot/debug_clear_ws/install/clearpath_manipulators:/home/robot/debug_clear_ws/install/clearpath_manipulators_description:/home/robot/debug_clear_ws/install/clearpath_customization:/home/robot/debug_clear_ws/install/clearpath_control:/opt/ros/humble CMAKE_PREFIX_PATH=/home/robot/debug_clear_ws/install/clearpath_platform:/home/robot/debug_clear_ws/install/clearpath_manipulators:/home/robot/debug_clear_ws/install/clearpath_description:/home/robot/debug_clear_ws/install/clearpath_sensors_description:/home/robot/debug_clear_ws/install/clearpath_platform_msgs:/home/robot/debug_clear_ws/install/clearpath_platform_description:/home/robot/debug_clear_ws/install/clearpath_mounts_description:/home/robot/debug_clear_ws/install/clearpath_manipulators_description:/home/robot/debug_clear_ws/install/clearpath_control:/home/robot/debug_clear_ws/install/yolov8_bringup:/home/robot/debug_clear_ws/install/yolov8_msgs:/home/robot/debug_clear_ws/install/yolo_bringup:/home/robot/debug_clear_ws/install/yolo_msgs:/home/robot/debug_clear_ws/install/clearpath_simulator:/home/robot/debug_clear_ws/install/clearpath_gz:/home/robot/debug_clear_ws/install/clearpath_generator_gz:/home/robot/debug_clear_ws/install/clearpath_common:/home/robot/debug_clear_ws/install/clearpath_generator_common:/home/robot/debug_clear_ws/install/clearpath_msgs:/home/robot/debug_clear_ws/install/clearpath_customization:/home/robot/debug_clear_ws/install/yolov8_ros:/home/robot/debug_clear_ws/install/yolo_ros:/home/robot/debug_clear_ws/install/clearpath_config:/opt/ros/humble LD_LIBRARY_PATH=/home/robot/debug_clear_ws/install/clearpath_platform/lib:/home/robot/debug_clear_ws/install/clearpath_platform_msgs/lib:/home/robot/debug_clear_ws/install/yolov8_msgs/lib:/home/robot/debug_clear_ws/install/yolo_msgs/lib:/opt/ros/humble/opt/rviz_ogre_vendor/lib:/opt/ros/humble/lib/x86_64-linux-gnu:/opt/ros/humble/lib PYTHONPATH=/home/robot/debug_clear_ws/build/clearpath_config:/home/robot/debug_clear_ws/install/clearpath_config/lib/python3.10/site-packages:/home/robot/debug_clear_ws/install/yolov8_ros/lib/python3.10/site-packages:/home/robot/debug_clear_ws/install/yolov8_msgs/local/lib/python3.10/dist-packages:/home/robot/debug_clear_ws/install/yolo_ros/lib/python3.10/site-packages:/home/robot/debug_clear_ws/install/yolo_msgs/local/lib/python3.10/dist-packages:/home/robot/debug_clear_ws/install/clearpath_generator_gz/local/lib/python3.10/dist-packages:/home/robot/debug_clear_ws/install/clearpath_generator_common/local/lib/python3.10/dist-packages:/home/robot/debug_clear_ws/install/clearpath_platform_msgs/local/lib/python3.10/dist-packages:/opt/ros/humble/lib/python3.10/site-packages:/opt/ros/humble/local/lib/python3.10/dist-packages /usr/bin/cmake --build /home/robot/debug_clear_ws/build/clearpath_generator_common -- -j12 -l12
[16.029s] Invoking command in '/home/robot/debug_clear_ws/build/clearpath_generator_common': AMENT_PREFIX_PATH=/home/robot/debug_clear_ws/install/clearpath_config:/home/robot/debug_clear_ws/install/yolov8_bringup:/home/robot/debug_clear_ws/install/yolov8_ros:/home/robot/debug_clear_ws/install/yolov8_msgs:/home/robot/debug_clear_ws/install/yolo_bringup:/home/robot/debug_clear_ws/install/yolo_ros:/home/robot/debug_clear_ws/install/yolo_msgs:/home/robot/debug_clear_ws/install/clearpath_simulator:/home/robot/debug_clear_ws/install/clearpath_gz:/home/robot/debug_clear_ws/install/clearpath_generator_gz:/home/robot/debug_clear_ws/install/clearpath_common:/home/robot/debug_clear_ws/install/clearpath_generator_common:/home/robot/debug_clear_ws/install/clearpath_description:/home/robot/debug_clear_ws/install/clearpath_sensors_description:/home/robot/debug_clear_ws/install/clearpath_platform:/home/robot/debug_clear_ws/install/clearpath_msgs:/home/robot/debug_clear_ws/install/clearpath_platform_msgs:/home/robot/debug_clear_ws/install/clearpath_platform_description:/home/robot/debug_clear_ws/install/clearpath_mounts_description:/home/robot/debug_clear_ws/install/clearpath_manipulators:/home/robot/debug_clear_ws/install/clearpath_manipulators_description:/home/robot/debug_clear_ws/install/clearpath_customization:/home/robot/debug_clear_ws/install/clearpath_control:/opt/ros/humble CMAKE_PREFIX_PATH=/home/robot/debug_clear_ws/install/clearpath_platform:/home/robot/debug_clear_ws/install/clearpath_manipulators:/home/robot/debug_clear_ws/install/clearpath_description:/home/robot/debug_clear_ws/install/clearpath_sensors_description:/home/robot/debug_clear_ws/install/clearpath_platform_msgs:/home/robot/debug_clear_ws/install/clearpath_platform_description:/home/robot/debug_clear_ws/install/clearpath_mounts_description:/home/robot/debug_clear_ws/install/clearpath_manipulators_description:/home/robot/debug_clear_ws/install/clearpath_control:/home/robot/debug_clear_ws/install/yolov8_bringup:/home/robot/debug_clear_ws/install/yolov8_msgs:/home/robot/debug_clear_ws/install/yolo_bringup:/home/robot/debug_clear_ws/install/yolo_msgs:/home/robot/debug_clear_ws/install/clearpath_simulator:/home/robot/debug_clear_ws/install/clearpath_gz:/home/robot/debug_clear_ws/install/clearpath_generator_gz:/home/robot/debug_clear_ws/install/clearpath_common:/home/robot/debug_clear_ws/install/clearpath_generator_common:/home/robot/debug_clear_ws/install/clearpath_msgs:/home/robot/debug_clear_ws/install/clearpath_customization:/home/robot/debug_clear_ws/install/yolov8_ros:/home/robot/debug_clear_ws/install/yolo_ros:/home/robot/debug_clear_ws/install/clearpath_config:/opt/ros/humble LD_LIBRARY_PATH=/home/robot/debug_clear_ws/install/clearpath_platform/lib:/home/robot/debug_clear_ws/install/clearpath_platform_msgs/lib:/home/robot/debug_clear_ws/install/yolov8_msgs/lib:/home/robot/debug_clear_ws/install/yolo_msgs/lib:/opt/ros/humble/opt/rviz_ogre_vendor/lib:/opt/ros/humble/lib/x86_64-linux-gnu:/opt/ros/humble/lib PYTHONPATH=/home/robot/debug_clear_ws/build/clearpath_config:/home/robot/debug_clear_ws/install/clearpath_config/lib/python3.10/site-packages:/home/robot/debug_clear_ws/install/yolov8_ros/lib/python3.10/site-packages:/home/robot/debug_clear_ws/install/yolov8_msgs/local/lib/python3.10/dist-packages:/home/robot/debug_clear_ws/install/yolo_ros/lib/python3.10/site-packages:/home/robot/debug_clear_ws/install/yolo_msgs/local/lib/python3.10/dist-packages:/home/robot/debug_clear_ws/install/clearpath_generator_gz/local/lib/python3.10/dist-packages:/home/robot/debug_clear_ws/install/clearpath_generator_common/local/lib/python3.10/dist-packages:/home/robot/debug_clear_ws/install/clearpath_platform_msgs/local/lib/python3.10/dist-packages:/opt/ros/humble/lib/python3.10/site-packages:/opt/ros/humble/local/lib/python3.10/dist-packages /usr/bin/cmake --install /home/robot/debug_clear_ws/build/clearpath_generator_common
[16.035s] -- Install configuration: ""
[16.036s] -- Execute custom install script
[16.036s] -- Symlinking: /home/robot/debug_clear_ws/install/clearpath_generator_common/lib/clearpath_generator_common/generate_description
[16.044s] -- Symlinking: /home/robot/debug_clear_ws/install/clearpath_generator_common/lib/clearpath_generator_common/generate_discovery_server
[16.051s] -- Symlinking: /home/robot/debug_clear_ws/install/clearpath_generator_common/lib/clearpath_generator_common/generate_bash
[16.058s] -- Symlinking: /home/robot/debug_clear_ws/install/clearpath_generator_common/lib/clearpath_generator_common/generate_semantic_description
[16.065s] -- Symlinking: /home/robot/debug_clear_ws/install/clearpath_generator_common/share/clearpath_generator_common/environment/pythonpath.sh
[16.073s] -- Symlinking: /home/robot/debug_clear_ws/install/clearpath_generator_common/share/clearpath_generator_common/environment/pythonpath.dsv
[16.081s] -- Symlinking: /home/robot/debug_clear_ws/install/clearpath_generator_common/local/lib/python3.10/dist-packages/clearpath_generator_common-0.3.4-py3.10.egg-info/PKG-INFO
[16.088s] -- Symlinking: /home/robot/debug_clear_ws/install/clearpath_generator_common/local/lib/python3.10/dist-packages/clearpath_generator_common-0.3.4-py3.10.egg-info/SOURCES.txt
[16.095s] -- Symlinking: /home/robot/debug_clear_ws/install/clearpath_generator_common/local/lib/python3.10/dist-packages/clearpath_generator_common-0.3.4-py3.10.egg-info/dependency_links.txt
[16.104s] -- Symlinking: /home/robot/debug_clear_ws/install/clearpath_generator_common/local/lib/python3.10/dist-packages/clearpath_generator_common-0.3.4-py3.10.egg-info/top_level.txt
[16.113s] -- Symlinking: /home/robot/debug_clear_ws/install/clearpath_generator_common/local/lib/python3.10/dist-packages/clearpath_generator_common/__init__.py
[16.121s] -- Symlinking: /home/robot/debug_clear_ws/install/clearpath_generator_common/local/lib/python3.10/dist-packages/clearpath_generator_common/bash/__init__.py
[16.128s] -- Symlinking: /home/robot/debug_clear_ws/install/clearpath_generator_common/local/lib/python3.10/dist-packages/clearpath_generator_common/bash/generate_bash
[16.136s] -- Symlinking: /home/robot/debug_clear_ws/install/clearpath_generator_common/local/lib/python3.10/dist-packages/clearpath_generator_common/bash/generator.py
[16.143s] -- Symlinking: /home/robot/debug_clear_ws/install/clearpath_generator_common/local/lib/python3.10/dist-packages/clearpath_generator_common/bash/writer.py
[16.151s] -- Symlinking: /home/robot/debug_clear_ws/install/clearpath_generator_common/local/lib/python3.10/dist-packages/clearpath_generator_common/common.py
[16.158s] -- Symlinking: /home/robot/debug_clear_ws/install/clearpath_generator_common/local/lib/python3.10/dist-packages/clearpath_generator_common/description/__init__.py
[16.166s] -- Symlinking: /home/robot/debug_clear_ws/install/clearpath_generator_common/local/lib/python3.10/dist-packages/clearpath_generator_common/description/attachments.py
[16.173s] -- Symlinking: /home/robot/debug_clear_ws/install/clearpath_generator_common/local/lib/python3.10/dist-packages/clearpath_generator_common/description/generate_description
[16.181s] -- Symlinking: /home/robot/debug_clear_ws/install/clearpath_generator_common/local/lib/python3.10/dist-packages/clearpath_generator_common/description/generator.py
[16.188s] -- Symlinking: /home/robot/debug_clear_ws/install/clearpath_generator_common/local/lib/python3.10/dist-packages/clearpath_generator_common/description/links.py
[16.195s] -- Symlinking: /home/robot/debug_clear_ws/install/clearpath_generator_common/local/lib/python3.10/dist-packages/clearpath_generator_common/description/manipulators.py
[16.203s] -- Symlinking: /home/robot/debug_clear_ws/install/clearpath_generator_common/local/lib/python3.10/dist-packages/clearpath_generator_common/description/mounts.py
[16.211s] -- Symlinking: /home/robot/debug_clear_ws/install/clearpath_generator_common/local/lib/python3.10/dist-packages/clearpath_generator_common/description/platform.py
[16.219s] -- Symlinking: /home/robot/debug_clear_ws/install/clearpath_generator_common/local/lib/python3.10/dist-packages/clearpath_generator_common/description/sensors.py
[16.226s] -- Symlinking: /home/robot/debug_clear_ws/install/clearpath_generator_common/local/lib/python3.10/dist-packages/clearpath_generator_common/description/writer.py
[16.233s] -- Symlinking: /home/robot/debug_clear_ws/install/clearpath_generator_common/local/lib/python3.10/dist-packages/clearpath_generator_common/discovery_server/generate_discovery_server
[16.241s] -- Symlinking: /home/robot/debug_clear_ws/install/clearpath_generator_common/local/lib/python3.10/dist-packages/clearpath_generator_common/discovery_server/generator.py
[16.248s] -- Symlinking: /home/robot/debug_clear_ws/install/clearpath_generator_common/local/lib/python3.10/dist-packages/clearpath_generator_common/launch/__init__.py
[16.256s] -- Symlinking: /home/robot/debug_clear_ws/install/clearpath_generator_common/local/lib/python3.10/dist-packages/clearpath_generator_common/launch/generator.py
[16.263s] -- Symlinking: /home/robot/debug_clear_ws/install/clearpath_generator_common/local/lib/python3.10/dist-packages/clearpath_generator_common/launch/writer.py
[16.270s] -- Symlinking: /home/robot/debug_clear_ws/install/clearpath_generator_common/local/lib/python3.10/dist-packages/clearpath_generator_common/package/__init__.py
[16.278s] -- Symlinking: /home/robot/debug_clear_ws/install/clearpath_generator_common/local/lib/python3.10/dist-packages/clearpath_generator_common/package/writer.py
[16.285s] -- Symlinking: /home/robot/debug_clear_ws/install/clearpath_generator_common/local/lib/python3.10/dist-packages/clearpath_generator_common/param/__init__.py
[16.292s] -- Symlinking: /home/robot/debug_clear_ws/install/clearpath_generator_common/local/lib/python3.10/dist-packages/clearpath_generator_common/param/generator.py
[16.300s] -- Symlinking: /home/robot/debug_clear_ws/install/clearpath_generator_common/local/lib/python3.10/dist-packages/clearpath_generator_common/param/manipulators.py
[16.308s] -- Symlinking: /home/robot/debug_clear_ws/install/clearpath_generator_common/local/lib/python3.10/dist-packages/clearpath_generator_common/param/platform.py
[16.315s] -- Symlinking: /home/robot/debug_clear_ws/install/clearpath_generator_common/local/lib/python3.10/dist-packages/clearpath_generator_common/param/writer.py
[16.322s] -- Symlinking: /home/robot/debug_clear_ws/install/clearpath_generator_common/local/lib/python3.10/dist-packages/clearpath_generator_common/semantic_description/__init__.py
[16.330s] -- Symlinking: /home/robot/debug_clear_ws/install/clearpath_generator_common/local/lib/python3.10/dist-packages/clearpath_generator_common/semantic_description/generate_semantic_description
[16.337s] -- Symlinking: /home/robot/debug_clear_ws/install/clearpath_generator_common/local/lib/python3.10/dist-packages/clearpath_generator_common/semantic_description/generator.py
[16.344s] -- Symlinking: /home/robot/debug_clear_ws/install/clearpath_generator_common/local/lib/python3.10/dist-packages/clearpath_generator_common/semantic_description/manipulators.py
[16.352s] -- Symlinking: /home/robot/debug_clear_ws/install/clearpath_generator_common/share/ament_index/resource_index/package_run_dependencies/clearpath_generator_common
[16.359s] -- Symlinking: /home/robot/debug_clear_ws/install/clearpath_generator_common/share/ament_index/resource_index/parent_prefix_path/clearpath_generator_common
[16.366s] -- Symlinking: /home/robot/debug_clear_ws/install/clearpath_generator_common/share/clearpath_generator_common/environment/ament_prefix_path.sh
[16.373s] -- Symlinking: /home/robot/debug_clear_ws/install/clearpath_generator_common/share/clearpath_generator_common/environment/ament_prefix_path.dsv
[16.380s] -- Symlinking: /home/robot/debug_clear_ws/install/clearpath_generator_common/share/clearpath_generator_common/environment/path.sh
[16.387s] -- Symlinking: /home/robot/debug_clear_ws/install/clearpath_generator_common/share/clearpath_generator_common/environment/path.dsv
[16.395s] -- Symlinking: /home/robot/debug_clear_ws/install/clearpath_generator_common/share/clearpath_generator_common/local_setup.bash
[16.404s] -- Symlinking: /home/robot/debug_clear_ws/install/clearpath_generator_common/share/clearpath_generator_common/local_setup.sh
[16.412s] -- Symlinking: /home/robot/debug_clear_ws/install/clearpath_generator_common/share/clearpath_generator_common/local_setup.zsh
[16.420s] -- Symlinking: /home/robot/debug_clear_ws/install/clearpath_generator_common/share/clearpath_generator_common/local_setup.dsv
[16.428s] -- Symlinking: /home/robot/debug_clear_ws/install/clearpath_generator_common/share/clearpath_generator_common/package.dsv
[16.436s] -- Symlinking: /home/robot/debug_clear_ws/install/clearpath_generator_common/share/ament_index/resource_index/packages/clearpath_generator_common
[16.444s] -- Symlinking: /home/robot/debug_clear_ws/install/clearpath_generator_common/share/clearpath_generator_common/cmake/clearpath_generator_commonConfig.cmake
[16.452s] -- Symlinking: /home/robot/debug_clear_ws/install/clearpath_generator_common/share/clearpath_generator_common/cmake/clearpath_generator_commonConfig-version.cmake
[16.460s] -- Symlinking: /home/robot/debug_clear_ws/install/clearpath_generator_common/share/clearpath_generator_common/package.xml
[16.468s] -- Installing: /home/robot/debug_clear_ws/install/clearpath_generator_common/lib/clearpath_generator_common/moveit_collision_updater
[16.470s] -- Set runtime path of "/home/robot/debug_clear_ws/install/clearpath_generator_common/lib/clearpath_generator_common/moveit_collision_updater" to ""
[16.520s] Listing '/home/robot/debug_clear_ws/install/clearpath_generator_common/local/lib/python3.10/dist-packages/clearpath_generator_common'...
[16.521s] Compiling '/home/robot/debug_clear_ws/install/clearpath_generator_common/local/lib/python3.10/dist-packages/clearpath_generator_common/__init__.py'...
[16.521s] Listing '/home/robot/debug_clear_ws/install/clearpath_generator_common/local/lib/python3.10/dist-packages/clearpath_generator_common/bash'...
[16.521s] Compiling '/home/robot/debug_clear_ws/install/clearpath_generator_common/local/lib/python3.10/dist-packages/clearpath_generator_common/bash/__init__.py'...
[16.521s] Compiling '/home/robot/debug_clear_ws/install/clearpath_generator_common/local/lib/python3.10/dist-packages/clearpath_generator_common/bash/generator.py'...
[16.521s] Compiling '/home/robot/debug_clear_ws/install/clearpath_generator_common/local/lib/python3.10/dist-packages/clearpath_generator_common/bash/writer.py'...
[16.521s] Compiling '/home/robot/debug_clear_ws/install/clearpath_generator_common/local/lib/python3.10/dist-packages/clearpath_generator_common/common.py'...
[16.521s] Listing '/home/robot/debug_clear_ws/install/clearpath_generator_common/local/lib/python3.10/dist-packages/clearpath_generator_common/description'...
[16.521s] Compiling '/home/robot/debug_clear_ws/install/clearpath_generator_common/local/lib/python3.10/dist-packages/clearpath_generator_common/description/__init__.py'...
[16.521s] Compiling '/home/robot/debug_clear_ws/install/clearpath_generator_common/local/lib/python3.10/dist-packages/clearpath_generator_common/description/attachments.py'...
[16.521s] Compiling '/home/robot/debug_clear_ws/install/clearpath_generator_common/local/lib/python3.10/dist-packages/clearpath_generator_common/description/generator.py'...
[16.521s] Compiling '/home/robot/debug_clear_ws/install/clearpath_generator_common/local/lib/python3.10/dist-packages/clearpath_generator_common/description/links.py'...
[16.521s] Compiling '/home/robot/debug_clear_ws/install/clearpath_generator_common/local/lib/python3.10/dist-packages/clearpath_generator_common/description/manipulators.py'...
[16.521s] Compiling '/home/robot/debug_clear_ws/install/clearpath_generator_common/local/lib/python3.10/dist-packages/clearpath_generator_common/description/mounts.py'...
[16.521s] Compiling '/home/robot/debug_clear_ws/install/clearpath_generator_common/local/lib/python3.10/dist-packages/clearpath_generator_common/description/platform.py'...
[16.521s] Compiling '/home/robot/debug_clear_ws/install/clearpath_generator_common/local/lib/python3.10/dist-packages/clearpath_generator_common/description/sensors.py'...
[16.521s] Compiling '/home/robot/debug_clear_ws/install/clearpath_generator_common/local/lib/python3.10/dist-packages/clearpath_generator_common/description/writer.py'...
[16.521s] Listing '/home/robot/debug_clear_ws/install/clearpath_generator_common/local/lib/python3.10/dist-packages/clearpath_generator_common/discovery_server'...
[16.521s] Compiling '/home/robot/debug_clear_ws/install/clearpath_generator_common/local/lib/python3.10/dist-packages/clearpath_generator_common/discovery_server/generator.py'...
[16.521s] Listing '/home/robot/debug_clear_ws/install/clearpath_generator_common/local/lib/python3.10/dist-packages/clearpath_generator_common/launch'...
[16.521s] Compiling '/home/robot/debug_clear_ws/install/clearpath_generator_common/local/lib/python3.10/dist-packages/clearpath_generator_common/launch/__init__.py'...
[16.521s] Compiling '/home/robot/debug_clear_ws/install/clearpath_generator_common/local/lib/python3.10/dist-packages/clearpath_generator_common/launch/generator.py'...
[16.522s] Compiling '/home/robot/debug_clear_ws/install/clearpath_generator_common/local/lib/python3.10/dist-packages/clearpath_generator_common/launch/writer.py'...
[16.522s] Listing '/home/robot/debug_clear_ws/install/clearpath_generator_common/local/lib/python3.10/dist-packages/clearpath_generator_common/package'...
[16.522s] Compiling '/home/robot/debug_clear_ws/install/clearpath_generator_common/local/lib/python3.10/dist-packages/clearpath_generator_common/package/__init__.py'...
[16.522s] Compiling '/home/robot/debug_clear_ws/install/clearpath_generator_common/local/lib/python3.10/dist-packages/clearpath_generator_common/package/writer.py'...
[16.522s] Listing '/home/robot/debug_clear_ws/install/clearpath_generator_common/local/lib/python3.10/dist-packages/clearpath_generator_common/param'...
[16.522s] Compiling '/home/robot/debug_clear_ws/install/clearpath_generator_common/local/lib/python3.10/dist-packages/clearpath_generator_common/param/__init__.py'...
[16.522s] Compiling '/home/robot/debug_clear_ws/install/clearpath_generator_common/local/lib/python3.10/dist-packages/clearpath_generator_common/param/generator.py'...
[16.522s] Compiling '/home/robot/debug_clear_ws/install/clearpath_generator_common/local/lib/python3.10/dist-packages/clearpath_generator_common/param/manipulators.py'...
[16.522s] Compiling '/home/robot/debug_clear_ws/install/clearpath_generator_common/local/lib/python3.10/dist-packages/clearpath_generator_common/param/platform.py'...
[16.522s] Compiling '/home/robot/debug_clear_ws/install/clearpath_generator_common/local/lib/python3.10/dist-packages/clearpath_generator_common/param/writer.py'...
[16.522s] Listing '/home/robot/debug_clear_ws/install/clearpath_generator_common/local/lib/python3.10/dist-packages/clearpath_generator_common/semantic_description'...
[16.522s] Compiling '/home/robot/debug_clear_ws/install/clearpath_generator_common/local/lib/python3.10/dist-packages/clearpath_generator_common/semantic_description/__init__.py'...
[16.522s] Compiling '/home/robot/debug_clear_ws/install/clearpath_generator_common/local/lib/python3.10/dist-packages/clearpath_generator_common/semantic_description/generator.py'...
[16.522s] Compiling '/home/robot/debug_clear_ws/install/clearpath_generator_common/local/lib/python3.10/dist-packages/clearpath_generator_common/semantic_description/manipulators.py'...
[16.526s] Invoked command in '/home/robot/debug_clear_ws/build/clearpath_generator_common' returned '0': AMENT_PREFIX_PATH=/home/robot/debug_clear_ws/install/clearpath_config:/home/robot/debug_clear_ws/install/yolov8_bringup:/home/robot/debug_clear_ws/install/yolov8_ros:/home/robot/debug_clear_ws/install/yolov8_msgs:/home/robot/debug_clear_ws/install/yolo_bringup:/home/robot/debug_clear_ws/install/yolo_ros:/home/robot/debug_clear_ws/install/yolo_msgs:/home/robot/debug_clear_ws/install/clearpath_simulator:/home/robot/debug_clear_ws/install/clearpath_gz:/home/robot/debug_clear_ws/install/clearpath_generator_gz:/home/robot/debug_clear_ws/install/clearpath_common:/home/robot/debug_clear_ws/install/clearpath_generator_common:/home/robot/debug_clear_ws/install/clearpath_description:/home/robot/debug_clear_ws/install/clearpath_sensors_description:/home/robot/debug_clear_ws/install/clearpath_platform:/home/robot/debug_clear_ws/install/clearpath_msgs:/home/robot/debug_clear_ws/install/clearpath_platform_msgs:/home/robot/debug_clear_ws/install/clearpath_platform_description:/home/robot/debug_clear_ws/install/clearpath_mounts_description:/home/robot/debug_clear_ws/install/clearpath_manipulators:/home/robot/debug_clear_ws/install/clearpath_manipulators_description:/home/robot/debug_clear_ws/install/clearpath_customization:/home/robot/debug_clear_ws/install/clearpath_control:/opt/ros/humble CMAKE_PREFIX_PATH=/home/robot/debug_clear_ws/install/clearpath_platform:/home/robot/debug_clear_ws/install/clearpath_manipulators:/home/robot/debug_clear_ws/install/clearpath_description:/home/robot/debug_clear_ws/install/clearpath_sensors_description:/home/robot/debug_clear_ws/install/clearpath_platform_msgs:/home/robot/debug_clear_ws/install/clearpath_platform_description:/home/robot/debug_clear_ws/install/clearpath_mounts_description:/home/robot/debug_clear_ws/install/clearpath_manipulators_description:/home/robot/debug_clear_ws/install/clearpath_control:/home/robot/debug_clear_ws/install/yolov8_bringup:/home/robot/debug_clear_ws/install/yolov8_msgs:/home/robot/debug_clear_ws/install/yolo_bringup:/home/robot/debug_clear_ws/install/yolo_msgs:/home/robot/debug_clear_ws/install/clearpath_simulator:/home/robot/debug_clear_ws/install/clearpath_gz:/home/robot/debug_clear_ws/install/clearpath_generator_gz:/home/robot/debug_clear_ws/install/clearpath_common:/home/robot/debug_clear_ws/install/clearpath_generator_common:/home/robot/debug_clear_ws/install/clearpath_msgs:/home/robot/debug_clear_ws/install/clearpath_customization:/home/robot/debug_clear_ws/install/yolov8_ros:/home/robot/debug_clear_ws/install/yolo_ros:/home/robot/debug_clear_ws/install/clearpath_config:/opt/ros/humble LD_LIBRARY_PATH=/home/robot/debug_clear_ws/install/clearpath_platform/lib:/home/robot/debug_clear_ws/install/clearpath_platform_msgs/lib:/home/robot/debug_clear_ws/install/yolov8_msgs/lib:/home/robot/debug_clear_ws/install/yolo_msgs/lib:/opt/ros/humble/opt/rviz_ogre_vendor/lib:/opt/ros/humble/lib/x86_64-linux-gnu:/opt/ros/humble/lib PYTHONPATH=/home/robot/debug_clear_ws/build/clearpath_config:/home/robot/debug_clear_ws/install/clearpath_config/lib/python3.10/site-packages:/home/robot/debug_clear_ws/install/yolov8_ros/lib/python3.10/site-packages:/home/robot/debug_clear_ws/install/yolov8_msgs/local/lib/python3.10/dist-packages:/home/robot/debug_clear_ws/install/yolo_ros/lib/python3.10/site-packages:/home/robot/debug_clear_ws/install/yolo_msgs/local/lib/python3.10/dist-packages:/home/robot/debug_clear_ws/install/clearpath_generator_gz/local/lib/python3.10/dist-packages:/home/robot/debug_clear_ws/install/clearpath_generator_common/local/lib/python3.10/dist-packages:/home/robot/debug_clear_ws/install/clearpath_platform_msgs/local/lib/python3.10/dist-packages:/opt/ros/humble/lib/python3.10/site-packages:/opt/ros/humble/local/lib/python3.10/dist-packages /usr/bin/cmake --install /home/robot/debug_clear_ws/build/clearpath_generator_common
