[0.071s] Invoking command in '/home/robot/debug_clear_ws/build/clearpath_manipulators': AMENT_PREFIX_PATH=/home/robot/debug_clear_ws/install/clearpath_manipulators_description:${AMENT_PREFIX_PATH} CMAKE_PREFIX_PATH=/home/robot/debug_clear_ws/install/clearpath_manipulators_description:/home/robot/debug_clear_ws/install/mpc_low:/opt/ros/humble /usr/bin/cmake /home/robot/debug_clear_ws/src/clearpath_common/clearpath_manipulators -DCMAKE_INSTALL_PREFIX=/home/robot/debug_clear_ws/install/clearpath_manipulators
[0.145s] -- The C compiler identification is GNU 11.4.0
[0.223s] -- The CXX compiler identification is GNU 11.4.0
[0.232s] -- Detecting C compiler ABI info
[0.314s] -- Detecting C compiler ABI info - done
[0.324s] -- Check for working C compiler: /usr/bin/cc - skipped
[0.325s] -- Detecting C compile features
[0.325s] -- Detecting C compile features - done
[0.329s] -- Detecting CXX compiler ABI info
[0.426s] -- Detecting CXX compiler ABI info - done
[0.445s] -- Check for working CXX compiler: /usr/bin/c++ - skipped
[0.445s] -- Detecting CXX compile features
[0.447s] -- Detecting CXX compile features - done
[0.451s] -- Found ament_cmake: 1.3.11 (/opt/ros/humble/share/ament_cmake/cmake)
[0.931s] -- Found Python3: /usr/bin/python3 (found version "3.10.12") found components: Interpreter 
[1.141s] -- Configuring done
[1.145s] -- Generating done
[1.147s] -- Build files have been written to: /home/robot/debug_clear_ws/build/clearpath_manipulators
[1.152s] Invoked command in '/home/robot/debug_clear_ws/build/clearpath_manipulators' returned '0': AMENT_PREFIX_PATH=/home/robot/debug_clear_ws/install/clearpath_manipulators_description:${AMENT_PREFIX_PATH} CMAKE_PREFIX_PATH=/home/robot/debug_clear_ws/install/clearpath_manipulators_description:/home/robot/debug_clear_ws/install/mpc_low:/opt/ros/humble /usr/bin/cmake /home/robot/debug_clear_ws/src/clearpath_common/clearpath_manipulators -DCMAKE_INSTALL_PREFIX=/home/robot/debug_clear_ws/install/clearpath_manipulators
[1.154s] Invoking command in '/home/robot/debug_clear_ws/build/clearpath_manipulators': AMENT_PREFIX_PATH=/home/robot/debug_clear_ws/install/clearpath_manipulators_description:${AMENT_PREFIX_PATH} CMAKE_PREFIX_PATH=/home/robot/debug_clear_ws/install/clearpath_manipulators_description:/home/robot/debug_clear_ws/install/mpc_low:/opt/ros/humble /usr/bin/cmake --build /home/robot/debug_clear_ws/build/clearpath_manipulators -- -j12 -l12
[1.195s] Invoked command in '/home/robot/debug_clear_ws/build/clearpath_manipulators' returned '0': AMENT_PREFIX_PATH=/home/robot/debug_clear_ws/install/clearpath_manipulators_description:${AMENT_PREFIX_PATH} CMAKE_PREFIX_PATH=/home/robot/debug_clear_ws/install/clearpath_manipulators_description:/home/robot/debug_clear_ws/install/mpc_low:/opt/ros/humble /usr/bin/cmake --build /home/robot/debug_clear_ws/build/clearpath_manipulators -- -j12 -l12
[1.197s] Invoking command in '/home/robot/debug_clear_ws/build/clearpath_manipulators': AMENT_PREFIX_PATH=/home/robot/debug_clear_ws/install/clearpath_manipulators_description:${AMENT_PREFIX_PATH} CMAKE_PREFIX_PATH=/home/robot/debug_clear_ws/install/clearpath_manipulators_description:/home/robot/debug_clear_ws/install/mpc_low:/opt/ros/humble /usr/bin/cmake --install /home/robot/debug_clear_ws/build/clearpath_manipulators
[1.206s] -- Install configuration: ""
[1.206s] -- Installing: /home/robot/debug_clear_ws/install/clearpath_manipulators/share/clearpath_manipulators/config
[1.206s] -- Installing: /home/robot/debug_clear_ws/install/clearpath_manipulators/share/clearpath_manipulators/config/control.yaml
[1.206s] -- Installing: /home/robot/debug_clear_ws/install/clearpath_manipulators/share/clearpath_manipulators/config/planning_scene.yaml
[1.206s] -- Installing: /home/robot/debug_clear_ws/install/clearpath_manipulators/share/clearpath_manipulators/config/kinematics
[1.207s] -- Installing: /home/robot/debug_clear_ws/install/clearpath_manipulators/share/clearpath_manipulators/config/kinematics/gripper.yaml
[1.207s] -- Installing: /home/robot/debug_clear_ws/install/clearpath_manipulators/share/clearpath_manipulators/config/kinematics/arm.yaml
[1.207s] -- Installing: /home/robot/debug_clear_ws/install/clearpath_manipulators/share/clearpath_manipulators/config/kinematics/lift.yaml
[1.207s] -- Installing: /home/robot/debug_clear_ws/install/clearpath_manipulators/share/clearpath_manipulators/config/cartesian_limits.yaml
[1.207s] -- Installing: /home/robot/debug_clear_ws/install/clearpath_manipulators/share/clearpath_manipulators/config/trajectory_execution.yaml
[1.207s] -- Installing: /home/robot/debug_clear_ws/install/clearpath_manipulators/share/clearpath_manipulators/config/planning
[1.208s] -- Installing: /home/robot/debug_clear_ws/install/clearpath_manipulators/share/clearpath_manipulators/config/planning/pilz
[1.208s] -- Installing: /home/robot/debug_clear_ws/install/clearpath_manipulators/share/clearpath_manipulators/config/planning/pilz/defaults.yaml
[1.208s] -- Installing: /home/robot/debug_clear_ws/install/clearpath_manipulators/share/clearpath_manipulators/config/planning/pilz/planning.yaml
[1.208s] -- Installing: /home/robot/debug_clear_ws/install/clearpath_manipulators/share/clearpath_manipulators/config/planning/pipeline.yaml
[1.208s] -- Installing: /home/robot/debug_clear_ws/install/clearpath_manipulators/share/clearpath_manipulators/config/planning/chomp
[1.208s] -- Installing: /home/robot/debug_clear_ws/install/clearpath_manipulators/share/clearpath_manipulators/config/planning/chomp/planning.yaml
[1.208s] -- Installing: /home/robot/debug_clear_ws/install/clearpath_manipulators/share/clearpath_manipulators/config/planning/_ompl
[1.209s] -- Installing: /home/robot/debug_clear_ws/install/clearpath_manipulators/share/clearpath_manipulators/config/planning/_ompl/defaults.yaml
[1.209s] -- Installing: /home/robot/debug_clear_ws/install/clearpath_manipulators/share/clearpath_manipulators/config/planning/_ompl/planning.yaml
[1.209s] -- Installing: /home/robot/debug_clear_ws/install/clearpath_manipulators/share/clearpath_manipulators/launch
[1.209s] -- Installing: /home/robot/debug_clear_ws/install/clearpath_manipulators/share/clearpath_manipulators/launch/control.launch.py
[1.209s] -- Installing: /home/robot/debug_clear_ws/install/clearpath_manipulators/share/clearpath_manipulators/launch/moveit.launch.py
[1.209s] -- Installing: /home/robot/debug_clear_ws/install/clearpath_manipulators/share/clearpath_manipulators/launch/manipulators.launch.py
[1.210s] -- Installing: /home/robot/debug_clear_ws/install/clearpath_manipulators/share/ament_index/resource_index/package_run_dependencies/clearpath_manipulators
[1.210s] -- Installing: /home/robot/debug_clear_ws/install/clearpath_manipulators/share/ament_index/resource_index/parent_prefix_path/clearpath_manipulators
[1.210s] -- Installing: /home/robot/debug_clear_ws/install/clearpath_manipulators/share/clearpath_manipulators/environment/ament_prefix_path.sh
[1.210s] -- Installing: /home/robot/debug_clear_ws/install/clearpath_manipulators/share/clearpath_manipulators/environment/ament_prefix_path.dsv
[1.211s] -- Installing: /home/robot/debug_clear_ws/install/clearpath_manipulators/share/clearpath_manipulators/environment/path.sh
[1.211s] -- Installing: /home/robot/debug_clear_ws/install/clearpath_manipulators/share/clearpath_manipulators/environment/path.dsv
[1.211s] -- Installing: /home/robot/debug_clear_ws/install/clearpath_manipulators/share/clearpath_manipulators/local_setup.bash
[1.211s] -- Installing: /home/robot/debug_clear_ws/install/clearpath_manipulators/share/clearpath_manipulators/local_setup.sh
[1.211s] -- Installing: /home/robot/debug_clear_ws/install/clearpath_manipulators/share/clearpath_manipulators/local_setup.zsh
[1.212s] -- Installing: /home/robot/debug_clear_ws/install/clearpath_manipulators/share/clearpath_manipulators/local_setup.dsv
[1.212s] -- Installing: /home/robot/debug_clear_ws/install/clearpath_manipulators/share/clearpath_manipulators/package.dsv
[1.212s] -- Installing: /home/robot/debug_clear_ws/install/clearpath_manipulators/share/ament_index/resource_index/packages/clearpath_manipulators
[1.212s] -- Installing: /home/robot/debug_clear_ws/install/clearpath_manipulators/share/clearpath_manipulators/cmake/clearpath_manipulatorsConfig.cmake
[1.212s] -- Installing: /home/robot/debug_clear_ws/install/clearpath_manipulators/share/clearpath_manipulators/cmake/clearpath_manipulatorsConfig-version.cmake
[1.212s] -- Installing: /home/robot/debug_clear_ws/install/clearpath_manipulators/share/clearpath_manipulators/package.xml
[1.215s] Invoked command in '/home/robot/debug_clear_ws/build/clearpath_manipulators' returned '0': AMENT_PREFIX_PATH=/home/robot/debug_clear_ws/install/clearpath_manipulators_description:${AMENT_PREFIX_PATH} CMAKE_PREFIX_PATH=/home/robot/debug_clear_ws/install/clearpath_manipulators_description:/home/robot/debug_clear_ws/install/mpc_low:/opt/ros/humble /usr/bin/cmake --install /home/robot/debug_clear_ws/build/clearpath_manipulators
